
running 1 test
test sparse_cost_wall ... 
sparse-tick case=compact tick=0 ns=438800
sparse-tick case=compact tick=1 ns=443100
sparse-tick case=compact tick=2 ns=437900
sparse-tick case=compact tick=3 ns=453200
sparse-tick case=compact tick=4 ns=486400
sparse-tick case=compact tick=5 ns=557500
sparse-tick case=compact tick=6 ns=438500
sparse-tick case=compact tick=7 ns=485500
sparse-tick case=compact tick=8 ns=537900
sparse-tick case=compact tick=9 ns=515700
sparse-tick case=compact tick=10 ns=453500
sparse-tick case=compact tick=11 ns=453400
sparse-tick case=compact tick=12 ns=475700
sparse-tick case=compact tick=13 ns=512000
sparse-tick case=compact tick=14 ns=481100
sparse-tick case=compact tick=15 ns=443000
sparse-tick case=compact tick=16 ns=453300
sparse-tick case=compact tick=17 ns=452300
sparse-tick case=compact tick=18 ns=453200
sparse-tick case=compact tick=19 ns=457500
sparse-tick case=compact tick=20 ns=451800
sparse-tick case=compact tick=21 ns=452500
sparse-tick case=compact tick=22 ns=514500
sparse-tick case=compact tick=23 ns=476400
sparse-tick case=compact tick=24 ns=451300
sparse-tick case=compact tick=25 ns=451200
sparse-tick case=compact tick=26 ns=452700
sparse-tick case=compact tick=27 ns=459600
sparse-tick case=compact tick=28 ns=453100
sparse-tick case=compact tick=29 ns=452800
sparse-tick case=compact tick=30 ns=464600
sparse-tick case=compact tick=31 ns=500100
sparse-tick case=compact tick=32 ns=480400
sparse-tick case=compact tick=33 ns=451800
sparse-tick case=compact tick=34 ns=457700
sparse-tick case=compact tick=35 ns=438300
sparse-tick case=compact tick=36 ns=452300
sparse-tick case=compact tick=37 ns=459200
sparse-tick case=compact tick=38 ns=447000
sparse-tick case=compact tick=39 ns=453000
sparse-tick case=compact tick=40 ns=505600
sparse-tick case=compact tick=41 ns=487600
sparse-tick case=compact tick=42 ns=447000
sparse-tick case=compact tick=43 ns=454300
sparse-tick case=compact tick=44 ns=452400
sparse-tick case=compact tick=45 ns=478700
sparse-tick case=compact tick=46 ns=436600
sparse-tick case=compact tick=47 ns=460000
sparse-tick case=compact tick=48 ns=451800
sparse-tick case=compact tick=49 ns=517600
sparse-tick case=compact tick=50 ns=490800
sparse-tick case=compact tick=51 ns=452300
sparse-tick case=compact tick=52 ns=452400
sparse-tick case=compact tick=53 ns=458300
sparse-tick case=compact tick=54 ns=452000
sparse-tick case=compact tick=55 ns=505600
sparse-tick case=compact tick=56 ns=454000
sparse-tick case=compact tick=57 ns=457300
sparse-tick case=compact tick=58 ns=525300
sparse-tick case=compact tick=59 ns=498800
sparse-tick case=compact tick=60 ns=457900
sparse-tick case=compact tick=61 ns=437100
sparse-tick case=compact tick=62 ns=451600
sparse-tick case=compact tick=63 ns=470300
sparse-tick case=compact tick=64 ns=519500
sparse-tick case=compact tick=65 ns=448600
sparse-tick case=compact tick=66 ns=452300
sparse-tick case=compact tick=67 ns=567900
sparse-tick case=compact tick=68 ns=444100
sparse-tick case=compact tick=69 ns=454000
sparse-tick case=compact tick=70 ns=475500
sparse-tick case=compact tick=71 ns=457700
sparse-tick case=compact tick=72 ns=452500
sparse-tick case=compact tick=73 ns=453000
sparse-tick case=compact tick=74 ns=453100
sparse-tick case=compact tick=75 ns=458000
sparse-tick case=compact tick=76 ns=574500
sparse-tick case=compact tick=77 ns=437700
sparse-tick case=compact tick=78 ns=449900
sparse-tick case=compact tick=79 ns=466400
sparse-tick case=compact tick=80 ns=484100
sparse-tick case=compact tick=81 ns=547900
sparse-tick case=compact tick=82 ns=495000
sparse-tick case=compact tick=83 ns=436900
sparse-tick case=compact tick=84 ns=481000
sparse-tick case=compact tick=85 ns=500200
sparse-tick case=compact tick=86 ns=441900
sparse-tick case=compact tick=87 ns=452100
sparse-tick case=compact tick=88 ns=450500
sparse-tick case=compact tick=89 ns=450300
sparse-tick case=compact tick=90 ns=457300
sparse-tick case=compact tick=91 ns=451400
sparse-tick case=compact tick=92 ns=449700
sparse-tick case=compact tick=93 ns=475800
sparse-tick case=compact tick=94 ns=520200
sparse-tick case=compact tick=95 ns=438200
sparse-tick case=compact tick=96 ns=451100
sparse-tick case=compact tick=97 ns=456800
sparse-tick case=compact tick=98 ns=452200
sparse-tick case=compact tick=99 ns=452000
sparse-tick case=compact tick=100 ns=450800
sparse-tick case=compact tick=101 ns=475200
sparse-tick case=compact tick=102 ns=475800
sparse-tick case=compact tick=103 ns=520000
sparse-tick case=compact tick=104 ns=465500
sparse-tick case=compact tick=105 ns=464700
sparse-tick case=compact tick=106 ns=452000
sparse-tick case=compact tick=107 ns=470700
sparse-tick case=compact tick=108 ns=456800
sparse-tick case=compact tick=109 ns=458700
sparse-tick case=compact tick=110 ns=448600
sparse-tick case=compact tick=111 ns=512500
sparse-tick case=compact tick=112 ns=518100
sparse-tick case=compact tick=113 ns=440900
sparse-tick case=compact tick=114 ns=447200
sparse-tick case=compact tick=115 ns=452800
sparse-tick case=compact tick=116 ns=458300
sparse-tick case=compact tick=117 ns=450200
sparse-tick case=compact tick=118 ns=567900
sparse-tick case=compact tick=119 ns=439000
sparse-tick case=compact tick=120 ns=697400
sparse-tick case=compact tick=121 ns=605100
sparse-tick case=compact tick=122 ns=491400
sparse-tick case=compact tick=123 ns=445100
sparse-tick case=compact tick=124 ns=447400
sparse-tick case=compact tick=125 ns=452700
sparse-tick case=compact tick=126 ns=481600
sparse-tick case=compact tick=127 ns=496500
sparse-end case=compact active=1000 live=1000 high_water=1000 capacity=10000 edges=256 warm=40 steps=128 digest=22e36f386f535893101f373a7eeb4c0ee9019078cc853350e59ca8fbe3e2dfd1 input=Sha256Digest(49f3ed00f20f2a716555fe923aeb6f4201702ebebbdc9f550e73765c498d46a4)
ok

test result: ok. 1 passed; 0 failed; 0 ignored; 0 measured; 1 filtered out; finished in 0.10s

