
running 1 test
test sparse_cost_wall ... 
sparse-tick case=compact tick=0 ns=453000
sparse-tick case=compact tick=1 ns=446200
sparse-tick case=compact tick=2 ns=447100
sparse-tick case=compact tick=3 ns=455200
sparse-tick case=compact tick=4 ns=436600
sparse-tick case=compact tick=5 ns=445900
sparse-tick case=compact tick=6 ns=446300
sparse-tick case=compact tick=7 ns=445800
sparse-tick case=compact tick=8 ns=454000
sparse-tick case=compact tick=9 ns=446800
sparse-tick case=compact tick=10 ns=446400
sparse-tick case=compact tick=11 ns=430900
sparse-tick case=compact tick=12 ns=461100
sparse-tick case=compact tick=13 ns=448500
sparse-tick case=compact tick=14 ns=447500
sparse-tick case=compact tick=15 ns=446200
sparse-tick case=compact tick=16 ns=452900
sparse-tick case=compact tick=17 ns=447300
sparse-tick case=compact tick=18 ns=451900
sparse-tick case=compact tick=19 ns=445200
sparse-tick case=compact tick=20 ns=453600
sparse-tick case=compact tick=21 ns=432500
sparse-tick case=compact tick=22 ns=447600
sparse-tick case=compact tick=23 ns=430600
sparse-tick case=compact tick=24 ns=452100
sparse-tick case=compact tick=25 ns=446000
sparse-tick case=compact tick=26 ns=430900
sparse-tick case=compact tick=27 ns=446800
sparse-tick case=compact tick=28 ns=436400
sparse-tick case=compact tick=29 ns=446000
sparse-tick case=compact tick=30 ns=445100
sparse-tick case=compact tick=31 ns=444600
sparse-tick case=compact tick=32 ns=441100
sparse-tick case=compact tick=33 ns=447800
sparse-tick case=compact tick=34 ns=456800
sparse-tick case=compact tick=35 ns=491300
sparse-tick case=compact tick=36 ns=669200
sparse-tick case=compact tick=37 ns=492700
sparse-tick case=compact tick=38 ns=438200
sparse-tick case=compact tick=39 ns=508700
sparse-tick case=compact tick=40 ns=542100
sparse-tick case=compact tick=41 ns=452200
sparse-tick case=compact tick=42 ns=454500
sparse-tick case=compact tick=43 ns=467200
sparse-tick case=compact tick=44 ns=446100
sparse-tick case=compact tick=45 ns=463600
sparse-tick case=compact tick=46 ns=447400
sparse-tick case=compact tick=47 ns=453800
sparse-tick case=compact tick=48 ns=446500
sparse-tick case=compact tick=49 ns=448000
sparse-tick case=compact tick=50 ns=447300
sparse-tick case=compact tick=51 ns=453500
sparse-tick case=compact tick=52 ns=445700
sparse-tick case=compact tick=53 ns=446400
sparse-tick case=compact tick=54 ns=446300
sparse-tick case=compact tick=55 ns=449700
sparse-tick case=compact tick=56 ns=430800
sparse-tick case=compact tick=57 ns=445600
sparse-tick case=compact tick=58 ns=446400
sparse-tick case=compact tick=59 ns=450100
sparse-tick case=compact tick=60 ns=446200
sparse-tick case=compact tick=61 ns=444800
sparse-tick case=compact tick=62 ns=471700
sparse-tick case=compact tick=63 ns=469300
sparse-tick case=compact tick=64 ns=594200
sparse-tick case=compact tick=65 ns=489200
sparse-tick case=compact tick=66 ns=462900
sparse-tick case=compact tick=67 ns=464500
sparse-tick case=compact tick=68 ns=468400
sparse-tick case=compact tick=69 ns=452300
sparse-tick case=compact tick=70 ns=458900
sparse-tick case=compact tick=71 ns=434600
sparse-tick case=compact tick=72 ns=445800
sparse-tick case=compact tick=73 ns=436400
sparse-tick case=compact tick=74 ns=436000
sparse-tick case=compact tick=75 ns=444700
sparse-tick case=compact tick=76 ns=446000
sparse-tick case=compact tick=77 ns=461900
sparse-tick case=compact tick=78 ns=446200
sparse-tick case=compact tick=79 ns=430100
sparse-tick case=compact tick=80 ns=446300
sparse-tick case=compact tick=81 ns=436300
sparse-tick case=compact tick=82 ns=444700
sparse-tick case=compact tick=83 ns=445900
sparse-tick case=compact tick=84 ns=431300
sparse-tick case=compact tick=85 ns=453600
sparse-tick case=compact tick=86 ns=447500
sparse-tick case=compact tick=87 ns=430000
sparse-tick case=compact tick=88 ns=445400
sparse-tick case=compact tick=89 ns=451900
sparse-tick case=compact tick=90 ns=446200
sparse-tick case=compact tick=91 ns=445500
sparse-tick case=compact tick=92 ns=445000
sparse-tick case=compact tick=93 ns=453300
sparse-tick case=compact tick=94 ns=447900
sparse-tick case=compact tick=95 ns=445800
sparse-tick case=compact tick=96 ns=446100
sparse-tick case=compact tick=97 ns=452800
sparse-tick case=compact tick=98 ns=430400
sparse-tick case=compact tick=99 ns=431300
sparse-tick case=compact tick=100 ns=445300
sparse-tick case=compact tick=101 ns=435400
sparse-tick case=compact tick=102 ns=465200
sparse-tick case=compact tick=103 ns=447400
sparse-tick case=compact tick=104 ns=446500
sparse-tick case=compact tick=105 ns=452100
sparse-tick case=compact tick=106 ns=446000
sparse-tick case=compact tick=107 ns=431000
sparse-tick case=compact tick=108 ns=430800
sparse-tick case=compact tick=109 ns=435200
sparse-tick case=compact tick=110 ns=457400
sparse-tick case=compact tick=111 ns=449200
sparse-tick case=compact tick=112 ns=446400
sparse-tick case=compact tick=113 ns=449800
sparse-tick case=compact tick=114 ns=444200
sparse-tick case=compact tick=115 ns=447400
sparse-tick case=compact tick=116 ns=429100
sparse-tick case=compact tick=117 ns=444800
sparse-tick case=compact tick=118 ns=443700
sparse-tick case=compact tick=119 ns=443500
sparse-tick case=compact tick=120 ns=435200
sparse-tick case=compact tick=121 ns=445100
sparse-tick case=compact tick=122 ns=445200
sparse-tick case=compact tick=123 ns=445700
sparse-tick case=compact tick=124 ns=448900
sparse-tick case=compact tick=125 ns=445100
sparse-tick case=compact tick=126 ns=446100
sparse-tick case=compact tick=127 ns=429200
sparse-end case=compact active=1000 live=1000 high_water=1000 capacity=10000 edges=256 warm=40 steps=128 digest=22e36f386f535893101f373a7eeb4c0ee9019078cc853350e59ca8fbe3e2dfd1 input=Sha256Digest(49f3ed00f20f2a716555fe923aeb6f4201702ebebbdc9f550e73765c498d46a4)
ok

test result: ok. 1 passed; 0 failed; 0 ignored; 0 measured; 1 filtered out; finished in 0.11s

