
running 1 test
test sparse_cost_wall ... 
sparse-tick case=compact tick=0 ns=457100
sparse-tick case=compact tick=1 ns=456100
sparse-tick case=compact tick=2 ns=456200
sparse-tick case=compact tick=3 ns=442300
sparse-tick case=compact tick=4 ns=454800
sparse-tick case=compact tick=5 ns=541300
sparse-tick case=compact tick=6 ns=440700
sparse-tick case=compact tick=7 ns=456200
sparse-tick case=compact tick=8 ns=520900
sparse-tick case=compact tick=9 ns=486100
sparse-tick case=compact tick=10 ns=592400
sparse-tick case=compact tick=11 ns=446000
sparse-tick case=compact tick=12 ns=454400
sparse-tick case=compact tick=13 ns=486100
sparse-tick case=compact tick=14 ns=496500
sparse-tick case=compact tick=15 ns=488500
sparse-tick case=compact tick=16 ns=434100
sparse-tick case=compact tick=17 ns=670300
sparse-tick case=compact tick=18 ns=445000
sparse-tick case=compact tick=19 ns=490100
sparse-tick case=compact tick=20 ns=453700
sparse-tick case=compact tick=21 ns=478900
sparse-tick case=compact tick=22 ns=595100
sparse-tick case=compact tick=23 ns=517100
sparse-tick case=compact tick=24 ns=501400
sparse-tick case=compact tick=25 ns=455800
sparse-tick case=compact tick=26 ns=443900
sparse-tick case=compact tick=27 ns=449100
sparse-tick case=compact tick=28 ns=445100
sparse-tick case=compact tick=29 ns=455800
sparse-tick case=compact tick=30 ns=464900
sparse-tick case=compact tick=31 ns=556200
sparse-tick case=compact tick=32 ns=556000
sparse-tick case=compact tick=33 ns=466200
sparse-tick case=compact tick=34 ns=442900
sparse-tick case=compact tick=35 ns=456100
sparse-tick case=compact tick=36 ns=445700
sparse-tick case=compact tick=37 ns=439500
sparse-tick case=compact tick=38 ns=443100
sparse-tick case=compact tick=39 ns=478100
sparse-tick case=compact tick=40 ns=474400
sparse-tick case=compact tick=41 ns=440900
sparse-tick case=compact tick=42 ns=569400
sparse-tick case=compact tick=43 ns=442500
sparse-tick case=compact tick=44 ns=445200
sparse-tick case=compact tick=45 ns=435800
sparse-tick case=compact tick=46 ns=473400
sparse-tick case=compact tick=47 ns=452600
sparse-tick case=compact tick=48 ns=514500
sparse-tick case=compact tick=49 ns=462200
sparse-tick case=compact tick=50 ns=444100
sparse-tick case=compact tick=51 ns=491000
sparse-tick case=compact tick=52 ns=442900
sparse-tick case=compact tick=53 ns=441200
sparse-tick case=compact tick=54 ns=444000
sparse-tick case=compact tick=55 ns=443800
sparse-tick case=compact tick=56 ns=454000
sparse-tick case=compact tick=57 ns=498000
sparse-tick case=compact tick=58 ns=461700
sparse-tick case=compact tick=59 ns=441900
sparse-tick case=compact tick=60 ns=455500
sparse-tick case=compact tick=61 ns=455200
sparse-tick case=compact tick=62 ns=461100
sparse-tick case=compact tick=63 ns=444600
sparse-tick case=compact tick=64 ns=441000
sparse-tick case=compact tick=65 ns=454800
sparse-tick case=compact tick=66 ns=492700
sparse-tick case=compact tick=67 ns=490900
sparse-tick case=compact tick=68 ns=438100
sparse-tick case=compact tick=69 ns=455600
sparse-tick case=compact tick=70 ns=444900
sparse-tick case=compact tick=71 ns=455900
sparse-tick case=compact tick=72 ns=453000
sparse-tick case=compact tick=73 ns=454500
sparse-tick case=compact tick=74 ns=440100
sparse-tick case=compact tick=75 ns=473700
sparse-tick case=compact tick=76 ns=649300
sparse-tick case=compact tick=77 ns=460500
sparse-tick case=compact tick=78 ns=441100
sparse-tick case=compact tick=79 ns=439600
sparse-tick case=compact tick=80 ns=481500
sparse-tick case=compact tick=81 ns=479800
sparse-tick case=compact tick=82 ns=440200
sparse-tick case=compact tick=83 ns=489900
sparse-tick case=compact tick=84 ns=526200
sparse-tick case=compact tick=85 ns=464500
sparse-tick case=compact tick=86 ns=453300
sparse-tick case=compact tick=87 ns=583700
sparse-tick case=compact tick=88 ns=455800
sparse-tick case=compact tick=89 ns=456000
sparse-tick case=compact tick=90 ns=442200
sparse-tick case=compact tick=91 ns=443400
sparse-tick case=compact tick=92 ns=442200
sparse-tick case=compact tick=93 ns=579400
sparse-tick case=compact tick=94 ns=443300
sparse-tick case=compact tick=95 ns=448500
sparse-tick case=compact tick=96 ns=465900
sparse-tick case=compact tick=97 ns=440100
sparse-tick case=compact tick=98 ns=439200
sparse-tick case=compact tick=99 ns=438900
sparse-tick case=compact tick=100 ns=441700
sparse-tick case=compact tick=101 ns=462100
sparse-tick case=compact tick=102 ns=532600
sparse-tick case=compact tick=103 ns=541400
sparse-tick case=compact tick=104 ns=484600
sparse-tick case=compact tick=105 ns=443000
sparse-tick case=compact tick=106 ns=432500
sparse-tick case=compact tick=107 ns=453400
sparse-tick case=compact tick=108 ns=459000
sparse-tick case=compact tick=109 ns=651600
sparse-tick case=compact tick=110 ns=503300
sparse-tick case=compact tick=111 ns=523200
sparse-tick case=compact tick=112 ns=438500
sparse-tick case=compact tick=113 ns=442000
sparse-tick case=compact tick=114 ns=454500
sparse-tick case=compact tick=115 ns=510200
sparse-tick case=compact tick=116 ns=444300
sparse-tick case=compact tick=117 ns=448400
sparse-tick case=compact tick=118 ns=440400
sparse-tick case=compact tick=119 ns=516400
sparse-tick case=compact tick=120 ns=560900
sparse-tick case=compact tick=121 ns=444800
sparse-tick case=compact tick=122 ns=440600
sparse-tick case=compact tick=123 ns=446900
sparse-tick case=compact tick=124 ns=448700
sparse-tick case=compact tick=125 ns=449200
sparse-tick case=compact tick=126 ns=436100
sparse-tick case=compact tick=127 ns=452300
sparse-end case=compact active=1000 live=1000 high_water=1000 capacity=10000 edges=256 warm=40 steps=128 digest=22e36f386f535893101f373a7eeb4c0ee9019078cc853350e59ca8fbe3e2dfd1 input=Sha256Digest(49f3ed00f20f2a716555fe923aeb6f4201702ebebbdc9f550e73765c498d46a4)
ok

test result: ok. 1 passed; 0 failed; 0 ignored; 0 measured; 1 filtered out; finished in 0.10s

