
running 1 test
test kernel::sparse_cost_research::sparse_cost_diagnostic ... 
sparse-stage case=parked stage=whole_step ns=36114000
sparse-stage case=parked stage=preflight ns=5392100
sparse-stage case=parked stage=occupancy ns=3327300
sparse-stage case=parked stage=waiting_prepare ns=3568700
sparse-stage case=parked stage=conflict_prepare ns=2348300
sparse-stage case=parked stage=motion_loop ns=14475500
sparse-stage case=parked stage=waiting_finalize ns=244500
sparse-stage case=parked stage=signals ns=3900
sparse-stage case=parked stage=conflict_finalize ns=1513600
sparse-stage case=parked stage=waiting_outputs ns=1422500
sparse-stage case=parked stage=commit ns=3760900
sparse-occupancy case=parked stage=count ns=1266500
sparse-occupancy case=parked stage=layout ns=126400
sparse-occupancy case=parked stage=fill ns=1589100
sparse-occupancy case=parked stage=sort_suffix ns=322400
sparse-clear case=parked waiting_ns=43300 conflict_ns=771200 waiting_slots=1280000 conflict_slots=2560000
sparse-memory case=parked world=11347169 shared=29664 binding=21 committed=3264200 derived=625536 workspace=7457412 admin=0 vehicle_slot_size=96 vehicle_state_size=88 slots_len=10000 slots_capacity=10000
sparse-work case=parked records=128000 inspections=125952 occurrence_walks=0 allocations=0 reallocations=0 bytes_allocated=0
sparse-end case=parked active=1000 live=10000 high_water=10000 capacity=10000 edges=256 warm=40 steps=128 digest=ac461faf72ddf871931e3f5cdde16f2128f082a1a56610b691fc23dddbfdfb91 input=Sha256Digest(49f3ed00f20f2a716555fe923aeb6f4201702ebebbdc9f550e73765c498d46a4)
ok

test result: ok. 1 passed; 0 failed; 0 ignored; 0 measured; 534 filtered out; finished in 0.06s

