
running 1 test
test kernel::sparse_cost_research::resource_sort_diagnostic ... 
resource-sort round=0 scene=waiting-membership-1 stage=2 steps=16 calls=16 items=0 ns=300 digest=186c86852841789533f3a5cdd8cdbd474a5d60b613010a29f356a867138bd166
resource-sort round=0 scene=waiting-membership-1 stage=3 steps=16 calls=0 items=0 ns=0 digest=186c86852841789533f3a5cdd8cdbd474a5d60b613010a29f356a867138bd166
resource-sort round=0 scene=waiting-membership-1 stage=4 steps=16 calls=16 items=0 ns=200 digest=186c86852841789533f3a5cdd8cdbd474a5d60b613010a29f356a867138bd166
resource-sort round=0 scene=conflict-reservation-retry-2 stage=2 steps=16 calls=16 items=16 ns=400 digest=39cf8c259608d71a9b8ef3c0ab9cb316644795a4efeae55535ae5d217269baa0
resource-sort round=0 scene=conflict-reservation-retry-2 stage=3 steps=16 calls=16 items=16 ns=300 digest=39cf8c259608d71a9b8ef3c0ab9cb316644795a4efeae55535ae5d217269baa0
resource-sort round=0 scene=conflict-reservation-retry-2 stage=4 steps=16 calls=16 items=16 ns=300 digest=39cf8c259608d71a9b8ef3c0ab9cb316644795a4efeae55535ae5d217269baa0
resource-sort round=1 scene=waiting-membership-1 stage=2 steps=16 calls=16 items=0 ns=700 digest=186c86852841789533f3a5cdd8cdbd474a5d60b613010a29f356a867138bd166
resource-sort round=1 scene=waiting-membership-1 stage=3 steps=16 calls=0 items=0 ns=0 digest=186c86852841789533f3a5cdd8cdbd474a5d60b613010a29f356a867138bd166
resource-sort round=1 scene=waiting-membership-1 stage=4 steps=16 calls=16 items=0 ns=600 digest=186c86852841789533f3a5cdd8cdbd474a5d60b613010a29f356a867138bd166
resource-sort round=1 scene=conflict-reservation-retry-2 stage=2 steps=16 calls=16 items=16 ns=700 digest=39cf8c259608d71a9b8ef3c0ab9cb316644795a4efeae55535ae5d217269baa0
resource-sort round=1 scene=conflict-reservation-retry-2 stage=3 steps=16 calls=16 items=16 ns=300 digest=39cf8c259608d71a9b8ef3c0ab9cb316644795a4efeae55535ae5d217269baa0
resource-sort round=1 scene=conflict-reservation-retry-2 stage=4 steps=16 calls=16 items=16 ns=500 digest=39cf8c259608d71a9b8ef3c0ab9cb316644795a4efeae55535ae5d217269baa0
resource-sort round=2 scene=waiting-membership-1 stage=2 steps=16 calls=16 items=0 ns=1200 digest=186c86852841789533f3a5cdd8cdbd474a5d60b613010a29f356a867138bd166
resource-sort round=2 scene=waiting-membership-1 stage=3 steps=16 calls=0 items=0 ns=0 digest=186c86852841789533f3a5cdd8cdbd474a5d60b613010a29f356a867138bd166
resource-sort round=2 scene=waiting-membership-1 stage=4 steps=16 calls=16 items=0 ns=1300 digest=186c86852841789533f3a5cdd8cdbd474a5d60b613010a29f356a867138bd166
resource-sort round=2 scene=conflict-reservation-retry-2 stage=2 steps=16 calls=16 items=16 ns=1400 digest=39cf8c259608d71a9b8ef3c0ab9cb316644795a4efeae55535ae5d217269baa0
resource-sort round=2 scene=conflict-reservation-retry-2 stage=3 steps=16 calls=16 items=16 ns=1100 digest=39cf8c259608d71a9b8ef3c0ab9cb316644795a4efeae55535ae5d217269baa0
resource-sort round=2 scene=conflict-reservation-retry-2 stage=4 steps=16 calls=16 items=16 ns=1200 digest=39cf8c259608d71a9b8ef3c0ab9cb316644795a4efeae55535ae5d217269baa0
ok

test result: ok. 1 passed; 0 failed; 0 ignored; 0 measured; 534 filtered out; finished in 0.02s

