
running 1 test
test sparse_cost_wall ... 
sparse-tick case=ring-1m tick=0 ns=58600
sparse-tick case=ring-1m tick=1 ns=71000
sparse-tick case=ring-1m tick=2 ns=72300
sparse-tick case=ring-1m tick=3 ns=64100
sparse-tick case=ring-1m tick=4 ns=58100
sparse-tick case=ring-1m tick=5 ns=63800
sparse-tick case=ring-1m tick=6 ns=69200
sparse-tick case=ring-1m tick=7 ns=68900
sparse-tick case=ring-1m tick=8 ns=73200
sparse-tick case=ring-1m tick=9 ns=58900
sparse-tick case=ring-1m tick=10 ns=62700
sparse-tick case=ring-1m tick=11 ns=69800
sparse-tick case=ring-1m tick=12 ns=63800
sparse-tick case=ring-1m tick=13 ns=76300
sparse-tick case=ring-1m tick=14 ns=73700
sparse-tick case=ring-1m tick=15 ns=67500
sparse-tick case=ring-1m tick=16 ns=64700
sparse-tick case=ring-1m tick=17 ns=63600
sparse-tick case=ring-1m tick=18 ns=72500
sparse-tick case=ring-1m tick=19 ns=76600
sparse-tick case=ring-1m tick=20 ns=114000
sparse-tick case=ring-1m tick=21 ns=68800
sparse-tick case=ring-1m tick=22 ns=82300
sparse-tick case=ring-1m tick=23 ns=64100
sparse-tick case=ring-1m tick=24 ns=64000
sparse-tick case=ring-1m tick=25 ns=63600
sparse-tick case=ring-1m tick=26 ns=64300
sparse-tick case=ring-1m tick=27 ns=73200
sparse-tick case=ring-1m tick=28 ns=66800
sparse-tick case=ring-1m tick=29 ns=63800
sparse-tick case=ring-1m tick=30 ns=88400
sparse-tick case=ring-1m tick=31 ns=142600
sparse-tick case=ring-1m tick=32 ns=63900
sparse-tick case=ring-1m tick=33 ns=82400
sparse-tick case=ring-1m tick=34 ns=93300
sparse-tick case=ring-1m tick=35 ns=80300
sparse-tick case=ring-1m tick=36 ns=72000
sparse-tick case=ring-1m tick=37 ns=70700
sparse-tick case=ring-1m tick=38 ns=80500
sparse-tick case=ring-1m tick=39 ns=64100
sparse-tick case=ring-1m tick=40 ns=65300
sparse-tick case=ring-1m tick=41 ns=74600
sparse-tick case=ring-1m tick=42 ns=67700
sparse-tick case=ring-1m tick=43 ns=64000
sparse-tick case=ring-1m tick=44 ns=63900
sparse-tick case=ring-1m tick=45 ns=59600
sparse-tick case=ring-1m tick=46 ns=60300
sparse-tick case=ring-1m tick=47 ns=59300
sparse-tick case=ring-1m tick=48 ns=62800
sparse-tick case=ring-1m tick=49 ns=58400
sparse-tick case=ring-1m tick=50 ns=59800
sparse-tick case=ring-1m tick=51 ns=59000
sparse-tick case=ring-1m tick=52 ns=59300
sparse-tick case=ring-1m tick=53 ns=59100
sparse-tick case=ring-1m tick=54 ns=60200
sparse-tick case=ring-1m tick=55 ns=58800
sparse-tick case=ring-1m tick=56 ns=59400
sparse-tick case=ring-1m tick=57 ns=66300
sparse-tick case=ring-1m tick=58 ns=59500
sparse-tick case=ring-1m tick=59 ns=61900
sparse-tick case=ring-1m tick=60 ns=59600
sparse-tick case=ring-1m tick=61 ns=59900
sparse-tick case=ring-1m tick=62 ns=59300
sparse-tick case=ring-1m tick=63 ns=59300
sparse-tick case=ring-1m tick=64 ns=60500
sparse-tick case=ring-1m tick=65 ns=65800
sparse-tick case=ring-1m tick=66 ns=77800
sparse-tick case=ring-1m tick=67 ns=72400
sparse-tick case=ring-1m tick=68 ns=59200
sparse-tick case=ring-1m tick=69 ns=59500
sparse-tick case=ring-1m tick=70 ns=61000
sparse-tick case=ring-1m tick=71 ns=59300
sparse-tick case=ring-1m tick=72 ns=60500
sparse-tick case=ring-1m tick=73 ns=64700
sparse-tick case=ring-1m tick=74 ns=59700
sparse-tick case=ring-1m tick=75 ns=63800
sparse-tick case=ring-1m tick=76 ns=75600
sparse-tick case=ring-1m tick=77 ns=65700
sparse-tick case=ring-1m tick=78 ns=60300
sparse-tick case=ring-1m tick=79 ns=74600
sparse-tick case=ring-1m tick=80 ns=64600
sparse-tick case=ring-1m tick=81 ns=61700
sparse-tick case=ring-1m tick=82 ns=73100
sparse-tick case=ring-1m tick=83 ns=58900
sparse-tick case=ring-1m tick=84 ns=66900
sparse-tick case=ring-1m tick=85 ns=66000
sparse-tick case=ring-1m tick=86 ns=58200
sparse-tick case=ring-1m tick=87 ns=60100
sparse-tick case=ring-1m tick=88 ns=71700
sparse-tick case=ring-1m tick=89 ns=78500
sparse-tick case=ring-1m tick=90 ns=61000
sparse-tick case=ring-1m tick=91 ns=62800
sparse-tick case=ring-1m tick=92 ns=58500
sparse-tick case=ring-1m tick=93 ns=57500
sparse-tick case=ring-1m tick=94 ns=57300
sparse-tick case=ring-1m tick=95 ns=57200
sparse-tick case=ring-1m tick=96 ns=62300
sparse-tick case=ring-1m tick=97 ns=63800
sparse-tick case=ring-1m tick=98 ns=71000
sparse-tick case=ring-1m tick=99 ns=70900
sparse-tick case=ring-1m tick=100 ns=68000
sparse-tick case=ring-1m tick=101 ns=66800
sparse-tick case=ring-1m tick=102 ns=56400
sparse-tick case=ring-1m tick=103 ns=57400
sparse-tick case=ring-1m tick=104 ns=60100
sparse-tick case=ring-1m tick=105 ns=56200
sparse-tick case=ring-1m tick=106 ns=57000
sparse-tick case=ring-1m tick=107 ns=56000
sparse-tick case=ring-1m tick=108 ns=56200
sparse-tick case=ring-1m tick=109 ns=56400
sparse-tick case=ring-1m tick=110 ns=56100
sparse-tick case=ring-1m tick=111 ns=57300
sparse-tick case=ring-1m tick=112 ns=58400
sparse-tick case=ring-1m tick=113 ns=56100
sparse-tick case=ring-1m tick=114 ns=57800
sparse-tick case=ring-1m tick=115 ns=56000
sparse-tick case=ring-1m tick=116 ns=56100
sparse-tick case=ring-1m tick=117 ns=56800
sparse-tick case=ring-1m tick=118 ns=55700
sparse-tick case=ring-1m tick=119 ns=55500
sparse-tick case=ring-1m tick=120 ns=57300
sparse-tick case=ring-1m tick=121 ns=62500
sparse-tick case=ring-1m tick=122 ns=71000
sparse-tick case=ring-1m tick=123 ns=54700
sparse-tick case=ring-1m tick=124 ns=55700
sparse-tick case=ring-1m tick=125 ns=56700
sparse-tick case=ring-1m tick=126 ns=54800
sparse-tick case=ring-1m tick=127 ns=54700
sparse-end case=ring-1m active=64 live=64 high_water=64 capacity=10000 edges=4096 warm=40 steps=128 digest=98898dd5d803ab330bb07cfb85db91cb02ebd95e7d50398a77142b1e2223f924 input=Sha256Digest(f5983cfc8664abce7353b6d4eb64aed8ec11cfe5cb5460274329b4a279a642eb)
ok

test result: ok. 1 passed; 0 failed; 0 ignored; 0 measured; 1 filtered out; finished in 0.09s

