
running 1 test
test sparse_cost_wall ... 
sparse-tick case=capacity tick=0 ns=468000
sparse-tick case=capacity tick=1 ns=504800
sparse-tick case=capacity tick=2 ns=521500
sparse-tick case=capacity tick=3 ns=479700
sparse-tick case=capacity tick=4 ns=488400
sparse-tick case=capacity tick=5 ns=488300
sparse-tick case=capacity tick=6 ns=469600
sparse-tick case=capacity tick=7 ns=496400
sparse-tick case=capacity tick=8 ns=491000
sparse-tick case=capacity tick=9 ns=503600
sparse-tick case=capacity tick=10 ns=514900
sparse-tick case=capacity tick=11 ns=490400
sparse-tick case=capacity tick=12 ns=481600
sparse-tick case=capacity tick=13 ns=470700
sparse-tick case=capacity tick=14 ns=467800
sparse-tick case=capacity tick=15 ns=466800
sparse-tick case=capacity tick=16 ns=468700
sparse-tick case=capacity tick=17 ns=501900
sparse-tick case=capacity tick=18 ns=513100
sparse-tick case=capacity tick=19 ns=481700
sparse-tick case=capacity tick=20 ns=471000
sparse-tick case=capacity tick=21 ns=473400
sparse-tick case=capacity tick=22 ns=469300
sparse-tick case=capacity tick=23 ns=501300
sparse-tick case=capacity tick=24 ns=508200
sparse-tick case=capacity tick=25 ns=491900
sparse-tick case=capacity tick=26 ns=504000
sparse-tick case=capacity tick=27 ns=510200
sparse-tick case=capacity tick=28 ns=506000
sparse-tick case=capacity tick=29 ns=551700
sparse-tick case=capacity tick=30 ns=481700
sparse-tick case=capacity tick=31 ns=509800
sparse-tick case=capacity tick=32 ns=490800
sparse-tick case=capacity tick=33 ns=544200
sparse-tick case=capacity tick=34 ns=487000
sparse-tick case=capacity tick=35 ns=501500
sparse-tick case=capacity tick=36 ns=474600
sparse-tick case=capacity tick=37 ns=511900
sparse-tick case=capacity tick=38 ns=547300
sparse-tick case=capacity tick=39 ns=482100
sparse-tick case=capacity tick=40 ns=469000
sparse-tick case=capacity tick=41 ns=516400
sparse-tick case=capacity tick=42 ns=499400
sparse-tick case=capacity tick=43 ns=506900
sparse-tick case=capacity tick=44 ns=478900
sparse-tick case=capacity tick=45 ns=481200
sparse-tick case=capacity tick=46 ns=484900
sparse-tick case=capacity tick=47 ns=477200
sparse-tick case=capacity tick=48 ns=468100
sparse-tick case=capacity tick=49 ns=496200
sparse-tick case=capacity tick=50 ns=490400
sparse-tick case=capacity tick=51 ns=490200
sparse-tick case=capacity tick=52 ns=540100
sparse-tick case=capacity tick=53 ns=494300
sparse-tick case=capacity tick=54 ns=473900
sparse-tick case=capacity tick=55 ns=492100
sparse-tick case=capacity tick=56 ns=491000
sparse-tick case=capacity tick=57 ns=489200
sparse-tick case=capacity tick=58 ns=488400
sparse-tick case=capacity tick=59 ns=482300
sparse-tick case=capacity tick=60 ns=514900
sparse-tick case=capacity tick=61 ns=496600
sparse-tick case=capacity tick=62 ns=465700
sparse-tick case=capacity tick=63 ns=467900
sparse-tick case=capacity tick=64 ns=473900
sparse-tick case=capacity tick=65 ns=488400
sparse-tick case=capacity tick=66 ns=631000
sparse-tick case=capacity tick=67 ns=562100
sparse-tick case=capacity tick=68 ns=483600
sparse-tick case=capacity tick=69 ns=489700
sparse-tick case=capacity tick=70 ns=474400
sparse-tick case=capacity tick=71 ns=496800
sparse-tick case=capacity tick=72 ns=499300
sparse-tick case=capacity tick=73 ns=507900
sparse-tick case=capacity tick=74 ns=487400
sparse-tick case=capacity tick=75 ns=472000
sparse-tick case=capacity tick=76 ns=476800
sparse-tick case=capacity tick=77 ns=498800
sparse-tick case=capacity tick=78 ns=507800
sparse-tick case=capacity tick=79 ns=502000
sparse-tick case=capacity tick=80 ns=496600
sparse-tick case=capacity tick=81 ns=497600
sparse-tick case=capacity tick=82 ns=487500
sparse-tick case=capacity tick=83 ns=470500
sparse-tick case=capacity tick=84 ns=484900
sparse-tick case=capacity tick=85 ns=486400
sparse-tick case=capacity tick=86 ns=488500
sparse-tick case=capacity tick=87 ns=476700
sparse-tick case=capacity tick=88 ns=495100
sparse-tick case=capacity tick=89 ns=489800
sparse-tick case=capacity tick=90 ns=490100
sparse-tick case=capacity tick=91 ns=490600
sparse-tick case=capacity tick=92 ns=507800
sparse-tick case=capacity tick=93 ns=508900
sparse-tick case=capacity tick=94 ns=512900
sparse-tick case=capacity tick=95 ns=516600
sparse-tick case=capacity tick=96 ns=484000
sparse-tick case=capacity tick=97 ns=563300
sparse-tick case=capacity tick=98 ns=519200
sparse-tick case=capacity tick=99 ns=482300
sparse-tick case=capacity tick=100 ns=480000
sparse-tick case=capacity tick=101 ns=476300
sparse-tick case=capacity tick=102 ns=520000
sparse-tick case=capacity tick=103 ns=511900
sparse-tick case=capacity tick=104 ns=493300
sparse-tick case=capacity tick=105 ns=613400
sparse-tick case=capacity tick=106 ns=512500
sparse-tick case=capacity tick=107 ns=509400
sparse-tick case=capacity tick=108 ns=491200
sparse-tick case=capacity tick=109 ns=502200
sparse-tick case=capacity tick=110 ns=523700
sparse-tick case=capacity tick=111 ns=509800
sparse-tick case=capacity tick=112 ns=490600
sparse-tick case=capacity tick=113 ns=486800
sparse-tick case=capacity tick=114 ns=471600
sparse-tick case=capacity tick=115 ns=488500
sparse-tick case=capacity tick=116 ns=494400
sparse-tick case=capacity tick=117 ns=491700
sparse-tick case=capacity tick=118 ns=499900
sparse-tick case=capacity tick=119 ns=514700
sparse-tick case=capacity tick=120 ns=475900
sparse-tick case=capacity tick=121 ns=475500
sparse-tick case=capacity tick=122 ns=474100
sparse-tick case=capacity tick=123 ns=471500
sparse-tick case=capacity tick=124 ns=492700
sparse-tick case=capacity tick=125 ns=495600
sparse-tick case=capacity tick=126 ns=496000
sparse-tick case=capacity tick=127 ns=505700
sparse-end case=capacity active=1000 live=1000 high_water=1000 capacity=100000 edges=256 warm=40 steps=128 digest=48287b34c7ea2a970283c1bca078325acb5f50a41c85dc7f20f5402704d95874 input=Sha256Digest(49f3ed00f20f2a716555fe923aeb6f4201702ebebbdc9f550e73765c498d46a4)
ok

test result: ok. 1 passed; 0 failed; 0 ignored; 0 measured; 1 filtered out; finished in 0.10s

