
running 1 test
test sparse_cost_wall ... 
sparse-tick case=capacity tick=0 ns=518500
sparse-tick case=capacity tick=1 ns=478900
sparse-tick case=capacity tick=2 ns=472000
sparse-tick case=capacity tick=3 ns=474300
sparse-tick case=capacity tick=4 ns=476300
sparse-tick case=capacity tick=5 ns=496100
sparse-tick case=capacity tick=6 ns=523400
sparse-tick case=capacity tick=7 ns=502000
sparse-tick case=capacity tick=8 ns=478300
sparse-tick case=capacity tick=9 ns=487600
sparse-tick case=capacity tick=10 ns=500000
sparse-tick case=capacity tick=11 ns=502300
sparse-tick case=capacity tick=12 ns=502600
sparse-tick case=capacity tick=13 ns=507300
sparse-tick case=capacity tick=14 ns=560000
sparse-tick case=capacity tick=15 ns=510800
sparse-tick case=capacity tick=16 ns=474900
sparse-tick case=capacity tick=17 ns=472500
sparse-tick case=capacity tick=18 ns=500900
sparse-tick case=capacity tick=19 ns=530800
sparse-tick case=capacity tick=20 ns=509700
sparse-tick case=capacity tick=21 ns=504800
sparse-tick case=capacity tick=22 ns=565500
sparse-tick case=capacity tick=23 ns=511100
sparse-tick case=capacity tick=24 ns=479300
sparse-tick case=capacity tick=25 ns=500000
sparse-tick case=capacity tick=26 ns=599900
sparse-tick case=capacity tick=27 ns=494900
sparse-tick case=capacity tick=28 ns=464600
sparse-tick case=capacity tick=29 ns=497400
sparse-tick case=capacity tick=30 ns=555200
sparse-tick case=capacity tick=31 ns=497800
sparse-tick case=capacity tick=32 ns=474700
sparse-tick case=capacity tick=33 ns=502700
sparse-tick case=capacity tick=34 ns=498600
sparse-tick case=capacity tick=35 ns=489700
sparse-tick case=capacity tick=36 ns=487800
sparse-tick case=capacity tick=37 ns=486700
sparse-tick case=capacity tick=38 ns=498600
sparse-tick case=capacity tick=39 ns=514600
sparse-tick case=capacity tick=40 ns=490100
sparse-tick case=capacity tick=41 ns=479500
sparse-tick case=capacity tick=42 ns=486800
sparse-tick case=capacity tick=43 ns=501400
sparse-tick case=capacity tick=44 ns=486800
sparse-tick case=capacity tick=45 ns=504500
sparse-tick case=capacity tick=46 ns=520400
sparse-tick case=capacity tick=47 ns=597500
sparse-tick case=capacity tick=48 ns=658500
sparse-tick case=capacity tick=49 ns=515700
sparse-tick case=capacity tick=50 ns=492700
sparse-tick case=capacity tick=51 ns=517600
sparse-tick case=capacity tick=52 ns=493400
sparse-tick case=capacity tick=53 ns=496300
sparse-tick case=capacity tick=54 ns=509300
sparse-tick case=capacity tick=55 ns=524200
sparse-tick case=capacity tick=56 ns=654600
sparse-tick case=capacity tick=57 ns=691400
sparse-tick case=capacity tick=58 ns=536300
sparse-tick case=capacity tick=59 ns=502000
sparse-tick case=capacity tick=60 ns=521400
sparse-tick case=capacity tick=61 ns=497100
sparse-tick case=capacity tick=62 ns=575500
sparse-tick case=capacity tick=63 ns=503200
sparse-tick case=capacity tick=64 ns=469400
sparse-tick case=capacity tick=65 ns=496200
sparse-tick case=capacity tick=66 ns=503600
sparse-tick case=capacity tick=67 ns=495300
sparse-tick case=capacity tick=68 ns=533400
sparse-tick case=capacity tick=69 ns=495100
sparse-tick case=capacity tick=70 ns=523700
sparse-tick case=capacity tick=71 ns=500900
sparse-tick case=capacity tick=72 ns=468900
sparse-tick case=capacity tick=73 ns=470900
sparse-tick case=capacity tick=74 ns=498000
sparse-tick case=capacity tick=75 ns=629200
sparse-tick case=capacity tick=76 ns=564200
sparse-tick case=capacity tick=77 ns=527700
sparse-tick case=capacity tick=78 ns=531100
sparse-tick case=capacity tick=79 ns=475700
sparse-tick case=capacity tick=80 ns=474900
sparse-tick case=capacity tick=81 ns=475400
sparse-tick case=capacity tick=82 ns=470700
sparse-tick case=capacity tick=83 ns=479900
sparse-tick case=capacity tick=84 ns=473900
sparse-tick case=capacity tick=85 ns=470200
sparse-tick case=capacity tick=86 ns=599400
sparse-tick case=capacity tick=87 ns=661200
sparse-tick case=capacity tick=88 ns=520400
sparse-tick case=capacity tick=89 ns=520700
sparse-tick case=capacity tick=90 ns=514500
sparse-tick case=capacity tick=91 ns=529000
sparse-tick case=capacity tick=92 ns=519700
sparse-tick case=capacity tick=93 ns=544500
sparse-tick case=capacity tick=94 ns=552000
sparse-tick case=capacity tick=95 ns=536800
sparse-tick case=capacity tick=96 ns=634300
sparse-tick case=capacity tick=97 ns=476300
sparse-tick case=capacity tick=98 ns=481200
sparse-tick case=capacity tick=99 ns=479400
sparse-tick case=capacity tick=100 ns=472300
sparse-tick case=capacity tick=101 ns=491700
sparse-tick case=capacity tick=102 ns=501700
sparse-tick case=capacity tick=103 ns=521300
sparse-tick case=capacity tick=104 ns=630400
sparse-tick case=capacity tick=105 ns=471200
sparse-tick case=capacity tick=106 ns=518300
sparse-tick case=capacity tick=107 ns=493100
sparse-tick case=capacity tick=108 ns=483200
sparse-tick case=capacity tick=109 ns=475400
sparse-tick case=capacity tick=110 ns=480500
sparse-tick case=capacity tick=111 ns=644700
sparse-tick case=capacity tick=112 ns=539400
sparse-tick case=capacity tick=113 ns=486400
sparse-tick case=capacity tick=114 ns=509800
sparse-tick case=capacity tick=115 ns=517800
sparse-tick case=capacity tick=116 ns=608400
sparse-tick case=capacity tick=117 ns=490600
sparse-tick case=capacity tick=118 ns=517400
sparse-tick case=capacity tick=119 ns=487000
sparse-tick case=capacity tick=120 ns=475700
sparse-tick case=capacity tick=121 ns=541500
sparse-tick case=capacity tick=122 ns=581600
sparse-tick case=capacity tick=123 ns=509600
sparse-tick case=capacity tick=124 ns=468200
sparse-tick case=capacity tick=125 ns=471100
sparse-tick case=capacity tick=126 ns=481200
sparse-tick case=capacity tick=127 ns=546100
sparse-end case=capacity active=1000 live=1000 high_water=1000 capacity=100000 edges=256 warm=40 steps=128 digest=48287b34c7ea2a970283c1bca078325acb5f50a41c85dc7f20f5402704d95874 input=Sha256Digest(49f3ed00f20f2a716555fe923aeb6f4201702ebebbdc9f550e73765c498d46a4)
ok

test result: ok. 1 passed; 0 failed; 0 ignored; 0 measured; 1 filtered out; finished in 0.11s

