
running 1 test
test sparse_cost_wall ... 
sparse-tick case=capacity tick=0 ns=480100
sparse-tick case=capacity tick=1 ns=469800
sparse-tick case=capacity tick=2 ns=471900
sparse-tick case=capacity tick=3 ns=475400
sparse-tick case=capacity tick=4 ns=477000
sparse-tick case=capacity tick=5 ns=464700
sparse-tick case=capacity tick=6 ns=476400
sparse-tick case=capacity tick=7 ns=485900
sparse-tick case=capacity tick=8 ns=478400
sparse-tick case=capacity tick=9 ns=471500
sparse-tick case=capacity tick=10 ns=472200
sparse-tick case=capacity tick=11 ns=495800
sparse-tick case=capacity tick=12 ns=485400
sparse-tick case=capacity tick=13 ns=529200
sparse-tick case=capacity tick=14 ns=556600
sparse-tick case=capacity tick=15 ns=498300
sparse-tick case=capacity tick=16 ns=484800
sparse-tick case=capacity tick=17 ns=488300
sparse-tick case=capacity tick=18 ns=487200
sparse-tick case=capacity tick=19 ns=551500
sparse-tick case=capacity tick=20 ns=498500
sparse-tick case=capacity tick=21 ns=489300
sparse-tick case=capacity tick=22 ns=514100
sparse-tick case=capacity tick=23 ns=474100
sparse-tick case=capacity tick=24 ns=538600
sparse-tick case=capacity tick=25 ns=481800
sparse-tick case=capacity tick=26 ns=500400
sparse-tick case=capacity tick=27 ns=479700
sparse-tick case=capacity tick=28 ns=476900
sparse-tick case=capacity tick=29 ns=470500
sparse-tick case=capacity tick=30 ns=483300
sparse-tick case=capacity tick=31 ns=465600
sparse-tick case=capacity tick=32 ns=470700
sparse-tick case=capacity tick=33 ns=472800
sparse-tick case=capacity tick=34 ns=469400
sparse-tick case=capacity tick=35 ns=474600
sparse-tick case=capacity tick=36 ns=468500
sparse-tick case=capacity tick=37 ns=468800
sparse-tick case=capacity tick=38 ns=470900
sparse-tick case=capacity tick=39 ns=488400
sparse-tick case=capacity tick=40 ns=490900
sparse-tick case=capacity tick=41 ns=468600
sparse-tick case=capacity tick=42 ns=473300
sparse-tick case=capacity tick=43 ns=473800
sparse-tick case=capacity tick=44 ns=464900
sparse-tick case=capacity tick=45 ns=468200
sparse-tick case=capacity tick=46 ns=471900
sparse-tick case=capacity tick=47 ns=482200
sparse-tick case=capacity tick=48 ns=491700
sparse-tick case=capacity tick=49 ns=485500
sparse-tick case=capacity tick=50 ns=492200
sparse-tick case=capacity tick=51 ns=476300
sparse-tick case=capacity tick=52 ns=472900
sparse-tick case=capacity tick=53 ns=476100
sparse-tick case=capacity tick=54 ns=483800
sparse-tick case=capacity tick=55 ns=504200
sparse-tick case=capacity tick=56 ns=491500
sparse-tick case=capacity tick=57 ns=481500
sparse-tick case=capacity tick=58 ns=480600
sparse-tick case=capacity tick=59 ns=479700
sparse-tick case=capacity tick=60 ns=513300
sparse-tick case=capacity tick=61 ns=501000
sparse-tick case=capacity tick=62 ns=488100
sparse-tick case=capacity tick=63 ns=478700
sparse-tick case=capacity tick=64 ns=480000
sparse-tick case=capacity tick=65 ns=509700
sparse-tick case=capacity tick=66 ns=485600
sparse-tick case=capacity tick=67 ns=501300
sparse-tick case=capacity tick=68 ns=486800
sparse-tick case=capacity tick=69 ns=477200
sparse-tick case=capacity tick=70 ns=476600
sparse-tick case=capacity tick=71 ns=468100
sparse-tick case=capacity tick=72 ns=475100
sparse-tick case=capacity tick=73 ns=486200
sparse-tick case=capacity tick=74 ns=485000
sparse-tick case=capacity tick=75 ns=489000
sparse-tick case=capacity tick=76 ns=467100
sparse-tick case=capacity tick=77 ns=474700
sparse-tick case=capacity tick=78 ns=475100
sparse-tick case=capacity tick=79 ns=476800
sparse-tick case=capacity tick=80 ns=467800
sparse-tick case=capacity tick=81 ns=474500
sparse-tick case=capacity tick=82 ns=499200
sparse-tick case=capacity tick=83 ns=489800
sparse-tick case=capacity tick=84 ns=498100
sparse-tick case=capacity tick=85 ns=494300
sparse-tick case=capacity tick=86 ns=482500
sparse-tick case=capacity tick=87 ns=640500
sparse-tick case=capacity tick=88 ns=566500
sparse-tick case=capacity tick=89 ns=493000
sparse-tick case=capacity tick=90 ns=478900
sparse-tick case=capacity tick=91 ns=481000
sparse-tick case=capacity tick=92 ns=666900
sparse-tick case=capacity tick=93 ns=504300
sparse-tick case=capacity tick=94 ns=574300
sparse-tick case=capacity tick=95 ns=477200
sparse-tick case=capacity tick=96 ns=467800
sparse-tick case=capacity tick=97 ns=471500
sparse-tick case=capacity tick=98 ns=517200
sparse-tick case=capacity tick=99 ns=506900
sparse-tick case=capacity tick=100 ns=494200
sparse-tick case=capacity tick=101 ns=477000
sparse-tick case=capacity tick=102 ns=551700
sparse-tick case=capacity tick=103 ns=480200
sparse-tick case=capacity tick=104 ns=473900
sparse-tick case=capacity tick=105 ns=469900
sparse-tick case=capacity tick=106 ns=487300
sparse-tick case=capacity tick=107 ns=478200
sparse-tick case=capacity tick=108 ns=467500
sparse-tick case=capacity tick=109 ns=468800
sparse-tick case=capacity tick=110 ns=475500
sparse-tick case=capacity tick=111 ns=470400
sparse-tick case=capacity tick=112 ns=471100
sparse-tick case=capacity tick=113 ns=471000
sparse-tick case=capacity tick=114 ns=473800
sparse-tick case=capacity tick=115 ns=522600
sparse-tick case=capacity tick=116 ns=490100
sparse-tick case=capacity tick=117 ns=490800
sparse-tick case=capacity tick=118 ns=549600
sparse-tick case=capacity tick=119 ns=473400
sparse-tick case=capacity tick=120 ns=471400
sparse-tick case=capacity tick=121 ns=477600
sparse-tick case=capacity tick=122 ns=471400
sparse-tick case=capacity tick=123 ns=473800
sparse-tick case=capacity tick=124 ns=486100
sparse-tick case=capacity tick=125 ns=466900
sparse-tick case=capacity tick=126 ns=470900
sparse-tick case=capacity tick=127 ns=496100
sparse-end case=capacity active=1000 live=1000 high_water=1000 capacity=100000 edges=256 warm=40 steps=128 digest=48287b34c7ea2a970283c1bca078325acb5f50a41c85dc7f20f5402704d95874 input=Sha256Digest(49f3ed00f20f2a716555fe923aeb6f4201702ebebbdc9f550e73765c498d46a4)
ok

test result: ok. 1 passed; 0 failed; 0 ignored; 0 measured; 1 filtered out; finished in 0.10s

