
running 1 test
test sparse_cost_wall ... 
sparse-tick case=parked tick=0 ns=261500
sparse-tick case=parked tick=1 ns=259000
sparse-tick case=parked tick=2 ns=257900
sparse-tick case=parked tick=3 ns=258400
sparse-tick case=parked tick=4 ns=257900
sparse-tick case=parked tick=5 ns=257900
sparse-tick case=parked tick=6 ns=259700
sparse-tick case=parked tick=7 ns=275200
sparse-tick case=parked tick=8 ns=269900
sparse-tick case=parked tick=9 ns=260300
sparse-tick case=parked tick=10 ns=265700
sparse-tick case=parked tick=11 ns=309100
sparse-tick case=parked tick=12 ns=260800
sparse-tick case=parked tick=13 ns=277800
sparse-tick case=parked tick=14 ns=316300
sparse-tick case=parked tick=15 ns=270400
sparse-tick case=parked tick=16 ns=269900
sparse-tick case=parked tick=17 ns=265900
sparse-tick case=parked tick=18 ns=260400
sparse-tick case=parked tick=19 ns=274600
sparse-tick case=parked tick=20 ns=261100
sparse-tick case=parked tick=21 ns=300600
sparse-tick case=parked tick=22 ns=260300
sparse-tick case=parked tick=23 ns=261300
sparse-tick case=parked tick=24 ns=266900
sparse-tick case=parked tick=25 ns=266900
sparse-tick case=parked tick=26 ns=259600
sparse-tick case=parked tick=27 ns=268700
sparse-tick case=parked tick=28 ns=260500
sparse-tick case=parked tick=29 ns=260200
sparse-tick case=parked tick=30 ns=261000
sparse-tick case=parked tick=31 ns=262700
sparse-tick case=parked tick=32 ns=268100
sparse-tick case=parked tick=33 ns=260700
sparse-tick case=parked tick=34 ns=262100
sparse-tick case=parked tick=35 ns=261500
sparse-tick case=parked tick=36 ns=261100
sparse-tick case=parked tick=37 ns=269600
sparse-tick case=parked tick=38 ns=265700
sparse-tick case=parked tick=39 ns=264600
sparse-tick case=parked tick=40 ns=261700
sparse-tick case=parked tick=41 ns=269400
sparse-tick case=parked tick=42 ns=260100
sparse-tick case=parked tick=43 ns=270700
sparse-tick case=parked tick=44 ns=260200
sparse-tick case=parked tick=45 ns=276800
sparse-tick case=parked tick=46 ns=264600
sparse-tick case=parked tick=47 ns=264800
sparse-tick case=parked tick=48 ns=264100
sparse-tick case=parked tick=49 ns=262100
sparse-tick case=parked tick=50 ns=261900
sparse-tick case=parked tick=51 ns=261600
sparse-tick case=parked tick=52 ns=274200
sparse-tick case=parked tick=53 ns=261700
sparse-tick case=parked tick=54 ns=261400
sparse-tick case=parked tick=55 ns=261300
sparse-tick case=parked tick=56 ns=261800
sparse-tick case=parked tick=57 ns=261200
sparse-tick case=parked tick=58 ns=264900
sparse-tick case=parked tick=59 ns=261500
sparse-tick case=parked tick=60 ns=262300
sparse-tick case=parked tick=61 ns=262400
sparse-tick case=parked tick=62 ns=262200
sparse-tick case=parked tick=63 ns=262800
sparse-tick case=parked tick=64 ns=262900
sparse-tick case=parked tick=65 ns=265000
sparse-tick case=parked tick=66 ns=262300
sparse-tick case=parked tick=67 ns=262500
sparse-tick case=parked tick=68 ns=262100
sparse-tick case=parked tick=69 ns=262200
sparse-tick case=parked tick=70 ns=261400
sparse-tick case=parked tick=71 ns=261800
sparse-tick case=parked tick=72 ns=264000
sparse-tick case=parked tick=73 ns=273300
sparse-tick case=parked tick=74 ns=261900
sparse-tick case=parked tick=75 ns=261400
sparse-tick case=parked tick=76 ns=260500
sparse-tick case=parked tick=77 ns=261100
sparse-tick case=parked tick=78 ns=273600
sparse-tick case=parked tick=79 ns=262400
sparse-tick case=parked tick=80 ns=262300
sparse-tick case=parked tick=81 ns=262300
sparse-tick case=parked tick=82 ns=266600
sparse-tick case=parked tick=83 ns=262200
sparse-tick case=parked tick=84 ns=261700
sparse-tick case=parked tick=85 ns=317900
sparse-tick case=parked tick=86 ns=262900
sparse-tick case=parked tick=87 ns=269300
sparse-tick case=parked tick=88 ns=262300
sparse-tick case=parked tick=89 ns=262500
sparse-tick case=parked tick=90 ns=279700
sparse-tick case=parked tick=91 ns=263600
sparse-tick case=parked tick=92 ns=260700
sparse-tick case=parked tick=93 ns=260700
sparse-tick case=parked tick=94 ns=261000
sparse-tick case=parked tick=95 ns=260800
sparse-tick case=parked tick=96 ns=260500
sparse-tick case=parked tick=97 ns=260400
sparse-tick case=parked tick=98 ns=263500
sparse-tick case=parked tick=99 ns=301300
sparse-tick case=parked tick=100 ns=264800
sparse-tick case=parked tick=101 ns=265500
sparse-tick case=parked tick=102 ns=262700
sparse-tick case=parked tick=103 ns=260500
sparse-tick case=parked tick=104 ns=266700
sparse-tick case=parked tick=105 ns=261300
sparse-tick case=parked tick=106 ns=271800
sparse-tick case=parked tick=107 ns=272100
sparse-tick case=parked tick=108 ns=262200
sparse-tick case=parked tick=109 ns=261300
sparse-tick case=parked tick=110 ns=269100
sparse-tick case=parked tick=111 ns=272500
sparse-tick case=parked tick=112 ns=261300
sparse-tick case=parked tick=113 ns=263200
sparse-tick case=parked tick=114 ns=273500
sparse-tick case=parked tick=115 ns=262700
sparse-tick case=parked tick=116 ns=268300
sparse-tick case=parked tick=117 ns=264300
sparse-tick case=parked tick=118 ns=268500
sparse-tick case=parked tick=119 ns=262200
sparse-tick case=parked tick=120 ns=262100
sparse-tick case=parked tick=121 ns=267900
sparse-tick case=parked tick=122 ns=267700
sparse-tick case=parked tick=123 ns=261900
sparse-tick case=parked tick=124 ns=263600
sparse-tick case=parked tick=125 ns=261900
sparse-tick case=parked tick=126 ns=261900
sparse-tick case=parked tick=127 ns=262000
sparse-end case=parked active=1000 live=10000 high_water=10000 capacity=10000 edges=256 warm=40 steps=128 digest=ac461faf72ddf871931e3f5cdde16f2128f082a1a56610b691fc23dddbfdfb91 input=Sha256Digest(49f3ed00f20f2a716555fe923aeb6f4201702ebebbdc9f550e73765c498d46a4)
ok

test result: ok. 1 passed; 0 failed; 0 ignored; 0 measured; 1 filtered out; finished in 0.06s

