
running 1 test
test sparse_cost_wall ... 
sparse-tick case=edges-small tick=0 ns=170300
sparse-tick case=edges-small tick=1 ns=175400
sparse-tick case=edges-small tick=2 ns=177900
sparse-tick case=edges-small tick=3 ns=176100
sparse-tick case=edges-small tick=4 ns=175800
sparse-tick case=edges-small tick=5 ns=173100
sparse-tick case=edges-small tick=6 ns=175800
sparse-tick case=edges-small tick=7 ns=175700
sparse-tick case=edges-small tick=8 ns=169500
sparse-tick case=edges-small tick=9 ns=175100
sparse-tick case=edges-small tick=10 ns=175100
sparse-tick case=edges-small tick=11 ns=209500
sparse-tick case=edges-small tick=12 ns=173100
sparse-tick case=edges-small tick=13 ns=174700
sparse-tick case=edges-small tick=14 ns=220700
sparse-tick case=edges-small tick=15 ns=178800
sparse-tick case=edges-small tick=16 ns=176100
sparse-tick case=edges-small tick=17 ns=174700
sparse-tick case=edges-small tick=18 ns=175200
sparse-tick case=edges-small tick=19 ns=172100
sparse-tick case=edges-small tick=20 ns=171500
sparse-tick case=edges-small tick=21 ns=174200
sparse-tick case=edges-small tick=22 ns=173200
sparse-tick case=edges-small tick=23 ns=174200
sparse-tick case=edges-small tick=24 ns=174700
sparse-tick case=edges-small tick=25 ns=174600
sparse-tick case=edges-small tick=26 ns=175400
sparse-tick case=edges-small tick=27 ns=170800
sparse-tick case=edges-small tick=28 ns=171000
sparse-tick case=edges-small tick=29 ns=174600
sparse-tick case=edges-small tick=30 ns=170500
sparse-tick case=edges-small tick=31 ns=177700
sparse-tick case=edges-small tick=32 ns=174900
sparse-tick case=edges-small tick=33 ns=172100
sparse-tick case=edges-small tick=34 ns=174700
sparse-tick case=edges-small tick=35 ns=171200
sparse-tick case=edges-small tick=36 ns=175400
sparse-tick case=edges-small tick=37 ns=181700
sparse-tick case=edges-small tick=38 ns=214200
sparse-tick case=edges-small tick=39 ns=173200
sparse-tick case=edges-small tick=40 ns=175200
sparse-tick case=edges-small tick=41 ns=174100
sparse-tick case=edges-small tick=42 ns=172500
sparse-tick case=edges-small tick=43 ns=174900
sparse-tick case=edges-small tick=44 ns=198400
sparse-tick case=edges-small tick=45 ns=169700
sparse-tick case=edges-small tick=46 ns=174900
sparse-tick case=edges-small tick=47 ns=175200
sparse-tick case=edges-small tick=48 ns=172500
sparse-tick case=edges-small tick=49 ns=192700
sparse-tick case=edges-small tick=50 ns=175100
sparse-tick case=edges-small tick=51 ns=184600
sparse-tick case=edges-small tick=52 ns=174300
sparse-tick case=edges-small tick=53 ns=181700
sparse-tick case=edges-small tick=54 ns=178300
sparse-tick case=edges-small tick=55 ns=177200
sparse-tick case=edges-small tick=56 ns=181100
sparse-tick case=edges-small tick=57 ns=180900
sparse-tick case=edges-small tick=58 ns=180400
sparse-tick case=edges-small tick=59 ns=176100
sparse-tick case=edges-small tick=60 ns=183000
sparse-tick case=edges-small tick=61 ns=224400
sparse-tick case=edges-small tick=62 ns=173300
sparse-tick case=edges-small tick=63 ns=180600
sparse-tick case=edges-small tick=64 ns=183200
sparse-tick case=edges-small tick=65 ns=182400
sparse-tick case=edges-small tick=66 ns=184000
sparse-tick case=edges-small tick=67 ns=182000
sparse-tick case=edges-small tick=68 ns=190200
sparse-tick case=edges-small tick=69 ns=199100
sparse-tick case=edges-small tick=70 ns=184400
sparse-tick case=edges-small tick=71 ns=208700
sparse-tick case=edges-small tick=72 ns=188700
sparse-tick case=edges-small tick=73 ns=185200
sparse-tick case=edges-small tick=74 ns=184900
sparse-tick case=edges-small tick=75 ns=178900
sparse-tick case=edges-small tick=76 ns=179000
sparse-tick case=edges-small tick=77 ns=179200
sparse-tick case=edges-small tick=78 ns=180900
sparse-tick case=edges-small tick=79 ns=201800
sparse-tick case=edges-small tick=80 ns=221400
sparse-tick case=edges-small tick=81 ns=172200
sparse-tick case=edges-small tick=82 ns=176600
sparse-tick case=edges-small tick=83 ns=223300
sparse-tick case=edges-small tick=84 ns=172800
sparse-tick case=edges-small tick=85 ns=176400
sparse-tick case=edges-small tick=86 ns=175300
sparse-tick case=edges-small tick=87 ns=175100
sparse-tick case=edges-small tick=88 ns=173500
sparse-tick case=edges-small tick=89 ns=228200
sparse-tick case=edges-small tick=90 ns=191400
sparse-tick case=edges-small tick=91 ns=168800
sparse-tick case=edges-small tick=92 ns=174200
sparse-tick case=edges-small tick=93 ns=180100
sparse-tick case=edges-small tick=94 ns=174300
sparse-tick case=edges-small tick=95 ns=174400
sparse-tick case=edges-small tick=96 ns=174900
sparse-tick case=edges-small tick=97 ns=175000
sparse-tick case=edges-small tick=98 ns=178000
sparse-tick case=edges-small tick=99 ns=175500
sparse-tick case=edges-small tick=100 ns=175400
sparse-tick case=edges-small tick=101 ns=175600
sparse-tick case=edges-small tick=102 ns=174700
sparse-tick case=edges-small tick=103 ns=174700
sparse-tick case=edges-small tick=104 ns=175200
sparse-tick case=edges-small tick=105 ns=174800
sparse-tick case=edges-small tick=106 ns=225100
sparse-tick case=edges-small tick=107 ns=184100
sparse-tick case=edges-small tick=108 ns=174900
sparse-tick case=edges-small tick=109 ns=171600
sparse-tick case=edges-small tick=110 ns=174600
sparse-tick case=edges-small tick=111 ns=174400
sparse-tick case=edges-small tick=112 ns=171200
sparse-tick case=edges-small tick=113 ns=174900
sparse-tick case=edges-small tick=114 ns=174300
sparse-tick case=edges-small tick=115 ns=179700
sparse-tick case=edges-small tick=116 ns=194200
sparse-tick case=edges-small tick=117 ns=177900
sparse-tick case=edges-small tick=118 ns=170900
sparse-tick case=edges-small tick=119 ns=175000
sparse-tick case=edges-small tick=120 ns=175500
sparse-tick case=edges-small tick=121 ns=175200
sparse-tick case=edges-small tick=122 ns=175200
sparse-tick case=edges-small tick=123 ns=175000
sparse-tick case=edges-small tick=124 ns=173500
sparse-tick case=edges-small tick=125 ns=175100
sparse-tick case=edges-small tick=126 ns=174700
sparse-tick case=edges-small tick=127 ns=178000
sparse-end case=edges-small active=1000 live=1000 high_water=1000 capacity=10000 edges=16 warm=40 steps=128 digest=698afa3d13b1cdd81ae0756f55891a48fedd80fcf75d2aafda91d89884f98110 input=Sha256Digest(861f58f9edd0ab286fc5657d3863ac6eb8068c52002c57a24b32ff3f28697fa7)
ok

test result: ok. 1 passed; 0 failed; 0 ignored; 0 measured; 1 filtered out; finished in 0.04s

