
running 1 test
test sparse_cost_wall ... 
sparse-tick case=compact tick=0 ns=178700
sparse-tick case=compact tick=1 ns=171800
sparse-tick case=compact tick=2 ns=170800
sparse-tick case=compact tick=3 ns=177800
sparse-tick case=compact tick=4 ns=175200
sparse-tick case=compact tick=5 ns=180700
sparse-tick case=compact tick=6 ns=169600
sparse-tick case=compact tick=7 ns=176000
sparse-tick case=compact tick=8 ns=178600
sparse-tick case=compact tick=9 ns=175800
sparse-tick case=compact tick=10 ns=176300
sparse-tick case=compact tick=11 ns=282500
sparse-tick case=compact tick=12 ns=173200
sparse-tick case=compact tick=13 ns=181400
sparse-tick case=compact tick=14 ns=170500
sparse-tick case=compact tick=15 ns=176500
sparse-tick case=compact tick=16 ns=178700
sparse-tick case=compact tick=17 ns=177700
sparse-tick case=compact tick=18 ns=173400
sparse-tick case=compact tick=19 ns=179500
sparse-tick case=compact tick=20 ns=177000
sparse-tick case=compact tick=21 ns=177200
sparse-tick case=compact tick=22 ns=180000
sparse-tick case=compact tick=23 ns=177300
sparse-tick case=compact tick=24 ns=177300
sparse-tick case=compact tick=25 ns=179800
sparse-tick case=compact tick=26 ns=177400
sparse-tick case=compact tick=27 ns=184800
sparse-tick case=compact tick=28 ns=172600
sparse-tick case=compact tick=29 ns=177700
sparse-tick case=compact tick=30 ns=180300
sparse-tick case=compact tick=31 ns=177300
sparse-tick case=compact tick=32 ns=175300
sparse-tick case=compact tick=33 ns=178100
sparse-tick case=compact tick=34 ns=168900
sparse-tick case=compact tick=35 ns=175200
sparse-tick case=compact tick=36 ns=178000
sparse-tick case=compact tick=37 ns=174700
sparse-tick case=compact tick=38 ns=175400
sparse-tick case=compact tick=39 ns=174400
sparse-tick case=compact tick=40 ns=175300
sparse-tick case=compact tick=41 ns=175200
sparse-tick case=compact tick=42 ns=177600
sparse-tick case=compact tick=43 ns=173400
sparse-tick case=compact tick=44 ns=177100
sparse-tick case=compact tick=45 ns=169700
sparse-tick case=compact tick=46 ns=178900
sparse-tick case=compact tick=47 ns=174600
sparse-tick case=compact tick=48 ns=168800
sparse-tick case=compact tick=49 ns=174800
sparse-tick case=compact tick=50 ns=179000
sparse-tick case=compact tick=51 ns=175100
sparse-tick case=compact tick=52 ns=170300
sparse-tick case=compact tick=53 ns=177600
sparse-tick case=compact tick=54 ns=174600
sparse-tick case=compact tick=55 ns=172600
sparse-tick case=compact tick=56 ns=179900
sparse-tick case=compact tick=57 ns=168800
sparse-tick case=compact tick=58 ns=174800
sparse-tick case=compact tick=59 ns=177400
sparse-tick case=compact tick=60 ns=174800
sparse-tick case=compact tick=61 ns=175100
sparse-tick case=compact tick=62 ns=177600
sparse-tick case=compact tick=63 ns=172600
sparse-tick case=compact tick=64 ns=174300
sparse-tick case=compact tick=65 ns=172400
sparse-tick case=compact tick=66 ns=174500
sparse-tick case=compact tick=67 ns=176200
sparse-tick case=compact tick=68 ns=174500
sparse-tick case=compact tick=69 ns=174900
sparse-tick case=compact tick=70 ns=176500
sparse-tick case=compact tick=71 ns=168900
sparse-tick case=compact tick=72 ns=175000
sparse-tick case=compact tick=73 ns=177100
sparse-tick case=compact tick=74 ns=173000
sparse-tick case=compact tick=75 ns=174100
sparse-tick case=compact tick=76 ns=204000
sparse-tick case=compact tick=77 ns=175100
sparse-tick case=compact tick=78 ns=174100
sparse-tick case=compact tick=79 ns=177900
sparse-tick case=compact tick=80 ns=174600
sparse-tick case=compact tick=81 ns=169700
sparse-tick case=compact tick=82 ns=176900
sparse-tick case=compact tick=83 ns=174900
sparse-tick case=compact tick=84 ns=181600
sparse-tick case=compact tick=85 ns=172100
sparse-tick case=compact tick=86 ns=176500
sparse-tick case=compact tick=87 ns=178000
sparse-tick case=compact tick=88 ns=175800
sparse-tick case=compact tick=89 ns=175700
sparse-tick case=compact tick=90 ns=178800
sparse-tick case=compact tick=91 ns=172700
sparse-tick case=compact tick=92 ns=175600
sparse-tick case=compact tick=93 ns=180800
sparse-tick case=compact tick=94 ns=170100
sparse-tick case=compact tick=95 ns=173700
sparse-tick case=compact tick=96 ns=179700
sparse-tick case=compact tick=97 ns=170800
sparse-tick case=compact tick=98 ns=174800
sparse-tick case=compact tick=99 ns=297000
sparse-tick case=compact tick=100 ns=187200
sparse-tick case=compact tick=101 ns=186000
sparse-tick case=compact tick=102 ns=191600
sparse-tick case=compact tick=103 ns=184900
sparse-tick case=compact tick=104 ns=271200
sparse-tick case=compact tick=105 ns=175700
sparse-tick case=compact tick=106 ns=176600
sparse-tick case=compact tick=107 ns=181800
sparse-tick case=compact tick=108 ns=173500
sparse-tick case=compact tick=109 ns=175800
sparse-tick case=compact tick=110 ns=175800
sparse-tick case=compact tick=111 ns=176700
sparse-tick case=compact tick=112 ns=175700
sparse-tick case=compact tick=113 ns=172800
sparse-tick case=compact tick=114 ns=173900
sparse-tick case=compact tick=115 ns=176200
sparse-tick case=compact tick=116 ns=175600
sparse-tick case=compact tick=117 ns=180700
sparse-tick case=compact tick=118 ns=170100
sparse-tick case=compact tick=119 ns=175300
sparse-tick case=compact tick=120 ns=175600
sparse-tick case=compact tick=121 ns=174200
sparse-tick case=compact tick=122 ns=176200
sparse-tick case=compact tick=123 ns=175600
sparse-tick case=compact tick=124 ns=176200
sparse-tick case=compact tick=125 ns=178300
sparse-tick case=compact tick=126 ns=176800
sparse-tick case=compact tick=127 ns=179700
sparse-end case=compact active=1000 live=1000 high_water=1000 capacity=10000 edges=256 warm=40 steps=128 digest=22e36f386f535893101f373a7eeb4c0ee9019078cc853350e59ca8fbe3e2dfd1 input=Sha256Digest(49f3ed00f20f2a716555fe923aeb6f4201702ebebbdc9f550e73765c498d46a4)
ok

test result: ok. 1 passed; 0 failed; 0 ignored; 0 measured; 1 filtered out; finished in 0.04s

