
running 1 test
test sparse_cost_wall ... 
sparse-tick case=active tick=0 ns=1695700
sparse-tick case=active tick=1 ns=1637900
sparse-tick case=active tick=2 ns=1640000
sparse-tick case=active tick=3 ns=1703900
sparse-tick case=active tick=4 ns=1633000
sparse-tick case=active tick=5 ns=1709900
sparse-tick case=active tick=6 ns=1636000
sparse-tick case=active tick=7 ns=1630900
sparse-tick case=active tick=8 ns=1713800
sparse-tick case=active tick=9 ns=1804100
sparse-tick case=active tick=10 ns=1846300
sparse-tick case=active tick=11 ns=1971900
sparse-tick case=active tick=12 ns=1769800
sparse-tick case=active tick=13 ns=1766000
sparse-tick case=active tick=14 ns=1722200
sparse-tick case=active tick=15 ns=2254000
sparse-tick case=active tick=16 ns=2132000
sparse-tick case=active tick=17 ns=1704300
sparse-tick case=active tick=18 ns=1687300
sparse-tick case=active tick=19 ns=1668900
sparse-tick case=active tick=20 ns=1645600
sparse-tick case=active tick=21 ns=1632800
sparse-tick case=active tick=22 ns=1641100
sparse-tick case=active tick=23 ns=1636000
sparse-tick case=active tick=24 ns=1637400
sparse-tick case=active tick=25 ns=1654300
sparse-tick case=active tick=26 ns=1638600
sparse-tick case=active tick=27 ns=1686400
sparse-tick case=active tick=28 ns=1642400
sparse-tick case=active tick=29 ns=1669000
sparse-tick case=active tick=30 ns=1660400
sparse-tick case=active tick=31 ns=1642200
sparse-tick case=active tick=32 ns=1771500
sparse-tick case=active tick=33 ns=1672800
sparse-tick case=active tick=34 ns=1640200
sparse-tick case=active tick=35 ns=1638000
sparse-tick case=active tick=36 ns=1700800
sparse-tick case=active tick=37 ns=1643400
sparse-tick case=active tick=38 ns=1794900
sparse-tick case=active tick=39 ns=1726800
sparse-tick case=active tick=40 ns=1638700
sparse-tick case=active tick=41 ns=1643500
sparse-tick case=active tick=42 ns=1716600
sparse-tick case=active tick=43 ns=1634200
sparse-tick case=active tick=44 ns=1727400
sparse-tick case=active tick=45 ns=1636300
sparse-tick case=active tick=46 ns=1636100
sparse-tick case=active tick=47 ns=1679300
sparse-tick case=active tick=48 ns=1690900
sparse-tick case=active tick=49 ns=1805500
sparse-tick case=active tick=50 ns=1674000
sparse-tick case=active tick=51 ns=1666900
sparse-tick case=active tick=52 ns=1685500
sparse-tick case=active tick=53 ns=1641100
sparse-tick case=active tick=54 ns=1746500
sparse-tick case=active tick=55 ns=1729100
sparse-tick case=active tick=56 ns=1698400
sparse-tick case=active tick=57 ns=1661000
sparse-tick case=active tick=58 ns=1630100
sparse-tick case=active tick=59 ns=1731800
sparse-tick case=active tick=60 ns=1630200
sparse-tick case=active tick=61 ns=1705300
sparse-tick case=active tick=62 ns=1635300
sparse-tick case=active tick=63 ns=1630900
sparse-tick case=active tick=64 ns=1712000
sparse-tick case=active tick=65 ns=1664200
sparse-tick case=active tick=66 ns=1715400
sparse-tick case=active tick=67 ns=1665800
sparse-tick case=active tick=68 ns=1651300
sparse-tick case=active tick=69 ns=1717900
sparse-tick case=active tick=70 ns=1710700
sparse-tick case=active tick=71 ns=1726600
sparse-tick case=active tick=72 ns=1786600
sparse-tick case=active tick=73 ns=1641600
sparse-tick case=active tick=74 ns=1721400
sparse-tick case=active tick=75 ns=1635800
sparse-tick case=active tick=76 ns=1758800
sparse-tick case=active tick=77 ns=1725500
sparse-tick case=active tick=78 ns=2474400
sparse-tick case=active tick=79 ns=1759200
sparse-tick case=active tick=80 ns=1972800
sparse-tick case=active tick=81 ns=1871900
sparse-tick case=active tick=82 ns=1693700
sparse-tick case=active tick=83 ns=1752900
sparse-tick case=active tick=84 ns=1692600
sparse-tick case=active tick=85 ns=1654700
sparse-tick case=active tick=86 ns=1754200
sparse-tick case=active tick=87 ns=1694400
sparse-tick case=active tick=88 ns=1753000
sparse-tick case=active tick=89 ns=1707800
sparse-tick case=active tick=90 ns=1772500
sparse-tick case=active tick=91 ns=1771900
sparse-tick case=active tick=92 ns=1707400
sparse-tick case=active tick=93 ns=1765400
sparse-tick case=active tick=94 ns=1639500
sparse-tick case=active tick=95 ns=1746800
sparse-tick case=active tick=96 ns=1679600
sparse-tick case=active tick=97 ns=1664100
sparse-tick case=active tick=98 ns=1638400
sparse-tick case=active tick=99 ns=1636700
sparse-tick case=active tick=100 ns=1658200
sparse-tick case=active tick=101 ns=1633100
sparse-tick case=active tick=102 ns=1738900
sparse-tick case=active tick=103 ns=1633100
sparse-tick case=active tick=104 ns=1672500
sparse-tick case=active tick=105 ns=1741600
sparse-tick case=active tick=106 ns=1666100
sparse-tick case=active tick=107 ns=1758800
sparse-tick case=active tick=108 ns=1665600
sparse-tick case=active tick=109 ns=1637500
sparse-tick case=active tick=110 ns=1769900
sparse-tick case=active tick=111 ns=1697100
sparse-tick case=active tick=112 ns=1711100
sparse-tick case=active tick=113 ns=1721800
sparse-tick case=active tick=114 ns=1630900
sparse-tick case=active tick=115 ns=1700900
sparse-tick case=active tick=116 ns=1660900
sparse-tick case=active tick=117 ns=1705000
sparse-tick case=active tick=118 ns=1639700
sparse-tick case=active tick=119 ns=1627300
sparse-tick case=active tick=120 ns=1681200
sparse-tick case=active tick=121 ns=1630100
sparse-tick case=active tick=122 ns=1702400
sparse-tick case=active tick=123 ns=1672300
sparse-tick case=active tick=124 ns=1631100
sparse-tick case=active tick=125 ns=1784400
sparse-tick case=active tick=126 ns=2006100
sparse-tick case=active tick=127 ns=1711600
sparse-end case=active active=10000 live=10000 high_water=10000 capacity=10000 edges=256 warm=40 steps=128 digest=9ed50a587d552a6a4fdf78daf7a0cd288cfde7d07ae6795fa636a1d15dde00a0 input=Sha256Digest(49f3ed00f20f2a716555fe923aeb6f4201702ebebbdc9f550e73765c498d46a4)
ok

test result: ok. 1 passed; 0 failed; 0 ignored; 0 measured; 1 filtered out; finished in 0.33s

