
running 1 test
test sparse_cost_wall ... 
sparse-tick case=active tick=0 ns=1644000
sparse-tick case=active tick=1 ns=1646700
sparse-tick case=active tick=2 ns=1652200
sparse-tick case=active tick=3 ns=1719500
sparse-tick case=active tick=4 ns=1656700
sparse-tick case=active tick=5 ns=1652000
sparse-tick case=active tick=6 ns=1644300
sparse-tick case=active tick=7 ns=1645400
sparse-tick case=active tick=8 ns=1646100
sparse-tick case=active tick=9 ns=1643300
sparse-tick case=active tick=10 ns=1654600
sparse-tick case=active tick=11 ns=1674700
sparse-tick case=active tick=12 ns=1712200
sparse-tick case=active tick=13 ns=1642500
sparse-tick case=active tick=14 ns=1654000
sparse-tick case=active tick=15 ns=1651300
sparse-tick case=active tick=16 ns=1707200
sparse-tick case=active tick=17 ns=1649200
sparse-tick case=active tick=18 ns=1663700
sparse-tick case=active tick=19 ns=1664100
sparse-tick case=active tick=20 ns=1661700
sparse-tick case=active tick=21 ns=1674500
sparse-tick case=active tick=22 ns=1681400
sparse-tick case=active tick=23 ns=1680200
sparse-tick case=active tick=24 ns=1674400
sparse-tick case=active tick=25 ns=1661500
sparse-tick case=active tick=26 ns=1669600
sparse-tick case=active tick=27 ns=1678400
sparse-tick case=active tick=28 ns=1668600
sparse-tick case=active tick=29 ns=1665500
sparse-tick case=active tick=30 ns=1682400
sparse-tick case=active tick=31 ns=1730100
sparse-tick case=active tick=32 ns=1692300
sparse-tick case=active tick=33 ns=1674200
sparse-tick case=active tick=34 ns=1687900
sparse-tick case=active tick=35 ns=1667200
sparse-tick case=active tick=36 ns=1666700
sparse-tick case=active tick=37 ns=1670900
sparse-tick case=active tick=38 ns=1708100
sparse-tick case=active tick=39 ns=1673700
sparse-tick case=active tick=40 ns=1713500
sparse-tick case=active tick=41 ns=1681800
sparse-tick case=active tick=42 ns=1683700
sparse-tick case=active tick=43 ns=1687500
sparse-tick case=active tick=44 ns=1673800
sparse-tick case=active tick=45 ns=1674200
sparse-tick case=active tick=46 ns=1673700
sparse-tick case=active tick=47 ns=1679100
sparse-tick case=active tick=48 ns=1674500
sparse-tick case=active tick=49 ns=1688100
sparse-tick case=active tick=50 ns=1683300
sparse-tick case=active tick=51 ns=1663300
sparse-tick case=active tick=52 ns=1797400
sparse-tick case=active tick=53 ns=1676700
sparse-tick case=active tick=54 ns=1678100
sparse-tick case=active tick=55 ns=1674400
sparse-tick case=active tick=56 ns=1677900
sparse-tick case=active tick=57 ns=1689700
sparse-tick case=active tick=58 ns=1684900
sparse-tick case=active tick=59 ns=1778400
sparse-tick case=active tick=60 ns=1717600
sparse-tick case=active tick=61 ns=1678000
sparse-tick case=active tick=62 ns=1677400
sparse-tick case=active tick=63 ns=1696800
sparse-tick case=active tick=64 ns=2232200
sparse-tick case=active tick=65 ns=1662300
sparse-tick case=active tick=66 ns=1920700
sparse-tick case=active tick=67 ns=1781800
sparse-tick case=active tick=68 ns=1930400
sparse-tick case=active tick=69 ns=1935600
sparse-tick case=active tick=70 ns=2295200
sparse-tick case=active tick=71 ns=1645400
sparse-tick case=active tick=72 ns=1640800
sparse-tick case=active tick=73 ns=1947600
sparse-tick case=active tick=74 ns=1639500
sparse-tick case=active tick=75 ns=1970500
sparse-tick case=active tick=76 ns=2102400
sparse-tick case=active tick=77 ns=2635800
sparse-tick case=active tick=78 ns=1637800
sparse-tick case=active tick=79 ns=1914000
sparse-tick case=active tick=80 ns=1645800
sparse-tick case=active tick=81 ns=1954300
sparse-tick case=active tick=82 ns=1916800
sparse-tick case=active tick=83 ns=1696500
sparse-tick case=active tick=84 ns=1927400
sparse-tick case=active tick=85 ns=1780300
sparse-tick case=active tick=86 ns=1912000
sparse-tick case=active tick=87 ns=1631900
sparse-tick case=active tick=88 ns=1898400
sparse-tick case=active tick=89 ns=1987200
sparse-tick case=active tick=90 ns=1911400
sparse-tick case=active tick=91 ns=1635700
sparse-tick case=active tick=92 ns=1647200
sparse-tick case=active tick=93 ns=1978600
sparse-tick case=active tick=94 ns=1997100
sparse-tick case=active tick=95 ns=2173900
sparse-tick case=active tick=96 ns=1636000
sparse-tick case=active tick=97 ns=1917900
sparse-tick case=active tick=98 ns=1707100
sparse-tick case=active tick=99 ns=1988000
sparse-tick case=active tick=100 ns=1955700
sparse-tick case=active tick=101 ns=1662000
sparse-tick case=active tick=102 ns=1938700
sparse-tick case=active tick=103 ns=1692000
sparse-tick case=active tick=104 ns=2204800
sparse-tick case=active tick=105 ns=1683500
sparse-tick case=active tick=106 ns=1917800
sparse-tick case=active tick=107 ns=1647600
sparse-tick case=active tick=108 ns=2070500
sparse-tick case=active tick=109 ns=1737800
sparse-tick case=active tick=110 ns=1641200
sparse-tick case=active tick=111 ns=1706900
sparse-tick case=active tick=112 ns=1796200
sparse-tick case=active tick=113 ns=1970100
sparse-tick case=active tick=114 ns=1702700
sparse-tick case=active tick=115 ns=1714100
sparse-tick case=active tick=116 ns=1644700
sparse-tick case=active tick=117 ns=2520900
sparse-tick case=active tick=118 ns=1954200
sparse-tick case=active tick=119 ns=1701100
sparse-tick case=active tick=120 ns=1926800
sparse-tick case=active tick=121 ns=2153100
sparse-tick case=active tick=122 ns=2281900
sparse-tick case=active tick=123 ns=1642200
sparse-tick case=active tick=124 ns=2075400
sparse-tick case=active tick=125 ns=1757400
sparse-tick case=active tick=126 ns=2026300
sparse-tick case=active tick=127 ns=1778200
sparse-end case=active active=10000 live=10000 high_water=10000 capacity=10000 edges=256 warm=40 steps=128 digest=9ed50a587d552a6a4fdf78daf7a0cd288cfde7d07ae6795fa636a1d15dde00a0 input=Sha256Digest(49f3ed00f20f2a716555fe923aeb6f4201702ebebbdc9f550e73765c498d46a4)
ok

test result: ok. 1 passed; 0 failed; 0 ignored; 0 measured; 1 filtered out; finished in 0.34s

