
running 1 test
test sparse_cost_wall ... 
sparse-tick case=vacant tick=0 ns=182800
sparse-tick case=vacant tick=1 ns=187900
sparse-tick case=vacant tick=2 ns=190700
sparse-tick case=vacant tick=3 ns=188500
sparse-tick case=vacant tick=4 ns=188400
sparse-tick case=vacant tick=5 ns=188600
sparse-tick case=vacant tick=6 ns=192700
sparse-tick case=vacant tick=7 ns=216500
sparse-tick case=vacant tick=8 ns=184500
sparse-tick case=vacant tick=9 ns=183000
sparse-tick case=vacant tick=10 ns=183100
sparse-tick case=vacant tick=11 ns=195200
sparse-tick case=vacant tick=12 ns=189500
sparse-tick case=vacant tick=13 ns=190300
sparse-tick case=vacant tick=14 ns=189300
sparse-tick case=vacant tick=15 ns=189100
sparse-tick case=vacant tick=16 ns=188900
sparse-tick case=vacant tick=17 ns=199200
sparse-tick case=vacant tick=18 ns=182600
sparse-tick case=vacant tick=19 ns=189600
sparse-tick case=vacant tick=20 ns=191500
sparse-tick case=vacant tick=21 ns=187700
sparse-tick case=vacant tick=22 ns=187300
sparse-tick case=vacant tick=23 ns=187300
sparse-tick case=vacant tick=24 ns=188000
sparse-tick case=vacant tick=25 ns=193000
sparse-tick case=vacant tick=26 ns=187200
sparse-tick case=vacant tick=27 ns=187200
sparse-tick case=vacant tick=28 ns=187800
sparse-tick case=vacant tick=29 ns=191000
sparse-tick case=vacant tick=30 ns=187400
sparse-tick case=vacant tick=31 ns=188400
sparse-tick case=vacant tick=32 ns=181100
sparse-tick case=vacant tick=33 ns=188000
sparse-tick case=vacant tick=34 ns=187400
sparse-tick case=vacant tick=35 ns=188000
sparse-tick case=vacant tick=36 ns=188400
sparse-tick case=vacant tick=37 ns=188600
sparse-tick case=vacant tick=38 ns=188100
sparse-tick case=vacant tick=39 ns=191700
sparse-tick case=vacant tick=40 ns=188800
sparse-tick case=vacant tick=41 ns=188400
sparse-tick case=vacant tick=42 ns=189100
sparse-tick case=vacant tick=43 ns=188400
sparse-tick case=vacant tick=44 ns=188100
sparse-tick case=vacant tick=45 ns=188300
sparse-tick case=vacant tick=46 ns=187800
sparse-tick case=vacant tick=47 ns=186800
sparse-tick case=vacant tick=48 ns=190000
sparse-tick case=vacant tick=49 ns=186800
sparse-tick case=vacant tick=50 ns=187000
sparse-tick case=vacant tick=51 ns=186300
sparse-tick case=vacant tick=52 ns=187900
sparse-tick case=vacant tick=53 ns=187600
sparse-tick case=vacant tick=54 ns=187200
sparse-tick case=vacant tick=55 ns=188600
sparse-tick case=vacant tick=56 ns=189900
sparse-tick case=vacant tick=57 ns=191000
sparse-tick case=vacant tick=58 ns=186900
sparse-tick case=vacant tick=59 ns=187400
sparse-tick case=vacant tick=60 ns=192000
sparse-tick case=vacant tick=61 ns=186000
sparse-tick case=vacant tick=62 ns=187600
sparse-tick case=vacant tick=63 ns=187200
sparse-tick case=vacant tick=64 ns=186800
sparse-tick case=vacant tick=65 ns=186700
sparse-tick case=vacant tick=66 ns=190300
sparse-tick case=vacant tick=67 ns=181100
sparse-tick case=vacant tick=68 ns=185900
sparse-tick case=vacant tick=69 ns=185400
sparse-tick case=vacant tick=70 ns=185300
sparse-tick case=vacant tick=71 ns=185700
sparse-tick case=vacant tick=72 ns=187000
sparse-tick case=vacant tick=73 ns=187900
sparse-tick case=vacant tick=74 ns=187900
sparse-tick case=vacant tick=75 ns=187500
sparse-tick case=vacant tick=76 ns=190300
sparse-tick case=vacant tick=77 ns=187500
sparse-tick case=vacant tick=78 ns=186500
sparse-tick case=vacant tick=79 ns=187500
sparse-tick case=vacant tick=80 ns=188000
sparse-tick case=vacant tick=81 ns=187700
sparse-tick case=vacant tick=82 ns=189500
sparse-tick case=vacant tick=83 ns=187800
sparse-tick case=vacant tick=84 ns=187300
sparse-tick case=vacant tick=85 ns=188800
sparse-tick case=vacant tick=86 ns=181700
sparse-tick case=vacant tick=87 ns=188500
sparse-tick case=vacant tick=88 ns=198500
sparse-tick case=vacant tick=89 ns=187900
sparse-tick case=vacant tick=90 ns=186600
sparse-tick case=vacant tick=91 ns=186400
sparse-tick case=vacant tick=92 ns=185700
sparse-tick case=vacant tick=93 ns=186200
sparse-tick case=vacant tick=94 ns=188800
sparse-tick case=vacant tick=95 ns=186200
sparse-tick case=vacant tick=96 ns=186400
sparse-tick case=vacant tick=97 ns=181100
sparse-tick case=vacant tick=98 ns=186800
sparse-tick case=vacant tick=99 ns=179500
sparse-tick case=vacant tick=100 ns=185200
sparse-tick case=vacant tick=101 ns=185300
sparse-tick case=vacant tick=102 ns=189300
sparse-tick case=vacant tick=103 ns=185000
sparse-tick case=vacant tick=104 ns=187900
sparse-tick case=vacant tick=105 ns=186000
sparse-tick case=vacant tick=106 ns=185000
sparse-tick case=vacant tick=107 ns=184900
sparse-tick case=vacant tick=108 ns=185300
sparse-tick case=vacant tick=109 ns=185300
sparse-tick case=vacant tick=110 ns=185100
sparse-tick case=vacant tick=111 ns=185900
sparse-tick case=vacant tick=112 ns=187300
sparse-tick case=vacant tick=113 ns=188600
sparse-tick case=vacant tick=114 ns=185300
sparse-tick case=vacant tick=115 ns=186300
sparse-tick case=vacant tick=116 ns=185800
sparse-tick case=vacant tick=117 ns=186100
sparse-tick case=vacant tick=118 ns=186000
sparse-tick case=vacant tick=119 ns=186100
sparse-tick case=vacant tick=120 ns=186300
sparse-tick case=vacant tick=121 ns=186200
sparse-tick case=vacant tick=122 ns=182500
sparse-tick case=vacant tick=123 ns=187200
sparse-tick case=vacant tick=124 ns=186000
sparse-tick case=vacant tick=125 ns=187500
sparse-tick case=vacant tick=126 ns=185900
sparse-tick case=vacant tick=127 ns=184300
sparse-end case=vacant active=1000 live=1000 high_water=10000 capacity=10000 edges=256 warm=40 steps=128 digest=aff44b9e456eac14b72430990a3fa759d2b47a212cfb7b5539a162be94f5cd4b input=Sha256Digest(49f3ed00f20f2a716555fe923aeb6f4201702ebebbdc9f550e73765c498d46a4)
ok

test result: ok. 1 passed; 0 failed; 0 ignored; 0 measured; 1 filtered out; finished in 0.45s

