
running 1 test
test sparse_cost_wall ... 
sparse-tick case=edges-small tick=0 ns=183600
sparse-tick case=edges-small tick=1 ns=170100
sparse-tick case=edges-small tick=2 ns=176100
sparse-tick case=edges-small tick=3 ns=180400
sparse-tick case=edges-small tick=4 ns=203900
sparse-tick case=edges-small tick=5 ns=228800
sparse-tick case=edges-small tick=6 ns=172400
sparse-tick case=edges-small tick=7 ns=176200
sparse-tick case=edges-small tick=8 ns=176100
sparse-tick case=edges-small tick=9 ns=176200
sparse-tick case=edges-small tick=10 ns=175100
sparse-tick case=edges-small tick=11 ns=175400
sparse-tick case=edges-small tick=12 ns=177900
sparse-tick case=edges-small tick=13 ns=175100
sparse-tick case=edges-small tick=14 ns=175300
sparse-tick case=edges-small tick=15 ns=176000
sparse-tick case=edges-small tick=16 ns=175700
sparse-tick case=edges-small tick=17 ns=176100
sparse-tick case=edges-small tick=18 ns=175700
sparse-tick case=edges-small tick=19 ns=175100
sparse-tick case=edges-small tick=20 ns=176000
sparse-tick case=edges-small tick=21 ns=182000
sparse-tick case=edges-small tick=22 ns=203700
sparse-tick case=edges-small tick=23 ns=175800
sparse-tick case=edges-small tick=24 ns=175800
sparse-tick case=edges-small tick=25 ns=175900
sparse-tick case=edges-small tick=26 ns=177700
sparse-tick case=edges-small tick=27 ns=214200
sparse-tick case=edges-small tick=28 ns=211200
sparse-tick case=edges-small tick=29 ns=215000
sparse-tick case=edges-small tick=30 ns=176300
sparse-tick case=edges-small tick=31 ns=180900
sparse-tick case=edges-small tick=32 ns=176000
sparse-tick case=edges-small tick=33 ns=176000
sparse-tick case=edges-small tick=34 ns=175900
sparse-tick case=edges-small tick=35 ns=176800
sparse-tick case=edges-small tick=36 ns=176500
sparse-tick case=edges-small tick=37 ns=176400
sparse-tick case=edges-small tick=38 ns=176400
sparse-tick case=edges-small tick=39 ns=176600
sparse-tick case=edges-small tick=40 ns=176000
sparse-tick case=edges-small tick=41 ns=180000
sparse-tick case=edges-small tick=42 ns=176300
sparse-tick case=edges-small tick=43 ns=176700
sparse-tick case=edges-small tick=44 ns=199200
sparse-tick case=edges-small tick=45 ns=188300
sparse-tick case=edges-small tick=46 ns=176900
sparse-tick case=edges-small tick=47 ns=196700
sparse-tick case=edges-small tick=48 ns=227700
sparse-tick case=edges-small tick=49 ns=187000
sparse-tick case=edges-small tick=50 ns=180600
sparse-tick case=edges-small tick=51 ns=177400
sparse-tick case=edges-small tick=52 ns=177700
sparse-tick case=edges-small tick=53 ns=180100
sparse-tick case=edges-small tick=54 ns=196300
sparse-tick case=edges-small tick=55 ns=180400
sparse-tick case=edges-small tick=56 ns=180400
sparse-tick case=edges-small tick=57 ns=180500
sparse-tick case=edges-small tick=58 ns=181000
sparse-tick case=edges-small tick=59 ns=181200
sparse-tick case=edges-small tick=60 ns=184900
sparse-tick case=edges-small tick=61 ns=180500
sparse-tick case=edges-small tick=62 ns=180800
sparse-tick case=edges-small tick=63 ns=180600
sparse-tick case=edges-small tick=64 ns=191000
sparse-tick case=edges-small tick=65 ns=175600
sparse-tick case=edges-small tick=66 ns=178700
sparse-tick case=edges-small tick=67 ns=227300
sparse-tick case=edges-small tick=68 ns=178600
sparse-tick case=edges-small tick=69 ns=183200
sparse-tick case=edges-small tick=70 ns=229200
sparse-tick case=edges-small tick=71 ns=208200
sparse-tick case=edges-small tick=72 ns=177100
sparse-tick case=edges-small tick=73 ns=177200
sparse-tick case=edges-small tick=74 ns=176900
sparse-tick case=edges-small tick=75 ns=176200
sparse-tick case=edges-small tick=76 ns=176700
sparse-tick case=edges-small tick=77 ns=176700
sparse-tick case=edges-small tick=78 ns=176700
sparse-tick case=edges-small tick=79 ns=178900
sparse-tick case=edges-small tick=80 ns=183100
sparse-tick case=edges-small tick=81 ns=177400
sparse-tick case=edges-small tick=82 ns=177400
sparse-tick case=edges-small tick=83 ns=176800
sparse-tick case=edges-small tick=84 ns=177200
sparse-tick case=edges-small tick=85 ns=178500
sparse-tick case=edges-small tick=86 ns=179000
sparse-tick case=edges-small tick=87 ns=178100
sparse-tick case=edges-small tick=88 ns=181200
sparse-tick case=edges-small tick=89 ns=193900
sparse-tick case=edges-small tick=90 ns=196100
sparse-tick case=edges-small tick=91 ns=180500
sparse-tick case=edges-small tick=92 ns=180100
sparse-tick case=edges-small tick=93 ns=213500
sparse-tick case=edges-small tick=94 ns=219900
sparse-tick case=edges-small tick=95 ns=180400
sparse-tick case=edges-small tick=96 ns=181200
sparse-tick case=edges-small tick=97 ns=184200
sparse-tick case=edges-small tick=98 ns=180800
sparse-tick case=edges-small tick=99 ns=181200
sparse-tick case=edges-small tick=100 ns=181600
sparse-tick case=edges-small tick=101 ns=181300
sparse-tick case=edges-small tick=102 ns=182500
sparse-tick case=edges-small tick=103 ns=183100
sparse-tick case=edges-small tick=104 ns=182100
sparse-tick case=edges-small tick=105 ns=181700
sparse-tick case=edges-small tick=106 ns=182000
sparse-tick case=edges-small tick=107 ns=186000
sparse-tick case=edges-small tick=108 ns=183100
sparse-tick case=edges-small tick=109 ns=182600
sparse-tick case=edges-small tick=110 ns=182300
sparse-tick case=edges-small tick=111 ns=182800
sparse-tick case=edges-small tick=112 ns=231800
sparse-tick case=edges-small tick=113 ns=182300
sparse-tick case=edges-small tick=114 ns=190200
sparse-tick case=edges-small tick=115 ns=234500
sparse-tick case=edges-small tick=116 ns=191400
sparse-tick case=edges-small tick=117 ns=181700
sparse-tick case=edges-small tick=118 ns=181700
sparse-tick case=edges-small tick=119 ns=181100
sparse-tick case=edges-small tick=120 ns=181200
sparse-tick case=edges-small tick=121 ns=181400
sparse-tick case=edges-small tick=122 ns=181200
sparse-tick case=edges-small tick=123 ns=180300
sparse-tick case=edges-small tick=124 ns=177600
sparse-tick case=edges-small tick=125 ns=195800
sparse-tick case=edges-small tick=126 ns=178100
sparse-tick case=edges-small tick=127 ns=177800
sparse-end case=edges-small active=1000 live=1000 high_water=1000 capacity=10000 edges=16 warm=40 steps=128 digest=698afa3d13b1cdd81ae0756f55891a48fedd80fcf75d2aafda91d89884f98110 input=Sha256Digest(861f58f9edd0ab286fc5657d3863ac6eb8068c52002c57a24b32ff3f28697fa7)
ok

test result: ok. 1 passed; 0 failed; 0 ignored; 0 measured; 1 filtered out; finished in 0.05s

