
running 1 test
test sparse_cost_wall ... 
sparse-tick case=parked tick=0 ns=260900
sparse-tick case=parked tick=1 ns=263900
sparse-tick case=parked tick=2 ns=263700
sparse-tick case=parked tick=3 ns=292700
sparse-tick case=parked tick=4 ns=324800
sparse-tick case=parked tick=5 ns=261300
sparse-tick case=parked tick=6 ns=272300
sparse-tick case=parked tick=7 ns=258600
sparse-tick case=parked tick=8 ns=262300
sparse-tick case=parked tick=9 ns=270800
sparse-tick case=parked tick=10 ns=258600
sparse-tick case=parked tick=11 ns=255300
sparse-tick case=parked tick=12 ns=262700
sparse-tick case=parked tick=13 ns=259800
sparse-tick case=parked tick=14 ns=259400
sparse-tick case=parked tick=15 ns=256700
sparse-tick case=parked tick=16 ns=264200
sparse-tick case=parked tick=17 ns=266400
sparse-tick case=parked tick=18 ns=254800
sparse-tick case=parked tick=19 ns=311300
sparse-tick case=parked tick=20 ns=255500
sparse-tick case=parked tick=21 ns=276500
sparse-tick case=parked tick=22 ns=269600
sparse-tick case=parked tick=23 ns=261700
sparse-tick case=parked tick=24 ns=265700
sparse-tick case=parked tick=25 ns=272500
sparse-tick case=parked tick=26 ns=270100
sparse-tick case=parked tick=27 ns=263200
sparse-tick case=parked tick=28 ns=264500
sparse-tick case=parked tick=29 ns=261600
sparse-tick case=parked tick=30 ns=266900
sparse-tick case=parked tick=31 ns=268300
sparse-tick case=parked tick=32 ns=262800
sparse-tick case=parked tick=33 ns=264200
sparse-tick case=parked tick=34 ns=263800
sparse-tick case=parked tick=35 ns=263600
sparse-tick case=parked tick=36 ns=266100
sparse-tick case=parked tick=37 ns=255700
sparse-tick case=parked tick=38 ns=254700
sparse-tick case=parked tick=39 ns=259000
sparse-tick case=parked tick=40 ns=265700
sparse-tick case=parked tick=41 ns=266000
sparse-tick case=parked tick=42 ns=275600
sparse-tick case=parked tick=43 ns=262500
sparse-tick case=parked tick=44 ns=263300
sparse-tick case=parked tick=45 ns=279500
sparse-tick case=parked tick=46 ns=259000
sparse-tick case=parked tick=47 ns=263100
sparse-tick case=parked tick=48 ns=261800
sparse-tick case=parked tick=49 ns=261300
sparse-tick case=parked tick=50 ns=263300
sparse-tick case=parked tick=51 ns=268300
sparse-tick case=parked tick=52 ns=257400
sparse-tick case=parked tick=53 ns=271800
sparse-tick case=parked tick=54 ns=266300
sparse-tick case=parked tick=55 ns=263900
sparse-tick case=parked tick=56 ns=279200
sparse-tick case=parked tick=57 ns=273000
sparse-tick case=parked tick=58 ns=270000
sparse-tick case=parked tick=59 ns=262500
sparse-tick case=parked tick=60 ns=282400
sparse-tick case=parked tick=61 ns=268700
sparse-tick case=parked tick=62 ns=303200
sparse-tick case=parked tick=63 ns=362200
sparse-tick case=parked tick=64 ns=259800
sparse-tick case=parked tick=65 ns=265300
sparse-tick case=parked tick=66 ns=255700
sparse-tick case=parked tick=67 ns=260900
sparse-tick case=parked tick=68 ns=262200
sparse-tick case=parked tick=69 ns=266400
sparse-tick case=parked tick=70 ns=257100
sparse-tick case=parked tick=71 ns=258400
sparse-tick case=parked tick=72 ns=257800
sparse-tick case=parked tick=73 ns=274400
sparse-tick case=parked tick=74 ns=254900
sparse-tick case=parked tick=75 ns=264800
sparse-tick case=parked tick=76 ns=274000
sparse-tick case=parked tick=77 ns=256500
sparse-tick case=parked tick=78 ns=259700
sparse-tick case=parked tick=79 ns=277100
sparse-tick case=parked tick=80 ns=263100
sparse-tick case=parked tick=81 ns=260100
sparse-tick case=parked tick=82 ns=265100
sparse-tick case=parked tick=83 ns=267300
sparse-tick case=parked tick=84 ns=266100
sparse-tick case=parked tick=85 ns=268900
sparse-tick case=parked tick=86 ns=259800
sparse-tick case=parked tick=87 ns=259400
sparse-tick case=parked tick=88 ns=258300
sparse-tick case=parked tick=89 ns=322200
sparse-tick case=parked tick=90 ns=264600
sparse-tick case=parked tick=91 ns=266400
sparse-tick case=parked tick=92 ns=266800
sparse-tick case=parked tick=93 ns=278200
sparse-tick case=parked tick=94 ns=258900
sparse-tick case=parked tick=95 ns=316800
sparse-tick case=parked tick=96 ns=259800
sparse-tick case=parked tick=97 ns=265900
sparse-tick case=parked tick=98 ns=273400
sparse-tick case=parked tick=99 ns=265600
sparse-tick case=parked tick=100 ns=256000
sparse-tick case=parked tick=101 ns=259900
sparse-tick case=parked tick=102 ns=269300
sparse-tick case=parked tick=103 ns=259900
sparse-tick case=parked tick=104 ns=268300
sparse-tick case=parked tick=105 ns=264100
sparse-tick case=parked tick=106 ns=265100
sparse-tick case=parked tick=107 ns=264000
sparse-tick case=parked tick=108 ns=257600
sparse-tick case=parked tick=109 ns=317000
sparse-tick case=parked tick=110 ns=277100
sparse-tick case=parked tick=111 ns=257100
sparse-tick case=parked tick=112 ns=271800
sparse-tick case=parked tick=113 ns=264400
sparse-tick case=parked tick=114 ns=268300
sparse-tick case=parked tick=115 ns=317800
sparse-tick case=parked tick=116 ns=263100
sparse-tick case=parked tick=117 ns=278000
sparse-tick case=parked tick=118 ns=268600
sparse-tick case=parked tick=119 ns=262600
sparse-tick case=parked tick=120 ns=256700
sparse-tick case=parked tick=121 ns=265300
sparse-tick case=parked tick=122 ns=262300
sparse-tick case=parked tick=123 ns=262500
sparse-tick case=parked tick=124 ns=298500
sparse-tick case=parked tick=125 ns=260800
sparse-tick case=parked tick=126 ns=260600
sparse-tick case=parked tick=127 ns=306900
sparse-end case=parked active=1000 live=10000 high_water=10000 capacity=10000 edges=256 warm=40 steps=128 digest=ac461faf72ddf871931e3f5cdde16f2128f082a1a56610b691fc23dddbfdfb91 input=Sha256Digest(49f3ed00f20f2a716555fe923aeb6f4201702ebebbdc9f550e73765c498d46a4)
ok

test result: ok. 1 passed; 0 failed; 0 ignored; 0 measured; 1 filtered out; finished in 0.07s

