
running 1 test
test sparse_cost_wall ... 
sparse-tick case=compact tick=0 ns=177400
sparse-tick case=compact tick=1 ns=175700
sparse-tick case=compact tick=2 ns=208900
sparse-tick case=compact tick=3 ns=176500
sparse-tick case=compact tick=4 ns=184000
sparse-tick case=compact tick=5 ns=176900
sparse-tick case=compact tick=6 ns=181100
sparse-tick case=compact tick=7 ns=202100
sparse-tick case=compact tick=8 ns=180900
sparse-tick case=compact tick=9 ns=181500
sparse-tick case=compact tick=10 ns=198200
sparse-tick case=compact tick=11 ns=200900
sparse-tick case=compact tick=12 ns=206900
sparse-tick case=compact tick=13 ns=232900
sparse-tick case=compact tick=14 ns=189400
sparse-tick case=compact tick=15 ns=189600
sparse-tick case=compact tick=16 ns=189900
sparse-tick case=compact tick=17 ns=188700
sparse-tick case=compact tick=18 ns=184500
sparse-tick case=compact tick=19 ns=180100
sparse-tick case=compact tick=20 ns=179900
sparse-tick case=compact tick=21 ns=180400
sparse-tick case=compact tick=22 ns=179700
sparse-tick case=compact tick=23 ns=178900
sparse-tick case=compact tick=24 ns=178200
sparse-tick case=compact tick=25 ns=178800
sparse-tick case=compact tick=26 ns=178200
sparse-tick case=compact tick=27 ns=178200
sparse-tick case=compact tick=28 ns=179800
sparse-tick case=compact tick=29 ns=176600
sparse-tick case=compact tick=30 ns=175700
sparse-tick case=compact tick=31 ns=175100
sparse-tick case=compact tick=32 ns=175600
sparse-tick case=compact tick=33 ns=175600
sparse-tick case=compact tick=34 ns=174800
sparse-tick case=compact tick=35 ns=222900
sparse-tick case=compact tick=36 ns=193800
sparse-tick case=compact tick=37 ns=178400
sparse-tick case=compact tick=38 ns=188400
sparse-tick case=compact tick=39 ns=172100
sparse-tick case=compact tick=40 ns=193300
sparse-tick case=compact tick=41 ns=177200
sparse-tick case=compact tick=42 ns=205800
sparse-tick case=compact tick=43 ns=175400
sparse-tick case=compact tick=44 ns=184400
sparse-tick case=compact tick=45 ns=176000
sparse-tick case=compact tick=46 ns=223900
sparse-tick case=compact tick=47 ns=199300
sparse-tick case=compact tick=48 ns=181100
sparse-tick case=compact tick=49 ns=180700
sparse-tick case=compact tick=50 ns=183700
sparse-tick case=compact tick=51 ns=183500
sparse-tick case=compact tick=52 ns=183100
sparse-tick case=compact tick=53 ns=182700
sparse-tick case=compact tick=54 ns=183600
sparse-tick case=compact tick=55 ns=182900
sparse-tick case=compact tick=56 ns=194600
sparse-tick case=compact tick=57 ns=219100
sparse-tick case=compact tick=58 ns=209300
sparse-tick case=compact tick=59 ns=181700
sparse-tick case=compact tick=60 ns=183600
sparse-tick case=compact tick=61 ns=186800
sparse-tick case=compact tick=62 ns=186900
sparse-tick case=compact tick=63 ns=194500
sparse-tick case=compact tick=64 ns=206500
sparse-tick case=compact tick=65 ns=254400
sparse-tick case=compact tick=66 ns=238400
sparse-tick case=compact tick=67 ns=233800
sparse-tick case=compact tick=68 ns=276300
sparse-tick case=compact tick=69 ns=232700
sparse-tick case=compact tick=70 ns=180100
sparse-tick case=compact tick=71 ns=186600
sparse-tick case=compact tick=72 ns=189900
sparse-tick case=compact tick=73 ns=186800
sparse-tick case=compact tick=74 ns=184500
sparse-tick case=compact tick=75 ns=184000
sparse-tick case=compact tick=76 ns=183800
sparse-tick case=compact tick=77 ns=200000
sparse-tick case=compact tick=78 ns=233700
sparse-tick case=compact tick=79 ns=186300
sparse-tick case=compact tick=80 ns=184200
sparse-tick case=compact tick=81 ns=190300
sparse-tick case=compact tick=82 ns=184600
sparse-tick case=compact tick=83 ns=183600
sparse-tick case=compact tick=84 ns=186800
sparse-tick case=compact tick=85 ns=184500
sparse-tick case=compact tick=86 ns=182500
sparse-tick case=compact tick=87 ns=180700
sparse-tick case=compact tick=88 ns=191200
sparse-tick case=compact tick=89 ns=180700
sparse-tick case=compact tick=90 ns=181900
sparse-tick case=compact tick=91 ns=189500
sparse-tick case=compact tick=92 ns=186800
sparse-tick case=compact tick=93 ns=186200
sparse-tick case=compact tick=94 ns=185700
sparse-tick case=compact tick=95 ns=186000
sparse-tick case=compact tick=96 ns=185100
sparse-tick case=compact tick=97 ns=177700
sparse-tick case=compact tick=98 ns=177700
sparse-tick case=compact tick=99 ns=179800
sparse-tick case=compact tick=100 ns=228800
sparse-tick case=compact tick=101 ns=177800
sparse-tick case=compact tick=102 ns=176500
sparse-tick case=compact tick=103 ns=176300
sparse-tick case=compact tick=104 ns=220000
sparse-tick case=compact tick=105 ns=218500
sparse-tick case=compact tick=106 ns=177600
sparse-tick case=compact tick=107 ns=179200
sparse-tick case=compact tick=108 ns=179800
sparse-tick case=compact tick=109 ns=183700
sparse-tick case=compact tick=110 ns=178800
sparse-tick case=compact tick=111 ns=179000
sparse-tick case=compact tick=112 ns=178300
sparse-tick case=compact tick=113 ns=183000
sparse-tick case=compact tick=114 ns=175900
sparse-tick case=compact tick=115 ns=175000
sparse-tick case=compact tick=116 ns=173800
sparse-tick case=compact tick=117 ns=174200
sparse-tick case=compact tick=118 ns=174700
sparse-tick case=compact tick=119 ns=177100
sparse-tick case=compact tick=120 ns=174800
sparse-tick case=compact tick=121 ns=174600
sparse-tick case=compact tick=122 ns=188100
sparse-tick case=compact tick=123 ns=221800
sparse-tick case=compact tick=124 ns=179500
sparse-tick case=compact tick=125 ns=176000
sparse-tick case=compact tick=126 ns=175900
sparse-tick case=compact tick=127 ns=175700
sparse-end case=compact active=1000 live=1000 high_water=1000 capacity=10000 edges=256 warm=40 steps=128 digest=22e36f386f535893101f373a7eeb4c0ee9019078cc853350e59ca8fbe3e2dfd1 input=Sha256Digest(49f3ed00f20f2a716555fe923aeb6f4201702ebebbdc9f550e73765c498d46a4)
ok

test result: ok. 1 passed; 0 failed; 0 ignored; 0 measured; 1 filtered out; finished in 0.05s

