
running 1 test
test sparse_cost_wall ... 
sparse-tick case=edges-large tick=0 ns=182000
sparse-tick case=edges-large tick=1 ns=188300
sparse-tick case=edges-large tick=2 ns=188300
sparse-tick case=edges-large tick=3 ns=188400
sparse-tick case=edges-large tick=4 ns=188700
sparse-tick case=edges-large tick=5 ns=188300
sparse-tick case=edges-large tick=6 ns=198600
sparse-tick case=edges-large tick=7 ns=188600
sparse-tick case=edges-large tick=8 ns=188600
sparse-tick case=edges-large tick=9 ns=181900
sparse-tick case=edges-large tick=10 ns=182200
sparse-tick case=edges-large tick=11 ns=188900
sparse-tick case=edges-large tick=12 ns=188400
sparse-tick case=edges-large tick=13 ns=188400
sparse-tick case=edges-large tick=14 ns=188600
sparse-tick case=edges-large tick=15 ns=188900
sparse-tick case=edges-large tick=16 ns=185300
sparse-tick case=edges-large tick=17 ns=188200
sparse-tick case=edges-large tick=18 ns=188000
sparse-tick case=edges-large tick=19 ns=188300
sparse-tick case=edges-large tick=20 ns=188300
sparse-tick case=edges-large tick=21 ns=188500
sparse-tick case=edges-large tick=22 ns=195100
sparse-tick case=edges-large tick=23 ns=187800
sparse-tick case=edges-large tick=24 ns=188500
sparse-tick case=edges-large tick=25 ns=190500
sparse-tick case=edges-large tick=26 ns=188800
sparse-tick case=edges-large tick=27 ns=188700
sparse-tick case=edges-large tick=28 ns=190500
sparse-tick case=edges-large tick=29 ns=189700
sparse-tick case=edges-large tick=30 ns=190800
sparse-tick case=edges-large tick=31 ns=190200
sparse-tick case=edges-large tick=32 ns=183600
sparse-tick case=edges-large tick=33 ns=190100
sparse-tick case=edges-large tick=34 ns=192700
sparse-tick case=edges-large tick=35 ns=189600
sparse-tick case=edges-large tick=36 ns=189900
sparse-tick case=edges-large tick=37 ns=190000
sparse-tick case=edges-large tick=38 ns=189900
sparse-tick case=edges-large tick=39 ns=189300
sparse-tick case=edges-large tick=40 ns=189300
sparse-tick case=edges-large tick=41 ns=189600
sparse-tick case=edges-large tick=42 ns=183600
sparse-tick case=edges-large tick=43 ns=193300
sparse-tick case=edges-large tick=44 ns=189800
sparse-tick case=edges-large tick=45 ns=189700
sparse-tick case=edges-large tick=46 ns=190000
sparse-tick case=edges-large tick=47 ns=190300
sparse-tick case=edges-large tick=48 ns=189800
sparse-tick case=edges-large tick=49 ns=192400
sparse-tick case=edges-large tick=50 ns=197400
sparse-tick case=edges-large tick=51 ns=192600
sparse-tick case=edges-large tick=52 ns=195100
sparse-tick case=edges-large tick=53 ns=188700
sparse-tick case=edges-large tick=54 ns=192100
sparse-tick case=edges-large tick=55 ns=190500
sparse-tick case=edges-large tick=56 ns=190700
sparse-tick case=edges-large tick=57 ns=190800
sparse-tick case=edges-large tick=58 ns=190700
sparse-tick case=edges-large tick=59 ns=190600
sparse-tick case=edges-large tick=60 ns=189900
sparse-tick case=edges-large tick=61 ns=190100
sparse-tick case=edges-large tick=62 ns=192000
sparse-tick case=edges-large tick=63 ns=189900
sparse-tick case=edges-large tick=64 ns=190200
sparse-tick case=edges-large tick=65 ns=189800
sparse-tick case=edges-large tick=66 ns=189900
sparse-tick case=edges-large tick=67 ns=190100
sparse-tick case=edges-large tick=68 ns=190200
sparse-tick case=edges-large tick=69 ns=190200
sparse-tick case=edges-large tick=70 ns=190700
sparse-tick case=edges-large tick=71 ns=226500
sparse-tick case=edges-large tick=72 ns=194700
sparse-tick case=edges-large tick=73 ns=185300
sparse-tick case=edges-large tick=74 ns=194100
sparse-tick case=edges-large tick=75 ns=191800
sparse-tick case=edges-large tick=76 ns=191100
sparse-tick case=edges-large tick=77 ns=195800
sparse-tick case=edges-large tick=78 ns=191500
sparse-tick case=edges-large tick=79 ns=191800
sparse-tick case=edges-large tick=80 ns=196200
sparse-tick case=edges-large tick=81 ns=193100
sparse-tick case=edges-large tick=82 ns=193000
sparse-tick case=edges-large tick=83 ns=192600
sparse-tick case=edges-large tick=84 ns=196500
sparse-tick case=edges-large tick=85 ns=199200
sparse-tick case=edges-large tick=86 ns=191100
sparse-tick case=edges-large tick=87 ns=218000
sparse-tick case=edges-large tick=88 ns=194800
sparse-tick case=edges-large tick=89 ns=186400
sparse-tick case=edges-large tick=90 ns=193800
sparse-tick case=edges-large tick=91 ns=194700
sparse-tick case=edges-large tick=92 ns=197800
sparse-tick case=edges-large tick=93 ns=189200
sparse-tick case=edges-large tick=94 ns=195100
sparse-tick case=edges-large tick=95 ns=194800
sparse-tick case=edges-large tick=96 ns=187900
sparse-tick case=edges-large tick=97 ns=197200
sparse-tick case=edges-large tick=98 ns=188300
sparse-tick case=edges-large tick=99 ns=194300
sparse-tick case=edges-large tick=100 ns=194600
sparse-tick case=edges-large tick=101 ns=195900
sparse-tick case=edges-large tick=102 ns=195700
sparse-tick case=edges-large tick=103 ns=196000
sparse-tick case=edges-large tick=104 ns=195800
sparse-tick case=edges-large tick=105 ns=195600
sparse-tick case=edges-large tick=106 ns=193300
sparse-tick case=edges-large tick=107 ns=187200
sparse-tick case=edges-large tick=108 ns=191300
sparse-tick case=edges-large tick=109 ns=192000
sparse-tick case=edges-large tick=110 ns=191800
sparse-tick case=edges-large tick=111 ns=195600
sparse-tick case=edges-large tick=112 ns=200200
sparse-tick case=edges-large tick=113 ns=195200
sparse-tick case=edges-large tick=114 ns=195700
sparse-tick case=edges-large tick=115 ns=198600
sparse-tick case=edges-large tick=116 ns=199200
sparse-tick case=edges-large tick=117 ns=198400
sparse-tick case=edges-large tick=118 ns=198200
sparse-tick case=edges-large tick=119 ns=198700
sparse-tick case=edges-large tick=120 ns=198600
sparse-tick case=edges-large tick=121 ns=197500
sparse-tick case=edges-large tick=122 ns=197400
sparse-tick case=edges-large tick=123 ns=197000
sparse-tick case=edges-large tick=124 ns=199900
sparse-tick case=edges-large tick=125 ns=197100
sparse-tick case=edges-large tick=126 ns=196000
sparse-tick case=edges-large tick=127 ns=193500
sparse-end case=edges-large active=1000 live=1000 high_water=1000 capacity=10000 edges=4096 warm=40 steps=128 digest=2c432c30798f53f6c98a815b476d2572fa5bf0712e013a1be62448c75373ab40 input=Sha256Digest(926a636bd815265ae60cdee67bef71e2dbef1e5dedd8f2cec518b305e497a803)
ok

test result: ok. 1 passed; 0 failed; 0 ignored; 0 measured; 1 filtered out; finished in 0.10s

