
running 1 test
test sparse_cost_wall ... 
sparse-tick case=vacant tick=0 ns=178200
sparse-tick case=vacant tick=1 ns=180900
sparse-tick case=vacant tick=2 ns=181400
sparse-tick case=vacant tick=3 ns=235500
sparse-tick case=vacant tick=4 ns=183700
sparse-tick case=vacant tick=5 ns=211100
sparse-tick case=vacant tick=6 ns=207900
sparse-tick case=vacant tick=7 ns=193600
sparse-tick case=vacant tick=8 ns=175200
sparse-tick case=vacant tick=9 ns=186400
sparse-tick case=vacant tick=10 ns=185600
sparse-tick case=vacant tick=11 ns=178300
sparse-tick case=vacant tick=12 ns=186900
sparse-tick case=vacant tick=13 ns=205300
sparse-tick case=vacant tick=14 ns=190000
sparse-tick case=vacant tick=15 ns=190300
sparse-tick case=vacant tick=16 ns=177200
sparse-tick case=vacant tick=17 ns=181200
sparse-tick case=vacant tick=18 ns=184000
sparse-tick case=vacant tick=19 ns=176300
sparse-tick case=vacant tick=20 ns=181300
sparse-tick case=vacant tick=21 ns=180800
sparse-tick case=vacant tick=22 ns=181100
sparse-tick case=vacant tick=23 ns=180800
sparse-tick case=vacant tick=24 ns=176100
sparse-tick case=vacant tick=25 ns=180900
sparse-tick case=vacant tick=26 ns=181100
sparse-tick case=vacant tick=27 ns=176200
sparse-tick case=vacant tick=28 ns=198800
sparse-tick case=vacant tick=29 ns=226900
sparse-tick case=vacant tick=30 ns=175000
sparse-tick case=vacant tick=31 ns=176000
sparse-tick case=vacant tick=32 ns=181600
sparse-tick case=vacant tick=33 ns=183000
sparse-tick case=vacant tick=34 ns=180600
sparse-tick case=vacant tick=35 ns=180900
sparse-tick case=vacant tick=36 ns=181300
sparse-tick case=vacant tick=37 ns=187100
sparse-tick case=vacant tick=38 ns=194300
sparse-tick case=vacant tick=39 ns=176400
sparse-tick case=vacant tick=40 ns=181300
sparse-tick case=vacant tick=41 ns=180900
sparse-tick case=vacant tick=42 ns=180700
sparse-tick case=vacant tick=43 ns=186600
sparse-tick case=vacant tick=44 ns=180800
sparse-tick case=vacant tick=45 ns=192500
sparse-tick case=vacant tick=46 ns=181500
sparse-tick case=vacant tick=47 ns=183300
sparse-tick case=vacant tick=48 ns=181300
sparse-tick case=vacant tick=49 ns=180300
sparse-tick case=vacant tick=50 ns=180800
sparse-tick case=vacant tick=51 ns=190300
sparse-tick case=vacant tick=52 ns=201200
sparse-tick case=vacant tick=53 ns=176100
sparse-tick case=vacant tick=54 ns=181400
sparse-tick case=vacant tick=55 ns=181200
sparse-tick case=vacant tick=56 ns=183600
sparse-tick case=vacant tick=57 ns=207400
sparse-tick case=vacant tick=58 ns=205900
sparse-tick case=vacant tick=59 ns=229600
sparse-tick case=vacant tick=60 ns=181800
sparse-tick case=vacant tick=61 ns=180800
sparse-tick case=vacant tick=62 ns=222100
sparse-tick case=vacant tick=63 ns=208400
sparse-tick case=vacant tick=64 ns=176600
sparse-tick case=vacant tick=65 ns=183000
sparse-tick case=vacant tick=66 ns=180000
sparse-tick case=vacant tick=67 ns=176000
sparse-tick case=vacant tick=68 ns=180800
sparse-tick case=vacant tick=69 ns=180000
sparse-tick case=vacant tick=70 ns=205200
sparse-tick case=vacant tick=71 ns=180500
sparse-tick case=vacant tick=72 ns=181000
sparse-tick case=vacant tick=73 ns=209500
sparse-tick case=vacant tick=74 ns=189100
sparse-tick case=vacant tick=75 ns=176800
sparse-tick case=vacant tick=76 ns=180600
sparse-tick case=vacant tick=77 ns=210500
sparse-tick case=vacant tick=78 ns=210000
sparse-tick case=vacant tick=79 ns=176500
sparse-tick case=vacant tick=80 ns=174600
sparse-tick case=vacant tick=81 ns=180400
sparse-tick case=vacant tick=82 ns=175000
sparse-tick case=vacant tick=83 ns=185300
sparse-tick case=vacant tick=84 ns=174200
sparse-tick case=vacant tick=85 ns=181000
sparse-tick case=vacant tick=86 ns=180700
sparse-tick case=vacant tick=87 ns=176000
sparse-tick case=vacant tick=88 ns=176600
sparse-tick case=vacant tick=89 ns=180900
sparse-tick case=vacant tick=90 ns=181200
sparse-tick case=vacant tick=91 ns=180600
sparse-tick case=vacant tick=92 ns=180500
sparse-tick case=vacant tick=93 ns=182500
sparse-tick case=vacant tick=94 ns=174400
sparse-tick case=vacant tick=95 ns=180400
sparse-tick case=vacant tick=96 ns=227200
sparse-tick case=vacant tick=97 ns=175600
sparse-tick case=vacant tick=98 ns=180500
sparse-tick case=vacant tick=99 ns=177600
sparse-tick case=vacant tick=100 ns=180000
sparse-tick case=vacant tick=101 ns=180000
sparse-tick case=vacant tick=102 ns=180700
sparse-tick case=vacant tick=103 ns=182300
sparse-tick case=vacant tick=104 ns=176300
sparse-tick case=vacant tick=105 ns=180000
sparse-tick case=vacant tick=106 ns=177400
sparse-tick case=vacant tick=107 ns=180200
sparse-tick case=vacant tick=108 ns=180900
sparse-tick case=vacant tick=109 ns=175400
sparse-tick case=vacant tick=110 ns=180000
sparse-tick case=vacant tick=111 ns=180800
sparse-tick case=vacant tick=112 ns=182800
sparse-tick case=vacant tick=113 ns=174500
sparse-tick case=vacant tick=114 ns=223100
sparse-tick case=vacant tick=115 ns=212300
sparse-tick case=vacant tick=116 ns=178800
sparse-tick case=vacant tick=117 ns=173700
sparse-tick case=vacant tick=118 ns=182900
sparse-tick case=vacant tick=119 ns=212700
sparse-tick case=vacant tick=120 ns=174600
sparse-tick case=vacant tick=121 ns=183200
sparse-tick case=vacant tick=122 ns=176400
sparse-tick case=vacant tick=123 ns=179500
sparse-tick case=vacant tick=124 ns=174300
sparse-tick case=vacant tick=125 ns=181000
sparse-tick case=vacant tick=126 ns=178100
sparse-tick case=vacant tick=127 ns=178700
sparse-end case=vacant active=1000 live=1000 high_water=10000 capacity=10000 edges=256 warm=40 steps=128 digest=aff44b9e456eac14b72430990a3fa759d2b47a212cfb7b5539a162be94f5cd4b input=Sha256Digest(49f3ed00f20f2a716555fe923aeb6f4201702ebebbdc9f550e73765c498d46a4)
ok

test result: ok. 1 passed; 0 failed; 0 ignored; 0 measured; 1 filtered out; finished in 0.43s

