
running 1 test
test sparse_cost_wall ... 
sparse-tick case=active tick=0 ns=1725400
sparse-tick case=active tick=1 ns=1727300
sparse-tick case=active tick=2 ns=1723200
sparse-tick case=active tick=3 ns=1696400
sparse-tick case=active tick=4 ns=1856500
sparse-tick case=active tick=5 ns=1746900
sparse-tick case=active tick=6 ns=1795900
sparse-tick case=active tick=7 ns=1749400
sparse-tick case=active tick=8 ns=1762800
sparse-tick case=active tick=9 ns=1764200
sparse-tick case=active tick=10 ns=1696900
sparse-tick case=active tick=11 ns=1766200
sparse-tick case=active tick=12 ns=1714600
sparse-tick case=active tick=13 ns=1740400
sparse-tick case=active tick=14 ns=1695900
sparse-tick case=active tick=15 ns=1689000
sparse-tick case=active tick=16 ns=1871700
sparse-tick case=active tick=17 ns=1800600
sparse-tick case=active tick=18 ns=2894200
sparse-tick case=active tick=19 ns=2734500
sparse-tick case=active tick=20 ns=1716200
sparse-tick case=active tick=21 ns=1703800
sparse-tick case=active tick=22 ns=1791200
sparse-tick case=active tick=23 ns=1673100
sparse-tick case=active tick=24 ns=1739200
sparse-tick case=active tick=25 ns=1650400
sparse-tick case=active tick=26 ns=1730100
sparse-tick case=active tick=27 ns=1656200
sparse-tick case=active tick=28 ns=1717000
sparse-tick case=active tick=29 ns=1731400
sparse-tick case=active tick=30 ns=1658300
sparse-tick case=active tick=31 ns=1716400
sparse-tick case=active tick=32 ns=1782000
sparse-tick case=active tick=33 ns=1743500
sparse-tick case=active tick=34 ns=1722600
sparse-tick case=active tick=35 ns=1762600
sparse-tick case=active tick=36 ns=1810000
sparse-tick case=active tick=37 ns=1788100
sparse-tick case=active tick=38 ns=1734500
sparse-tick case=active tick=39 ns=1705600
sparse-tick case=active tick=40 ns=1761600
sparse-tick case=active tick=41 ns=1818700
sparse-tick case=active tick=42 ns=1792100
sparse-tick case=active tick=43 ns=1818600
sparse-tick case=active tick=44 ns=1696100
sparse-tick case=active tick=45 ns=1798100
sparse-tick case=active tick=46 ns=1776500
sparse-tick case=active tick=47 ns=1733600
sparse-tick case=active tick=48 ns=1871400
sparse-tick case=active tick=49 ns=1703200
sparse-tick case=active tick=50 ns=2863300
sparse-tick case=active tick=51 ns=1962500
sparse-tick case=active tick=52 ns=1743000
sparse-tick case=active tick=53 ns=1824600
sparse-tick case=active tick=54 ns=1763400
sparse-tick case=active tick=55 ns=1707700
sparse-tick case=active tick=56 ns=1704800
sparse-tick case=active tick=57 ns=1705900
sparse-tick case=active tick=58 ns=1682400
sparse-tick case=active tick=59 ns=1693200
sparse-tick case=active tick=60 ns=1698100
sparse-tick case=active tick=61 ns=1709200
sparse-tick case=active tick=62 ns=1694100
sparse-tick case=active tick=63 ns=1673000
sparse-tick case=active tick=64 ns=1673800
sparse-tick case=active tick=65 ns=1668300
sparse-tick case=active tick=66 ns=1705500
sparse-tick case=active tick=67 ns=1666300
sparse-tick case=active tick=68 ns=1670800
sparse-tick case=active tick=69 ns=1723200
sparse-tick case=active tick=70 ns=1676700
sparse-tick case=active tick=71 ns=1695700
sparse-tick case=active tick=72 ns=1671300
sparse-tick case=active tick=73 ns=1672700
sparse-tick case=active tick=74 ns=1691300
sparse-tick case=active tick=75 ns=1684400
sparse-tick case=active tick=76 ns=1686000
sparse-tick case=active tick=77 ns=1691300
sparse-tick case=active tick=78 ns=1695800
sparse-tick case=active tick=79 ns=1702700
sparse-tick case=active tick=80 ns=1683900
sparse-tick case=active tick=81 ns=1709800
sparse-tick case=active tick=82 ns=1697600
sparse-tick case=active tick=83 ns=1704000
sparse-tick case=active tick=84 ns=1745400
sparse-tick case=active tick=85 ns=1678900
sparse-tick case=active tick=86 ns=1685400
sparse-tick case=active tick=87 ns=1692400
sparse-tick case=active tick=88 ns=1758100
sparse-tick case=active tick=89 ns=1745800
sparse-tick case=active tick=90 ns=1761000
sparse-tick case=active tick=91 ns=1700700
sparse-tick case=active tick=92 ns=1735400
sparse-tick case=active tick=93 ns=1689700
sparse-tick case=active tick=94 ns=1696000
sparse-tick case=active tick=95 ns=1690500
sparse-tick case=active tick=96 ns=1708300
sparse-tick case=active tick=97 ns=1690200
sparse-tick case=active tick=98 ns=1691000
sparse-tick case=active tick=99 ns=1690500
sparse-tick case=active tick=100 ns=1704800
sparse-tick case=active tick=101 ns=1711600
sparse-tick case=active tick=102 ns=1692600
sparse-tick case=active tick=103 ns=1747500
sparse-tick case=active tick=104 ns=1680600
sparse-tick case=active tick=105 ns=1692600
sparse-tick case=active tick=106 ns=1732100
sparse-tick case=active tick=107 ns=1704200
sparse-tick case=active tick=108 ns=1687900
sparse-tick case=active tick=109 ns=1704200
sparse-tick case=active tick=110 ns=1703000
sparse-tick case=active tick=111 ns=1702200
sparse-tick case=active tick=112 ns=1753700
sparse-tick case=active tick=113 ns=1688500
sparse-tick case=active tick=114 ns=1731600
sparse-tick case=active tick=115 ns=1687800
sparse-tick case=active tick=116 ns=1682000
sparse-tick case=active tick=117 ns=1716600
sparse-tick case=active tick=118 ns=1708000
sparse-tick case=active tick=119 ns=1720400
sparse-tick case=active tick=120 ns=1695200
sparse-tick case=active tick=121 ns=1703400
sparse-tick case=active tick=122 ns=1694800
sparse-tick case=active tick=123 ns=1714100
sparse-tick case=active tick=124 ns=1679100
sparse-tick case=active tick=125 ns=1707500
sparse-tick case=active tick=126 ns=1695800
sparse-tick case=active tick=127 ns=1704600
sparse-end case=active active=10000 live=10000 high_water=10000 capacity=10000 edges=256 warm=40 steps=128 digest=9ed50a587d552a6a4fdf78daf7a0cd288cfde7d07ae6795fa636a1d15dde00a0 input=Sha256Digest(49f3ed00f20f2a716555fe923aeb6f4201702ebebbdc9f550e73765c498d46a4)
ok

test result: ok. 1 passed; 0 failed; 0 ignored; 0 measured; 1 filtered out; finished in 0.35s

