
running 1 test
test sparse_cost_wall ... 
sparse-tick case=compact tick=0 ns=171700
sparse-tick case=compact tick=1 ns=174100
sparse-tick case=compact tick=2 ns=171000
sparse-tick case=compact tick=3 ns=203500
sparse-tick case=compact tick=4 ns=173700
sparse-tick case=compact tick=5 ns=171400
sparse-tick case=compact tick=6 ns=173100
sparse-tick case=compact tick=7 ns=179500
sparse-tick case=compact tick=8 ns=172600
sparse-tick case=compact tick=9 ns=179200
sparse-tick case=compact tick=10 ns=178800
sparse-tick case=compact tick=11 ns=180200
sparse-tick case=compact tick=12 ns=176600
sparse-tick case=compact tick=13 ns=175700
sparse-tick case=compact tick=14 ns=180900
sparse-tick case=compact tick=15 ns=181300
sparse-tick case=compact tick=16 ns=181200
sparse-tick case=compact tick=17 ns=189200
sparse-tick case=compact tick=18 ns=179800
sparse-tick case=compact tick=19 ns=179700
sparse-tick case=compact tick=20 ns=182600
sparse-tick case=compact tick=21 ns=173900
sparse-tick case=compact tick=22 ns=174600
sparse-tick case=compact tick=23 ns=172400
sparse-tick case=compact tick=24 ns=176100
sparse-tick case=compact tick=25 ns=176300
sparse-tick case=compact tick=26 ns=170000
sparse-tick case=compact tick=27 ns=175800
sparse-tick case=compact tick=28 ns=171300
sparse-tick case=compact tick=29 ns=187400
sparse-tick case=compact tick=30 ns=215500
sparse-tick case=compact tick=31 ns=186800
sparse-tick case=compact tick=32 ns=173700
sparse-tick case=compact tick=33 ns=178800
sparse-tick case=compact tick=34 ns=181700
sparse-tick case=compact tick=35 ns=177200
sparse-tick case=compact tick=36 ns=182200
sparse-tick case=compact tick=37 ns=182300
sparse-tick case=compact tick=38 ns=177100
sparse-tick case=compact tick=39 ns=182200
sparse-tick case=compact tick=40 ns=179600
sparse-tick case=compact tick=41 ns=175300
sparse-tick case=compact tick=42 ns=175100
sparse-tick case=compact tick=43 ns=174100
sparse-tick case=compact tick=44 ns=180600
sparse-tick case=compact tick=45 ns=180100
sparse-tick case=compact tick=46 ns=178500
sparse-tick case=compact tick=47 ns=172700
sparse-tick case=compact tick=48 ns=172100
sparse-tick case=compact tick=49 ns=176100
sparse-tick case=compact tick=50 ns=178300
sparse-tick case=compact tick=51 ns=172100
sparse-tick case=compact tick=52 ns=170300
sparse-tick case=compact tick=53 ns=176400
sparse-tick case=compact tick=54 ns=170500
sparse-tick case=compact tick=55 ns=176000
sparse-tick case=compact tick=56 ns=176900
sparse-tick case=compact tick=57 ns=178800
sparse-tick case=compact tick=58 ns=173500
sparse-tick case=compact tick=59 ns=178200
sparse-tick case=compact tick=60 ns=182700
sparse-tick case=compact tick=61 ns=179300
sparse-tick case=compact tick=62 ns=176600
sparse-tick case=compact tick=63 ns=179200
sparse-tick case=compact tick=64 ns=184500
sparse-tick case=compact tick=65 ns=186000
sparse-tick case=compact tick=66 ns=180900
sparse-tick case=compact tick=67 ns=181400
sparse-tick case=compact tick=68 ns=182500
sparse-tick case=compact tick=69 ns=177300
sparse-tick case=compact tick=70 ns=174500
sparse-tick case=compact tick=71 ns=180500
sparse-tick case=compact tick=72 ns=180500
sparse-tick case=compact tick=73 ns=173800
sparse-tick case=compact tick=74 ns=173200
sparse-tick case=compact tick=75 ns=173100
sparse-tick case=compact tick=76 ns=178300
sparse-tick case=compact tick=77 ns=178200
sparse-tick case=compact tick=78 ns=179600
sparse-tick case=compact tick=79 ns=177200
sparse-tick case=compact tick=80 ns=178700
sparse-tick case=compact tick=81 ns=178900
sparse-tick case=compact tick=82 ns=174000
sparse-tick case=compact tick=83 ns=173200
sparse-tick case=compact tick=84 ns=179100
sparse-tick case=compact tick=85 ns=184000
sparse-tick case=compact tick=86 ns=175100
sparse-tick case=compact tick=87 ns=181600
sparse-tick case=compact tick=88 ns=175700
sparse-tick case=compact tick=89 ns=178200
sparse-tick case=compact tick=90 ns=189200
sparse-tick case=compact tick=91 ns=176600
sparse-tick case=compact tick=92 ns=175700
sparse-tick case=compact tick=93 ns=183200
sparse-tick case=compact tick=94 ns=180400
sparse-tick case=compact tick=95 ns=180400
sparse-tick case=compact tick=96 ns=179800
sparse-tick case=compact tick=97 ns=173700
sparse-tick case=compact tick=98 ns=181100
sparse-tick case=compact tick=99 ns=173000
sparse-tick case=compact tick=100 ns=187900
sparse-tick case=compact tick=101 ns=181000
sparse-tick case=compact tick=102 ns=185000
sparse-tick case=compact tick=103 ns=177600
sparse-tick case=compact tick=104 ns=182500
sparse-tick case=compact tick=105 ns=182200
sparse-tick case=compact tick=106 ns=178400
sparse-tick case=compact tick=107 ns=182400
sparse-tick case=compact tick=108 ns=174700
sparse-tick case=compact tick=109 ns=177500
sparse-tick case=compact tick=110 ns=176800
sparse-tick case=compact tick=111 ns=174300
sparse-tick case=compact tick=112 ns=177100
sparse-tick case=compact tick=113 ns=174800
sparse-tick case=compact tick=114 ns=171400
sparse-tick case=compact tick=115 ns=178300
sparse-tick case=compact tick=116 ns=177300
sparse-tick case=compact tick=117 ns=178200
sparse-tick case=compact tick=118 ns=182100
sparse-tick case=compact tick=119 ns=170100
sparse-tick case=compact tick=120 ns=175700
sparse-tick case=compact tick=121 ns=173500
sparse-tick case=compact tick=122 ns=175200
sparse-tick case=compact tick=123 ns=176200
sparse-tick case=compact tick=124 ns=175200
sparse-tick case=compact tick=125 ns=170800
sparse-tick case=compact tick=126 ns=175300
sparse-tick case=compact tick=127 ns=169400
sparse-end case=compact active=1000 live=1000 high_water=1000 capacity=10000 edges=256 warm=40 steps=128 digest=22e36f386f535893101f373a7eeb4c0ee9019078cc853350e59ca8fbe3e2dfd1 input=Sha256Digest(49f3ed00f20f2a716555fe923aeb6f4201702ebebbdc9f550e73765c498d46a4)
ok

test result: ok. 1 passed; 0 failed; 0 ignored; 0 measured; 1 filtered out; finished in 0.05s

