
running 1 test
test sparse_cost_wall ... 
sparse-tick case=edges-large tick=0 ns=194000
sparse-tick case=edges-large tick=1 ns=196300
sparse-tick case=edges-large tick=2 ns=191500
sparse-tick case=edges-large tick=3 ns=191500
sparse-tick case=edges-large tick=4 ns=192400
sparse-tick case=edges-large tick=5 ns=204200
sparse-tick case=edges-large tick=6 ns=200300
sparse-tick case=edges-large tick=7 ns=186800
sparse-tick case=edges-large tick=8 ns=186500
sparse-tick case=edges-large tick=9 ns=186900
sparse-tick case=edges-large tick=10 ns=187600
sparse-tick case=edges-large tick=11 ns=203400
sparse-tick case=edges-large tick=12 ns=188100
sparse-tick case=edges-large tick=13 ns=193600
sparse-tick case=edges-large tick=14 ns=189000
sparse-tick case=edges-large tick=15 ns=188600
sparse-tick case=edges-large tick=16 ns=213100
sparse-tick case=edges-large tick=17 ns=195000
sparse-tick case=edges-large tick=18 ns=188800
sparse-tick case=edges-large tick=19 ns=188100
sparse-tick case=edges-large tick=20 ns=191400
sparse-tick case=edges-large tick=21 ns=187700
sparse-tick case=edges-large tick=22 ns=188500
sparse-tick case=edges-large tick=23 ns=188100
sparse-tick case=edges-large tick=24 ns=188300
sparse-tick case=edges-large tick=25 ns=186500
sparse-tick case=edges-large tick=26 ns=189300
sparse-tick case=edges-large tick=27 ns=189800
sparse-tick case=edges-large tick=28 ns=187200
sparse-tick case=edges-large tick=29 ns=185900
sparse-tick case=edges-large tick=30 ns=188100
sparse-tick case=edges-large tick=31 ns=189000
sparse-tick case=edges-large tick=32 ns=188500
sparse-tick case=edges-large tick=33 ns=188400
sparse-tick case=edges-large tick=34 ns=186400
sparse-tick case=edges-large tick=35 ns=190900
sparse-tick case=edges-large tick=36 ns=188700
sparse-tick case=edges-large tick=37 ns=187500
sparse-tick case=edges-large tick=38 ns=189300
sparse-tick case=edges-large tick=39 ns=188500
sparse-tick case=edges-large tick=40 ns=189400
sparse-tick case=edges-large tick=41 ns=188700
sparse-tick case=edges-large tick=42 ns=188400
sparse-tick case=edges-large tick=43 ns=188500
sparse-tick case=edges-large tick=44 ns=190900
sparse-tick case=edges-large tick=45 ns=184200
sparse-tick case=edges-large tick=46 ns=192200
sparse-tick case=edges-large tick=47 ns=182600
sparse-tick case=edges-large tick=48 ns=186800
sparse-tick case=edges-large tick=49 ns=188800
sparse-tick case=edges-large tick=50 ns=189300
sparse-tick case=edges-large tick=51 ns=189000
sparse-tick case=edges-large tick=52 ns=189700
sparse-tick case=edges-large tick=53 ns=189400
sparse-tick case=edges-large tick=54 ns=188800
sparse-tick case=edges-large tick=55 ns=186500
sparse-tick case=edges-large tick=56 ns=186600
sparse-tick case=edges-large tick=57 ns=188500
sparse-tick case=edges-large tick=58 ns=186600
sparse-tick case=edges-large tick=59 ns=186500
sparse-tick case=edges-large tick=60 ns=186500
sparse-tick case=edges-large tick=61 ns=186600
sparse-tick case=edges-large tick=62 ns=186100
sparse-tick case=edges-large tick=63 ns=190700
sparse-tick case=edges-large tick=64 ns=186800
sparse-tick case=edges-large tick=65 ns=186800
sparse-tick case=edges-large tick=66 ns=198600
sparse-tick case=edges-large tick=67 ns=183900
sparse-tick case=edges-large tick=68 ns=237200
sparse-tick case=edges-large tick=69 ns=212500
sparse-tick case=edges-large tick=70 ns=268300
sparse-tick case=edges-large tick=71 ns=202800
sparse-tick case=edges-large tick=72 ns=284600
sparse-tick case=edges-large tick=73 ns=198700
sparse-tick case=edges-large tick=74 ns=193300
sparse-tick case=edges-large tick=75 ns=192300
sparse-tick case=edges-large tick=76 ns=198600
sparse-tick case=edges-large tick=77 ns=201800
sparse-tick case=edges-large tick=78 ns=208100
sparse-tick case=edges-large tick=79 ns=205900
sparse-tick case=edges-large tick=80 ns=201300
sparse-tick case=edges-large tick=81 ns=201100
sparse-tick case=edges-large tick=82 ns=196300
sparse-tick case=edges-large tick=83 ns=192900
sparse-tick case=edges-large tick=84 ns=190800
sparse-tick case=edges-large tick=85 ns=188500
sparse-tick case=edges-large tick=86 ns=191100
sparse-tick case=edges-large tick=87 ns=190600
sparse-tick case=edges-large tick=88 ns=191500
sparse-tick case=edges-large tick=89 ns=186700
sparse-tick case=edges-large tick=90 ns=189200
sparse-tick case=edges-large tick=91 ns=188700
sparse-tick case=edges-large tick=92 ns=190000
sparse-tick case=edges-large tick=93 ns=191900
sparse-tick case=edges-large tick=94 ns=189200
sparse-tick case=edges-large tick=95 ns=189200
sparse-tick case=edges-large tick=96 ns=191100
sparse-tick case=edges-large tick=97 ns=194100
sparse-tick case=edges-large tick=98 ns=191300
sparse-tick case=edges-large tick=99 ns=185400
sparse-tick case=edges-large tick=100 ns=190800
sparse-tick case=edges-large tick=101 ns=190600
sparse-tick case=edges-large tick=102 ns=191000
sparse-tick case=edges-large tick=103 ns=189100
sparse-tick case=edges-large tick=104 ns=188800
sparse-tick case=edges-large tick=105 ns=190200
sparse-tick case=edges-large tick=106 ns=190100
sparse-tick case=edges-large tick=107 ns=188500
sparse-tick case=edges-large tick=108 ns=189800
sparse-tick case=edges-large tick=109 ns=198700
sparse-tick case=edges-large tick=110 ns=371400
sparse-tick case=edges-large tick=111 ns=372400
sparse-tick case=edges-large tick=112 ns=269700
sparse-tick case=edges-large tick=113 ns=279000
sparse-tick case=edges-large tick=114 ns=256600
sparse-tick case=edges-large tick=115 ns=197900
sparse-tick case=edges-large tick=116 ns=192300
sparse-tick case=edges-large tick=117 ns=194600
sparse-tick case=edges-large tick=118 ns=254100
sparse-tick case=edges-large tick=119 ns=195200
sparse-tick case=edges-large tick=120 ns=279200
sparse-tick case=edges-large tick=121 ns=202500
sparse-tick case=edges-large tick=122 ns=225700
sparse-tick case=edges-large tick=123 ns=199300
sparse-tick case=edges-large tick=124 ns=216000
sparse-tick case=edges-large tick=125 ns=195700
sparse-tick case=edges-large tick=126 ns=210900
sparse-tick case=edges-large tick=127 ns=243000
sparse-end case=edges-large active=1000 live=1000 high_water=1000 capacity=10000 edges=4096 warm=40 steps=128 digest=2c432c30798f53f6c98a815b476d2572fa5bf0712e013a1be62448c75373ab40 input=Sha256Digest(926a636bd815265ae60cdee67bef71e2dbef1e5dedd8f2cec518b305e497a803)
ok

test result: ok. 1 passed; 0 failed; 0 ignored; 0 measured; 1 filtered out; finished in 0.10s

