
running 1 test
test sparse_cost_wall ... 
sparse-tick case=ring-1m tick=0 ns=57900
sparse-tick case=ring-1m tick=1 ns=69500
sparse-tick case=ring-1m tick=2 ns=72400
sparse-tick case=ring-1m tick=3 ns=64200
sparse-tick case=ring-1m tick=4 ns=58400
sparse-tick case=ring-1m tick=5 ns=64500
sparse-tick case=ring-1m tick=6 ns=69800
sparse-tick case=ring-1m tick=7 ns=64300
sparse-tick case=ring-1m tick=8 ns=71000
sparse-tick case=ring-1m tick=9 ns=58800
sparse-tick case=ring-1m tick=10 ns=63500
sparse-tick case=ring-1m tick=11 ns=68400
sparse-tick case=ring-1m tick=12 ns=64500
sparse-tick case=ring-1m tick=13 ns=73300
sparse-tick case=ring-1m tick=14 ns=65000
sparse-tick case=ring-1m tick=15 ns=68700
sparse-tick case=ring-1m tick=16 ns=64100
sparse-tick case=ring-1m tick=17 ns=64700
sparse-tick case=ring-1m tick=18 ns=72800
sparse-tick case=ring-1m tick=19 ns=74100
sparse-tick case=ring-1m tick=20 ns=64200
sparse-tick case=ring-1m tick=21 ns=65200
sparse-tick case=ring-1m tick=22 ns=85800
sparse-tick case=ring-1m tick=23 ns=66300
sparse-tick case=ring-1m tick=24 ns=64400
sparse-tick case=ring-1m tick=25 ns=64600
sparse-tick case=ring-1m tick=26 ns=64900
sparse-tick case=ring-1m tick=27 ns=74600
sparse-tick case=ring-1m tick=28 ns=64200
sparse-tick case=ring-1m tick=29 ns=64700
sparse-tick case=ring-1m tick=30 ns=65200
sparse-tick case=ring-1m tick=31 ns=83000
sparse-tick case=ring-1m tick=32 ns=65600
sparse-tick case=ring-1m tick=33 ns=64400
sparse-tick case=ring-1m tick=34 ns=75200
sparse-tick case=ring-1m tick=35 ns=64800
sparse-tick case=ring-1m tick=36 ns=64700
sparse-tick case=ring-1m tick=37 ns=69500
sparse-tick case=ring-1m tick=38 ns=76200
sparse-tick case=ring-1m tick=39 ns=65500
sparse-tick case=ring-1m tick=40 ns=64800
sparse-tick case=ring-1m tick=41 ns=68500
sparse-tick case=ring-1m tick=42 ns=69500
sparse-tick case=ring-1m tick=43 ns=65700
sparse-tick case=ring-1m tick=44 ns=65800
sparse-tick case=ring-1m tick=45 ns=59300
sparse-tick case=ring-1m tick=46 ns=60800
sparse-tick case=ring-1m tick=47 ns=59500
sparse-tick case=ring-1m tick=48 ns=59200
sparse-tick case=ring-1m tick=49 ns=61800
sparse-tick case=ring-1m tick=50 ns=60700
sparse-tick case=ring-1m tick=51 ns=60600
sparse-tick case=ring-1m tick=52 ns=59700
sparse-tick case=ring-1m tick=53 ns=60100
sparse-tick case=ring-1m tick=54 ns=60500
sparse-tick case=ring-1m tick=55 ns=59700
sparse-tick case=ring-1m tick=56 ns=60500
sparse-tick case=ring-1m tick=57 ns=60600
sparse-tick case=ring-1m tick=58 ns=60300
sparse-tick case=ring-1m tick=59 ns=59900
sparse-tick case=ring-1m tick=60 ns=60300
sparse-tick case=ring-1m tick=61 ns=59900
sparse-tick case=ring-1m tick=62 ns=59200
sparse-tick case=ring-1m tick=63 ns=60300
sparse-tick case=ring-1m tick=64 ns=61600
sparse-tick case=ring-1m tick=65 ns=59600
sparse-tick case=ring-1m tick=66 ns=59800
sparse-tick case=ring-1m tick=67 ns=61200
sparse-tick case=ring-1m tick=68 ns=59600
sparse-tick case=ring-1m tick=69 ns=60400
sparse-tick case=ring-1m tick=70 ns=61200
sparse-tick case=ring-1m tick=71 ns=59700
sparse-tick case=ring-1m tick=72 ns=59900
sparse-tick case=ring-1m tick=73 ns=61600
sparse-tick case=ring-1m tick=74 ns=59700
sparse-tick case=ring-1m tick=75 ns=59300
sparse-tick case=ring-1m tick=76 ns=60800
sparse-tick case=ring-1m tick=77 ns=59000
sparse-tick case=ring-1m tick=78 ns=64500
sparse-tick case=ring-1m tick=79 ns=59300
sparse-tick case=ring-1m tick=80 ns=59800
sparse-tick case=ring-1m tick=81 ns=60500
sparse-tick case=ring-1m tick=82 ns=59800
sparse-tick case=ring-1m tick=83 ns=59400
sparse-tick case=ring-1m tick=84 ns=60100
sparse-tick case=ring-1m tick=85 ns=60400
sparse-tick case=ring-1m tick=86 ns=59200
sparse-tick case=ring-1m tick=87 ns=60300
sparse-tick case=ring-1m tick=88 ns=58900
sparse-tick case=ring-1m tick=89 ns=58700
sparse-tick case=ring-1m tick=90 ns=60400
sparse-tick case=ring-1m tick=91 ns=58100
sparse-tick case=ring-1m tick=92 ns=59800
sparse-tick case=ring-1m tick=93 ns=57400
sparse-tick case=ring-1m tick=94 ns=56900
sparse-tick case=ring-1m tick=95 ns=58800
sparse-tick case=ring-1m tick=96 ns=57200
sparse-tick case=ring-1m tick=97 ns=57400
sparse-tick case=ring-1m tick=98 ns=58700
sparse-tick case=ring-1m tick=99 ns=57200
sparse-tick case=ring-1m tick=100 ns=57700
sparse-tick case=ring-1m tick=101 ns=59300
sparse-tick case=ring-1m tick=102 ns=57200
sparse-tick case=ring-1m tick=103 ns=58700
sparse-tick case=ring-1m tick=104 ns=58300
sparse-tick case=ring-1m tick=105 ns=57100
sparse-tick case=ring-1m tick=106 ns=58100
sparse-tick case=ring-1m tick=107 ns=56000
sparse-tick case=ring-1m tick=108 ns=58100
sparse-tick case=ring-1m tick=109 ns=56900
sparse-tick case=ring-1m tick=110 ns=56200
sparse-tick case=ring-1m tick=111 ns=58200
sparse-tick case=ring-1m tick=112 ns=56900
sparse-tick case=ring-1m tick=113 ns=55800
sparse-tick case=ring-1m tick=114 ns=58100
sparse-tick case=ring-1m tick=115 ns=56900
sparse-tick case=ring-1m tick=116 ns=56200
sparse-tick case=ring-1m tick=117 ns=57200
sparse-tick case=ring-1m tick=118 ns=56000
sparse-tick case=ring-1m tick=119 ns=55400
sparse-tick case=ring-1m tick=120 ns=57900
sparse-tick case=ring-1m tick=121 ns=56400
sparse-tick case=ring-1m tick=122 ns=57900
sparse-tick case=ring-1m tick=123 ns=56300
sparse-tick case=ring-1m tick=124 ns=55200
sparse-tick case=ring-1m tick=125 ns=56700
sparse-tick case=ring-1m tick=126 ns=55700
sparse-tick case=ring-1m tick=127 ns=55200
sparse-end case=ring-1m active=64 live=64 high_water=64 capacity=10000 edges=4096 warm=40 steps=128 digest=98898dd5d803ab330bb07cfb85db91cb02ebd95e7d50398a77142b1e2223f924 input=Sha256Digest(f5983cfc8664abce7353b6d4eb64aed8ec11cfe5cb5460274329b4a279a642eb)
ok

test result: ok. 1 passed; 0 failed; 0 ignored; 0 measured; 1 filtered out; finished in 0.09s

