
running 1 test
test sparse_cost_wall ... 
sparse-tick case=ring-10m tick=0 ns=52600
sparse-tick case=ring-10m tick=1 ns=59500
sparse-tick case=ring-10m tick=2 ns=52500
sparse-tick case=ring-10m tick=3 ns=52700
sparse-tick case=ring-10m tick=4 ns=52300
sparse-tick case=ring-10m tick=5 ns=52300
sparse-tick case=ring-10m tick=6 ns=51900
sparse-tick case=ring-10m tick=7 ns=52500
sparse-tick case=ring-10m tick=8 ns=51600
sparse-tick case=ring-10m tick=9 ns=51700
sparse-tick case=ring-10m tick=10 ns=51700
sparse-tick case=ring-10m tick=11 ns=51700
sparse-tick case=ring-10m tick=12 ns=52100
sparse-tick case=ring-10m tick=13 ns=52100
sparse-tick case=ring-10m tick=14 ns=61900
sparse-tick case=ring-10m tick=15 ns=51600
sparse-tick case=ring-10m tick=16 ns=51700
sparse-tick case=ring-10m tick=17 ns=52200
sparse-tick case=ring-10m tick=18 ns=51000
sparse-tick case=ring-10m tick=19 ns=50600
sparse-tick case=ring-10m tick=20 ns=51900
sparse-tick case=ring-10m tick=21 ns=51400
sparse-tick case=ring-10m tick=22 ns=51400
sparse-tick case=ring-10m tick=23 ns=51200
sparse-tick case=ring-10m tick=24 ns=63100
sparse-tick case=ring-10m tick=25 ns=55300
sparse-tick case=ring-10m tick=26 ns=52100
sparse-tick case=ring-10m tick=27 ns=51600
sparse-tick case=ring-10m tick=28 ns=51600
sparse-tick case=ring-10m tick=29 ns=51100
sparse-tick case=ring-10m tick=30 ns=51100
sparse-tick case=ring-10m tick=31 ns=51600
sparse-tick case=ring-10m tick=32 ns=52200
sparse-tick case=ring-10m tick=33 ns=68300
sparse-tick case=ring-10m tick=34 ns=52000
sparse-tick case=ring-10m tick=35 ns=52000
sparse-tick case=ring-10m tick=36 ns=52600
sparse-tick case=ring-10m tick=37 ns=51000
sparse-tick case=ring-10m tick=38 ns=51800
sparse-tick case=ring-10m tick=39 ns=51800
sparse-tick case=ring-10m tick=40 ns=52000
sparse-tick case=ring-10m tick=41 ns=64400
sparse-tick case=ring-10m tick=42 ns=51900
sparse-tick case=ring-10m tick=43 ns=52100
sparse-tick case=ring-10m tick=44 ns=52600
sparse-tick case=ring-10m tick=45 ns=51600
sparse-tick case=ring-10m tick=46 ns=51800
sparse-tick case=ring-10m tick=47 ns=51300
sparse-tick case=ring-10m tick=48 ns=53300
sparse-tick case=ring-10m tick=49 ns=73000
sparse-tick case=ring-10m tick=50 ns=54500
sparse-tick case=ring-10m tick=51 ns=52700
sparse-tick case=ring-10m tick=52 ns=52600
sparse-tick case=ring-10m tick=53 ns=52200
sparse-tick case=ring-10m tick=54 ns=51900
sparse-tick case=ring-10m tick=55 ns=52000
sparse-tick case=ring-10m tick=56 ns=51900
sparse-tick case=ring-10m tick=57 ns=64700
sparse-tick case=ring-10m tick=58 ns=53400
sparse-tick case=ring-10m tick=59 ns=52400
sparse-tick case=ring-10m tick=60 ns=51900
sparse-tick case=ring-10m tick=61 ns=52100
sparse-tick case=ring-10m tick=62 ns=51700
sparse-tick case=ring-10m tick=63 ns=52200
sparse-tick case=ring-10m tick=64 ns=52400
sparse-tick case=ring-10m tick=65 ns=80000
sparse-tick case=ring-10m tick=66 ns=53400
sparse-tick case=ring-10m tick=67 ns=52400
sparse-tick case=ring-10m tick=68 ns=52300
sparse-tick case=ring-10m tick=69 ns=52400
sparse-tick case=ring-10m tick=70 ns=71000
sparse-tick case=ring-10m tick=71 ns=68000
sparse-tick case=ring-10m tick=72 ns=64300
sparse-tick case=ring-10m tick=73 ns=54300
sparse-tick case=ring-10m tick=74 ns=53000
sparse-tick case=ring-10m tick=75 ns=53100
sparse-tick case=ring-10m tick=76 ns=52900
sparse-tick case=ring-10m tick=77 ns=52400
sparse-tick case=ring-10m tick=78 ns=52900
sparse-tick case=ring-10m tick=79 ns=53800
sparse-tick case=ring-10m tick=80 ns=78600
sparse-tick case=ring-10m tick=81 ns=53000
sparse-tick case=ring-10m tick=82 ns=53300
sparse-tick case=ring-10m tick=83 ns=53200
sparse-tick case=ring-10m tick=84 ns=52600
sparse-tick case=ring-10m tick=85 ns=52700
sparse-tick case=ring-10m tick=86 ns=53400
sparse-tick case=ring-10m tick=87 ns=59700
sparse-tick case=ring-10m tick=88 ns=57500
sparse-tick case=ring-10m tick=89 ns=50500
sparse-tick case=ring-10m tick=90 ns=51100
sparse-tick case=ring-10m tick=91 ns=51800
sparse-tick case=ring-10m tick=92 ns=51100
sparse-tick case=ring-10m tick=93 ns=51300
sparse-tick case=ring-10m tick=94 ns=67100
sparse-tick case=ring-10m tick=95 ns=51200
sparse-tick case=ring-10m tick=96 ns=51100
sparse-tick case=ring-10m tick=97 ns=50900
sparse-tick case=ring-10m tick=98 ns=50900
sparse-tick case=ring-10m tick=99 ns=50200
sparse-tick case=ring-10m tick=100 ns=50700
sparse-tick case=ring-10m tick=101 ns=52100
sparse-tick case=ring-10m tick=102 ns=58600
sparse-tick case=ring-10m tick=103 ns=51700
sparse-tick case=ring-10m tick=104 ns=51500
sparse-tick case=ring-10m tick=105 ns=51300
sparse-tick case=ring-10m tick=106 ns=51000
sparse-tick case=ring-10m tick=107 ns=50700
sparse-tick case=ring-10m tick=108 ns=52000
sparse-tick case=ring-10m tick=109 ns=72200
sparse-tick case=ring-10m tick=110 ns=51500
sparse-tick case=ring-10m tick=111 ns=51500
sparse-tick case=ring-10m tick=112 ns=50600
sparse-tick case=ring-10m tick=113 ns=50700
sparse-tick case=ring-10m tick=114 ns=50600
sparse-tick case=ring-10m tick=115 ns=51800
sparse-tick case=ring-10m tick=116 ns=57700
sparse-tick case=ring-10m tick=117 ns=51000
sparse-tick case=ring-10m tick=118 ns=51100
sparse-tick case=ring-10m tick=119 ns=50700
sparse-tick case=ring-10m tick=120 ns=51300
sparse-tick case=ring-10m tick=121 ns=54100
sparse-tick case=ring-10m tick=122 ns=51500
sparse-tick case=ring-10m tick=123 ns=50900
sparse-tick case=ring-10m tick=124 ns=56600
sparse-tick case=ring-10m tick=125 ns=51300
sparse-tick case=ring-10m tick=126 ns=50200
sparse-tick case=ring-10m tick=127 ns=49600
sparse-end case=ring-10m active=64 live=64 high_water=64 capacity=10000 edges=4096 warm=40 steps=128 digest=129544588a30054477c3bda6b4f667886f55c619e818bd86dc8791c5589ae8db input=Sha256Digest(fed429e2dd838270fddeac1e4bab4a963ff052492569779abe71703a2fbe5b5d)
ok

test result: ok. 1 passed; 0 failed; 0 ignored; 0 measured; 1 filtered out; finished in 0.10s

