
running 1 test
test sparse_cost_wall ... 
sparse-tick case=parked tick=0 ns=260000
sparse-tick case=parked tick=1 ns=262900
sparse-tick case=parked tick=2 ns=260700
sparse-tick case=parked tick=3 ns=263400
sparse-tick case=parked tick=4 ns=258200
sparse-tick case=parked tick=5 ns=260100
sparse-tick case=parked tick=6 ns=263200
sparse-tick case=parked tick=7 ns=259600
sparse-tick case=parked tick=8 ns=257200
sparse-tick case=parked tick=9 ns=262400
sparse-tick case=parked tick=10 ns=261100
sparse-tick case=parked tick=11 ns=279600
sparse-tick case=parked tick=12 ns=260800
sparse-tick case=parked tick=13 ns=258800
sparse-tick case=parked tick=14 ns=256900
sparse-tick case=parked tick=15 ns=258000
sparse-tick case=parked tick=16 ns=268300
sparse-tick case=parked tick=17 ns=264500
sparse-tick case=parked tick=18 ns=260500
sparse-tick case=parked tick=19 ns=254800
sparse-tick case=parked tick=20 ns=256800
sparse-tick case=parked tick=21 ns=260500
sparse-tick case=parked tick=22 ns=265500
sparse-tick case=parked tick=23 ns=253900
sparse-tick case=parked tick=24 ns=263400
sparse-tick case=parked tick=25 ns=261300
sparse-tick case=parked tick=26 ns=262400
sparse-tick case=parked tick=27 ns=259000
sparse-tick case=parked tick=28 ns=257900
sparse-tick case=parked tick=29 ns=316200
sparse-tick case=parked tick=30 ns=263600
sparse-tick case=parked tick=31 ns=254000
sparse-tick case=parked tick=32 ns=276300
sparse-tick case=parked tick=33 ns=261000
sparse-tick case=parked tick=34 ns=266600
sparse-tick case=parked tick=35 ns=258200
sparse-tick case=parked tick=36 ns=258000
sparse-tick case=parked tick=37 ns=253300
sparse-tick case=parked tick=38 ns=258200
sparse-tick case=parked tick=39 ns=264600
sparse-tick case=parked tick=40 ns=257400
sparse-tick case=parked tick=41 ns=270900
sparse-tick case=parked tick=42 ns=255700
sparse-tick case=parked tick=43 ns=259600
sparse-tick case=parked tick=44 ns=264700
sparse-tick case=parked tick=45 ns=264900
sparse-tick case=parked tick=46 ns=258100
sparse-tick case=parked tick=47 ns=259700
sparse-tick case=parked tick=48 ns=259600
sparse-tick case=parked tick=49 ns=260700
sparse-tick case=parked tick=50 ns=262300
sparse-tick case=parked tick=51 ns=259400
sparse-tick case=parked tick=52 ns=264200
sparse-tick case=parked tick=53 ns=258800
sparse-tick case=parked tick=54 ns=259500
sparse-tick case=parked tick=55 ns=255200
sparse-tick case=parked tick=56 ns=255000
sparse-tick case=parked tick=57 ns=260300
sparse-tick case=parked tick=58 ns=257700
sparse-tick case=parked tick=59 ns=269100
sparse-tick case=parked tick=60 ns=260000
sparse-tick case=parked tick=61 ns=263100
sparse-tick case=parked tick=62 ns=262400
sparse-tick case=parked tick=63 ns=264100
sparse-tick case=parked tick=64 ns=279600
sparse-tick case=parked tick=65 ns=263900
sparse-tick case=parked tick=66 ns=274200
sparse-tick case=parked tick=67 ns=262900
sparse-tick case=parked tick=68 ns=269600
sparse-tick case=parked tick=69 ns=252500
sparse-tick case=parked tick=70 ns=284100
sparse-tick case=parked tick=71 ns=260000
sparse-tick case=parked tick=72 ns=265400
sparse-tick case=parked tick=73 ns=264900
sparse-tick case=parked tick=74 ns=257800
sparse-tick case=parked tick=75 ns=260800
sparse-tick case=parked tick=76 ns=260300
sparse-tick case=parked tick=77 ns=258300
sparse-tick case=parked tick=78 ns=254800
sparse-tick case=parked tick=79 ns=262700
sparse-tick case=parked tick=80 ns=271200
sparse-tick case=parked tick=81 ns=260800
sparse-tick case=parked tick=82 ns=259800
sparse-tick case=parked tick=83 ns=259800
sparse-tick case=parked tick=84 ns=260000
sparse-tick case=parked tick=85 ns=258300
sparse-tick case=parked tick=86 ns=255500
sparse-tick case=parked tick=87 ns=275100
sparse-tick case=parked tick=88 ns=260600
sparse-tick case=parked tick=89 ns=264100
sparse-tick case=parked tick=90 ns=267600
sparse-tick case=parked tick=91 ns=264300
sparse-tick case=parked tick=92 ns=262000
sparse-tick case=parked tick=93 ns=268200
sparse-tick case=parked tick=94 ns=271500
sparse-tick case=parked tick=95 ns=271400
sparse-tick case=parked tick=96 ns=257200
sparse-tick case=parked tick=97 ns=268600
sparse-tick case=parked tick=98 ns=266900
sparse-tick case=parked tick=99 ns=266700
sparse-tick case=parked tick=100 ns=266200
sparse-tick case=parked tick=101 ns=253400
sparse-tick case=parked tick=102 ns=277200
sparse-tick case=parked tick=103 ns=258700
sparse-tick case=parked tick=104 ns=253600
sparse-tick case=parked tick=105 ns=261500
sparse-tick case=parked tick=106 ns=261200
sparse-tick case=parked tick=107 ns=262800
sparse-tick case=parked tick=108 ns=266900
sparse-tick case=parked tick=109 ns=254500
sparse-tick case=parked tick=110 ns=258900
sparse-tick case=parked tick=111 ns=256400
sparse-tick case=parked tick=112 ns=257900
sparse-tick case=parked tick=113 ns=260700
sparse-tick case=parked tick=114 ns=261300
sparse-tick case=parked tick=115 ns=264500
sparse-tick case=parked tick=116 ns=264100
sparse-tick case=parked tick=117 ns=272800
sparse-tick case=parked tick=118 ns=267400
sparse-tick case=parked tick=119 ns=256500
sparse-tick case=parked tick=120 ns=265800
sparse-tick case=parked tick=121 ns=263500
sparse-tick case=parked tick=122 ns=271400
sparse-tick case=parked tick=123 ns=266500
sparse-tick case=parked tick=124 ns=261300
sparse-tick case=parked tick=125 ns=268100
sparse-tick case=parked tick=126 ns=260900
sparse-tick case=parked tick=127 ns=262300
sparse-end case=parked active=1000 live=10000 high_water=10000 capacity=10000 edges=256 warm=40 steps=128 digest=ac461faf72ddf871931e3f5cdde16f2128f082a1a56610b691fc23dddbfdfb91 input=Sha256Digest(49f3ed00f20f2a716555fe923aeb6f4201702ebebbdc9f550e73765c498d46a4)
ok

test result: ok. 1 passed; 0 failed; 0 ignored; 0 measured; 1 filtered out; finished in 0.07s

