
running 1 test
test sparse_cost_wall ... 
sparse-tick case=ring-1m tick=0 ns=58600
sparse-tick case=ring-1m tick=1 ns=71100
sparse-tick case=ring-1m tick=2 ns=75800
sparse-tick case=ring-1m tick=3 ns=64400
sparse-tick case=ring-1m tick=4 ns=58100
sparse-tick case=ring-1m tick=5 ns=64300
sparse-tick case=ring-1m tick=6 ns=68600
sparse-tick case=ring-1m tick=7 ns=63900
sparse-tick case=ring-1m tick=8 ns=73100
sparse-tick case=ring-1m tick=9 ns=58100
sparse-tick case=ring-1m tick=10 ns=63500
sparse-tick case=ring-1m tick=11 ns=71600
sparse-tick case=ring-1m tick=12 ns=63000
sparse-tick case=ring-1m tick=13 ns=74900
sparse-tick case=ring-1m tick=14 ns=63500
sparse-tick case=ring-1m tick=15 ns=69000
sparse-tick case=ring-1m tick=16 ns=64000
sparse-tick case=ring-1m tick=17 ns=64000
sparse-tick case=ring-1m tick=18 ns=73300
sparse-tick case=ring-1m tick=19 ns=72800
sparse-tick case=ring-1m tick=20 ns=62800
sparse-tick case=ring-1m tick=21 ns=63400
sparse-tick case=ring-1m tick=22 ns=83000
sparse-tick case=ring-1m tick=23 ns=66400
sparse-tick case=ring-1m tick=24 ns=89400
sparse-tick case=ring-1m tick=25 ns=76000
sparse-tick case=ring-1m tick=26 ns=64900
sparse-tick case=ring-1m tick=27 ns=79200
sparse-tick case=ring-1m tick=28 ns=64500
sparse-tick case=ring-1m tick=29 ns=63400
sparse-tick case=ring-1m tick=30 ns=64500
sparse-tick case=ring-1m tick=31 ns=89900
sparse-tick case=ring-1m tick=32 ns=64200
sparse-tick case=ring-1m tick=33 ns=63400
sparse-tick case=ring-1m tick=34 ns=74800
sparse-tick case=ring-1m tick=35 ns=64700
sparse-tick case=ring-1m tick=36 ns=70700
sparse-tick case=ring-1m tick=37 ns=68300
sparse-tick case=ring-1m tick=38 ns=83000
sparse-tick case=ring-1m tick=39 ns=71700
sparse-tick case=ring-1m tick=40 ns=62900
sparse-tick case=ring-1m tick=41 ns=74400
sparse-tick case=ring-1m tick=42 ns=69300
sparse-tick case=ring-1m tick=43 ns=64700
sparse-tick case=ring-1m tick=44 ns=63900
sparse-tick case=ring-1m tick=45 ns=59600
sparse-tick case=ring-1m tick=46 ns=60900
sparse-tick case=ring-1m tick=47 ns=59500
sparse-tick case=ring-1m tick=48 ns=58500
sparse-tick case=ring-1m tick=49 ns=58700
sparse-tick case=ring-1m tick=50 ns=60200
sparse-tick case=ring-1m tick=51 ns=58800
sparse-tick case=ring-1m tick=52 ns=59400
sparse-tick case=ring-1m tick=53 ns=59700
sparse-tick case=ring-1m tick=54 ns=60500
sparse-tick case=ring-1m tick=55 ns=59900
sparse-tick case=ring-1m tick=56 ns=60900
sparse-tick case=ring-1m tick=57 ns=60800
sparse-tick case=ring-1m tick=58 ns=59200
sparse-tick case=ring-1m tick=59 ns=60200
sparse-tick case=ring-1m tick=60 ns=60700
sparse-tick case=ring-1m tick=61 ns=60100
sparse-tick case=ring-1m tick=62 ns=59200
sparse-tick case=ring-1m tick=63 ns=59800
sparse-tick case=ring-1m tick=64 ns=63600
sparse-tick case=ring-1m tick=65 ns=59400
sparse-tick case=ring-1m tick=66 ns=60100
sparse-tick case=ring-1m tick=67 ns=60100
sparse-tick case=ring-1m tick=68 ns=59100
sparse-tick case=ring-1m tick=69 ns=58800
sparse-tick case=ring-1m tick=70 ns=60000
sparse-tick case=ring-1m tick=71 ns=59200
sparse-tick case=ring-1m tick=72 ns=58400
sparse-tick case=ring-1m tick=73 ns=60400
sparse-tick case=ring-1m tick=74 ns=58500
sparse-tick case=ring-1m tick=75 ns=58500
sparse-tick case=ring-1m tick=76 ns=59900
sparse-tick case=ring-1m tick=77 ns=58700
sparse-tick case=ring-1m tick=78 ns=59800
sparse-tick case=ring-1m tick=79 ns=59000
sparse-tick case=ring-1m tick=80 ns=59100
sparse-tick case=ring-1m tick=81 ns=59900
sparse-tick case=ring-1m tick=82 ns=58700
sparse-tick case=ring-1m tick=83 ns=58800
sparse-tick case=ring-1m tick=84 ns=59500
sparse-tick case=ring-1m tick=85 ns=58900
sparse-tick case=ring-1m tick=86 ns=58100
sparse-tick case=ring-1m tick=87 ns=59000
sparse-tick case=ring-1m tick=88 ns=58400
sparse-tick case=ring-1m tick=89 ns=58300
sparse-tick case=ring-1m tick=90 ns=59700
sparse-tick case=ring-1m tick=91 ns=57900
sparse-tick case=ring-1m tick=92 ns=59500
sparse-tick case=ring-1m tick=93 ns=59900
sparse-tick case=ring-1m tick=94 ns=56600
sparse-tick case=ring-1m tick=95 ns=58100
sparse-tick case=ring-1m tick=96 ns=56500
sparse-tick case=ring-1m tick=97 ns=57000
sparse-tick case=ring-1m tick=98 ns=58600
sparse-tick case=ring-1m tick=99 ns=56500
sparse-tick case=ring-1m tick=100 ns=56800
sparse-tick case=ring-1m tick=101 ns=57900
sparse-tick case=ring-1m tick=102 ns=57200
sparse-tick case=ring-1m tick=103 ns=58200
sparse-tick case=ring-1m tick=104 ns=62400
sparse-tick case=ring-1m tick=105 ns=56500
sparse-tick case=ring-1m tick=106 ns=57900
sparse-tick case=ring-1m tick=107 ns=55700
sparse-tick case=ring-1m tick=108 ns=56400
sparse-tick case=ring-1m tick=109 ns=57800
sparse-tick case=ring-1m tick=110 ns=55800
sparse-tick case=ring-1m tick=111 ns=58800
sparse-tick case=ring-1m tick=112 ns=56800
sparse-tick case=ring-1m tick=113 ns=55100
sparse-tick case=ring-1m tick=114 ns=57000
sparse-tick case=ring-1m tick=115 ns=55800
sparse-tick case=ring-1m tick=116 ns=56000
sparse-tick case=ring-1m tick=117 ns=56500
sparse-tick case=ring-1m tick=118 ns=54600
sparse-tick case=ring-1m tick=119 ns=55000
sparse-tick case=ring-1m tick=120 ns=56100
sparse-tick case=ring-1m tick=121 ns=55600
sparse-tick case=ring-1m tick=122 ns=55800
sparse-tick case=ring-1m tick=123 ns=55300
sparse-tick case=ring-1m tick=124 ns=58500
sparse-tick case=ring-1m tick=125 ns=56700
sparse-tick case=ring-1m tick=126 ns=55600
sparse-tick case=ring-1m tick=127 ns=55000
sparse-end case=ring-1m active=64 live=64 high_water=64 capacity=10000 edges=4096 warm=40 steps=128 digest=98898dd5d803ab330bb07cfb85db91cb02ebd95e7d50398a77142b1e2223f924 input=Sha256Digest(f5983cfc8664abce7353b6d4eb64aed8ec11cfe5cb5460274329b4a279a642eb)
ok

test result: ok. 1 passed; 0 failed; 0 ignored; 0 measured; 1 filtered out; finished in 0.09s

