
running 1 test
test eligibility_commit_wall ... 
elig-end case=capacity window=0 windows=1 ticks=128 input=Sha256Digest(49f3ed00f20f2a716555fe923aeb6f4201702ebebbdc9f550e73765c498d46a4) digest=48287b34c7ea2a970283c1bca078325acb5f50a41c85dc7f20f5402704d95874
elig-tick case=capacity tick=0 ns=494600
elig-tick case=capacity tick=1 ns=480700
elig-tick case=capacity tick=2 ns=485400
elig-tick case=capacity tick=3 ns=481500
elig-tick case=capacity tick=4 ns=479600
elig-tick case=capacity tick=5 ns=479100
elig-tick case=capacity tick=6 ns=480400
elig-tick case=capacity tick=7 ns=502900
elig-tick case=capacity tick=8 ns=478800
elig-tick case=capacity tick=9 ns=496800
elig-tick case=capacity tick=10 ns=485500
elig-tick case=capacity tick=11 ns=520100
elig-tick case=capacity tick=12 ns=542500
elig-tick case=capacity tick=13 ns=492900
elig-tick case=capacity tick=14 ns=475100
elig-tick case=capacity tick=15 ns=486700
elig-tick case=capacity tick=16 ns=496900
elig-tick case=capacity tick=17 ns=475200
elig-tick case=capacity tick=18 ns=479200
elig-tick case=capacity tick=19 ns=480200
elig-tick case=capacity tick=20 ns=480400
elig-tick case=capacity tick=21 ns=672700
elig-tick case=capacity tick=22 ns=665400
elig-tick case=capacity tick=23 ns=1453500
elig-tick case=capacity tick=24 ns=532900
elig-tick case=capacity tick=25 ns=510700
elig-tick case=capacity tick=26 ns=515100
elig-tick case=capacity tick=27 ns=493300
elig-tick case=capacity tick=28 ns=509900
elig-tick case=capacity tick=29 ns=779300
elig-tick case=capacity tick=30 ns=552000
elig-tick case=capacity tick=31 ns=536900
elig-tick case=capacity tick=32 ns=479400
elig-tick case=capacity tick=33 ns=475100
elig-tick case=capacity tick=34 ns=474400
elig-tick case=capacity tick=35 ns=540100
elig-tick case=capacity tick=36 ns=733600
elig-tick case=capacity tick=37 ns=707700
elig-tick case=capacity tick=38 ns=479700
elig-tick case=capacity tick=39 ns=481700
elig-tick case=capacity tick=40 ns=528000
elig-tick case=capacity tick=41 ns=475300
elig-tick case=capacity tick=42 ns=471600
elig-tick case=capacity tick=43 ns=529800
elig-tick case=capacity tick=44 ns=713400
elig-tick case=capacity tick=45 ns=656900
elig-tick case=capacity tick=46 ns=494100
elig-tick case=capacity tick=47 ns=634300
elig-tick case=capacity tick=48 ns=523000
elig-tick case=capacity tick=49 ns=475600
elig-tick case=capacity tick=50 ns=477200
elig-tick case=capacity tick=51 ns=478600
elig-tick case=capacity tick=52 ns=756500
elig-tick case=capacity tick=53 ns=473600
elig-tick case=capacity tick=54 ns=506300
elig-tick case=capacity tick=55 ns=476800
elig-tick case=capacity tick=56 ns=501900
elig-tick case=capacity tick=57 ns=508000
elig-tick case=capacity tick=58 ns=506400
elig-tick case=capacity tick=59 ns=502300
elig-tick case=capacity tick=60 ns=772200
elig-tick case=capacity tick=61 ns=490100
elig-tick case=capacity tick=62 ns=584100
elig-tick case=capacity tick=63 ns=482700
elig-tick case=capacity tick=64 ns=483400
elig-tick case=capacity tick=65 ns=477800
elig-tick case=capacity tick=66 ns=477700
elig-tick case=capacity tick=67 ns=497700
elig-tick case=capacity tick=68 ns=935600
elig-tick case=capacity tick=69 ns=481000
elig-tick case=capacity tick=70 ns=491000
elig-tick case=capacity tick=71 ns=482700
elig-tick case=capacity tick=72 ns=546700
elig-tick case=capacity tick=73 ns=482100
elig-tick case=capacity tick=74 ns=473400
elig-tick case=capacity tick=75 ns=738600
elig-tick case=capacity tick=76 ns=533700
elig-tick case=capacity tick=77 ns=494200
elig-tick case=capacity tick=78 ns=491300
elig-tick case=capacity tick=79 ns=483600
elig-tick case=capacity tick=80 ns=487100
elig-tick case=capacity tick=81 ns=475700
elig-tick case=capacity tick=82 ns=578800
elig-tick case=capacity tick=83 ns=1500600
elig-tick case=capacity tick=84 ns=503300
elig-tick case=capacity tick=85 ns=485100
elig-tick case=capacity tick=86 ns=507900
elig-tick case=capacity tick=87 ns=497500
elig-tick case=capacity tick=88 ns=536300
elig-tick case=capacity tick=89 ns=718800
elig-tick case=capacity tick=90 ns=501900
elig-tick case=capacity tick=91 ns=505600
elig-tick case=capacity tick=92 ns=479300
elig-tick case=capacity tick=93 ns=475500
elig-tick case=capacity tick=94 ns=840000
elig-tick case=capacity tick=95 ns=505400
elig-tick case=capacity tick=96 ns=783100
elig-tick case=capacity tick=97 ns=503500
elig-tick case=capacity tick=98 ns=498900
elig-tick case=capacity tick=99 ns=474600
elig-tick case=capacity tick=100 ns=496600
elig-tick case=capacity tick=101 ns=498300
elig-tick case=capacity tick=102 ns=498000
elig-tick case=capacity tick=103 ns=1128900
elig-tick case=capacity tick=104 ns=487200
elig-tick case=capacity tick=105 ns=499600
elig-tick case=capacity tick=106 ns=486100
elig-tick case=capacity tick=107 ns=487600
elig-tick case=capacity tick=108 ns=528700
elig-tick case=capacity tick=109 ns=495200
elig-tick case=capacity tick=110 ns=490800
elig-tick case=capacity tick=111 ns=472400
elig-tick case=capacity tick=112 ns=475100
elig-tick case=capacity tick=113 ns=479100
elig-tick case=capacity tick=114 ns=478600
elig-tick case=capacity tick=115 ns=531700
elig-tick case=capacity tick=116 ns=481400
elig-tick case=capacity tick=117 ns=480100
elig-tick case=capacity tick=118 ns=482200
elig-tick case=capacity tick=119 ns=486400
elig-tick case=capacity tick=120 ns=497900
elig-tick case=capacity tick=121 ns=500300
elig-tick case=capacity tick=122 ns=469000
elig-tick case=capacity tick=123 ns=475300
elig-tick case=capacity tick=124 ns=476100
elig-tick case=capacity tick=125 ns=478600
elig-tick case=capacity tick=126 ns=495300
elig-tick case=capacity tick=127 ns=494300
ok

test result: ok. 1 passed; 0 failed; 0 ignored; 0 measured; 1 filtered out; finished in 0.10s

