
running 1 test
test eligibility_commit_wall ... 
elig-end case=conflict-large window=0 windows=8 ticks=16 input=Sha256Digest(be0d39f44feb802fdb9697c7b5ad7522d367ab086803c8320cc5199f496991b9) digest=dde51337d7f39d46b6fa941b5069f76320d552b3fdcdc2aab71ef6524110cee4
elig-end case=conflict-large window=1 windows=8 ticks=16 input=Sha256Digest(be0d39f44feb802fdb9697c7b5ad7522d367ab086803c8320cc5199f496991b9) digest=dde51337d7f39d46b6fa941b5069f76320d552b3fdcdc2aab71ef6524110cee4
elig-end case=conflict-large window=2 windows=8 ticks=16 input=Sha256Digest(be0d39f44feb802fdb9697c7b5ad7522d367ab086803c8320cc5199f496991b9) digest=dde51337d7f39d46b6fa941b5069f76320d552b3fdcdc2aab71ef6524110cee4
elig-end case=conflict-large window=3 windows=8 ticks=16 input=Sha256Digest(be0d39f44feb802fdb9697c7b5ad7522d367ab086803c8320cc5199f496991b9) digest=dde51337d7f39d46b6fa941b5069f76320d552b3fdcdc2aab71ef6524110cee4
elig-end case=conflict-large window=4 windows=8 ticks=16 input=Sha256Digest(be0d39f44feb802fdb9697c7b5ad7522d367ab086803c8320cc5199f496991b9) digest=dde51337d7f39d46b6fa941b5069f76320d552b3fdcdc2aab71ef6524110cee4
elig-end case=conflict-large window=5 windows=8 ticks=16 input=Sha256Digest(be0d39f44feb802fdb9697c7b5ad7522d367ab086803c8320cc5199f496991b9) digest=dde51337d7f39d46b6fa941b5069f76320d552b3fdcdc2aab71ef6524110cee4
elig-end case=conflict-large window=6 windows=8 ticks=16 input=Sha256Digest(be0d39f44feb802fdb9697c7b5ad7522d367ab086803c8320cc5199f496991b9) digest=dde51337d7f39d46b6fa941b5069f76320d552b3fdcdc2aab71ef6524110cee4
elig-end case=conflict-large window=7 windows=8 ticks=16 input=Sha256Digest(be0d39f44feb802fdb9697c7b5ad7522d367ab086803c8320cc5199f496991b9) digest=dde51337d7f39d46b6fa941b5069f76320d552b3fdcdc2aab71ef6524110cee4
elig-tick case=conflict-large tick=0 ns=487100
elig-tick case=conflict-large tick=1 ns=350500
elig-tick case=conflict-large tick=2 ns=340600
elig-tick case=conflict-large tick=3 ns=341100
elig-tick case=conflict-large tick=4 ns=339600
elig-tick case=conflict-large tick=5 ns=389000
elig-tick case=conflict-large tick=6 ns=407300
elig-tick case=conflict-large tick=7 ns=350400
elig-tick case=conflict-large tick=8 ns=338300
elig-tick case=conflict-large tick=9 ns=337000
elig-tick case=conflict-large tick=10 ns=335200
elig-tick case=conflict-large tick=11 ns=442100
elig-tick case=conflict-large tick=12 ns=351700
elig-tick case=conflict-large tick=13 ns=347000
elig-tick case=conflict-large tick=14 ns=396500
elig-tick case=conflict-large tick=15 ns=339200
elig-tick case=conflict-large tick=16 ns=338100
elig-tick case=conflict-large tick=17 ns=357400
elig-tick case=conflict-large tick=18 ns=359600
elig-tick case=conflict-large tick=19 ns=356600
elig-tick case=conflict-large tick=20 ns=382900
elig-tick case=conflict-large tick=21 ns=357800
elig-tick case=conflict-large tick=22 ns=339100
elig-tick case=conflict-large tick=23 ns=343800
elig-tick case=conflict-large tick=24 ns=334500
elig-tick case=conflict-large tick=25 ns=342300
elig-tick case=conflict-large tick=26 ns=337500
elig-tick case=conflict-large tick=27 ns=496000
elig-tick case=conflict-large tick=28 ns=358200
elig-tick case=conflict-large tick=29 ns=371600
elig-tick case=conflict-large tick=30 ns=344000
elig-tick case=conflict-large tick=31 ns=338300
elig-tick case=conflict-large tick=32 ns=321800
elig-tick case=conflict-large tick=33 ns=404200
elig-tick case=conflict-large tick=34 ns=478900
elig-tick case=conflict-large tick=35 ns=347900
elig-tick case=conflict-large tick=36 ns=331700
elig-tick case=conflict-large tick=37 ns=332100
elig-tick case=conflict-large tick=38 ns=342200
elig-tick case=conflict-large tick=39 ns=338500
elig-tick case=conflict-large tick=40 ns=323200
elig-tick case=conflict-large tick=41 ns=329300
elig-tick case=conflict-large tick=42 ns=321600
elig-tick case=conflict-large tick=43 ns=341000
elig-tick case=conflict-large tick=44 ns=346700
elig-tick case=conflict-large tick=45 ns=333800
elig-tick case=conflict-large tick=46 ns=331600
elig-tick case=conflict-large tick=47 ns=335500
elig-tick case=conflict-large tick=48 ns=347600
elig-tick case=conflict-large tick=49 ns=400400
elig-tick case=conflict-large tick=50 ns=456900
elig-tick case=conflict-large tick=51 ns=345600
elig-tick case=conflict-large tick=52 ns=378300
elig-tick case=conflict-large tick=53 ns=326800
elig-tick case=conflict-large tick=54 ns=327100
elig-tick case=conflict-large tick=55 ns=345100
elig-tick case=conflict-large tick=56 ns=319500
elig-tick case=conflict-large tick=57 ns=433100
elig-tick case=conflict-large tick=58 ns=349500
elig-tick case=conflict-large tick=59 ns=355700
elig-tick case=conflict-large tick=60 ns=371500
elig-tick case=conflict-large tick=61 ns=395000
elig-tick case=conflict-large tick=62 ns=339900
elig-tick case=conflict-large tick=63 ns=330500
elig-tick case=conflict-large tick=64 ns=427000
elig-tick case=conflict-large tick=65 ns=343100
elig-tick case=conflict-large tick=66 ns=336300
elig-tick case=conflict-large tick=67 ns=339100
elig-tick case=conflict-large tick=68 ns=414900
elig-tick case=conflict-large tick=69 ns=327800
elig-tick case=conflict-large tick=70 ns=331300
elig-tick case=conflict-large tick=71 ns=338200
elig-tick case=conflict-large tick=72 ns=348500
elig-tick case=conflict-large tick=73 ns=348800
elig-tick case=conflict-large tick=74 ns=335200
elig-tick case=conflict-large tick=75 ns=332800
elig-tick case=conflict-large tick=76 ns=328500
elig-tick case=conflict-large tick=77 ns=324000
elig-tick case=conflict-large tick=78 ns=341300
elig-tick case=conflict-large tick=79 ns=329400
elig-tick case=conflict-large tick=80 ns=348000
elig-tick case=conflict-large tick=81 ns=359500
elig-tick case=conflict-large tick=82 ns=347500
elig-tick case=conflict-large tick=83 ns=342200
elig-tick case=conflict-large tick=84 ns=351000
elig-tick case=conflict-large tick=85 ns=360900
elig-tick case=conflict-large tick=86 ns=336300
elig-tick case=conflict-large tick=87 ns=342400
elig-tick case=conflict-large tick=88 ns=362600
elig-tick case=conflict-large tick=89 ns=421600
elig-tick case=conflict-large tick=90 ns=459200
elig-tick case=conflict-large tick=91 ns=341700
elig-tick case=conflict-large tick=92 ns=339700
elig-tick case=conflict-large tick=93 ns=366400
elig-tick case=conflict-large tick=94 ns=357200
elig-tick case=conflict-large tick=95 ns=348200
elig-tick case=conflict-large tick=96 ns=341700
elig-tick case=conflict-large tick=97 ns=411100
elig-tick case=conflict-large tick=98 ns=340900
elig-tick case=conflict-large tick=99 ns=337600
elig-tick case=conflict-large tick=100 ns=344800
elig-tick case=conflict-large tick=101 ns=346500
elig-tick case=conflict-large tick=102 ns=351900
elig-tick case=conflict-large tick=103 ns=336200
elig-tick case=conflict-large tick=104 ns=327700
elig-tick case=conflict-large tick=105 ns=324500
elig-tick case=conflict-large tick=106 ns=317700
elig-tick case=conflict-large tick=107 ns=321000
elig-tick case=conflict-large tick=108 ns=330200
elig-tick case=conflict-large tick=109 ns=320200
elig-tick case=conflict-large tick=110 ns=324300
elig-tick case=conflict-large tick=111 ns=322800
elig-tick case=conflict-large tick=112 ns=322500
elig-tick case=conflict-large tick=113 ns=323600
elig-tick case=conflict-large tick=114 ns=325000
elig-tick case=conflict-large tick=115 ns=325000
elig-tick case=conflict-large tick=116 ns=322200
elig-tick case=conflict-large tick=117 ns=330700
elig-tick case=conflict-large tick=118 ns=335100
elig-tick case=conflict-large tick=119 ns=332200
elig-tick case=conflict-large tick=120 ns=327800
elig-tick case=conflict-large tick=121 ns=322100
elig-tick case=conflict-large tick=122 ns=326000
elig-tick case=conflict-large tick=123 ns=328500
elig-tick case=conflict-large tick=124 ns=333900
elig-tick case=conflict-large tick=125 ns=325300
elig-tick case=conflict-large tick=126 ns=323900
elig-tick case=conflict-large tick=127 ns=321300
ok

test result: ok. 1 passed; 0 failed; 0 ignored; 0 measured; 1 filtered out; finished in 0.11s

