
running 1 test
test eligibility_commit_wall ... 
elig-end case=active window=0 windows=1 ticks=128 input=Sha256Digest(49f3ed00f20f2a716555fe923aeb6f4201702ebebbdc9f550e73765c498d46a4) digest=9ed50a587d552a6a4fdf78daf7a0cd288cfde7d07ae6795fa636a1d15dde00a0
elig-tick case=active tick=0 ns=3510500
elig-tick case=active tick=1 ns=3716500
elig-tick case=active tick=2 ns=3640600
elig-tick case=active tick=3 ns=3634600
elig-tick case=active tick=4 ns=3716100
elig-tick case=active tick=5 ns=3640500
elig-tick case=active tick=6 ns=3522600
elig-tick case=active tick=7 ns=3614200
elig-tick case=active tick=8 ns=3615000
elig-tick case=active tick=9 ns=3740200
elig-tick case=active tick=10 ns=3426000
elig-tick case=active tick=11 ns=3254000
elig-tick case=active tick=12 ns=3661700
elig-tick case=active tick=13 ns=3741300
elig-tick case=active tick=14 ns=3096100
elig-tick case=active tick=15 ns=3745300
elig-tick case=active tick=16 ns=3603600
elig-tick case=active tick=17 ns=3719200
elig-tick case=active tick=18 ns=4459300
elig-tick case=active tick=19 ns=3468700
elig-tick case=active tick=20 ns=3043600
elig-tick case=active tick=21 ns=2984800
elig-tick case=active tick=22 ns=4560200
elig-tick case=active tick=23 ns=3862200
elig-tick case=active tick=24 ns=3097800
elig-tick case=active tick=25 ns=3282900
elig-tick case=active tick=26 ns=2869000
elig-tick case=active tick=27 ns=2490400
elig-tick case=active tick=28 ns=3659800
elig-tick case=active tick=29 ns=3999400
elig-tick case=active tick=30 ns=3699800
elig-tick case=active tick=31 ns=3376300
elig-tick case=active tick=32 ns=2917300
elig-tick case=active tick=33 ns=3382800
elig-tick case=active tick=34 ns=2926700
elig-tick case=active tick=35 ns=2971300
elig-tick case=active tick=36 ns=3179300
elig-tick case=active tick=37 ns=3492900
elig-tick case=active tick=38 ns=3168200
elig-tick case=active tick=39 ns=3823300
elig-tick case=active tick=40 ns=4000200
elig-tick case=active tick=41 ns=3803300
elig-tick case=active tick=42 ns=3688900
elig-tick case=active tick=43 ns=4201400
elig-tick case=active tick=44 ns=4902500
elig-tick case=active tick=45 ns=3958800
elig-tick case=active tick=46 ns=3966100
elig-tick case=active tick=47 ns=3323300
elig-tick case=active tick=48 ns=3882600
elig-tick case=active tick=49 ns=3873600
elig-tick case=active tick=50 ns=3865700
elig-tick case=active tick=51 ns=3388500
elig-tick case=active tick=52 ns=3633900
elig-tick case=active tick=53 ns=3514800
elig-tick case=active tick=54 ns=3312700
elig-tick case=active tick=55 ns=2980800
elig-tick case=active tick=56 ns=3574000
elig-tick case=active tick=57 ns=3574600
elig-tick case=active tick=58 ns=3943700
elig-tick case=active tick=59 ns=3981400
elig-tick case=active tick=60 ns=4080000
elig-tick case=active tick=61 ns=3748600
elig-tick case=active tick=62 ns=3657300
elig-tick case=active tick=63 ns=3918100
elig-tick case=active tick=64 ns=4165500
elig-tick case=active tick=65 ns=2980000
elig-tick case=active tick=66 ns=2850300
elig-tick case=active tick=67 ns=3009700
elig-tick case=active tick=68 ns=3175400
elig-tick case=active tick=69 ns=3246900
elig-tick case=active tick=70 ns=3157700
elig-tick case=active tick=71 ns=3083800
elig-tick case=active tick=72 ns=3094300
elig-tick case=active tick=73 ns=2967300
elig-tick case=active tick=74 ns=3540900
elig-tick case=active tick=75 ns=3562100
elig-tick case=active tick=76 ns=3704900
elig-tick case=active tick=77 ns=3652800
elig-tick case=active tick=78 ns=3866900
elig-tick case=active tick=79 ns=3278200
elig-tick case=active tick=80 ns=2331500
elig-tick case=active tick=81 ns=2872100
elig-tick case=active tick=82 ns=3405400
elig-tick case=active tick=83 ns=4905900
elig-tick case=active tick=84 ns=3399700
elig-tick case=active tick=85 ns=4561100
elig-tick case=active tick=86 ns=3257100
elig-tick case=active tick=87 ns=3200800
elig-tick case=active tick=88 ns=3079800
elig-tick case=active tick=89 ns=3639400
elig-tick case=active tick=90 ns=3701000
elig-tick case=active tick=91 ns=3845000
elig-tick case=active tick=92 ns=2966800
elig-tick case=active tick=93 ns=3567000
elig-tick case=active tick=94 ns=3575200
elig-tick case=active tick=95 ns=3312500
elig-tick case=active tick=96 ns=4028200
elig-tick case=active tick=97 ns=3874300
elig-tick case=active tick=98 ns=3908500
elig-tick case=active tick=99 ns=3738400
elig-tick case=active tick=100 ns=4296800
elig-tick case=active tick=101 ns=2846500
elig-tick case=active tick=102 ns=3462900
elig-tick case=active tick=103 ns=3287600
elig-tick case=active tick=104 ns=4009300
elig-tick case=active tick=105 ns=3843700
elig-tick case=active tick=106 ns=3208400
elig-tick case=active tick=107 ns=3594500
elig-tick case=active tick=108 ns=3534300
elig-tick case=active tick=109 ns=3576300
elig-tick case=active tick=110 ns=3379000
elig-tick case=active tick=111 ns=3264100
elig-tick case=active tick=112 ns=4017300
elig-tick case=active tick=113 ns=5172300
elig-tick case=active tick=114 ns=3065400
elig-tick case=active tick=115 ns=3503700
elig-tick case=active tick=116 ns=3453500
elig-tick case=active tick=117 ns=3803800
elig-tick case=active tick=118 ns=3341600
elig-tick case=active tick=119 ns=3869400
elig-tick case=active tick=120 ns=3025800
elig-tick case=active tick=121 ns=2402100
elig-tick case=active tick=122 ns=2948500
elig-tick case=active tick=123 ns=3073100
elig-tick case=active tick=124 ns=3004800
elig-tick case=active tick=125 ns=2537800
elig-tick case=active tick=126 ns=2695700
elig-tick case=active tick=127 ns=2422600
ok

test result: ok. 1 passed; 0 failed; 0 ignored; 0 measured; 1 filtered out; finished in 0.68s

