
running 1 test
test eligibility_commit_wall ... 
elig-end case=capacity window=0 windows=1 ticks=128 input=Sha256Digest(49f3ed00f20f2a716555fe923aeb6f4201702ebebbdc9f550e73765c498d46a4) digest=48287b34c7ea2a970283c1bca078325acb5f50a41c85dc7f20f5402704d95874
elig-tick case=capacity tick=0 ns=341200
elig-tick case=capacity tick=1 ns=345600
elig-tick case=capacity tick=2 ns=351500
elig-tick case=capacity tick=3 ns=351000
elig-tick case=capacity tick=4 ns=365600
elig-tick case=capacity tick=5 ns=362800
elig-tick case=capacity tick=6 ns=370500
elig-tick case=capacity tick=7 ns=370800
elig-tick case=capacity tick=8 ns=367700
elig-tick case=capacity tick=9 ns=359800
elig-tick case=capacity tick=10 ns=360300
elig-tick case=capacity tick=11 ns=361900
elig-tick case=capacity tick=12 ns=354100
elig-tick case=capacity tick=13 ns=357900
elig-tick case=capacity tick=14 ns=351900
elig-tick case=capacity tick=15 ns=352300
elig-tick case=capacity tick=16 ns=364400
elig-tick case=capacity tick=17 ns=416000
elig-tick case=capacity tick=18 ns=371800
elig-tick case=capacity tick=19 ns=367300
elig-tick case=capacity tick=20 ns=367300
elig-tick case=capacity tick=21 ns=359400
elig-tick case=capacity tick=22 ns=360200
elig-tick case=capacity tick=23 ns=373300
elig-tick case=capacity tick=24 ns=361100
elig-tick case=capacity tick=25 ns=368200
elig-tick case=capacity tick=26 ns=366100
elig-tick case=capacity tick=27 ns=376600
elig-tick case=capacity tick=28 ns=360700
elig-tick case=capacity tick=29 ns=364600
elig-tick case=capacity tick=30 ns=356100
elig-tick case=capacity tick=31 ns=361700
elig-tick case=capacity tick=32 ns=366900
elig-tick case=capacity tick=33 ns=354400
elig-tick case=capacity tick=34 ns=352200
elig-tick case=capacity tick=35 ns=356500
elig-tick case=capacity tick=36 ns=350900
elig-tick case=capacity tick=37 ns=356600
elig-tick case=capacity tick=38 ns=358400
elig-tick case=capacity tick=39 ns=357500
elig-tick case=capacity tick=40 ns=359500
elig-tick case=capacity tick=41 ns=360000
elig-tick case=capacity tick=42 ns=369000
elig-tick case=capacity tick=43 ns=361400
elig-tick case=capacity tick=44 ns=360700
elig-tick case=capacity tick=45 ns=365500
elig-tick case=capacity tick=46 ns=356700
elig-tick case=capacity tick=47 ns=370900
elig-tick case=capacity tick=48 ns=361100
elig-tick case=capacity tick=49 ns=360400
elig-tick case=capacity tick=50 ns=370300
elig-tick case=capacity tick=51 ns=368800
elig-tick case=capacity tick=52 ns=366300
elig-tick case=capacity tick=53 ns=360100
elig-tick case=capacity tick=54 ns=357000
elig-tick case=capacity tick=55 ns=357200
elig-tick case=capacity tick=56 ns=368300
elig-tick case=capacity tick=57 ns=362800
elig-tick case=capacity tick=58 ns=360300
elig-tick case=capacity tick=59 ns=483300
elig-tick case=capacity tick=60 ns=390200
elig-tick case=capacity tick=61 ns=370400
elig-tick case=capacity tick=62 ns=406600
elig-tick case=capacity tick=63 ns=366600
elig-tick case=capacity tick=64 ns=379700
elig-tick case=capacity tick=65 ns=375100
elig-tick case=capacity tick=66 ns=502700
elig-tick case=capacity tick=67 ns=370300
elig-tick case=capacity tick=68 ns=432300
elig-tick case=capacity tick=69 ns=371200
elig-tick case=capacity tick=70 ns=365300
elig-tick case=capacity tick=71 ns=376300
elig-tick case=capacity tick=72 ns=373100
elig-tick case=capacity tick=73 ns=369200
elig-tick case=capacity tick=74 ns=369300
elig-tick case=capacity tick=75 ns=362700
elig-tick case=capacity tick=76 ns=360600
elig-tick case=capacity tick=77 ns=361100
elig-tick case=capacity tick=78 ns=359200
elig-tick case=capacity tick=79 ns=363500
elig-tick case=capacity tick=80 ns=361000
elig-tick case=capacity tick=81 ns=361700
elig-tick case=capacity tick=82 ns=358300
elig-tick case=capacity tick=83 ns=363400
elig-tick case=capacity tick=84 ns=361700
elig-tick case=capacity tick=85 ns=369500
elig-tick case=capacity tick=86 ns=363400
elig-tick case=capacity tick=87 ns=362900
elig-tick case=capacity tick=88 ns=357000
elig-tick case=capacity tick=89 ns=356000
elig-tick case=capacity tick=90 ns=352900
elig-tick case=capacity tick=91 ns=346500
elig-tick case=capacity tick=92 ns=346000
elig-tick case=capacity tick=93 ns=351300
elig-tick case=capacity tick=94 ns=351300
elig-tick case=capacity tick=95 ns=355200
elig-tick case=capacity tick=96 ns=365000
elig-tick case=capacity tick=97 ns=362700
elig-tick case=capacity tick=98 ns=368400
elig-tick case=capacity tick=99 ns=366800
elig-tick case=capacity tick=100 ns=364000
elig-tick case=capacity tick=101 ns=481000
elig-tick case=capacity tick=102 ns=392500
elig-tick case=capacity tick=103 ns=370400
elig-tick case=capacity tick=104 ns=370400
elig-tick case=capacity tick=105 ns=375800
elig-tick case=capacity tick=106 ns=380600
elig-tick case=capacity tick=107 ns=371500
elig-tick case=capacity tick=108 ns=364400
elig-tick case=capacity tick=109 ns=359700
elig-tick case=capacity tick=110 ns=361100
elig-tick case=capacity tick=111 ns=361400
elig-tick case=capacity tick=112 ns=365600
elig-tick case=capacity tick=113 ns=361600
elig-tick case=capacity tick=114 ns=364500
elig-tick case=capacity tick=115 ns=362600
elig-tick case=capacity tick=116 ns=360300
elig-tick case=capacity tick=117 ns=358300
elig-tick case=capacity tick=118 ns=370100
elig-tick case=capacity tick=119 ns=363900
elig-tick case=capacity tick=120 ns=366700
elig-tick case=capacity tick=121 ns=361600
elig-tick case=capacity tick=122 ns=364400
elig-tick case=capacity tick=123 ns=361400
elig-tick case=capacity tick=124 ns=361800
elig-tick case=capacity tick=125 ns=353100
elig-tick case=capacity tick=126 ns=350700
elig-tick case=capacity tick=127 ns=350000
ok

test result: ok. 1 passed; 0 failed; 0 ignored; 0 measured; 1 filtered out; finished in 0.08s

