
running 1 test
test eligibility_commit_wall ... 
elig-end case=capacity window=0 windows=1 ticks=128 input=Sha256Digest(49f3ed00f20f2a716555fe923aeb6f4201702ebebbdc9f550e73765c498d46a4) digest=48287b34c7ea2a970283c1bca078325acb5f50a41c85dc7f20f5402704d95874
elig-tick case=capacity tick=0 ns=557900
elig-tick case=capacity tick=1 ns=553500
elig-tick case=capacity tick=2 ns=557300
elig-tick case=capacity tick=3 ns=574400
elig-tick case=capacity tick=4 ns=562400
elig-tick case=capacity tick=5 ns=516900
elig-tick case=capacity tick=6 ns=587400
elig-tick case=capacity tick=7 ns=443900
elig-tick case=capacity tick=8 ns=499300
elig-tick case=capacity tick=9 ns=504000
elig-tick case=capacity tick=10 ns=509600
elig-tick case=capacity tick=11 ns=447300
elig-tick case=capacity tick=12 ns=527100
elig-tick case=capacity tick=13 ns=639900
elig-tick case=capacity tick=14 ns=553700
elig-tick case=capacity tick=15 ns=522400
elig-tick case=capacity tick=16 ns=460300
elig-tick case=capacity tick=17 ns=511300
elig-tick case=capacity tick=18 ns=544900
elig-tick case=capacity tick=19 ns=566100
elig-tick case=capacity tick=20 ns=509600
elig-tick case=capacity tick=21 ns=418900
elig-tick case=capacity tick=22 ns=499000
elig-tick case=capacity tick=23 ns=524600
elig-tick case=capacity tick=24 ns=444700
elig-tick case=capacity tick=25 ns=415700
elig-tick case=capacity tick=26 ns=439700
elig-tick case=capacity tick=27 ns=422400
elig-tick case=capacity tick=28 ns=416900
elig-tick case=capacity tick=29 ns=619400
elig-tick case=capacity tick=30 ns=548000
elig-tick case=capacity tick=31 ns=481300
elig-tick case=capacity tick=32 ns=494400
elig-tick case=capacity tick=33 ns=553500
elig-tick case=capacity tick=34 ns=576100
elig-tick case=capacity tick=35 ns=485100
elig-tick case=capacity tick=36 ns=507500
elig-tick case=capacity tick=37 ns=571500
elig-tick case=capacity tick=38 ns=581500
elig-tick case=capacity tick=39 ns=575800
elig-tick case=capacity tick=40 ns=560900
elig-tick case=capacity tick=41 ns=511300
elig-tick case=capacity tick=42 ns=503800
elig-tick case=capacity tick=43 ns=554300
elig-tick case=capacity tick=44 ns=465500
elig-tick case=capacity tick=45 ns=554700
elig-tick case=capacity tick=46 ns=419500
elig-tick case=capacity tick=47 ns=453900
elig-tick case=capacity tick=48 ns=570000
elig-tick case=capacity tick=49 ns=428300
elig-tick case=capacity tick=50 ns=434500
elig-tick case=capacity tick=51 ns=507000
elig-tick case=capacity tick=52 ns=527500
elig-tick case=capacity tick=53 ns=452100
elig-tick case=capacity tick=54 ns=399100
elig-tick case=capacity tick=55 ns=405100
elig-tick case=capacity tick=56 ns=411700
elig-tick case=capacity tick=57 ns=403000
elig-tick case=capacity tick=58 ns=399100
elig-tick case=capacity tick=59 ns=406900
elig-tick case=capacity tick=60 ns=490100
elig-tick case=capacity tick=61 ns=407400
elig-tick case=capacity tick=62 ns=400700
elig-tick case=capacity tick=63 ns=449500
elig-tick case=capacity tick=64 ns=525700
elig-tick case=capacity tick=65 ns=561700
elig-tick case=capacity tick=66 ns=516600
elig-tick case=capacity tick=67 ns=580100
elig-tick case=capacity tick=68 ns=513800
elig-tick case=capacity tick=69 ns=434000
elig-tick case=capacity tick=70 ns=436100
elig-tick case=capacity tick=71 ns=440200
elig-tick case=capacity tick=72 ns=444100
elig-tick case=capacity tick=73 ns=430600
elig-tick case=capacity tick=74 ns=439200
elig-tick case=capacity tick=75 ns=520000
elig-tick case=capacity tick=76 ns=490600
elig-tick case=capacity tick=77 ns=497400
elig-tick case=capacity tick=78 ns=480600
elig-tick case=capacity tick=79 ns=558100
elig-tick case=capacity tick=80 ns=471000
elig-tick case=capacity tick=81 ns=560500
elig-tick case=capacity tick=82 ns=554100
elig-tick case=capacity tick=83 ns=506600
elig-tick case=capacity tick=84 ns=496600
elig-tick case=capacity tick=85 ns=515100
elig-tick case=capacity tick=86 ns=510000
elig-tick case=capacity tick=87 ns=452200
elig-tick case=capacity tick=88 ns=442900
elig-tick case=capacity tick=89 ns=437400
elig-tick case=capacity tick=90 ns=465900
elig-tick case=capacity tick=91 ns=543200
elig-tick case=capacity tick=92 ns=634800
elig-tick case=capacity tick=93 ns=421600
elig-tick case=capacity tick=94 ns=488000
elig-tick case=capacity tick=95 ns=512900
elig-tick case=capacity tick=96 ns=567400
elig-tick case=capacity tick=97 ns=586600
elig-tick case=capacity tick=98 ns=531100
elig-tick case=capacity tick=99 ns=553300
elig-tick case=capacity tick=100 ns=524600
elig-tick case=capacity tick=101 ns=519700
elig-tick case=capacity tick=102 ns=528600
elig-tick case=capacity tick=103 ns=560300
elig-tick case=capacity tick=104 ns=567800
elig-tick case=capacity tick=105 ns=566700
elig-tick case=capacity tick=106 ns=545000
elig-tick case=capacity tick=107 ns=530000
elig-tick case=capacity tick=108 ns=631600
elig-tick case=capacity tick=109 ns=565600
elig-tick case=capacity tick=110 ns=634200
elig-tick case=capacity tick=111 ns=618100
elig-tick case=capacity tick=112 ns=561400
elig-tick case=capacity tick=113 ns=568700
elig-tick case=capacity tick=114 ns=586400
elig-tick case=capacity tick=115 ns=468600
elig-tick case=capacity tick=116 ns=436600
elig-tick case=capacity tick=117 ns=451200
elig-tick case=capacity tick=118 ns=446700
elig-tick case=capacity tick=119 ns=442200
elig-tick case=capacity tick=120 ns=592800
elig-tick case=capacity tick=121 ns=640200
elig-tick case=capacity tick=122 ns=579200
elig-tick case=capacity tick=123 ns=683500
elig-tick case=capacity tick=124 ns=468600
elig-tick case=capacity tick=125 ns=374600
elig-tick case=capacity tick=126 ns=403500
elig-tick case=capacity tick=127 ns=500900
ok

test result: ok. 1 passed; 0 failed; 0 ignored; 0 measured; 1 filtered out; finished in 0.10s

