
running 1 test
test eligibility_commit_wall ... 
elig-end case=conflict-large window=0 windows=8 ticks=16 input=Sha256Digest(be0d39f44feb802fdb9697c7b5ad7522d367ab086803c8320cc5199f496991b9) digest=dde51337d7f39d46b6fa941b5069f76320d552b3fdcdc2aab71ef6524110cee4
elig-end case=conflict-large window=1 windows=8 ticks=16 input=Sha256Digest(be0d39f44feb802fdb9697c7b5ad7522d367ab086803c8320cc5199f496991b9) digest=dde51337d7f39d46b6fa941b5069f76320d552b3fdcdc2aab71ef6524110cee4
elig-end case=conflict-large window=2 windows=8 ticks=16 input=Sha256Digest(be0d39f44feb802fdb9697c7b5ad7522d367ab086803c8320cc5199f496991b9) digest=dde51337d7f39d46b6fa941b5069f76320d552b3fdcdc2aab71ef6524110cee4
elig-end case=conflict-large window=3 windows=8 ticks=16 input=Sha256Digest(be0d39f44feb802fdb9697c7b5ad7522d367ab086803c8320cc5199f496991b9) digest=dde51337d7f39d46b6fa941b5069f76320d552b3fdcdc2aab71ef6524110cee4
elig-end case=conflict-large window=4 windows=8 ticks=16 input=Sha256Digest(be0d39f44feb802fdb9697c7b5ad7522d367ab086803c8320cc5199f496991b9) digest=dde51337d7f39d46b6fa941b5069f76320d552b3fdcdc2aab71ef6524110cee4
elig-end case=conflict-large window=5 windows=8 ticks=16 input=Sha256Digest(be0d39f44feb802fdb9697c7b5ad7522d367ab086803c8320cc5199f496991b9) digest=dde51337d7f39d46b6fa941b5069f76320d552b3fdcdc2aab71ef6524110cee4
elig-end case=conflict-large window=6 windows=8 ticks=16 input=Sha256Digest(be0d39f44feb802fdb9697c7b5ad7522d367ab086803c8320cc5199f496991b9) digest=dde51337d7f39d46b6fa941b5069f76320d552b3fdcdc2aab71ef6524110cee4
elig-end case=conflict-large window=7 windows=8 ticks=16 input=Sha256Digest(be0d39f44feb802fdb9697c7b5ad7522d367ab086803c8320cc5199f496991b9) digest=dde51337d7f39d46b6fa941b5069f76320d552b3fdcdc2aab71ef6524110cee4
elig-tick case=conflict-large tick=0 ns=347600
elig-tick case=conflict-large tick=1 ns=344000
elig-tick case=conflict-large tick=2 ns=343800
elig-tick case=conflict-large tick=3 ns=341300
elig-tick case=conflict-large tick=4 ns=573500
elig-tick case=conflict-large tick=5 ns=402900
elig-tick case=conflict-large tick=6 ns=343400
elig-tick case=conflict-large tick=7 ns=346500
elig-tick case=conflict-large tick=8 ns=342000
elig-tick case=conflict-large tick=9 ns=340900
elig-tick case=conflict-large tick=10 ns=335400
elig-tick case=conflict-large tick=11 ns=330800
elig-tick case=conflict-large tick=12 ns=339800
elig-tick case=conflict-large tick=13 ns=331200
elig-tick case=conflict-large tick=14 ns=338600
elig-tick case=conflict-large tick=15 ns=552600
elig-tick case=conflict-large tick=16 ns=545500
elig-tick case=conflict-large tick=17 ns=378600
elig-tick case=conflict-large tick=18 ns=389300
elig-tick case=conflict-large tick=19 ns=375100
elig-tick case=conflict-large tick=20 ns=608600
elig-tick case=conflict-large tick=21 ns=339800
elig-tick case=conflict-large tick=22 ns=342600
elig-tick case=conflict-large tick=23 ns=618900
elig-tick case=conflict-large tick=24 ns=358900
elig-tick case=conflict-large tick=25 ns=522800
elig-tick case=conflict-large tick=26 ns=359500
elig-tick case=conflict-large tick=27 ns=382900
elig-tick case=conflict-large tick=28 ns=347000
elig-tick case=conflict-large tick=29 ns=361800
elig-tick case=conflict-large tick=30 ns=336400
elig-tick case=conflict-large tick=31 ns=345900
elig-tick case=conflict-large tick=32 ns=351500
elig-tick case=conflict-large tick=33 ns=333600
elig-tick case=conflict-large tick=34 ns=334800
elig-tick case=conflict-large tick=35 ns=346700
elig-tick case=conflict-large tick=36 ns=526100
elig-tick case=conflict-large tick=37 ns=359800
elig-tick case=conflict-large tick=38 ns=406600
elig-tick case=conflict-large tick=39 ns=471600
elig-tick case=conflict-large tick=40 ns=359900
elig-tick case=conflict-large tick=41 ns=645000
elig-tick case=conflict-large tick=42 ns=370900
elig-tick case=conflict-large tick=43 ns=375400
elig-tick case=conflict-large tick=44 ns=359700
elig-tick case=conflict-large tick=45 ns=346500
elig-tick case=conflict-large tick=46 ns=495000
elig-tick case=conflict-large tick=47 ns=349100
elig-tick case=conflict-large tick=48 ns=348300
elig-tick case=conflict-large tick=49 ns=380200
elig-tick case=conflict-large tick=50 ns=358900
elig-tick case=conflict-large tick=51 ns=397900
elig-tick case=conflict-large tick=52 ns=427700
elig-tick case=conflict-large tick=53 ns=382100
elig-tick case=conflict-large tick=54 ns=345000
elig-tick case=conflict-large tick=55 ns=349400
elig-tick case=conflict-large tick=56 ns=452100
elig-tick case=conflict-large tick=57 ns=576500
elig-tick case=conflict-large tick=58 ns=354300
elig-tick case=conflict-large tick=59 ns=519700
elig-tick case=conflict-large tick=60 ns=667200
elig-tick case=conflict-large tick=61 ns=345400
elig-tick case=conflict-large tick=62 ns=342300
elig-tick case=conflict-large tick=63 ns=339400
elig-tick case=conflict-large tick=64 ns=375100
elig-tick case=conflict-large tick=65 ns=362600
elig-tick case=conflict-large tick=66 ns=367100
elig-tick case=conflict-large tick=67 ns=367500
elig-tick case=conflict-large tick=68 ns=550200
elig-tick case=conflict-large tick=69 ns=382000
elig-tick case=conflict-large tick=70 ns=397600
elig-tick case=conflict-large tick=71 ns=500600
elig-tick case=conflict-large tick=72 ns=458800
elig-tick case=conflict-large tick=73 ns=502500
elig-tick case=conflict-large tick=74 ns=398100
elig-tick case=conflict-large tick=75 ns=351200
elig-tick case=conflict-large tick=76 ns=355100
elig-tick case=conflict-large tick=77 ns=685100
elig-tick case=conflict-large tick=78 ns=645900
elig-tick case=conflict-large tick=79 ns=519000
elig-tick case=conflict-large tick=80 ns=404600
elig-tick case=conflict-large tick=81 ns=345500
elig-tick case=conflict-large tick=82 ns=375800
elig-tick case=conflict-large tick=83 ns=358200
elig-tick case=conflict-large tick=84 ns=349000
elig-tick case=conflict-large tick=85 ns=528700
elig-tick case=conflict-large tick=86 ns=386500
elig-tick case=conflict-large tick=87 ns=344400
elig-tick case=conflict-large tick=88 ns=339800
elig-tick case=conflict-large tick=89 ns=348100
elig-tick case=conflict-large tick=90 ns=348000
elig-tick case=conflict-large tick=91 ns=348700
elig-tick case=conflict-large tick=92 ns=502200
elig-tick case=conflict-large tick=93 ns=389800
elig-tick case=conflict-large tick=94 ns=383000
elig-tick case=conflict-large tick=95 ns=348900
elig-tick case=conflict-large tick=96 ns=671800
elig-tick case=conflict-large tick=97 ns=800600
elig-tick case=conflict-large tick=98 ns=672500
elig-tick case=conflict-large tick=99 ns=1044800
elig-tick case=conflict-large tick=100 ns=603300
elig-tick case=conflict-large tick=101 ns=418200
elig-tick case=conflict-large tick=102 ns=448100
elig-tick case=conflict-large tick=103 ns=448000
elig-tick case=conflict-large tick=104 ns=437700
elig-tick case=conflict-large tick=105 ns=527800
elig-tick case=conflict-large tick=106 ns=591700
elig-tick case=conflict-large tick=107 ns=541000
elig-tick case=conflict-large tick=108 ns=453900
elig-tick case=conflict-large tick=109 ns=421400
elig-tick case=conflict-large tick=110 ns=612600
elig-tick case=conflict-large tick=111 ns=543100
elig-tick case=conflict-large tick=112 ns=348100
elig-tick case=conflict-large tick=113 ns=342000
elig-tick case=conflict-large tick=114 ns=341500
elig-tick case=conflict-large tick=115 ns=342900
elig-tick case=conflict-large tick=116 ns=445800
elig-tick case=conflict-large tick=117 ns=354200
elig-tick case=conflict-large tick=118 ns=355200
elig-tick case=conflict-large tick=119 ns=351700
elig-tick case=conflict-large tick=120 ns=348800
elig-tick case=conflict-large tick=121 ns=337200
elig-tick case=conflict-large tick=122 ns=345100
elig-tick case=conflict-large tick=123 ns=366400
elig-tick case=conflict-large tick=124 ns=335800
elig-tick case=conflict-large tick=125 ns=334000
elig-tick case=conflict-large tick=126 ns=334700
elig-tick case=conflict-large tick=127 ns=352200
ok

test result: ok. 1 passed; 0 failed; 0 ignored; 0 measured; 1 filtered out; finished in 0.13s

