
running 1 test
test eligibility_commit_wall ... 
elig-end case=active window=0 windows=1 ticks=128 input=Sha256Digest(49f3ed00f20f2a716555fe923aeb6f4201702ebebbdc9f550e73765c498d46a4) digest=9ed50a587d552a6a4fdf78daf7a0cd288cfde7d07ae6795fa636a1d15dde00a0
elig-tick case=active tick=0 ns=1826100
elig-tick case=active tick=1 ns=1822600
elig-tick case=active tick=2 ns=1981200
elig-tick case=active tick=3 ns=1823100
elig-tick case=active tick=4 ns=1826800
elig-tick case=active tick=5 ns=1834000
elig-tick case=active tick=6 ns=1855200
elig-tick case=active tick=7 ns=1827400
elig-tick case=active tick=8 ns=1931000
elig-tick case=active tick=9 ns=1835500
elig-tick case=active tick=10 ns=2002800
elig-tick case=active tick=11 ns=1839700
elig-tick case=active tick=12 ns=1811000
elig-tick case=active tick=13 ns=1885100
elig-tick case=active tick=14 ns=2277900
elig-tick case=active tick=15 ns=1984400
elig-tick case=active tick=16 ns=1835200
elig-tick case=active tick=17 ns=1835400
elig-tick case=active tick=18 ns=1972400
elig-tick case=active tick=19 ns=1827900
elig-tick case=active tick=20 ns=1819100
elig-tick case=active tick=21 ns=1822300
elig-tick case=active tick=22 ns=1833800
elig-tick case=active tick=23 ns=1893100
elig-tick case=active tick=24 ns=1850100
elig-tick case=active tick=25 ns=1853900
elig-tick case=active tick=26 ns=1841100
elig-tick case=active tick=27 ns=1986600
elig-tick case=active tick=28 ns=1821200
elig-tick case=active tick=29 ns=1817600
elig-tick case=active tick=30 ns=1828700
elig-tick case=active tick=31 ns=1916800
elig-tick case=active tick=32 ns=1835700
elig-tick case=active tick=33 ns=1834300
elig-tick case=active tick=34 ns=1820700
elig-tick case=active tick=35 ns=2028500
elig-tick case=active tick=36 ns=1808200
elig-tick case=active tick=37 ns=1797100
elig-tick case=active tick=38 ns=1872900
elig-tick case=active tick=39 ns=1880400
elig-tick case=active tick=40 ns=1857200
elig-tick case=active tick=41 ns=1836700
elig-tick case=active tick=42 ns=1866000
elig-tick case=active tick=43 ns=2226400
elig-tick case=active tick=44 ns=1827900
elig-tick case=active tick=45 ns=1842400
elig-tick case=active tick=46 ns=1813300
elig-tick case=active tick=47 ns=1888100
elig-tick case=active tick=48 ns=1886900
elig-tick case=active tick=49 ns=1879900
elig-tick case=active tick=50 ns=1811500
elig-tick case=active tick=51 ns=2039800
elig-tick case=active tick=52 ns=1832800
elig-tick case=active tick=53 ns=1866100
elig-tick case=active tick=54 ns=1803500
elig-tick case=active tick=55 ns=1871700
elig-tick case=active tick=56 ns=1859000
elig-tick case=active tick=57 ns=1862100
elig-tick case=active tick=58 ns=1864900
elig-tick case=active tick=59 ns=1807600
elig-tick case=active tick=60 ns=2107600
elig-tick case=active tick=61 ns=1865200
elig-tick case=active tick=62 ns=1815800
elig-tick case=active tick=63 ns=1848800
elig-tick case=active tick=64 ns=1882900
elig-tick case=active tick=65 ns=1806400
elig-tick case=active tick=66 ns=1825500
elig-tick case=active tick=67 ns=1860700
elig-tick case=active tick=68 ns=2093100
elig-tick case=active tick=69 ns=1845100
elig-tick case=active tick=70 ns=1800400
elig-tick case=active tick=71 ns=1837600
elig-tick case=active tick=72 ns=1825000
elig-tick case=active tick=73 ns=1866300
elig-tick case=active tick=74 ns=1842000
elig-tick case=active tick=75 ns=1955200
elig-tick case=active tick=76 ns=1977700
elig-tick case=active tick=77 ns=1836800
elig-tick case=active tick=78 ns=1823200
elig-tick case=active tick=79 ns=1894100
elig-tick case=active tick=80 ns=1818400
elig-tick case=active tick=81 ns=1829200
elig-tick case=active tick=82 ns=1848100
elig-tick case=active tick=83 ns=1882100
elig-tick case=active tick=84 ns=1871900
elig-tick case=active tick=85 ns=2067300
elig-tick case=active tick=86 ns=1843300
elig-tick case=active tick=87 ns=1867300
elig-tick case=active tick=88 ns=1861900
elig-tick case=active tick=89 ns=1806800
elig-tick case=active tick=90 ns=1873200
elig-tick case=active tick=91 ns=1856700
elig-tick case=active tick=92 ns=1820300
elig-tick case=active tick=93 ns=2151300
elig-tick case=active tick=94 ns=1801800
elig-tick case=active tick=95 ns=1927900
elig-tick case=active tick=96 ns=1863600
elig-tick case=active tick=97 ns=1857500
elig-tick case=active tick=98 ns=1815400
elig-tick case=active tick=99 ns=1860200
elig-tick case=active tick=100 ns=1871000
elig-tick case=active tick=101 ns=2049500
elig-tick case=active tick=102 ns=1834700
elig-tick case=active tick=103 ns=1746700
elig-tick case=active tick=104 ns=1757900
elig-tick case=active tick=105 ns=1717900
elig-tick case=active tick=106 ns=1748600
elig-tick case=active tick=107 ns=1864500
elig-tick case=active tick=108 ns=1858000
elig-tick case=active tick=109 ns=1805800
elig-tick case=active tick=110 ns=2076700
elig-tick case=active tick=111 ns=1830200
elig-tick case=active tick=112 ns=1854800
elig-tick case=active tick=113 ns=1847700
elig-tick case=active tick=114 ns=1862500
elig-tick case=active tick=115 ns=1825700
elig-tick case=active tick=116 ns=1815400
elig-tick case=active tick=117 ns=1830400
elig-tick case=active tick=118 ns=2075300
elig-tick case=active tick=119 ns=1819100
elig-tick case=active tick=120 ns=1833500
elig-tick case=active tick=121 ns=1818000
elig-tick case=active tick=122 ns=1837100
elig-tick case=active tick=123 ns=1841200
elig-tick case=active tick=124 ns=1835100
elig-tick case=active tick=125 ns=1827000
elig-tick case=active tick=126 ns=1845500
elig-tick case=active tick=127 ns=1986500
ok

test result: ok. 1 passed; 0 failed; 0 ignored; 0 measured; 1 filtered out; finished in 0.37s

