
running 1 test
test eligibility_commit_wall ... 
elig-end case=capacity window=0 windows=1 ticks=128 input=Sha256Digest(49f3ed00f20f2a716555fe923aeb6f4201702ebebbdc9f550e73765c498d46a4) digest=48287b34c7ea2a970283c1bca078325acb5f50a41c85dc7f20f5402704d95874
elig-tick case=capacity tick=0 ns=297600
elig-tick case=capacity tick=1 ns=290400
elig-tick case=capacity tick=2 ns=293800
elig-tick case=capacity tick=3 ns=293100
elig-tick case=capacity tick=4 ns=301100
elig-tick case=capacity tick=5 ns=303500
elig-tick case=capacity tick=6 ns=299900
elig-tick case=capacity tick=7 ns=302400
elig-tick case=capacity tick=8 ns=302000
elig-tick case=capacity tick=9 ns=302700
elig-tick case=capacity tick=10 ns=301600
elig-tick case=capacity tick=11 ns=306300
elig-tick case=capacity tick=12 ns=301700
elig-tick case=capacity tick=13 ns=302100
elig-tick case=capacity tick=14 ns=303800
elig-tick case=capacity tick=15 ns=302400
elig-tick case=capacity tick=16 ns=303000
elig-tick case=capacity tick=17 ns=304600
elig-tick case=capacity tick=18 ns=306000
elig-tick case=capacity tick=19 ns=302800
elig-tick case=capacity tick=20 ns=303400
elig-tick case=capacity tick=21 ns=302600
elig-tick case=capacity tick=22 ns=302600
elig-tick case=capacity tick=23 ns=305100
elig-tick case=capacity tick=24 ns=303900
elig-tick case=capacity tick=25 ns=303800
elig-tick case=capacity tick=26 ns=302300
elig-tick case=capacity tick=27 ns=304800
elig-tick case=capacity tick=28 ns=310700
elig-tick case=capacity tick=29 ns=306600
elig-tick case=capacity tick=30 ns=306700
elig-tick case=capacity tick=31 ns=306500
elig-tick case=capacity tick=32 ns=305200
elig-tick case=capacity tick=33 ns=304600
elig-tick case=capacity tick=34 ns=308800
elig-tick case=capacity tick=35 ns=366600
elig-tick case=capacity tick=36 ns=428400
elig-tick case=capacity tick=37 ns=342400
elig-tick case=capacity tick=38 ns=303000
elig-tick case=capacity tick=39 ns=308700
elig-tick case=capacity tick=40 ns=304500
elig-tick case=capacity tick=41 ns=304400
elig-tick case=capacity tick=42 ns=307100
elig-tick case=capacity tick=43 ns=306700
elig-tick case=capacity tick=44 ns=312900
elig-tick case=capacity tick=45 ns=306300
elig-tick case=capacity tick=46 ns=309800
elig-tick case=capacity tick=47 ns=308000
elig-tick case=capacity tick=48 ns=334600
elig-tick case=capacity tick=49 ns=336400
elig-tick case=capacity tick=50 ns=410600
elig-tick case=capacity tick=51 ns=399600
elig-tick case=capacity tick=52 ns=438700
elig-tick case=capacity tick=53 ns=434900
elig-tick case=capacity tick=54 ns=441800
elig-tick case=capacity tick=55 ns=434400
elig-tick case=capacity tick=56 ns=435700
elig-tick case=capacity tick=57 ns=433400
elig-tick case=capacity tick=58 ns=440100
elig-tick case=capacity tick=59 ns=443300
elig-tick case=capacity tick=60 ns=444700
elig-tick case=capacity tick=61 ns=437700
elig-tick case=capacity tick=62 ns=406700
elig-tick case=capacity tick=63 ns=317100
elig-tick case=capacity tick=64 ns=322000
elig-tick case=capacity tick=65 ns=321100
elig-tick case=capacity tick=66 ns=321100
elig-tick case=capacity tick=67 ns=324800
elig-tick case=capacity tick=68 ns=318500
elig-tick case=capacity tick=69 ns=329000
elig-tick case=capacity tick=70 ns=317600
elig-tick case=capacity tick=71 ns=318100
elig-tick case=capacity tick=72 ns=319200
elig-tick case=capacity tick=73 ns=320200
elig-tick case=capacity tick=74 ns=316700
elig-tick case=capacity tick=75 ns=316300
elig-tick case=capacity tick=76 ns=314100
elig-tick case=capacity tick=77 ns=313300
elig-tick case=capacity tick=78 ns=315300
elig-tick case=capacity tick=79 ns=360400
elig-tick case=capacity tick=80 ns=338700
elig-tick case=capacity tick=81 ns=306900
elig-tick case=capacity tick=82 ns=305300
elig-tick case=capacity tick=83 ns=310800
elig-tick case=capacity tick=84 ns=317600
elig-tick case=capacity tick=85 ns=312200
elig-tick case=capacity tick=86 ns=312200
elig-tick case=capacity tick=87 ns=311500
elig-tick case=capacity tick=88 ns=312700
elig-tick case=capacity tick=89 ns=321900
elig-tick case=capacity tick=90 ns=311400
elig-tick case=capacity tick=91 ns=311900
elig-tick case=capacity tick=92 ns=310500
elig-tick case=capacity tick=93 ns=310400
elig-tick case=capacity tick=94 ns=310700
elig-tick case=capacity tick=95 ns=311000
elig-tick case=capacity tick=96 ns=310800
elig-tick case=capacity tick=97 ns=309600
elig-tick case=capacity tick=98 ns=315000
elig-tick case=capacity tick=99 ns=311700
elig-tick case=capacity tick=100 ns=313500
elig-tick case=capacity tick=101 ns=310600
elig-tick case=capacity tick=102 ns=309700
elig-tick case=capacity tick=103 ns=311600
elig-tick case=capacity tick=104 ns=322000
elig-tick case=capacity tick=105 ns=312600
elig-tick case=capacity tick=106 ns=314400
elig-tick case=capacity tick=107 ns=308200
elig-tick case=capacity tick=108 ns=321800
elig-tick case=capacity tick=109 ns=307300
elig-tick case=capacity tick=110 ns=308000
elig-tick case=capacity tick=111 ns=311700
elig-tick case=capacity tick=112 ns=309000
elig-tick case=capacity tick=113 ns=307800
elig-tick case=capacity tick=114 ns=307600
elig-tick case=capacity tick=115 ns=309600
elig-tick case=capacity tick=116 ns=309100
elig-tick case=capacity tick=117 ns=311600
elig-tick case=capacity tick=118 ns=309700
elig-tick case=capacity tick=119 ns=310100
elig-tick case=capacity tick=120 ns=311300
elig-tick case=capacity tick=121 ns=311400
elig-tick case=capacity tick=122 ns=311500
elig-tick case=capacity tick=123 ns=314500
elig-tick case=capacity tick=124 ns=310900
elig-tick case=capacity tick=125 ns=311100
elig-tick case=capacity tick=126 ns=309500
elig-tick case=capacity tick=127 ns=310600
ok

test result: ok. 1 passed; 0 failed; 0 ignored; 0 measured; 1 filtered out; finished in 0.08s

