
running 1 test
test eligibility_commit_wall ... 
elig-end case=active window=0 windows=1 ticks=128 input=Sha256Digest(49f3ed00f20f2a716555fe923aeb6f4201702ebebbdc9f550e73765c498d46a4) digest=9ed50a587d552a6a4fdf78daf7a0cd288cfde7d07ae6795fa636a1d15dde00a0
elig-tick case=active tick=0 ns=1748800
elig-tick case=active tick=1 ns=2029900
elig-tick case=active tick=2 ns=1827400
elig-tick case=active tick=3 ns=2042100
elig-tick case=active tick=4 ns=1839500
elig-tick case=active tick=5 ns=2199800
elig-tick case=active tick=6 ns=2026500
elig-tick case=active tick=7 ns=2851400
elig-tick case=active tick=8 ns=1700000
elig-tick case=active tick=9 ns=2051000
elig-tick case=active tick=10 ns=1756700
elig-tick case=active tick=11 ns=2514000
elig-tick case=active tick=12 ns=1955800
elig-tick case=active tick=13 ns=2054400
elig-tick case=active tick=14 ns=1750500
elig-tick case=active tick=15 ns=2053900
elig-tick case=active tick=16 ns=1751200
elig-tick case=active tick=17 ns=2200600
elig-tick case=active tick=18 ns=1891400
elig-tick case=active tick=19 ns=2207800
elig-tick case=active tick=20 ns=1797300
elig-tick case=active tick=21 ns=1709700
elig-tick case=active tick=22 ns=1744300
elig-tick case=active tick=23 ns=1791600
elig-tick case=active tick=24 ns=1783900
elig-tick case=active tick=25 ns=1776500
elig-tick case=active tick=26 ns=1785400
elig-tick case=active tick=27 ns=1824500
elig-tick case=active tick=28 ns=1978400
elig-tick case=active tick=29 ns=1841300
elig-tick case=active tick=30 ns=1841500
elig-tick case=active tick=31 ns=1809500
elig-tick case=active tick=32 ns=1810300
elig-tick case=active tick=33 ns=1844000
elig-tick case=active tick=34 ns=1838000
elig-tick case=active tick=35 ns=1835200
elig-tick case=active tick=36 ns=2236700
elig-tick case=active tick=37 ns=1829800
elig-tick case=active tick=38 ns=2188600
elig-tick case=active tick=39 ns=1835000
elig-tick case=active tick=40 ns=1838400
elig-tick case=active tick=41 ns=1859700
elig-tick case=active tick=42 ns=1852000
elig-tick case=active tick=43 ns=1833400
elig-tick case=active tick=44 ns=1845200
elig-tick case=active tick=45 ns=2038000
elig-tick case=active tick=46 ns=1853400
elig-tick case=active tick=47 ns=1841800
elig-tick case=active tick=48 ns=1829500
elig-tick case=active tick=49 ns=1820000
elig-tick case=active tick=50 ns=1834400
elig-tick case=active tick=51 ns=1847100
elig-tick case=active tick=52 ns=1831500
elig-tick case=active tick=53 ns=1927900
elig-tick case=active tick=54 ns=1838700
elig-tick case=active tick=55 ns=1826400
elig-tick case=active tick=56 ns=1828200
elig-tick case=active tick=57 ns=1834000
elig-tick case=active tick=58 ns=1847900
elig-tick case=active tick=59 ns=1849000
elig-tick case=active tick=60 ns=1845900
elig-tick case=active tick=61 ns=1906800
elig-tick case=active tick=62 ns=1913300
elig-tick case=active tick=63 ns=1853300
elig-tick case=active tick=64 ns=1906400
elig-tick case=active tick=65 ns=1826600
elig-tick case=active tick=66 ns=1820700
elig-tick case=active tick=67 ns=1827900
elig-tick case=active tick=68 ns=1840700
elig-tick case=active tick=69 ns=1841500
elig-tick case=active tick=70 ns=1952300
elig-tick case=active tick=71 ns=1841300
elig-tick case=active tick=72 ns=1841400
elig-tick case=active tick=73 ns=1833300
elig-tick case=active tick=74 ns=1836000
elig-tick case=active tick=75 ns=1827200
elig-tick case=active tick=76 ns=1845400
elig-tick case=active tick=77 ns=1868200
elig-tick case=active tick=78 ns=1994700
elig-tick case=active tick=79 ns=1843200
elig-tick case=active tick=80 ns=1829000
elig-tick case=active tick=81 ns=1818500
elig-tick case=active tick=82 ns=1816900
elig-tick case=active tick=83 ns=1845800
elig-tick case=active tick=84 ns=1839900
elig-tick case=active tick=85 ns=1832900
elig-tick case=active tick=86 ns=1824400
elig-tick case=active tick=87 ns=1962500
elig-tick case=active tick=88 ns=1830400
elig-tick case=active tick=89 ns=1825200
elig-tick case=active tick=90 ns=1840900
elig-tick case=active tick=91 ns=1839000
elig-tick case=active tick=92 ns=1832200
elig-tick case=active tick=93 ns=1830800
elig-tick case=active tick=94 ns=1857300
elig-tick case=active tick=95 ns=2219000
elig-tick case=active tick=96 ns=1864300
elig-tick case=active tick=97 ns=1822400
elig-tick case=active tick=98 ns=1898000
elig-tick case=active tick=99 ns=1831200
elig-tick case=active tick=100 ns=1818600
elig-tick case=active tick=101 ns=1832100
elig-tick case=active tick=102 ns=1957800
elig-tick case=active tick=103 ns=2010000
elig-tick case=active tick=104 ns=1837200
elig-tick case=active tick=105 ns=1968800
elig-tick case=active tick=106 ns=1845100
elig-tick case=active tick=107 ns=1841400
elig-tick case=active tick=108 ns=1837700
elig-tick case=active tick=109 ns=1836000
elig-tick case=active tick=110 ns=1811000
elig-tick case=active tick=111 ns=1822800
elig-tick case=active tick=112 ns=1969700
elig-tick case=active tick=113 ns=1842000
elig-tick case=active tick=114 ns=1816700
elig-tick case=active tick=115 ns=1814300
elig-tick case=active tick=116 ns=1824700
elig-tick case=active tick=117 ns=1859900
elig-tick case=active tick=118 ns=1850500
elig-tick case=active tick=119 ns=1851700
elig-tick case=active tick=120 ns=1923900
elig-tick case=active tick=121 ns=1819900
elig-tick case=active tick=122 ns=1810700
elig-tick case=active tick=123 ns=1824800
elig-tick case=active tick=124 ns=1834300
elig-tick case=active tick=125 ns=1839600
elig-tick case=active tick=126 ns=1827600
elig-tick case=active tick=127 ns=1832000
ok

test result: ok. 1 passed; 0 failed; 0 ignored; 0 measured; 1 filtered out; finished in 0.37s

