
running 1 test
test eligibility_commit_wall ... 
elig-end case=active window=0 windows=1 ticks=128 input=Sha256Digest(49f3ed00f20f2a716555fe923aeb6f4201702ebebbdc9f550e73765c498d46a4) digest=9ed50a587d552a6a4fdf78daf7a0cd288cfde7d07ae6795fa636a1d15dde00a0
elig-tick case=active tick=0 ns=3741900
elig-tick case=active tick=1 ns=2855300
elig-tick case=active tick=2 ns=2957100
elig-tick case=active tick=3 ns=3407300
elig-tick case=active tick=4 ns=3536900
elig-tick case=active tick=5 ns=3155300
elig-tick case=active tick=6 ns=2750000
elig-tick case=active tick=7 ns=2814700
elig-tick case=active tick=8 ns=2718000
elig-tick case=active tick=9 ns=2804400
elig-tick case=active tick=10 ns=3368600
elig-tick case=active tick=11 ns=3395700
elig-tick case=active tick=12 ns=3359800
elig-tick case=active tick=13 ns=3488500
elig-tick case=active tick=14 ns=3758700
elig-tick case=active tick=15 ns=3710200
elig-tick case=active tick=16 ns=3630300
elig-tick case=active tick=17 ns=3865100
elig-tick case=active tick=18 ns=3441400
elig-tick case=active tick=19 ns=3629700
elig-tick case=active tick=20 ns=3642600
elig-tick case=active tick=21 ns=3167600
elig-tick case=active tick=22 ns=3386600
elig-tick case=active tick=23 ns=4250900
elig-tick case=active tick=24 ns=3746200
elig-tick case=active tick=25 ns=3613400
elig-tick case=active tick=26 ns=4113700
elig-tick case=active tick=27 ns=4584300
elig-tick case=active tick=28 ns=3422300
elig-tick case=active tick=29 ns=3892500
elig-tick case=active tick=30 ns=3293300
elig-tick case=active tick=31 ns=3339500
elig-tick case=active tick=32 ns=4073000
elig-tick case=active tick=33 ns=3654600
elig-tick case=active tick=34 ns=3812600
elig-tick case=active tick=35 ns=3810300
elig-tick case=active tick=36 ns=3930000
elig-tick case=active tick=37 ns=2996400
elig-tick case=active tick=38 ns=3425900
elig-tick case=active tick=39 ns=4275300
elig-tick case=active tick=40 ns=3360400
elig-tick case=active tick=41 ns=3358900
elig-tick case=active tick=42 ns=3386300
elig-tick case=active tick=43 ns=3478000
elig-tick case=active tick=44 ns=3732000
elig-tick case=active tick=45 ns=3582800
elig-tick case=active tick=46 ns=3318100
elig-tick case=active tick=47 ns=3685800
elig-tick case=active tick=48 ns=3681600
elig-tick case=active tick=49 ns=3759600
elig-tick case=active tick=50 ns=3119500
elig-tick case=active tick=51 ns=2839700
elig-tick case=active tick=52 ns=2051700
elig-tick case=active tick=53 ns=2739200
elig-tick case=active tick=54 ns=2558800
elig-tick case=active tick=55 ns=2392700
elig-tick case=active tick=56 ns=2388300
elig-tick case=active tick=57 ns=2131800
elig-tick case=active tick=58 ns=2645400
elig-tick case=active tick=59 ns=3048300
elig-tick case=active tick=60 ns=2985600
elig-tick case=active tick=61 ns=3605700
elig-tick case=active tick=62 ns=3710700
elig-tick case=active tick=63 ns=3423800
elig-tick case=active tick=64 ns=2772800
elig-tick case=active tick=65 ns=2126700
elig-tick case=active tick=66 ns=3234500
elig-tick case=active tick=67 ns=3527800
elig-tick case=active tick=68 ns=3750800
elig-tick case=active tick=69 ns=3662900
elig-tick case=active tick=70 ns=3671700
elig-tick case=active tick=71 ns=3620400
elig-tick case=active tick=72 ns=3208000
elig-tick case=active tick=73 ns=3267200
elig-tick case=active tick=74 ns=3624400
elig-tick case=active tick=75 ns=3493500
elig-tick case=active tick=76 ns=3608900
elig-tick case=active tick=77 ns=3650900
elig-tick case=active tick=78 ns=3273100
elig-tick case=active tick=79 ns=2709300
elig-tick case=active tick=80 ns=2808600
elig-tick case=active tick=81 ns=2730500
elig-tick case=active tick=82 ns=2784400
elig-tick case=active tick=83 ns=2714300
elig-tick case=active tick=84 ns=3708400
elig-tick case=active tick=85 ns=3172900
elig-tick case=active tick=86 ns=3327500
elig-tick case=active tick=87 ns=3617500
elig-tick case=active tick=88 ns=3650200
elig-tick case=active tick=89 ns=3368000
elig-tick case=active tick=90 ns=3416200
elig-tick case=active tick=91 ns=3173800
elig-tick case=active tick=92 ns=3454700
elig-tick case=active tick=93 ns=3728200
elig-tick case=active tick=94 ns=3697000
elig-tick case=active tick=95 ns=3494500
elig-tick case=active tick=96 ns=3718000
elig-tick case=active tick=97 ns=3152400
elig-tick case=active tick=98 ns=3196700
elig-tick case=active tick=99 ns=2968600
elig-tick case=active tick=100 ns=3199400
elig-tick case=active tick=101 ns=3220500
elig-tick case=active tick=102 ns=3520600
elig-tick case=active tick=103 ns=2830700
elig-tick case=active tick=104 ns=2733400
elig-tick case=active tick=105 ns=2835200
elig-tick case=active tick=106 ns=3578400
elig-tick case=active tick=107 ns=3583400
elig-tick case=active tick=108 ns=3044100
elig-tick case=active tick=109 ns=3206800
elig-tick case=active tick=110 ns=3209500
elig-tick case=active tick=111 ns=4790200
elig-tick case=active tick=112 ns=3324200
elig-tick case=active tick=113 ns=3468800
elig-tick case=active tick=114 ns=3023800
elig-tick case=active tick=115 ns=4228900
elig-tick case=active tick=116 ns=3583900
elig-tick case=active tick=117 ns=2676400
elig-tick case=active tick=118 ns=2623700
elig-tick case=active tick=119 ns=2992000
elig-tick case=active tick=120 ns=2740900
elig-tick case=active tick=121 ns=2989900
elig-tick case=active tick=122 ns=2439700
elig-tick case=active tick=123 ns=3036600
elig-tick case=active tick=124 ns=2511400
elig-tick case=active tick=125 ns=5779200
elig-tick case=active tick=126 ns=3326100
elig-tick case=active tick=127 ns=3564800
ok

test result: ok. 1 passed; 0 failed; 0 ignored; 0 measured; 1 filtered out; finished in 0.63s

