
running 1 test
test eligibility_commit_wall ... 
elig-end case=compact window=0 windows=1 ticks=128 input=Sha256Digest(49f3ed00f20f2a716555fe923aeb6f4201702ebebbdc9f550e73765c498d46a4) digest=22e36f386f535893101f373a7eeb4c0ee9019078cc853350e59ca8fbe3e2dfd1
elig-tick case=compact tick=0 ns=292600
elig-tick case=compact tick=1 ns=281700
elig-tick case=compact tick=2 ns=282300
elig-tick case=compact tick=3 ns=189900
elig-tick case=compact tick=4 ns=188000
elig-tick case=compact tick=5 ns=195600
elig-tick case=compact tick=6 ns=247800
elig-tick case=compact tick=7 ns=189200
elig-tick case=compact tick=8 ns=259500
elig-tick case=compact tick=9 ns=287900
elig-tick case=compact tick=10 ns=245000
elig-tick case=compact tick=11 ns=244300
elig-tick case=compact tick=12 ns=242500
elig-tick case=compact tick=13 ns=288900
elig-tick case=compact tick=14 ns=274900
elig-tick case=compact tick=15 ns=301500
elig-tick case=compact tick=16 ns=202800
elig-tick case=compact tick=17 ns=187500
elig-tick case=compact tick=18 ns=192700
elig-tick case=compact tick=19 ns=242400
elig-tick case=compact tick=20 ns=251700
elig-tick case=compact tick=21 ns=239900
elig-tick case=compact tick=22 ns=267400
elig-tick case=compact tick=23 ns=246300
elig-tick case=compact tick=24 ns=201900
elig-tick case=compact tick=25 ns=247600
elig-tick case=compact tick=26 ns=193700
elig-tick case=compact tick=27 ns=192700
elig-tick case=compact tick=28 ns=192600
elig-tick case=compact tick=29 ns=192200
elig-tick case=compact tick=30 ns=217200
elig-tick case=compact tick=31 ns=266200
elig-tick case=compact tick=32 ns=333100
elig-tick case=compact tick=33 ns=253900
elig-tick case=compact tick=34 ns=375900
elig-tick case=compact tick=35 ns=284400
elig-tick case=compact tick=36 ns=278600
elig-tick case=compact tick=37 ns=313600
elig-tick case=compact tick=38 ns=286900
elig-tick case=compact tick=39 ns=260500
elig-tick case=compact tick=40 ns=270200
elig-tick case=compact tick=41 ns=264400
elig-tick case=compact tick=42 ns=274600
elig-tick case=compact tick=43 ns=234300
elig-tick case=compact tick=44 ns=256400
elig-tick case=compact tick=45 ns=228500
elig-tick case=compact tick=46 ns=285000
elig-tick case=compact tick=47 ns=282100
elig-tick case=compact tick=48 ns=279400
elig-tick case=compact tick=49 ns=211300
elig-tick case=compact tick=50 ns=311800
elig-tick case=compact tick=51 ns=196300
elig-tick case=compact tick=52 ns=245100
elig-tick case=compact tick=53 ns=344500
elig-tick case=compact tick=54 ns=297100
elig-tick case=compact tick=55 ns=251400
elig-tick case=compact tick=56 ns=297800
elig-tick case=compact tick=57 ns=283200
elig-tick case=compact tick=58 ns=191700
elig-tick case=compact tick=59 ns=198800
elig-tick case=compact tick=60 ns=292300
elig-tick case=compact tick=61 ns=192000
elig-tick case=compact tick=62 ns=341400
elig-tick case=compact tick=63 ns=279500
elig-tick case=compact tick=64 ns=298300
elig-tick case=compact tick=65 ns=254200
elig-tick case=compact tick=66 ns=256100
elig-tick case=compact tick=67 ns=193500
elig-tick case=compact tick=68 ns=198100
elig-tick case=compact tick=69 ns=287200
elig-tick case=compact tick=70 ns=276700
elig-tick case=compact tick=71 ns=248300
elig-tick case=compact tick=72 ns=278800
elig-tick case=compact tick=73 ns=555500
elig-tick case=compact tick=74 ns=450800
elig-tick case=compact tick=75 ns=353900
elig-tick case=compact tick=76 ns=334800
elig-tick case=compact tick=77 ns=338200
elig-tick case=compact tick=78 ns=367400
elig-tick case=compact tick=79 ns=346200
elig-tick case=compact tick=80 ns=297300
elig-tick case=compact tick=81 ns=310900
elig-tick case=compact tick=82 ns=312000
elig-tick case=compact tick=83 ns=301300
elig-tick case=compact tick=84 ns=300600
elig-tick case=compact tick=85 ns=330400
elig-tick case=compact tick=86 ns=304800
elig-tick case=compact tick=87 ns=414100
elig-tick case=compact tick=88 ns=295700
elig-tick case=compact tick=89 ns=296500
elig-tick case=compact tick=90 ns=297300
elig-tick case=compact tick=91 ns=365900
elig-tick case=compact tick=92 ns=297800
elig-tick case=compact tick=93 ns=307400
elig-tick case=compact tick=94 ns=301300
elig-tick case=compact tick=95 ns=298100
elig-tick case=compact tick=96 ns=315400
elig-tick case=compact tick=97 ns=317800
elig-tick case=compact tick=98 ns=321000
elig-tick case=compact tick=99 ns=301700
elig-tick case=compact tick=100 ns=308600
elig-tick case=compact tick=101 ns=317800
elig-tick case=compact tick=102 ns=300900
elig-tick case=compact tick=103 ns=307300
elig-tick case=compact tick=104 ns=405000
elig-tick case=compact tick=105 ns=308900
elig-tick case=compact tick=106 ns=308500
elig-tick case=compact tick=107 ns=312200
elig-tick case=compact tick=108 ns=302200
elig-tick case=compact tick=109 ns=310500
elig-tick case=compact tick=110 ns=306400
elig-tick case=compact tick=111 ns=313100
elig-tick case=compact tick=112 ns=311500
elig-tick case=compact tick=113 ns=303500
elig-tick case=compact tick=114 ns=302700
elig-tick case=compact tick=115 ns=315300
elig-tick case=compact tick=116 ns=349300
elig-tick case=compact tick=117 ns=339700
elig-tick case=compact tick=118 ns=299500
elig-tick case=compact tick=119 ns=212000
elig-tick case=compact tick=120 ns=211800
elig-tick case=compact tick=121 ns=225800
elig-tick case=compact tick=122 ns=325000
elig-tick case=compact tick=123 ns=342700
elig-tick case=compact tick=124 ns=354900
elig-tick case=compact tick=125 ns=339000
elig-tick case=compact tick=126 ns=330100
elig-tick case=compact tick=127 ns=415800
ok

test result: ok. 1 passed; 0 failed; 0 ignored; 0 measured; 1 filtered out; finished in 0.07s

