
running 1 test
test eligibility_commit_wall ... 
elig-end case=capacity window=0 windows=1 ticks=128 input=Sha256Digest(49f3ed00f20f2a716555fe923aeb6f4201702ebebbdc9f550e73765c498d46a4) digest=48287b34c7ea2a970283c1bca078325acb5f50a41c85dc7f20f5402704d95874
elig-tick case=capacity tick=0 ns=738800
elig-tick case=capacity tick=1 ns=770600
elig-tick case=capacity tick=2 ns=743100
elig-tick case=capacity tick=3 ns=737900
elig-tick case=capacity tick=4 ns=728200
elig-tick case=capacity tick=5 ns=795100
elig-tick case=capacity tick=6 ns=751200
elig-tick case=capacity tick=7 ns=725300
elig-tick case=capacity tick=8 ns=715000
elig-tick case=capacity tick=9 ns=711500
elig-tick case=capacity tick=10 ns=722800
elig-tick case=capacity tick=11 ns=756100
elig-tick case=capacity tick=12 ns=833000
elig-tick case=capacity tick=13 ns=783600
elig-tick case=capacity tick=14 ns=904500
elig-tick case=capacity tick=15 ns=752900
elig-tick case=capacity tick=16 ns=760700
elig-tick case=capacity tick=17 ns=737700
elig-tick case=capacity tick=18 ns=756400
elig-tick case=capacity tick=19 ns=810700
elig-tick case=capacity tick=20 ns=993400
elig-tick case=capacity tick=21 ns=737300
elig-tick case=capacity tick=22 ns=715600
elig-tick case=capacity tick=23 ns=686500
elig-tick case=capacity tick=24 ns=783600
elig-tick case=capacity tick=25 ns=687100
elig-tick case=capacity tick=26 ns=684000
elig-tick case=capacity tick=27 ns=657200
elig-tick case=capacity tick=28 ns=644200
elig-tick case=capacity tick=29 ns=652700
elig-tick case=capacity tick=30 ns=627100
elig-tick case=capacity tick=31 ns=635500
elig-tick case=capacity tick=32 ns=710900
elig-tick case=capacity tick=33 ns=691200
elig-tick case=capacity tick=34 ns=637100
elig-tick case=capacity tick=35 ns=650800
elig-tick case=capacity tick=36 ns=647800
elig-tick case=capacity tick=37 ns=710700
elig-tick case=capacity tick=38 ns=716700
elig-tick case=capacity tick=39 ns=810000
elig-tick case=capacity tick=40 ns=677700
elig-tick case=capacity tick=41 ns=693400
elig-tick case=capacity tick=42 ns=812800
elig-tick case=capacity tick=43 ns=792300
elig-tick case=capacity tick=44 ns=701500
elig-tick case=capacity tick=45 ns=660600
elig-tick case=capacity tick=46 ns=691300
elig-tick case=capacity tick=47 ns=765700
elig-tick case=capacity tick=48 ns=663000
elig-tick case=capacity tick=49 ns=653800
elig-tick case=capacity tick=50 ns=644000
elig-tick case=capacity tick=51 ns=645800
elig-tick case=capacity tick=52 ns=659200
elig-tick case=capacity tick=53 ns=678800
elig-tick case=capacity tick=54 ns=731800
elig-tick case=capacity tick=55 ns=646800
elig-tick case=capacity tick=56 ns=677500
elig-tick case=capacity tick=57 ns=675900
elig-tick case=capacity tick=58 ns=691800
elig-tick case=capacity tick=59 ns=787100
elig-tick case=capacity tick=60 ns=692500
elig-tick case=capacity tick=61 ns=757100
elig-tick case=capacity tick=62 ns=801000
elig-tick case=capacity tick=63 ns=697800
elig-tick case=capacity tick=64 ns=726000
elig-tick case=capacity tick=65 ns=719400
elig-tick case=capacity tick=66 ns=726100
elig-tick case=capacity tick=67 ns=715500
elig-tick case=capacity tick=68 ns=751200
elig-tick case=capacity tick=69 ns=769400
elig-tick case=capacity tick=70 ns=705100
elig-tick case=capacity tick=71 ns=737700
elig-tick case=capacity tick=72 ns=721000
elig-tick case=capacity tick=73 ns=710100
elig-tick case=capacity tick=74 ns=725600
elig-tick case=capacity tick=75 ns=745100
elig-tick case=capacity tick=76 ns=813700
elig-tick case=capacity tick=77 ns=718700
elig-tick case=capacity tick=78 ns=722700
elig-tick case=capacity tick=79 ns=691100
elig-tick case=capacity tick=80 ns=700200
elig-tick case=capacity tick=81 ns=720000
elig-tick case=capacity tick=82 ns=746500
elig-tick case=capacity tick=83 ns=787800
elig-tick case=capacity tick=84 ns=710900
elig-tick case=capacity tick=85 ns=747600
elig-tick case=capacity tick=86 ns=734600
elig-tick case=capacity tick=87 ns=735500
elig-tick case=capacity tick=88 ns=733600
elig-tick case=capacity tick=89 ns=757900
elig-tick case=capacity tick=90 ns=825500
elig-tick case=capacity tick=91 ns=725600
elig-tick case=capacity tick=92 ns=785000
elig-tick case=capacity tick=93 ns=766400
elig-tick case=capacity tick=94 ns=720400
elig-tick case=capacity tick=95 ns=729700
elig-tick case=capacity tick=96 ns=745500
elig-tick case=capacity tick=97 ns=728800
elig-tick case=capacity tick=98 ns=739600
elig-tick case=capacity tick=99 ns=815100
elig-tick case=capacity tick=100 ns=719400
elig-tick case=capacity tick=101 ns=736300
elig-tick case=capacity tick=102 ns=729000
elig-tick case=capacity tick=103 ns=775700
elig-tick case=capacity tick=104 ns=766900
elig-tick case=capacity tick=105 ns=789000
elig-tick case=capacity tick=106 ns=904900
elig-tick case=capacity tick=107 ns=762000
elig-tick case=capacity tick=108 ns=718700
elig-tick case=capacity tick=109 ns=718700
elig-tick case=capacity tick=110 ns=829200
elig-tick case=capacity tick=111 ns=732000
elig-tick case=capacity tick=112 ns=726100
elig-tick case=capacity tick=113 ns=770900
elig-tick case=capacity tick=114 ns=693900
elig-tick case=capacity tick=115 ns=712800
elig-tick case=capacity tick=116 ns=726600
elig-tick case=capacity tick=117 ns=793100
elig-tick case=capacity tick=118 ns=755300
elig-tick case=capacity tick=119 ns=748700
elig-tick case=capacity tick=120 ns=706700
elig-tick case=capacity tick=121 ns=736000
elig-tick case=capacity tick=122 ns=813100
elig-tick case=capacity tick=123 ns=721500
elig-tick case=capacity tick=124 ns=713500
elig-tick case=capacity tick=125 ns=710000
elig-tick case=capacity tick=126 ns=769100
elig-tick case=capacity tick=127 ns=751000
ok

test result: ok. 1 passed; 0 failed; 0 ignored; 0 measured; 1 filtered out; finished in 0.14s

