
running 1 test
test eligibility_commit_wall ... 
elig-end case=compact window=0 windows=1 ticks=128 input=Sha256Digest(49f3ed00f20f2a716555fe923aeb6f4201702ebebbdc9f550e73765c498d46a4) digest=22e36f386f535893101f373a7eeb4c0ee9019078cc853350e59ca8fbe3e2dfd1
elig-tick case=compact tick=0 ns=180800
elig-tick case=compact tick=1 ns=181600
elig-tick case=compact tick=2 ns=180000
elig-tick case=compact tick=3 ns=179400
elig-tick case=compact tick=4 ns=176000
elig-tick case=compact tick=5 ns=170400
elig-tick case=compact tick=6 ns=178800
elig-tick case=compact tick=7 ns=175500
elig-tick case=compact tick=8 ns=176700
elig-tick case=compact tick=9 ns=166100
elig-tick case=compact tick=10 ns=172000
elig-tick case=compact tick=11 ns=173500
elig-tick case=compact tick=12 ns=165700
elig-tick case=compact tick=13 ns=172600
elig-tick case=compact tick=14 ns=170900
elig-tick case=compact tick=15 ns=174200
elig-tick case=compact tick=16 ns=174300
elig-tick case=compact tick=17 ns=177000
elig-tick case=compact tick=18 ns=167500
elig-tick case=compact tick=19 ns=176500
elig-tick case=compact tick=20 ns=184800
elig-tick case=compact tick=21 ns=170400
elig-tick case=compact tick=22 ns=170200
elig-tick case=compact tick=23 ns=179300
elig-tick case=compact tick=24 ns=176700
elig-tick case=compact tick=25 ns=181900
elig-tick case=compact tick=26 ns=181700
elig-tick case=compact tick=27 ns=182000
elig-tick case=compact tick=28 ns=187800
elig-tick case=compact tick=29 ns=181300
elig-tick case=compact tick=30 ns=185400
elig-tick case=compact tick=31 ns=187200
elig-tick case=compact tick=32 ns=185600
elig-tick case=compact tick=33 ns=184400
elig-tick case=compact tick=34 ns=181300
elig-tick case=compact tick=35 ns=184100
elig-tick case=compact tick=36 ns=185900
elig-tick case=compact tick=37 ns=393900
elig-tick case=compact tick=38 ns=188900
elig-tick case=compact tick=39 ns=185600
elig-tick case=compact tick=40 ns=185400
elig-tick case=compact tick=41 ns=182400
elig-tick case=compact tick=42 ns=185300
elig-tick case=compact tick=43 ns=185500
elig-tick case=compact tick=44 ns=185200
elig-tick case=compact tick=45 ns=186800
elig-tick case=compact tick=46 ns=190600
elig-tick case=compact tick=47 ns=179000
elig-tick case=compact tick=48 ns=183200
elig-tick case=compact tick=49 ns=180800
elig-tick case=compact tick=50 ns=184200
elig-tick case=compact tick=51 ns=178800
elig-tick case=compact tick=52 ns=186200
elig-tick case=compact tick=53 ns=185900
elig-tick case=compact tick=54 ns=229500
elig-tick case=compact tick=55 ns=179100
elig-tick case=compact tick=56 ns=185100
elig-tick case=compact tick=57 ns=189200
elig-tick case=compact tick=58 ns=185200
elig-tick case=compact tick=59 ns=179100
elig-tick case=compact tick=60 ns=188800
elig-tick case=compact tick=61 ns=178900
elig-tick case=compact tick=62 ns=194400
elig-tick case=compact tick=63 ns=178000
elig-tick case=compact tick=64 ns=185000
elig-tick case=compact tick=65 ns=181500
elig-tick case=compact tick=66 ns=184800
elig-tick case=compact tick=67 ns=178500
elig-tick case=compact tick=68 ns=188300
elig-tick case=compact tick=69 ns=185400
elig-tick case=compact tick=70 ns=184100
elig-tick case=compact tick=71 ns=184700
elig-tick case=compact tick=72 ns=178800
elig-tick case=compact tick=73 ns=185700
elig-tick case=compact tick=74 ns=185600
elig-tick case=compact tick=75 ns=186000
elig-tick case=compact tick=76 ns=196200
elig-tick case=compact tick=77 ns=186000
elig-tick case=compact tick=78 ns=188500
elig-tick case=compact tick=79 ns=187300
elig-tick case=compact tick=80 ns=188700
elig-tick case=compact tick=81 ns=195200
elig-tick case=compact tick=82 ns=181800
elig-tick case=compact tick=83 ns=189100
elig-tick case=compact tick=84 ns=191900
elig-tick case=compact tick=85 ns=188500
elig-tick case=compact tick=86 ns=192000
elig-tick case=compact tick=87 ns=188800
elig-tick case=compact tick=88 ns=187900
elig-tick case=compact tick=89 ns=193900
elig-tick case=compact tick=90 ns=189200
elig-tick case=compact tick=91 ns=181800
elig-tick case=compact tick=92 ns=184700
elig-tick case=compact tick=93 ns=184300
elig-tick case=compact tick=94 ns=186500
elig-tick case=compact tick=95 ns=188800
elig-tick case=compact tick=96 ns=189000
elig-tick case=compact tick=97 ns=192300
elig-tick case=compact tick=98 ns=202500
elig-tick case=compact tick=99 ns=182000
elig-tick case=compact tick=100 ns=189700
elig-tick case=compact tick=101 ns=181800
elig-tick case=compact tick=102 ns=187900
elig-tick case=compact tick=103 ns=188100
elig-tick case=compact tick=104 ns=189500
elig-tick case=compact tick=105 ns=185800
elig-tick case=compact tick=106 ns=189100
elig-tick case=compact tick=107 ns=182600
elig-tick case=compact tick=108 ns=188300
elig-tick case=compact tick=109 ns=182900
elig-tick case=compact tick=110 ns=192900
elig-tick case=compact tick=111 ns=279900
elig-tick case=compact tick=112 ns=190300
elig-tick case=compact tick=113 ns=192800
elig-tick case=compact tick=114 ns=188800
elig-tick case=compact tick=115 ns=193200
elig-tick case=compact tick=116 ns=182400
elig-tick case=compact tick=117 ns=182200
elig-tick case=compact tick=118 ns=382200
elig-tick case=compact tick=119 ns=194000
elig-tick case=compact tick=120 ns=190000
elig-tick case=compact tick=121 ns=189200
elig-tick case=compact tick=122 ns=193300
elig-tick case=compact tick=123 ns=182900
elig-tick case=compact tick=124 ns=189100
elig-tick case=compact tick=125 ns=194300
elig-tick case=compact tick=126 ns=183400
elig-tick case=compact tick=127 ns=192200
ok

test result: ok. 1 passed; 0 failed; 0 ignored; 0 measured; 1 filtered out; finished in 0.05s

