
running 1 test
test eligibility_commit_wall ... 
elig-end case=parked window=0 windows=1 ticks=128 input=Sha256Digest(49f3ed00f20f2a716555fe923aeb6f4201702ebebbdc9f550e73765c498d46a4) digest=ac461faf72ddf871931e3f5cdde16f2128f082a1a56610b691fc23dddbfdfb91
elig-tick case=parked tick=0 ns=301000
elig-tick case=parked tick=1 ns=303400
elig-tick case=parked tick=2 ns=431600
elig-tick case=parked tick=3 ns=454700
elig-tick case=parked tick=4 ns=440200
elig-tick case=parked tick=5 ns=451800
elig-tick case=parked tick=6 ns=453200
elig-tick case=parked tick=7 ns=436200
elig-tick case=parked tick=8 ns=430400
elig-tick case=parked tick=9 ns=407800
elig-tick case=parked tick=10 ns=302100
elig-tick case=parked tick=11 ns=313300
elig-tick case=parked tick=12 ns=310500
elig-tick case=parked tick=13 ns=310700
elig-tick case=parked tick=14 ns=311000
elig-tick case=parked tick=15 ns=310300
elig-tick case=parked tick=16 ns=314500
elig-tick case=parked tick=17 ns=304900
elig-tick case=parked tick=18 ns=312700
elig-tick case=parked tick=19 ns=305500
elig-tick case=parked tick=20 ns=317500
elig-tick case=parked tick=21 ns=314400
elig-tick case=parked tick=22 ns=313000
elig-tick case=parked tick=23 ns=316300
elig-tick case=parked tick=24 ns=317000
elig-tick case=parked tick=25 ns=321900
elig-tick case=parked tick=26 ns=312700
elig-tick case=parked tick=27 ns=315700
elig-tick case=parked tick=28 ns=319900
elig-tick case=parked tick=29 ns=317500
elig-tick case=parked tick=30 ns=317000
elig-tick case=parked tick=31 ns=321800
elig-tick case=parked tick=32 ns=314900
elig-tick case=parked tick=33 ns=388500
elig-tick case=parked tick=34 ns=307000
elig-tick case=parked tick=35 ns=305700
elig-tick case=parked tick=36 ns=462700
elig-tick case=parked tick=37 ns=473700
elig-tick case=parked tick=38 ns=309700
elig-tick case=parked tick=39 ns=427400
elig-tick case=parked tick=40 ns=318100
elig-tick case=parked tick=41 ns=307400
elig-tick case=parked tick=42 ns=305600
elig-tick case=parked tick=43 ns=307000
elig-tick case=parked tick=44 ns=314100
elig-tick case=parked tick=45 ns=310600
elig-tick case=parked tick=46 ns=316600
elig-tick case=parked tick=47 ns=410600
elig-tick case=parked tick=48 ns=310400
elig-tick case=parked tick=49 ns=315700
elig-tick case=parked tick=50 ns=311500
elig-tick case=parked tick=51 ns=329100
elig-tick case=parked tick=52 ns=307700
elig-tick case=parked tick=53 ns=312300
elig-tick case=parked tick=54 ns=314800
elig-tick case=parked tick=55 ns=313500
elig-tick case=parked tick=56 ns=312700
elig-tick case=parked tick=57 ns=331100
elig-tick case=parked tick=58 ns=386400
elig-tick case=parked tick=59 ns=307600
elig-tick case=parked tick=60 ns=307600
elig-tick case=parked tick=61 ns=307900
elig-tick case=parked tick=62 ns=313900
elig-tick case=parked tick=63 ns=308000
elig-tick case=parked tick=64 ns=307800
elig-tick case=parked tick=65 ns=308400
elig-tick case=parked tick=66 ns=308500
elig-tick case=parked tick=67 ns=308300
elig-tick case=parked tick=68 ns=312300
elig-tick case=parked tick=69 ns=309800
elig-tick case=parked tick=70 ns=309800
elig-tick case=parked tick=71 ns=309300
elig-tick case=parked tick=72 ns=322000
elig-tick case=parked tick=73 ns=316000
elig-tick case=parked tick=74 ns=309900
elig-tick case=parked tick=75 ns=309900
elig-tick case=parked tick=76 ns=309500
elig-tick case=parked tick=77 ns=309900
elig-tick case=parked tick=78 ns=310700
elig-tick case=parked tick=79 ns=314400
elig-tick case=parked tick=80 ns=309600
elig-tick case=parked tick=81 ns=308300
elig-tick case=parked tick=82 ns=308000
elig-tick case=parked tick=83 ns=308200
elig-tick case=parked tick=84 ns=313100
elig-tick case=parked tick=85 ns=310100
elig-tick case=parked tick=86 ns=310500
elig-tick case=parked tick=87 ns=310100
elig-tick case=parked tick=88 ns=309400
elig-tick case=parked tick=89 ns=309300
elig-tick case=parked tick=90 ns=314500
elig-tick case=parked tick=91 ns=310500
elig-tick case=parked tick=92 ns=310700
elig-tick case=parked tick=93 ns=310700
elig-tick case=parked tick=94 ns=309400
elig-tick case=parked tick=95 ns=336000
elig-tick case=parked tick=96 ns=489700
elig-tick case=parked tick=97 ns=360300
elig-tick case=parked tick=98 ns=308500
elig-tick case=parked tick=99 ns=315200
elig-tick case=parked tick=100 ns=312300
elig-tick case=parked tick=101 ns=307500
elig-tick case=parked tick=102 ns=309600
elig-tick case=parked tick=103 ns=308900
elig-tick case=parked tick=104 ns=308600
elig-tick case=parked tick=105 ns=308900
elig-tick case=parked tick=106 ns=310800
elig-tick case=parked tick=107 ns=308400
elig-tick case=parked tick=108 ns=309000
elig-tick case=parked tick=109 ns=310600
elig-tick case=parked tick=110 ns=310700
elig-tick case=parked tick=111 ns=311500
elig-tick case=parked tick=112 ns=314200
elig-tick case=parked tick=113 ns=311700
elig-tick case=parked tick=114 ns=308900
elig-tick case=parked tick=115 ns=308900
elig-tick case=parked tick=116 ns=309600
elig-tick case=parked tick=117 ns=310800
elig-tick case=parked tick=118 ns=307100
elig-tick case=parked tick=119 ns=306100
elig-tick case=parked tick=120 ns=306700
elig-tick case=parked tick=121 ns=306400
elig-tick case=parked tick=122 ns=304800
elig-tick case=parked tick=123 ns=308700
elig-tick case=parked tick=124 ns=305600
elig-tick case=parked tick=125 ns=306000
elig-tick case=parked tick=126 ns=305600
elig-tick case=parked tick=127 ns=304700
ok

test result: ok. 1 passed; 0 failed; 0 ignored; 0 measured; 1 filtered out; finished in 0.07s

