
running 1 test
test eligibility_commit_wall ... 
elig-end case=parked window=0 windows=1 ticks=128 input=Sha256Digest(49f3ed00f20f2a716555fe923aeb6f4201702ebebbdc9f550e73765c498d46a4) digest=ac461faf72ddf871931e3f5cdde16f2128f082a1a56610b691fc23dddbfdfb91
elig-tick case=parked tick=0 ns=292200
elig-tick case=parked tick=1 ns=296200
elig-tick case=parked tick=2 ns=299300
elig-tick case=parked tick=3 ns=298700
elig-tick case=parked tick=4 ns=299600
elig-tick case=parked tick=5 ns=300800
elig-tick case=parked tick=6 ns=296100
elig-tick case=parked tick=7 ns=302300
elig-tick case=parked tick=8 ns=300200
elig-tick case=parked tick=9 ns=300800
elig-tick case=parked tick=10 ns=304100
elig-tick case=parked tick=11 ns=293300
elig-tick case=parked tick=12 ns=297200
elig-tick case=parked tick=13 ns=295000
elig-tick case=parked tick=14 ns=301200
elig-tick case=parked tick=15 ns=302000
elig-tick case=parked tick=16 ns=300500
elig-tick case=parked tick=17 ns=301600
elig-tick case=parked tick=18 ns=303900
elig-tick case=parked tick=19 ns=298100
elig-tick case=parked tick=20 ns=303700
elig-tick case=parked tick=21 ns=303800
elig-tick case=parked tick=22 ns=303600
elig-tick case=parked tick=23 ns=308200
elig-tick case=parked tick=24 ns=309400
elig-tick case=parked tick=25 ns=302300
elig-tick case=parked tick=26 ns=298900
elig-tick case=parked tick=27 ns=302800
elig-tick case=parked tick=28 ns=302200
elig-tick case=parked tick=29 ns=302900
elig-tick case=parked tick=30 ns=307800
elig-tick case=parked tick=31 ns=368700
elig-tick case=parked tick=32 ns=300000
elig-tick case=parked tick=33 ns=304500
elig-tick case=parked tick=34 ns=299600
elig-tick case=parked tick=35 ns=303500
elig-tick case=parked tick=36 ns=302100
elig-tick case=parked tick=37 ns=302200
elig-tick case=parked tick=38 ns=297900
elig-tick case=parked tick=39 ns=305100
elig-tick case=parked tick=40 ns=304000
elig-tick case=parked tick=41 ns=387700
elig-tick case=parked tick=42 ns=303800
elig-tick case=parked tick=43 ns=303500
elig-tick case=parked tick=44 ns=304000
elig-tick case=parked tick=45 ns=301300
elig-tick case=parked tick=46 ns=305700
elig-tick case=parked tick=47 ns=295500
elig-tick case=parked tick=48 ns=295500
elig-tick case=parked tick=49 ns=301800
elig-tick case=parked tick=50 ns=301700
elig-tick case=parked tick=51 ns=297100
elig-tick case=parked tick=52 ns=306300
elig-tick case=parked tick=53 ns=299500
elig-tick case=parked tick=54 ns=304500
elig-tick case=parked tick=55 ns=301900
elig-tick case=parked tick=56 ns=332500
elig-tick case=parked tick=57 ns=303200
elig-tick case=parked tick=58 ns=307900
elig-tick case=parked tick=59 ns=298800
elig-tick case=parked tick=60 ns=304200
elig-tick case=parked tick=61 ns=300300
elig-tick case=parked tick=62 ns=302600
elig-tick case=parked tick=63 ns=298800
elig-tick case=parked tick=64 ns=306100
elig-tick case=parked tick=65 ns=305000
elig-tick case=parked tick=66 ns=306100
elig-tick case=parked tick=67 ns=305600
elig-tick case=parked tick=68 ns=309700
elig-tick case=parked tick=69 ns=328000
elig-tick case=parked tick=70 ns=303700
elig-tick case=parked tick=71 ns=302800
elig-tick case=parked tick=72 ns=303900
elig-tick case=parked tick=73 ns=327600
elig-tick case=parked tick=74 ns=298000
elig-tick case=parked tick=75 ns=305600
elig-tick case=parked tick=76 ns=304000
elig-tick case=parked tick=77 ns=301300
elig-tick case=parked tick=78 ns=310700
elig-tick case=parked tick=79 ns=310600
elig-tick case=parked tick=80 ns=297200
elig-tick case=parked tick=81 ns=299900
elig-tick case=parked tick=82 ns=308600
elig-tick case=parked tick=83 ns=298000
elig-tick case=parked tick=84 ns=306800
elig-tick case=parked tick=85 ns=307500
elig-tick case=parked tick=86 ns=357200
elig-tick case=parked tick=87 ns=301700
elig-tick case=parked tick=88 ns=297500
elig-tick case=parked tick=89 ns=305700
elig-tick case=parked tick=90 ns=376400
elig-tick case=parked tick=91 ns=397500
elig-tick case=parked tick=92 ns=303200
elig-tick case=parked tick=93 ns=306800
elig-tick case=parked tick=94 ns=304000
elig-tick case=parked tick=95 ns=299000
elig-tick case=parked tick=96 ns=303200
elig-tick case=parked tick=97 ns=307500
elig-tick case=parked tick=98 ns=304600
elig-tick case=parked tick=99 ns=303700
elig-tick case=parked tick=100 ns=306700
elig-tick case=parked tick=101 ns=304200
elig-tick case=parked tick=102 ns=301000
elig-tick case=parked tick=103 ns=304200
elig-tick case=parked tick=104 ns=300500
elig-tick case=parked tick=105 ns=296800
elig-tick case=parked tick=106 ns=305900
elig-tick case=parked tick=107 ns=297600
elig-tick case=parked tick=108 ns=310700
elig-tick case=parked tick=109 ns=305900
elig-tick case=parked tick=110 ns=301600
elig-tick case=parked tick=111 ns=299900
elig-tick case=parked tick=112 ns=306600
elig-tick case=parked tick=113 ns=301400
elig-tick case=parked tick=114 ns=303600
elig-tick case=parked tick=115 ns=302500
elig-tick case=parked tick=116 ns=300500
elig-tick case=parked tick=117 ns=302000
elig-tick case=parked tick=118 ns=302300
elig-tick case=parked tick=119 ns=301900
elig-tick case=parked tick=120 ns=301500
elig-tick case=parked tick=121 ns=306200
elig-tick case=parked tick=122 ns=306200
elig-tick case=parked tick=123 ns=305200
elig-tick case=parked tick=124 ns=306600
elig-tick case=parked tick=125 ns=302300
elig-tick case=parked tick=126 ns=306700
elig-tick case=parked tick=127 ns=303000
ok

test result: ok. 1 passed; 0 failed; 0 ignored; 0 measured; 1 filtered out; finished in 0.06s

