
running 1 test
test eligibility_commit_wall ... 
elig-end case=conflict-large window=0 windows=8 ticks=16 input=Sha256Digest(be0d39f44feb802fdb9697c7b5ad7522d367ab086803c8320cc5199f496991b9) digest=dde51337d7f39d46b6fa941b5069f76320d552b3fdcdc2aab71ef6524110cee4
elig-end case=conflict-large window=1 windows=8 ticks=16 input=Sha256Digest(be0d39f44feb802fdb9697c7b5ad7522d367ab086803c8320cc5199f496991b9) digest=dde51337d7f39d46b6fa941b5069f76320d552b3fdcdc2aab71ef6524110cee4
elig-end case=conflict-large window=2 windows=8 ticks=16 input=Sha256Digest(be0d39f44feb802fdb9697c7b5ad7522d367ab086803c8320cc5199f496991b9) digest=dde51337d7f39d46b6fa941b5069f76320d552b3fdcdc2aab71ef6524110cee4
elig-end case=conflict-large window=3 windows=8 ticks=16 input=Sha256Digest(be0d39f44feb802fdb9697c7b5ad7522d367ab086803c8320cc5199f496991b9) digest=dde51337d7f39d46b6fa941b5069f76320d552b3fdcdc2aab71ef6524110cee4
elig-end case=conflict-large window=4 windows=8 ticks=16 input=Sha256Digest(be0d39f44feb802fdb9697c7b5ad7522d367ab086803c8320cc5199f496991b9) digest=dde51337d7f39d46b6fa941b5069f76320d552b3fdcdc2aab71ef6524110cee4
elig-end case=conflict-large window=5 windows=8 ticks=16 input=Sha256Digest(be0d39f44feb802fdb9697c7b5ad7522d367ab086803c8320cc5199f496991b9) digest=dde51337d7f39d46b6fa941b5069f76320d552b3fdcdc2aab71ef6524110cee4
elig-end case=conflict-large window=6 windows=8 ticks=16 input=Sha256Digest(be0d39f44feb802fdb9697c7b5ad7522d367ab086803c8320cc5199f496991b9) digest=dde51337d7f39d46b6fa941b5069f76320d552b3fdcdc2aab71ef6524110cee4
elig-end case=conflict-large window=7 windows=8 ticks=16 input=Sha256Digest(be0d39f44feb802fdb9697c7b5ad7522d367ab086803c8320cc5199f496991b9) digest=dde51337d7f39d46b6fa941b5069f76320d552b3fdcdc2aab71ef6524110cee4
elig-tick case=conflict-large tick=0 ns=377900
elig-tick case=conflict-large tick=1 ns=361500
elig-tick case=conflict-large tick=2 ns=350400
elig-tick case=conflict-large tick=3 ns=343300
elig-tick case=conflict-large tick=4 ns=346900
elig-tick case=conflict-large tick=5 ns=384500
elig-tick case=conflict-large tick=6 ns=377100
elig-tick case=conflict-large tick=7 ns=376000
elig-tick case=conflict-large tick=8 ns=356100
elig-tick case=conflict-large tick=9 ns=344000
elig-tick case=conflict-large tick=10 ns=377900
elig-tick case=conflict-large tick=11 ns=365700
elig-tick case=conflict-large tick=12 ns=373600
elig-tick case=conflict-large tick=13 ns=361100
elig-tick case=conflict-large tick=14 ns=351300
elig-tick case=conflict-large tick=15 ns=345000
elig-tick case=conflict-large tick=16 ns=330600
elig-tick case=conflict-large tick=17 ns=326200
elig-tick case=conflict-large tick=18 ns=332900
elig-tick case=conflict-large tick=19 ns=343900
elig-tick case=conflict-large tick=20 ns=368900
elig-tick case=conflict-large tick=21 ns=367000
elig-tick case=conflict-large tick=22 ns=436900
elig-tick case=conflict-large tick=23 ns=352800
elig-tick case=conflict-large tick=24 ns=336900
elig-tick case=conflict-large tick=25 ns=335000
elig-tick case=conflict-large tick=26 ns=334600
elig-tick case=conflict-large tick=27 ns=374900
elig-tick case=conflict-large tick=28 ns=445400
elig-tick case=conflict-large tick=29 ns=345500
elig-tick case=conflict-large tick=30 ns=367800
elig-tick case=conflict-large tick=31 ns=353300
elig-tick case=conflict-large tick=32 ns=365500
elig-tick case=conflict-large tick=33 ns=365600
elig-tick case=conflict-large tick=34 ns=353800
elig-tick case=conflict-large tick=35 ns=342700
elig-tick case=conflict-large tick=36 ns=344500
elig-tick case=conflict-large tick=37 ns=338500
elig-tick case=conflict-large tick=38 ns=348100
elig-tick case=conflict-large tick=39 ns=338200
elig-tick case=conflict-large tick=40 ns=334000
elig-tick case=conflict-large tick=41 ns=332100
elig-tick case=conflict-large tick=42 ns=338100
elig-tick case=conflict-large tick=43 ns=341600
elig-tick case=conflict-large tick=44 ns=329400
elig-tick case=conflict-large tick=45 ns=339500
elig-tick case=conflict-large tick=46 ns=340300
elig-tick case=conflict-large tick=47 ns=331900
elig-tick case=conflict-large tick=48 ns=341800
elig-tick case=conflict-large tick=49 ns=332400
elig-tick case=conflict-large tick=50 ns=330900
elig-tick case=conflict-large tick=51 ns=336400
elig-tick case=conflict-large tick=52 ns=501600
elig-tick case=conflict-large tick=53 ns=352600
elig-tick case=conflict-large tick=54 ns=336800
elig-tick case=conflict-large tick=55 ns=348700
elig-tick case=conflict-large tick=56 ns=341100
elig-tick case=conflict-large tick=57 ns=339400
elig-tick case=conflict-large tick=58 ns=336300
elig-tick case=conflict-large tick=59 ns=338700
elig-tick case=conflict-large tick=60 ns=341800
elig-tick case=conflict-large tick=61 ns=328500
elig-tick case=conflict-large tick=62 ns=336300
elig-tick case=conflict-large tick=63 ns=369800
elig-tick case=conflict-large tick=64 ns=407100
elig-tick case=conflict-large tick=65 ns=452200
elig-tick case=conflict-large tick=66 ns=369600
elig-tick case=conflict-large tick=67 ns=360100
elig-tick case=conflict-large tick=68 ns=345000
elig-tick case=conflict-large tick=69 ns=350900
elig-tick case=conflict-large tick=70 ns=343700
elig-tick case=conflict-large tick=71 ns=343700
elig-tick case=conflict-large tick=72 ns=340000
elig-tick case=conflict-large tick=73 ns=350200
elig-tick case=conflict-large tick=74 ns=446800
elig-tick case=conflict-large tick=75 ns=452100
elig-tick case=conflict-large tick=76 ns=575500
elig-tick case=conflict-large tick=77 ns=404200
elig-tick case=conflict-large tick=78 ns=383800
elig-tick case=conflict-large tick=79 ns=417500
elig-tick case=conflict-large tick=80 ns=342700
elig-tick case=conflict-large tick=81 ns=339100
elig-tick case=conflict-large tick=82 ns=333300
elig-tick case=conflict-large tick=83 ns=377900
elig-tick case=conflict-large tick=84 ns=341200
elig-tick case=conflict-large tick=85 ns=337900
elig-tick case=conflict-large tick=86 ns=351100
elig-tick case=conflict-large tick=87 ns=359000
elig-tick case=conflict-large tick=88 ns=356700
elig-tick case=conflict-large tick=89 ns=341000
elig-tick case=conflict-large tick=90 ns=340600
elig-tick case=conflict-large tick=91 ns=329600
elig-tick case=conflict-large tick=92 ns=331200
elig-tick case=conflict-large tick=93 ns=326800
elig-tick case=conflict-large tick=94 ns=328700
elig-tick case=conflict-large tick=95 ns=321500
elig-tick case=conflict-large tick=96 ns=323100
elig-tick case=conflict-large tick=97 ns=332100
elig-tick case=conflict-large tick=98 ns=335300
elig-tick case=conflict-large tick=99 ns=338600
elig-tick case=conflict-large tick=100 ns=372600
elig-tick case=conflict-large tick=101 ns=365500
elig-tick case=conflict-large tick=102 ns=423000
elig-tick case=conflict-large tick=103 ns=360900
elig-tick case=conflict-large tick=104 ns=346000
elig-tick case=conflict-large tick=105 ns=375600
elig-tick case=conflict-large tick=106 ns=341700
elig-tick case=conflict-large tick=107 ns=429600
elig-tick case=conflict-large tick=108 ns=414400
elig-tick case=conflict-large tick=109 ns=357800
elig-tick case=conflict-large tick=110 ns=388600
elig-tick case=conflict-large tick=111 ns=342500
elig-tick case=conflict-large tick=112 ns=359800
elig-tick case=conflict-large tick=113 ns=360600
elig-tick case=conflict-large tick=114 ns=351800
elig-tick case=conflict-large tick=115 ns=357000
elig-tick case=conflict-large tick=116 ns=353800
elig-tick case=conflict-large tick=117 ns=353300
elig-tick case=conflict-large tick=118 ns=327800
elig-tick case=conflict-large tick=119 ns=322500
elig-tick case=conflict-large tick=120 ns=320500
elig-tick case=conflict-large tick=121 ns=323100
elig-tick case=conflict-large tick=122 ns=326400
elig-tick case=conflict-large tick=123 ns=357500
elig-tick case=conflict-large tick=124 ns=354000
elig-tick case=conflict-large tick=125 ns=341400
elig-tick case=conflict-large tick=126 ns=336200
elig-tick case=conflict-large tick=127 ns=376900
ok

test result: ok. 1 passed; 0 failed; 0 ignored; 0 measured; 1 filtered out; finished in 0.11s

