
running 1 test
test eligibility_commit_wall ... 
elig-end case=parked window=0 windows=1 ticks=128 input=Sha256Digest(49f3ed00f20f2a716555fe923aeb6f4201702ebebbdc9f550e73765c498d46a4) digest=ac461faf72ddf871931e3f5cdde16f2128f082a1a56610b691fc23dddbfdfb91
elig-tick case=parked tick=0 ns=262700
elig-tick case=parked tick=1 ns=268800
elig-tick case=parked tick=2 ns=261500
elig-tick case=parked tick=3 ns=292800
elig-tick case=parked tick=4 ns=261200
elig-tick case=parked tick=5 ns=268800
elig-tick case=parked tick=6 ns=320500
elig-tick case=parked tick=7 ns=273900
elig-tick case=parked tick=8 ns=337200
elig-tick case=parked tick=9 ns=425100
elig-tick case=parked tick=10 ns=261900
elig-tick case=parked tick=11 ns=350100
elig-tick case=parked tick=12 ns=379800
elig-tick case=parked tick=13 ns=513000
elig-tick case=parked tick=14 ns=305500
elig-tick case=parked tick=15 ns=428800
elig-tick case=parked tick=16 ns=332700
elig-tick case=parked tick=17 ns=266900
elig-tick case=parked tick=18 ns=256900
elig-tick case=parked tick=19 ns=267900
elig-tick case=parked tick=20 ns=293900
elig-tick case=parked tick=21 ns=328700
elig-tick case=parked tick=22 ns=256000
elig-tick case=parked tick=23 ns=306200
elig-tick case=parked tick=24 ns=264900
elig-tick case=parked tick=25 ns=304000
elig-tick case=parked tick=26 ns=305200
elig-tick case=parked tick=27 ns=323900
elig-tick case=parked tick=28 ns=259200
elig-tick case=parked tick=29 ns=268800
elig-tick case=parked tick=30 ns=281500
elig-tick case=parked tick=31 ns=271300
elig-tick case=parked tick=32 ns=267400
elig-tick case=parked tick=33 ns=269300
elig-tick case=parked tick=34 ns=265300
elig-tick case=parked tick=35 ns=321900
elig-tick case=parked tick=36 ns=290800
elig-tick case=parked tick=37 ns=271600
elig-tick case=parked tick=38 ns=264700
elig-tick case=parked tick=39 ns=271000
elig-tick case=parked tick=40 ns=274900
elig-tick case=parked tick=41 ns=272100
elig-tick case=parked tick=42 ns=271600
elig-tick case=parked tick=43 ns=275700
elig-tick case=parked tick=44 ns=269700
elig-tick case=parked tick=45 ns=362600
elig-tick case=parked tick=46 ns=264400
elig-tick case=parked tick=47 ns=271000
elig-tick case=parked tick=48 ns=296700
elig-tick case=parked tick=49 ns=332800
elig-tick case=parked tick=50 ns=369200
elig-tick case=parked tick=51 ns=295400
elig-tick case=parked tick=52 ns=267700
elig-tick case=parked tick=53 ns=276900
elig-tick case=parked tick=54 ns=288000
elig-tick case=parked tick=55 ns=274500
elig-tick case=parked tick=56 ns=275700
elig-tick case=parked tick=57 ns=268000
elig-tick case=parked tick=58 ns=273800
elig-tick case=parked tick=59 ns=270000
elig-tick case=parked tick=60 ns=272000
elig-tick case=parked tick=61 ns=275000
elig-tick case=parked tick=62 ns=270600
elig-tick case=parked tick=63 ns=270900
elig-tick case=parked tick=64 ns=302900
elig-tick case=parked tick=65 ns=307600
elig-tick case=parked tick=66 ns=269000
elig-tick case=parked tick=67 ns=274900
elig-tick case=parked tick=68 ns=267300
elig-tick case=parked tick=69 ns=266300
elig-tick case=parked tick=70 ns=287400
elig-tick case=parked tick=71 ns=265800
elig-tick case=parked tick=72 ns=273600
elig-tick case=parked tick=73 ns=272900
elig-tick case=parked tick=74 ns=292900
elig-tick case=parked tick=75 ns=272400
elig-tick case=parked tick=76 ns=272600
elig-tick case=parked tick=77 ns=272400
elig-tick case=parked tick=78 ns=274900
elig-tick case=parked tick=79 ns=310100
elig-tick case=parked tick=80 ns=310300
elig-tick case=parked tick=81 ns=272900
elig-tick case=parked tick=82 ns=403800
elig-tick case=parked tick=83 ns=327200
elig-tick case=parked tick=84 ns=273700
elig-tick case=parked tick=85 ns=273700
elig-tick case=parked tick=86 ns=281800
elig-tick case=parked tick=87 ns=271100
elig-tick case=parked tick=88 ns=273300
elig-tick case=parked tick=89 ns=274400
elig-tick case=parked tick=90 ns=273000
elig-tick case=parked tick=91 ns=271500
elig-tick case=parked tick=92 ns=274400
elig-tick case=parked tick=93 ns=273000
elig-tick case=parked tick=94 ns=339100
elig-tick case=parked tick=95 ns=270200
elig-tick case=parked tick=96 ns=269600
elig-tick case=parked tick=97 ns=272600
elig-tick case=parked tick=98 ns=273100
elig-tick case=parked tick=99 ns=266100
elig-tick case=parked tick=100 ns=273100
elig-tick case=parked tick=101 ns=271500
elig-tick case=parked tick=102 ns=273200
elig-tick case=parked tick=103 ns=337400
elig-tick case=parked tick=104 ns=294200
elig-tick case=parked tick=105 ns=272400
elig-tick case=parked tick=106 ns=279300
elig-tick case=parked tick=107 ns=275100
elig-tick case=parked tick=108 ns=343800
elig-tick case=parked tick=109 ns=308800
elig-tick case=parked tick=110 ns=274200
elig-tick case=parked tick=111 ns=271300
elig-tick case=parked tick=112 ns=272300
elig-tick case=parked tick=113 ns=264800
elig-tick case=parked tick=114 ns=270600
elig-tick case=parked tick=115 ns=271900
elig-tick case=parked tick=116 ns=270600
elig-tick case=parked tick=117 ns=268500
elig-tick case=parked tick=118 ns=306800
elig-tick case=parked tick=119 ns=268000
elig-tick case=parked tick=120 ns=271500
elig-tick case=parked tick=121 ns=272500
elig-tick case=parked tick=122 ns=271400
elig-tick case=parked tick=123 ns=319400
elig-tick case=parked tick=124 ns=364500
elig-tick case=parked tick=125 ns=306200
elig-tick case=parked tick=126 ns=274600
elig-tick case=parked tick=127 ns=267400
ok

test result: ok. 1 passed; 0 failed; 0 ignored; 0 measured; 1 filtered out; finished in 0.07s

