
running 1 test
test eligibility_commit_wall ... 
elig-end case=conflict-large window=0 windows=8 ticks=16 input=Sha256Digest(be0d39f44feb802fdb9697c7b5ad7522d367ab086803c8320cc5199f496991b9) digest=dde51337d7f39d46b6fa941b5069f76320d552b3fdcdc2aab71ef6524110cee4
elig-end case=conflict-large window=1 windows=8 ticks=16 input=Sha256Digest(be0d39f44feb802fdb9697c7b5ad7522d367ab086803c8320cc5199f496991b9) digest=dde51337d7f39d46b6fa941b5069f76320d552b3fdcdc2aab71ef6524110cee4
elig-end case=conflict-large window=2 windows=8 ticks=16 input=Sha256Digest(be0d39f44feb802fdb9697c7b5ad7522d367ab086803c8320cc5199f496991b9) digest=dde51337d7f39d46b6fa941b5069f76320d552b3fdcdc2aab71ef6524110cee4
elig-end case=conflict-large window=3 windows=8 ticks=16 input=Sha256Digest(be0d39f44feb802fdb9697c7b5ad7522d367ab086803c8320cc5199f496991b9) digest=dde51337d7f39d46b6fa941b5069f76320d552b3fdcdc2aab71ef6524110cee4
elig-end case=conflict-large window=4 windows=8 ticks=16 input=Sha256Digest(be0d39f44feb802fdb9697c7b5ad7522d367ab086803c8320cc5199f496991b9) digest=dde51337d7f39d46b6fa941b5069f76320d552b3fdcdc2aab71ef6524110cee4
elig-end case=conflict-large window=5 windows=8 ticks=16 input=Sha256Digest(be0d39f44feb802fdb9697c7b5ad7522d367ab086803c8320cc5199f496991b9) digest=dde51337d7f39d46b6fa941b5069f76320d552b3fdcdc2aab71ef6524110cee4
elig-end case=conflict-large window=6 windows=8 ticks=16 input=Sha256Digest(be0d39f44feb802fdb9697c7b5ad7522d367ab086803c8320cc5199f496991b9) digest=dde51337d7f39d46b6fa941b5069f76320d552b3fdcdc2aab71ef6524110cee4
elig-end case=conflict-large window=7 windows=8 ticks=16 input=Sha256Digest(be0d39f44feb802fdb9697c7b5ad7522d367ab086803c8320cc5199f496991b9) digest=dde51337d7f39d46b6fa941b5069f76320d552b3fdcdc2aab71ef6524110cee4
elig-tick case=conflict-large tick=0 ns=456300
elig-tick case=conflict-large tick=1 ns=474300
elig-tick case=conflict-large tick=2 ns=464400
elig-tick case=conflict-large tick=3 ns=774000
elig-tick case=conflict-large tick=4 ns=332400
elig-tick case=conflict-large tick=5 ns=336800
elig-tick case=conflict-large tick=6 ns=340100
elig-tick case=conflict-large tick=7 ns=340800
elig-tick case=conflict-large tick=8 ns=344500
elig-tick case=conflict-large tick=9 ns=422200
elig-tick case=conflict-large tick=10 ns=375900
elig-tick case=conflict-large tick=11 ns=339100
elig-tick case=conflict-large tick=12 ns=351000
elig-tick case=conflict-large tick=13 ns=355800
elig-tick case=conflict-large tick=14 ns=438500
elig-tick case=conflict-large tick=15 ns=421100
elig-tick case=conflict-large tick=16 ns=321400
elig-tick case=conflict-large tick=17 ns=328900
elig-tick case=conflict-large tick=18 ns=333000
elig-tick case=conflict-large tick=19 ns=330500
elig-tick case=conflict-large tick=20 ns=334200
elig-tick case=conflict-large tick=21 ns=339600
elig-tick case=conflict-large tick=22 ns=325800
elig-tick case=conflict-large tick=23 ns=330200
elig-tick case=conflict-large tick=24 ns=326700
elig-tick case=conflict-large tick=25 ns=326300
elig-tick case=conflict-large tick=26 ns=325800
elig-tick case=conflict-large tick=27 ns=333600
elig-tick case=conflict-large tick=28 ns=334800
elig-tick case=conflict-large tick=29 ns=330600
elig-tick case=conflict-large tick=30 ns=334200
elig-tick case=conflict-large tick=31 ns=338500
elig-tick case=conflict-large tick=32 ns=340800
elig-tick case=conflict-large tick=33 ns=351700
elig-tick case=conflict-large tick=34 ns=358600
elig-tick case=conflict-large tick=35 ns=335200
elig-tick case=conflict-large tick=36 ns=340800
elig-tick case=conflict-large tick=37 ns=344000
elig-tick case=conflict-large tick=38 ns=429900
elig-tick case=conflict-large tick=39 ns=351000
elig-tick case=conflict-large tick=40 ns=398800
elig-tick case=conflict-large tick=41 ns=454500
elig-tick case=conflict-large tick=42 ns=342500
elig-tick case=conflict-large tick=43 ns=350700
elig-tick case=conflict-large tick=44 ns=340400
elig-tick case=conflict-large tick=45 ns=345700
elig-tick case=conflict-large tick=46 ns=412900
elig-tick case=conflict-large tick=47 ns=347600
elig-tick case=conflict-large tick=48 ns=421700
elig-tick case=conflict-large tick=49 ns=353600
elig-tick case=conflict-large tick=50 ns=340900
elig-tick case=conflict-large tick=51 ns=347400
elig-tick case=conflict-large tick=52 ns=336300
elig-tick case=conflict-large tick=53 ns=371700
elig-tick case=conflict-large tick=54 ns=445100
elig-tick case=conflict-large tick=55 ns=352600
elig-tick case=conflict-large tick=56 ns=367300
elig-tick case=conflict-large tick=57 ns=360000
elig-tick case=conflict-large tick=58 ns=370800
elig-tick case=conflict-large tick=59 ns=374300
elig-tick case=conflict-large tick=60 ns=338100
elig-tick case=conflict-large tick=61 ns=340900
elig-tick case=conflict-large tick=62 ns=335900
elig-tick case=conflict-large tick=63 ns=331600
elig-tick case=conflict-large tick=64 ns=333300
elig-tick case=conflict-large tick=65 ns=319100
elig-tick case=conflict-large tick=66 ns=317800
elig-tick case=conflict-large tick=67 ns=319900
elig-tick case=conflict-large tick=68 ns=317500
elig-tick case=conflict-large tick=69 ns=318300
elig-tick case=conflict-large tick=70 ns=316600
elig-tick case=conflict-large tick=71 ns=315500
elig-tick case=conflict-large tick=72 ns=325100
elig-tick case=conflict-large tick=73 ns=319800
elig-tick case=conflict-large tick=74 ns=318000
elig-tick case=conflict-large tick=75 ns=321400
elig-tick case=conflict-large tick=76 ns=332800
elig-tick case=conflict-large tick=77 ns=327000
elig-tick case=conflict-large tick=78 ns=330000
elig-tick case=conflict-large tick=79 ns=323100
elig-tick case=conflict-large tick=80 ns=351300
elig-tick case=conflict-large tick=81 ns=327000
elig-tick case=conflict-large tick=82 ns=339800
elig-tick case=conflict-large tick=83 ns=389900
elig-tick case=conflict-large tick=84 ns=427300
elig-tick case=conflict-large tick=85 ns=345700
elig-tick case=conflict-large tick=86 ns=362900
elig-tick case=conflict-large tick=87 ns=356800
elig-tick case=conflict-large tick=88 ns=384700
elig-tick case=conflict-large tick=89 ns=418100
elig-tick case=conflict-large tick=90 ns=344000
elig-tick case=conflict-large tick=91 ns=344900
elig-tick case=conflict-large tick=92 ns=332400
elig-tick case=conflict-large tick=93 ns=323300
elig-tick case=conflict-large tick=94 ns=326400
elig-tick case=conflict-large tick=95 ns=322900
elig-tick case=conflict-large tick=96 ns=346400
elig-tick case=conflict-large tick=97 ns=340400
elig-tick case=conflict-large tick=98 ns=356300
elig-tick case=conflict-large tick=99 ns=344400
elig-tick case=conflict-large tick=100 ns=346700
elig-tick case=conflict-large tick=101 ns=344000
elig-tick case=conflict-large tick=102 ns=344000
elig-tick case=conflict-large tick=103 ns=328100
elig-tick case=conflict-large tick=104 ns=327500
elig-tick case=conflict-large tick=105 ns=400400
elig-tick case=conflict-large tick=106 ns=460300
elig-tick case=conflict-large tick=107 ns=335000
elig-tick case=conflict-large tick=108 ns=350200
elig-tick case=conflict-large tick=109 ns=375300
elig-tick case=conflict-large tick=110 ns=374000
elig-tick case=conflict-large tick=111 ns=375400
elig-tick case=conflict-large tick=112 ns=346700
elig-tick case=conflict-large tick=113 ns=333400
elig-tick case=conflict-large tick=114 ns=338700
elig-tick case=conflict-large tick=115 ns=356900
elig-tick case=conflict-large tick=116 ns=355600
elig-tick case=conflict-large tick=117 ns=366000
elig-tick case=conflict-large tick=118 ns=336000
elig-tick case=conflict-large tick=119 ns=344300
elig-tick case=conflict-large tick=120 ns=337000
elig-tick case=conflict-large tick=121 ns=347700
elig-tick case=conflict-large tick=122 ns=336500
elig-tick case=conflict-large tick=123 ns=342900
elig-tick case=conflict-large tick=124 ns=335800
elig-tick case=conflict-large tick=125 ns=338100
elig-tick case=conflict-large tick=126 ns=371800
elig-tick case=conflict-large tick=127 ns=361200
ok

test result: ok. 1 passed; 0 failed; 0 ignored; 0 measured; 1 filtered out; finished in 0.11s

