
running 1 test
test eligibility_commit_wall ... 
elig-end case=capacity window=0 windows=1 ticks=128 input=Sha256Digest(49f3ed00f20f2a716555fe923aeb6f4201702ebebbdc9f550e73765c498d46a4) digest=48287b34c7ea2a970283c1bca078325acb5f50a41c85dc7f20f5402704d95874
elig-tick case=capacity tick=0 ns=486700
elig-tick case=capacity tick=1 ns=485500
elig-tick case=capacity tick=2 ns=492500
elig-tick case=capacity tick=3 ns=496400
elig-tick case=capacity tick=4 ns=501800
elig-tick case=capacity tick=5 ns=492400
elig-tick case=capacity tick=6 ns=498900
elig-tick case=capacity tick=7 ns=492500
elig-tick case=capacity tick=8 ns=492300
elig-tick case=capacity tick=9 ns=504800
elig-tick case=capacity tick=10 ns=493000
elig-tick case=capacity tick=11 ns=499400
elig-tick case=capacity tick=12 ns=494800
elig-tick case=capacity tick=13 ns=497700
elig-tick case=capacity tick=14 ns=483900
elig-tick case=capacity tick=15 ns=482100
elig-tick case=capacity tick=16 ns=488200
elig-tick case=capacity tick=17 ns=488800
elig-tick case=capacity tick=18 ns=490600
elig-tick case=capacity tick=19 ns=664700
elig-tick case=capacity tick=20 ns=491100
elig-tick case=capacity tick=21 ns=494500
elig-tick case=capacity tick=22 ns=494900
elig-tick case=capacity tick=23 ns=494700
elig-tick case=capacity tick=24 ns=488700
elig-tick case=capacity tick=25 ns=494700
elig-tick case=capacity tick=26 ns=482900
elig-tick case=capacity tick=27 ns=492900
elig-tick case=capacity tick=28 ns=508200
elig-tick case=capacity tick=29 ns=489600
elig-tick case=capacity tick=30 ns=496100
elig-tick case=capacity tick=31 ns=494500
elig-tick case=capacity tick=32 ns=495000
elig-tick case=capacity tick=33 ns=535700
elig-tick case=capacity tick=34 ns=519400
elig-tick case=capacity tick=35 ns=517700
elig-tick case=capacity tick=36 ns=532400
elig-tick case=capacity tick=37 ns=528500
elig-tick case=capacity tick=38 ns=491400
elig-tick case=capacity tick=39 ns=497400
elig-tick case=capacity tick=40 ns=503900
elig-tick case=capacity tick=41 ns=483000
elig-tick case=capacity tick=42 ns=490800
elig-tick case=capacity tick=43 ns=540700
elig-tick case=capacity tick=44 ns=520100
elig-tick case=capacity tick=45 ns=484600
elig-tick case=capacity tick=46 ns=493000
elig-tick case=capacity tick=47 ns=491100
elig-tick case=capacity tick=48 ns=484500
elig-tick case=capacity tick=49 ns=481900
elig-tick case=capacity tick=50 ns=601500
elig-tick case=capacity tick=51 ns=492400
elig-tick case=capacity tick=52 ns=512600
elig-tick case=capacity tick=53 ns=501800
elig-tick case=capacity tick=54 ns=504000
elig-tick case=capacity tick=55 ns=519600
elig-tick case=capacity tick=56 ns=536600
elig-tick case=capacity tick=57 ns=546300
elig-tick case=capacity tick=58 ns=518800
elig-tick case=capacity tick=59 ns=526300
elig-tick case=capacity tick=60 ns=642100
elig-tick case=capacity tick=61 ns=549100
elig-tick case=capacity tick=62 ns=545400
elig-tick case=capacity tick=63 ns=512800
elig-tick case=capacity tick=64 ns=520800
elig-tick case=capacity tick=65 ns=505200
elig-tick case=capacity tick=66 ns=506800
elig-tick case=capacity tick=67 ns=525700
elig-tick case=capacity tick=68 ns=508900
elig-tick case=capacity tick=69 ns=517100
elig-tick case=capacity tick=70 ns=503500
elig-tick case=capacity tick=71 ns=501500
elig-tick case=capacity tick=72 ns=498200
elig-tick case=capacity tick=73 ns=483200
elig-tick case=capacity tick=74 ns=514700
elig-tick case=capacity tick=75 ns=508200
elig-tick case=capacity tick=76 ns=511600
elig-tick case=capacity tick=77 ns=525400
elig-tick case=capacity tick=78 ns=494200
elig-tick case=capacity tick=79 ns=492500
elig-tick case=capacity tick=80 ns=509500
elig-tick case=capacity tick=81 ns=619300
elig-tick case=capacity tick=82 ns=500300
elig-tick case=capacity tick=83 ns=502700
elig-tick case=capacity tick=84 ns=498200
elig-tick case=capacity tick=85 ns=486800
elig-tick case=capacity tick=86 ns=490800
elig-tick case=capacity tick=87 ns=487300
elig-tick case=capacity tick=88 ns=489300
elig-tick case=capacity tick=89 ns=492500
elig-tick case=capacity tick=90 ns=489300
elig-tick case=capacity tick=91 ns=484200
elig-tick case=capacity tick=92 ns=484400
elig-tick case=capacity tick=93 ns=487000
elig-tick case=capacity tick=94 ns=484600
elig-tick case=capacity tick=95 ns=485500
elig-tick case=capacity tick=96 ns=479000
elig-tick case=capacity tick=97 ns=489400
elig-tick case=capacity tick=98 ns=487200
elig-tick case=capacity tick=99 ns=480600
elig-tick case=capacity tick=100 ns=482900
elig-tick case=capacity tick=101 ns=482800
elig-tick case=capacity tick=102 ns=493900
elig-tick case=capacity tick=103 ns=489600
elig-tick case=capacity tick=104 ns=489600
elig-tick case=capacity tick=105 ns=500900
elig-tick case=capacity tick=106 ns=492800
elig-tick case=capacity tick=107 ns=490300
elig-tick case=capacity tick=108 ns=530800
elig-tick case=capacity tick=109 ns=509500
elig-tick case=capacity tick=110 ns=511300
elig-tick case=capacity tick=111 ns=504500
elig-tick case=capacity tick=112 ns=509800
elig-tick case=capacity tick=113 ns=597000
elig-tick case=capacity tick=114 ns=629000
elig-tick case=capacity tick=115 ns=640300
elig-tick case=capacity tick=116 ns=489600
elig-tick case=capacity tick=117 ns=493800
elig-tick case=capacity tick=118 ns=500500
elig-tick case=capacity tick=119 ns=493000
elig-tick case=capacity tick=120 ns=503400
elig-tick case=capacity tick=121 ns=500500
elig-tick case=capacity tick=122 ns=495500
elig-tick case=capacity tick=123 ns=572800
elig-tick case=capacity tick=124 ns=516200
elig-tick case=capacity tick=125 ns=489900
elig-tick case=capacity tick=126 ns=505400
elig-tick case=capacity tick=127 ns=497900
ok

test result: ok. 1 passed; 0 failed; 0 ignored; 0 measured; 1 filtered out; finished in 0.11s

