
running 1 test
test eligibility_commit_wall ... 
elig-end case=parked window=0 windows=1 ticks=128 input=Sha256Digest(49f3ed00f20f2a716555fe923aeb6f4201702ebebbdc9f550e73765c498d46a4) digest=ac461faf72ddf871931e3f5cdde16f2128f082a1a56610b691fc23dddbfdfb91
elig-tick case=parked tick=0 ns=288500
elig-tick case=parked tick=1 ns=298300
elig-tick case=parked tick=2 ns=367200
elig-tick case=parked tick=3 ns=297200
elig-tick case=parked tick=4 ns=298800
elig-tick case=parked tick=5 ns=302100
elig-tick case=parked tick=6 ns=295500
elig-tick case=parked tick=7 ns=295900
elig-tick case=parked tick=8 ns=295600
elig-tick case=parked tick=9 ns=295800
elig-tick case=parked tick=10 ns=301300
elig-tick case=parked tick=11 ns=299100
elig-tick case=parked tick=12 ns=301600
elig-tick case=parked tick=13 ns=298900
elig-tick case=parked tick=14 ns=301600
elig-tick case=parked tick=15 ns=298600
elig-tick case=parked tick=16 ns=303000
elig-tick case=parked tick=17 ns=314100
elig-tick case=parked tick=18 ns=299000
elig-tick case=parked tick=19 ns=996400
elig-tick case=parked tick=20 ns=293300
elig-tick case=parked tick=21 ns=300800
elig-tick case=parked tick=22 ns=296100
elig-tick case=parked tick=23 ns=296300
elig-tick case=parked tick=24 ns=291600
elig-tick case=parked tick=25 ns=296500
elig-tick case=parked tick=26 ns=294200
elig-tick case=parked tick=27 ns=522300
elig-tick case=parked tick=28 ns=899300
elig-tick case=parked tick=29 ns=423200
elig-tick case=parked tick=30 ns=300600
elig-tick case=parked tick=31 ns=435200
elig-tick case=parked tick=32 ns=331900
elig-tick case=parked tick=33 ns=296300
elig-tick case=parked tick=34 ns=341700
elig-tick case=parked tick=35 ns=340200
elig-tick case=parked tick=36 ns=311000
elig-tick case=parked tick=37 ns=283300
elig-tick case=parked tick=38 ns=363400
elig-tick case=parked tick=39 ns=276200
elig-tick case=parked tick=40 ns=308500
elig-tick case=parked tick=41 ns=281100
elig-tick case=parked tick=42 ns=279700
elig-tick case=parked tick=43 ns=769300
elig-tick case=parked tick=44 ns=270300
elig-tick case=parked tick=45 ns=273100
elig-tick case=parked tick=46 ns=273100
elig-tick case=parked tick=47 ns=277200
elig-tick case=parked tick=48 ns=271600
elig-tick case=parked tick=49 ns=271400
elig-tick case=parked tick=50 ns=343300
elig-tick case=parked tick=51 ns=264000
elig-tick case=parked tick=52 ns=274200
elig-tick case=parked tick=53 ns=303900
elig-tick case=parked tick=54 ns=262700
elig-tick case=parked tick=55 ns=268900
elig-tick case=parked tick=56 ns=274800
elig-tick case=parked tick=57 ns=274800
elig-tick case=parked tick=58 ns=569800
elig-tick case=parked tick=59 ns=270400
elig-tick case=parked tick=60 ns=271200
elig-tick case=parked tick=61 ns=272800
elig-tick case=parked tick=62 ns=275000
elig-tick case=parked tick=63 ns=276800
elig-tick case=parked tick=64 ns=329600
elig-tick case=parked tick=65 ns=276800
elig-tick case=parked tick=66 ns=273300
elig-tick case=parked tick=67 ns=277400
elig-tick case=parked tick=68 ns=576800
elig-tick case=parked tick=69 ns=272700
elig-tick case=parked tick=70 ns=560500
elig-tick case=parked tick=71 ns=278500
elig-tick case=parked tick=72 ns=282600
elig-tick case=parked tick=73 ns=278600
elig-tick case=parked tick=74 ns=277700
elig-tick case=parked tick=75 ns=278600
elig-tick case=parked tick=76 ns=417100
elig-tick case=parked tick=77 ns=298400
elig-tick case=parked tick=78 ns=274100
elig-tick case=parked tick=79 ns=294100
elig-tick case=parked tick=80 ns=320300
elig-tick case=parked tick=81 ns=285900
elig-tick case=parked tick=82 ns=277900
elig-tick case=parked tick=83 ns=279600
elig-tick case=parked tick=84 ns=579500
elig-tick case=parked tick=85 ns=281900
elig-tick case=parked tick=86 ns=273600
elig-tick case=parked tick=87 ns=280200
elig-tick case=parked tick=88 ns=281300
elig-tick case=parked tick=89 ns=273700
elig-tick case=parked tick=90 ns=448500
elig-tick case=parked tick=91 ns=270600
elig-tick case=parked tick=92 ns=278600
elig-tick case=parked tick=93 ns=278900
elig-tick case=parked tick=94 ns=281700
elig-tick case=parked tick=95 ns=286200
elig-tick case=parked tick=96 ns=277000
elig-tick case=parked tick=97 ns=556400
elig-tick case=parked tick=98 ns=279600
elig-tick case=parked tick=99 ns=272600
elig-tick case=parked tick=100 ns=282500
elig-tick case=parked tick=101 ns=278000
elig-tick case=parked tick=102 ns=282200
elig-tick case=parked tick=103 ns=345400
elig-tick case=parked tick=104 ns=275600
elig-tick case=parked tick=105 ns=275100
elig-tick case=parked tick=106 ns=318800
elig-tick case=parked tick=107 ns=275000
elig-tick case=parked tick=108 ns=350800
elig-tick case=parked tick=109 ns=272800
elig-tick case=parked tick=110 ns=628400
elig-tick case=parked tick=111 ns=281000
elig-tick case=parked tick=112 ns=282400
elig-tick case=parked tick=113 ns=282700
elig-tick case=parked tick=114 ns=340000
elig-tick case=parked tick=115 ns=274300
elig-tick case=parked tick=116 ns=630600
elig-tick case=parked tick=117 ns=273000
elig-tick case=parked tick=118 ns=292000
elig-tick case=parked tick=119 ns=279700
elig-tick case=parked tick=120 ns=275900
elig-tick case=parked tick=121 ns=305000
elig-tick case=parked tick=122 ns=563400
elig-tick case=parked tick=123 ns=294100
elig-tick case=parked tick=124 ns=579900
elig-tick case=parked tick=125 ns=417900
elig-tick case=parked tick=126 ns=334800
elig-tick case=parked tick=127 ns=269900
ok

test result: ok. 1 passed; 0 failed; 0 ignored; 0 measured; 1 filtered out; finished in 0.07s

