
running 1 test
test eligibility_commit_wall ... 
elig-end case=active window=0 windows=1 ticks=128 input=Sha256Digest(49f3ed00f20f2a716555fe923aeb6f4201702ebebbdc9f550e73765c498d46a4) digest=9ed50a587d552a6a4fdf78daf7a0cd288cfde7d07ae6795fa636a1d15dde00a0
elig-tick case=active tick=0 ns=2028400
elig-tick case=active tick=1 ns=1888800
elig-tick case=active tick=2 ns=1813100
elig-tick case=active tick=3 ns=1833000
elig-tick case=active tick=4 ns=2146700
elig-tick case=active tick=5 ns=1953200
elig-tick case=active tick=6 ns=1828800
elig-tick case=active tick=7 ns=1969700
elig-tick case=active tick=8 ns=1844200
elig-tick case=active tick=9 ns=1845800
elig-tick case=active tick=10 ns=1915000
elig-tick case=active tick=11 ns=1846100
elig-tick case=active tick=12 ns=1838800
elig-tick case=active tick=13 ns=1853500
elig-tick case=active tick=14 ns=1879100
elig-tick case=active tick=15 ns=1848300
elig-tick case=active tick=16 ns=1987500
elig-tick case=active tick=17 ns=1866000
elig-tick case=active tick=18 ns=1850000
elig-tick case=active tick=19 ns=1901700
elig-tick case=active tick=20 ns=1840200
elig-tick case=active tick=21 ns=1898700
elig-tick case=active tick=22 ns=1932400
elig-tick case=active tick=23 ns=1956800
elig-tick case=active tick=24 ns=1907900
elig-tick case=active tick=25 ns=1840500
elig-tick case=active tick=26 ns=1851600
elig-tick case=active tick=27 ns=1828300
elig-tick case=active tick=28 ns=1879700
elig-tick case=active tick=29 ns=1834400
elig-tick case=active tick=30 ns=1840500
elig-tick case=active tick=31 ns=1846300
elig-tick case=active tick=32 ns=1971500
elig-tick case=active tick=33 ns=1859100
elig-tick case=active tick=34 ns=1854700
elig-tick case=active tick=35 ns=1837300
elig-tick case=active tick=36 ns=1838700
elig-tick case=active tick=37 ns=1878500
elig-tick case=active tick=38 ns=1863500
elig-tick case=active tick=39 ns=1845200
elig-tick case=active tick=40 ns=1929700
elig-tick case=active tick=41 ns=1934900
elig-tick case=active tick=42 ns=1861100
elig-tick case=active tick=43 ns=1839000
elig-tick case=active tick=44 ns=1822300
elig-tick case=active tick=45 ns=1825500
elig-tick case=active tick=46 ns=1838400
elig-tick case=active tick=47 ns=1845000
elig-tick case=active tick=48 ns=1838000
elig-tick case=active tick=49 ns=2846200
elig-tick case=active tick=50 ns=1754300
elig-tick case=active tick=51 ns=2325000
elig-tick case=active tick=52 ns=1775700
elig-tick case=active tick=53 ns=1899600
elig-tick case=active tick=54 ns=2034700
elig-tick case=active tick=55 ns=1870400
elig-tick case=active tick=56 ns=2580300
elig-tick case=active tick=57 ns=2034600
elig-tick case=active tick=58 ns=2574200
elig-tick case=active tick=59 ns=2005700
elig-tick case=active tick=60 ns=2117300
elig-tick case=active tick=61 ns=2074600
elig-tick case=active tick=62 ns=1744700
elig-tick case=active tick=63 ns=1755000
elig-tick case=active tick=64 ns=2116100
elig-tick case=active tick=65 ns=1765500
elig-tick case=active tick=66 ns=2035300
elig-tick case=active tick=67 ns=1795900
elig-tick case=active tick=68 ns=2205600
elig-tick case=active tick=69 ns=1778300
elig-tick case=active tick=70 ns=2042800
elig-tick case=active tick=71 ns=1836000
elig-tick case=active tick=72 ns=2193700
elig-tick case=active tick=73 ns=1877700
elig-tick case=active tick=74 ns=2123800
elig-tick case=active tick=75 ns=2070400
elig-tick case=active tick=76 ns=2011900
elig-tick case=active tick=77 ns=1755200
elig-tick case=active tick=78 ns=1734000
elig-tick case=active tick=79 ns=2054500
elig-tick case=active tick=80 ns=1961000
elig-tick case=active tick=81 ns=1721900
elig-tick case=active tick=82 ns=1733000
elig-tick case=active tick=83 ns=1762200
elig-tick case=active tick=84 ns=1833700
elig-tick case=active tick=85 ns=1804100
elig-tick case=active tick=86 ns=1816600
elig-tick case=active tick=87 ns=1868200
elig-tick case=active tick=88 ns=2815600
elig-tick case=active tick=89 ns=1851200
elig-tick case=active tick=90 ns=1796200
elig-tick case=active tick=91 ns=1812700
elig-tick case=active tick=92 ns=1812900
elig-tick case=active tick=93 ns=1844100
elig-tick case=active tick=94 ns=1847700
elig-tick case=active tick=95 ns=1828900
elig-tick case=active tick=96 ns=1989500
elig-tick case=active tick=97 ns=1840900
elig-tick case=active tick=98 ns=1898600
elig-tick case=active tick=99 ns=1849000
elig-tick case=active tick=100 ns=1884300
elig-tick case=active tick=101 ns=1878900
elig-tick case=active tick=102 ns=1833300
elig-tick case=active tick=103 ns=1833200
elig-tick case=active tick=104 ns=1964800
elig-tick case=active tick=105 ns=1860400
elig-tick case=active tick=106 ns=1854800
elig-tick case=active tick=107 ns=1883600
elig-tick case=active tick=108 ns=1960200
elig-tick case=active tick=109 ns=1912000
elig-tick case=active tick=110 ns=1828600
elig-tick case=active tick=111 ns=1829000
elig-tick case=active tick=112 ns=1842600
elig-tick case=active tick=113 ns=1980300
elig-tick case=active tick=114 ns=1899500
elig-tick case=active tick=115 ns=1876500
elig-tick case=active tick=116 ns=1833100
elig-tick case=active tick=117 ns=1844700
elig-tick case=active tick=118 ns=1831300
elig-tick case=active tick=119 ns=1888900
elig-tick case=active tick=120 ns=1896100
elig-tick case=active tick=121 ns=2699400
elig-tick case=active tick=122 ns=2684800
elig-tick case=active tick=123 ns=1775700
elig-tick case=active tick=124 ns=1848400
elig-tick case=active tick=125 ns=1861200
elig-tick case=active tick=126 ns=1817400
elig-tick case=active tick=127 ns=1844000
ok

test result: ok. 1 passed; 0 failed; 0 ignored; 0 measured; 1 filtered out; finished in 0.38s

