
running 1 test
test eligibility_commit_wall ... 
elig-end case=active window=0 windows=1 ticks=128 input=Sha256Digest(49f3ed00f20f2a716555fe923aeb6f4201702ebebbdc9f550e73765c498d46a4) digest=9ed50a587d552a6a4fdf78daf7a0cd288cfde7d07ae6795fa636a1d15dde00a0
elig-tick case=active tick=0 ns=2749700
elig-tick case=active tick=1 ns=2435200
elig-tick case=active tick=2 ns=3214000
elig-tick case=active tick=3 ns=3009000
elig-tick case=active tick=4 ns=2741400
elig-tick case=active tick=5 ns=2682000
elig-tick case=active tick=6 ns=2604100
elig-tick case=active tick=7 ns=2585600
elig-tick case=active tick=8 ns=3140600
elig-tick case=active tick=9 ns=3358500
elig-tick case=active tick=10 ns=4171700
elig-tick case=active tick=11 ns=3253000
elig-tick case=active tick=12 ns=3847500
elig-tick case=active tick=13 ns=3382800
elig-tick case=active tick=14 ns=3483400
elig-tick case=active tick=15 ns=3964900
elig-tick case=active tick=16 ns=3802000
elig-tick case=active tick=17 ns=3264300
elig-tick case=active tick=18 ns=3005000
elig-tick case=active tick=19 ns=4091300
elig-tick case=active tick=20 ns=3767200
elig-tick case=active tick=21 ns=3796900
elig-tick case=active tick=22 ns=4733200
elig-tick case=active tick=23 ns=3851800
elig-tick case=active tick=24 ns=3344700
elig-tick case=active tick=25 ns=3600000
elig-tick case=active tick=26 ns=2842000
elig-tick case=active tick=27 ns=2742600
elig-tick case=active tick=28 ns=2476700
elig-tick case=active tick=29 ns=2926200
elig-tick case=active tick=30 ns=3172300
elig-tick case=active tick=31 ns=3368400
elig-tick case=active tick=32 ns=3708100
elig-tick case=active tick=33 ns=3793000
elig-tick case=active tick=34 ns=3474500
elig-tick case=active tick=35 ns=3360900
elig-tick case=active tick=36 ns=3421200
elig-tick case=active tick=37 ns=4199100
elig-tick case=active tick=38 ns=3854300
elig-tick case=active tick=39 ns=4049200
elig-tick case=active tick=40 ns=3766200
elig-tick case=active tick=41 ns=3223300
elig-tick case=active tick=42 ns=3341900
elig-tick case=active tick=43 ns=3893300
elig-tick case=active tick=44 ns=3012900
elig-tick case=active tick=45 ns=2764300
elig-tick case=active tick=46 ns=2731500
elig-tick case=active tick=47 ns=2690800
elig-tick case=active tick=48 ns=2928300
elig-tick case=active tick=49 ns=2366700
elig-tick case=active tick=50 ns=2401200
elig-tick case=active tick=51 ns=2186700
elig-tick case=active tick=52 ns=2452400
elig-tick case=active tick=53 ns=3357300
elig-tick case=active tick=54 ns=3214100
elig-tick case=active tick=55 ns=2691500
elig-tick case=active tick=56 ns=3361300
elig-tick case=active tick=57 ns=3352700
elig-tick case=active tick=58 ns=3081800
elig-tick case=active tick=59 ns=3701200
elig-tick case=active tick=60 ns=3624900
elig-tick case=active tick=61 ns=3435500
elig-tick case=active tick=62 ns=3658400
elig-tick case=active tick=63 ns=3398200
elig-tick case=active tick=64 ns=3529600
elig-tick case=active tick=65 ns=3656000
elig-tick case=active tick=66 ns=3623600
elig-tick case=active tick=67 ns=3864500
elig-tick case=active tick=68 ns=3554000
elig-tick case=active tick=69 ns=3538700
elig-tick case=active tick=70 ns=3366500
elig-tick case=active tick=71 ns=2983600
elig-tick case=active tick=72 ns=3629500
elig-tick case=active tick=73 ns=3527400
elig-tick case=active tick=74 ns=3410300
elig-tick case=active tick=75 ns=3662800
elig-tick case=active tick=76 ns=3636600
elig-tick case=active tick=77 ns=3802200
elig-tick case=active tick=78 ns=3366900
elig-tick case=active tick=79 ns=3664900
elig-tick case=active tick=80 ns=3376500
elig-tick case=active tick=81 ns=3659000
elig-tick case=active tick=82 ns=3896900
elig-tick case=active tick=83 ns=3452400
elig-tick case=active tick=84 ns=3550500
elig-tick case=active tick=85 ns=3228700
elig-tick case=active tick=86 ns=3537200
elig-tick case=active tick=87 ns=3252500
elig-tick case=active tick=88 ns=3286100
elig-tick case=active tick=89 ns=3678000
elig-tick case=active tick=90 ns=3713500
elig-tick case=active tick=91 ns=3864600
elig-tick case=active tick=92 ns=3572500
elig-tick case=active tick=93 ns=3535300
elig-tick case=active tick=94 ns=3478800
elig-tick case=active tick=95 ns=3378800
elig-tick case=active tick=96 ns=3406300
elig-tick case=active tick=97 ns=3741600
elig-tick case=active tick=98 ns=3608400
elig-tick case=active tick=99 ns=3671400
elig-tick case=active tick=100 ns=3577300
elig-tick case=active tick=101 ns=2783000
elig-tick case=active tick=102 ns=3148300
elig-tick case=active tick=103 ns=3960500
elig-tick case=active tick=104 ns=3641700
elig-tick case=active tick=105 ns=4196600
elig-tick case=active tick=106 ns=3862400
elig-tick case=active tick=107 ns=3860600
elig-tick case=active tick=108 ns=3488400
elig-tick case=active tick=109 ns=3272800
elig-tick case=active tick=110 ns=3740500
elig-tick case=active tick=111 ns=3673300
elig-tick case=active tick=112 ns=2831600
elig-tick case=active tick=113 ns=1998600
elig-tick case=active tick=114 ns=2590000
elig-tick case=active tick=115 ns=2115800
elig-tick case=active tick=116 ns=3729100
elig-tick case=active tick=117 ns=3217300
elig-tick case=active tick=118 ns=3117600
elig-tick case=active tick=119 ns=3430500
elig-tick case=active tick=120 ns=3421100
elig-tick case=active tick=121 ns=4424500
elig-tick case=active tick=122 ns=3190400
elig-tick case=active tick=123 ns=3224900
elig-tick case=active tick=124 ns=3616800
elig-tick case=active tick=125 ns=3106600
elig-tick case=active tick=126 ns=3843200
elig-tick case=active tick=127 ns=3517200
ok

test result: ok. 1 passed; 0 failed; 0 ignored; 0 measured; 1 filtered out; finished in 0.64s

