
running 1 test
test eligibility_commit_wall ... 
elig-end case=capacity window=0 windows=1 ticks=128 input=Sha256Digest(49f3ed00f20f2a716555fe923aeb6f4201702ebebbdc9f550e73765c498d46a4) digest=48287b34c7ea2a970283c1bca078325acb5f50a41c85dc7f20f5402704d95874
elig-tick case=capacity tick=0 ns=539800
elig-tick case=capacity tick=1 ns=547600
elig-tick case=capacity tick=2 ns=624200
elig-tick case=capacity tick=3 ns=549000
elig-tick case=capacity tick=4 ns=535000
elig-tick case=capacity tick=5 ns=601300
elig-tick case=capacity tick=6 ns=614000
elig-tick case=capacity tick=7 ns=532700
elig-tick case=capacity tick=8 ns=532700
elig-tick case=capacity tick=9 ns=494100
elig-tick case=capacity tick=10 ns=528000
elig-tick case=capacity tick=11 ns=528100
elig-tick case=capacity tick=12 ns=545100
elig-tick case=capacity tick=13 ns=659300
elig-tick case=capacity tick=14 ns=587800
elig-tick case=capacity tick=15 ns=509500
elig-tick case=capacity tick=16 ns=554200
elig-tick case=capacity tick=17 ns=522700
elig-tick case=capacity tick=18 ns=559500
elig-tick case=capacity tick=19 ns=534700
elig-tick case=capacity tick=20 ns=574600
elig-tick case=capacity tick=21 ns=504700
elig-tick case=capacity tick=22 ns=495800
elig-tick case=capacity tick=23 ns=506500
elig-tick case=capacity tick=24 ns=510800
elig-tick case=capacity tick=25 ns=500100
elig-tick case=capacity tick=26 ns=522400
elig-tick case=capacity tick=27 ns=561000
elig-tick case=capacity tick=28 ns=561500
elig-tick case=capacity tick=29 ns=511900
elig-tick case=capacity tick=30 ns=503000
elig-tick case=capacity tick=31 ns=497400
elig-tick case=capacity tick=32 ns=496000
elig-tick case=capacity tick=33 ns=532300
elig-tick case=capacity tick=34 ns=541600
elig-tick case=capacity tick=35 ns=522700
elig-tick case=capacity tick=36 ns=549900
elig-tick case=capacity tick=37 ns=517400
elig-tick case=capacity tick=38 ns=511000
elig-tick case=capacity tick=39 ns=515700
elig-tick case=capacity tick=40 ns=510200
elig-tick case=capacity tick=41 ns=534100
elig-tick case=capacity tick=42 ns=526200
elig-tick case=capacity tick=43 ns=534200
elig-tick case=capacity tick=44 ns=702400
elig-tick case=capacity tick=45 ns=529300
elig-tick case=capacity tick=46 ns=525200
elig-tick case=capacity tick=47 ns=513100
elig-tick case=capacity tick=48 ns=511500
elig-tick case=capacity tick=49 ns=545200
elig-tick case=capacity tick=50 ns=557800
elig-tick case=capacity tick=51 ns=582000
elig-tick case=capacity tick=52 ns=595500
elig-tick case=capacity tick=53 ns=548200
elig-tick case=capacity tick=54 ns=588600
elig-tick case=capacity tick=55 ns=532400
elig-tick case=capacity tick=56 ns=530500
elig-tick case=capacity tick=57 ns=549800
elig-tick case=capacity tick=58 ns=662500
elig-tick case=capacity tick=59 ns=570500
elig-tick case=capacity tick=60 ns=630800
elig-tick case=capacity tick=61 ns=554900
elig-tick case=capacity tick=62 ns=589000
elig-tick case=capacity tick=63 ns=523400
elig-tick case=capacity tick=64 ns=559900
elig-tick case=capacity tick=65 ns=601800
elig-tick case=capacity tick=66 ns=594000
elig-tick case=capacity tick=67 ns=564600
elig-tick case=capacity tick=68 ns=552600
elig-tick case=capacity tick=69 ns=540900
elig-tick case=capacity tick=70 ns=529800
elig-tick case=capacity tick=71 ns=1259400
elig-tick case=capacity tick=72 ns=675700
elig-tick case=capacity tick=73 ns=627900
elig-tick case=capacity tick=74 ns=522200
elig-tick case=capacity tick=75 ns=520300
elig-tick case=capacity tick=76 ns=522400
elig-tick case=capacity tick=77 ns=538700
elig-tick case=capacity tick=78 ns=537600
elig-tick case=capacity tick=79 ns=551800
elig-tick case=capacity tick=80 ns=530700
elig-tick case=capacity tick=81 ns=514600
elig-tick case=capacity tick=82 ns=542100
elig-tick case=capacity tick=83 ns=540700
elig-tick case=capacity tick=84 ns=524700
elig-tick case=capacity tick=85 ns=592400
elig-tick case=capacity tick=86 ns=589400
elig-tick case=capacity tick=87 ns=605100
elig-tick case=capacity tick=88 ns=524700
elig-tick case=capacity tick=89 ns=547400
elig-tick case=capacity tick=90 ns=544000
elig-tick case=capacity tick=91 ns=524400
elig-tick case=capacity tick=92 ns=510600
elig-tick case=capacity tick=93 ns=558300
elig-tick case=capacity tick=94 ns=554600
elig-tick case=capacity tick=95 ns=525700
elig-tick case=capacity tick=96 ns=514200
elig-tick case=capacity tick=97 ns=536700
elig-tick case=capacity tick=98 ns=1531600
elig-tick case=capacity tick=99 ns=735700
elig-tick case=capacity tick=100 ns=650000
elig-tick case=capacity tick=101 ns=628200
elig-tick case=capacity tick=102 ns=1505700
elig-tick case=capacity tick=103 ns=775100
elig-tick case=capacity tick=104 ns=714700
elig-tick case=capacity tick=105 ns=714600
elig-tick case=capacity tick=106 ns=591700
elig-tick case=capacity tick=107 ns=518300
elig-tick case=capacity tick=108 ns=511500
elig-tick case=capacity tick=109 ns=501200
elig-tick case=capacity tick=110 ns=515500
elig-tick case=capacity tick=111 ns=599300
elig-tick case=capacity tick=112 ns=545600
elig-tick case=capacity tick=113 ns=528900
elig-tick case=capacity tick=114 ns=524600
elig-tick case=capacity tick=115 ns=529200
elig-tick case=capacity tick=116 ns=536300
elig-tick case=capacity tick=117 ns=511800
elig-tick case=capacity tick=118 ns=533500
elig-tick case=capacity tick=119 ns=562700
elig-tick case=capacity tick=120 ns=525000
elig-tick case=capacity tick=121 ns=612900
elig-tick case=capacity tick=122 ns=562000
elig-tick case=capacity tick=123 ns=519600
elig-tick case=capacity tick=124 ns=538700
elig-tick case=capacity tick=125 ns=591100
elig-tick case=capacity tick=126 ns=886400
elig-tick case=capacity tick=127 ns=829600
ok

test result: ok. 1 passed; 0 failed; 0 ignored; 0 measured; 1 filtered out; finished in 0.11s

