
running 1 test
test eligibility_commit_wall ... 
elig-end case=capacity window=0 windows=1 ticks=128 input=Sha256Digest(49f3ed00f20f2a716555fe923aeb6f4201702ebebbdc9f550e73765c498d46a4) digest=48287b34c7ea2a970283c1bca078325acb5f50a41c85dc7f20f5402704d95874
elig-tick case=capacity tick=0 ns=365300
elig-tick case=capacity tick=1 ns=468100
elig-tick case=capacity tick=2 ns=340200
elig-tick case=capacity tick=3 ns=338900
elig-tick case=capacity tick=4 ns=353800
elig-tick case=capacity tick=5 ns=415200
elig-tick case=capacity tick=6 ns=358200
elig-tick case=capacity tick=7 ns=364400
elig-tick case=capacity tick=8 ns=383200
elig-tick case=capacity tick=9 ns=346400
elig-tick case=capacity tick=10 ns=347400
elig-tick case=capacity tick=11 ns=448000
elig-tick case=capacity tick=12 ns=346800
elig-tick case=capacity tick=13 ns=378900
elig-tick case=capacity tick=14 ns=349600
elig-tick case=capacity tick=15 ns=348000
elig-tick case=capacity tick=16 ns=418200
elig-tick case=capacity tick=17 ns=360800
elig-tick case=capacity tick=18 ns=361700
elig-tick case=capacity tick=19 ns=429300
elig-tick case=capacity tick=20 ns=356100
elig-tick case=capacity tick=21 ns=355100
elig-tick case=capacity tick=22 ns=357100
elig-tick case=capacity tick=23 ns=359200
elig-tick case=capacity tick=24 ns=353800
elig-tick case=capacity tick=25 ns=350800
elig-tick case=capacity tick=26 ns=340200
elig-tick case=capacity tick=27 ns=391400
elig-tick case=capacity tick=28 ns=389100
elig-tick case=capacity tick=29 ns=528500
elig-tick case=capacity tick=30 ns=490400
elig-tick case=capacity tick=31 ns=410100
elig-tick case=capacity tick=32 ns=350300
elig-tick case=capacity tick=33 ns=355400
elig-tick case=capacity tick=34 ns=346200
elig-tick case=capacity tick=35 ns=346900
elig-tick case=capacity tick=36 ns=344000
elig-tick case=capacity tick=37 ns=341600
elig-tick case=capacity tick=38 ns=426700
elig-tick case=capacity tick=39 ns=386700
elig-tick case=capacity tick=40 ns=355800
elig-tick case=capacity tick=41 ns=354700
elig-tick case=capacity tick=42 ns=345500
elig-tick case=capacity tick=43 ns=352000
elig-tick case=capacity tick=44 ns=347900
elig-tick case=capacity tick=45 ns=347600
elig-tick case=capacity tick=46 ns=350700
elig-tick case=capacity tick=47 ns=352900
elig-tick case=capacity tick=48 ns=349700
elig-tick case=capacity tick=49 ns=361800
elig-tick case=capacity tick=50 ns=424400
elig-tick case=capacity tick=51 ns=349100
elig-tick case=capacity tick=52 ns=349400
elig-tick case=capacity tick=53 ns=343200
elig-tick case=capacity tick=54 ns=343200
elig-tick case=capacity tick=55 ns=339100
elig-tick case=capacity tick=56 ns=341800
elig-tick case=capacity tick=57 ns=333400
elig-tick case=capacity tick=58 ns=332100
elig-tick case=capacity tick=59 ns=338000
elig-tick case=capacity tick=60 ns=337100
elig-tick case=capacity tick=61 ns=446600
elig-tick case=capacity tick=62 ns=357800
elig-tick case=capacity tick=63 ns=343600
elig-tick case=capacity tick=64 ns=340500
elig-tick case=capacity tick=65 ns=334600
elig-tick case=capacity tick=66 ns=344600
elig-tick case=capacity tick=67 ns=341300
elig-tick case=capacity tick=68 ns=332000
elig-tick case=capacity tick=69 ns=334200
elig-tick case=capacity tick=70 ns=340500
elig-tick case=capacity tick=71 ns=552400
elig-tick case=capacity tick=72 ns=1482100
elig-tick case=capacity tick=73 ns=383300
elig-tick case=capacity tick=74 ns=435800
elig-tick case=capacity tick=75 ns=422700
elig-tick case=capacity tick=76 ns=436500
elig-tick case=capacity tick=77 ns=412400
elig-tick case=capacity tick=78 ns=379200
elig-tick case=capacity tick=79 ns=424600
elig-tick case=capacity tick=80 ns=602900
elig-tick case=capacity tick=81 ns=411800
elig-tick case=capacity tick=82 ns=346700
elig-tick case=capacity tick=83 ns=348400
elig-tick case=capacity tick=84 ns=352600
elig-tick case=capacity tick=85 ns=344900
elig-tick case=capacity tick=86 ns=340000
elig-tick case=capacity tick=87 ns=331800
elig-tick case=capacity tick=88 ns=451400
elig-tick case=capacity tick=89 ns=583100
elig-tick case=capacity tick=90 ns=556500
elig-tick case=capacity tick=91 ns=353400
elig-tick case=capacity tick=92 ns=339600
elig-tick case=capacity tick=93 ns=617500
elig-tick case=capacity tick=94 ns=337400
elig-tick case=capacity tick=95 ns=343800
elig-tick case=capacity tick=96 ns=354000
elig-tick case=capacity tick=97 ns=342600
elig-tick case=capacity tick=98 ns=347100
elig-tick case=capacity tick=99 ns=338900
elig-tick case=capacity tick=100 ns=342700
elig-tick case=capacity tick=101 ns=621200
elig-tick case=capacity tick=102 ns=347000
elig-tick case=capacity tick=103 ns=349400
elig-tick case=capacity tick=104 ns=350600
elig-tick case=capacity tick=105 ns=372000
elig-tick case=capacity tick=106 ns=414300
elig-tick case=capacity tick=107 ns=567600
elig-tick case=capacity tick=108 ns=369000
elig-tick case=capacity tick=109 ns=412800
elig-tick case=capacity tick=110 ns=384500
elig-tick case=capacity tick=111 ns=812900
elig-tick case=capacity tick=112 ns=443800
elig-tick case=capacity tick=113 ns=393700
elig-tick case=capacity tick=114 ns=398300
elig-tick case=capacity tick=115 ns=490700
elig-tick case=capacity tick=116 ns=436800
elig-tick case=capacity tick=117 ns=425600
elig-tick case=capacity tick=118 ns=403400
elig-tick case=capacity tick=119 ns=367600
elig-tick case=capacity tick=120 ns=659000
elig-tick case=capacity tick=121 ns=338700
elig-tick case=capacity tick=122 ns=332900
elig-tick case=capacity tick=123 ns=324700
elig-tick case=capacity tick=124 ns=323100
elig-tick case=capacity tick=125 ns=330200
elig-tick case=capacity tick=126 ns=315300
elig-tick case=capacity tick=127 ns=313200
ok

test result: ok. 1 passed; 0 failed; 0 ignored; 0 measured; 1 filtered out; finished in 0.08s

