
running 1 test
test eligibility_commit_wall ... 
elig-end case=parked window=0 windows=1 ticks=128 input=Sha256Digest(49f3ed00f20f2a716555fe923aeb6f4201702ebebbdc9f550e73765c498d46a4) digest=ac461faf72ddf871931e3f5cdde16f2128f082a1a56610b691fc23dddbfdfb91
elig-tick case=parked tick=0 ns=461900
elig-tick case=parked tick=1 ns=465600
elig-tick case=parked tick=2 ns=471300
elig-tick case=parked tick=3 ns=465100
elig-tick case=parked tick=4 ns=483300
elig-tick case=parked tick=5 ns=461500
elig-tick case=parked tick=6 ns=465600
elig-tick case=parked tick=7 ns=495000
elig-tick case=parked tick=8 ns=466800
elig-tick case=parked tick=9 ns=474200
elig-tick case=parked tick=10 ns=471200
elig-tick case=parked tick=11 ns=468700
elig-tick case=parked tick=12 ns=537800
elig-tick case=parked tick=13 ns=469400
elig-tick case=parked tick=14 ns=484700
elig-tick case=parked tick=15 ns=473100
elig-tick case=parked tick=16 ns=487000
elig-tick case=parked tick=17 ns=480100
elig-tick case=parked tick=18 ns=462800
elig-tick case=parked tick=19 ns=473100
elig-tick case=parked tick=20 ns=468200
elig-tick case=parked tick=21 ns=476100
elig-tick case=parked tick=22 ns=465900
elig-tick case=parked tick=23 ns=476100
elig-tick case=parked tick=24 ns=469500
elig-tick case=parked tick=25 ns=483300
elig-tick case=parked tick=26 ns=581000
elig-tick case=parked tick=27 ns=473600
elig-tick case=parked tick=28 ns=462900
elig-tick case=parked tick=29 ns=474900
elig-tick case=parked tick=30 ns=482500
elig-tick case=parked tick=31 ns=393400
elig-tick case=parked tick=32 ns=506000
elig-tick case=parked tick=33 ns=479500
elig-tick case=parked tick=34 ns=355100
elig-tick case=parked tick=35 ns=392100
elig-tick case=parked tick=36 ns=509400
elig-tick case=parked tick=37 ns=497100
elig-tick case=parked tick=38 ns=460100
elig-tick case=parked tick=39 ns=458500
elig-tick case=parked tick=40 ns=529800
elig-tick case=parked tick=41 ns=446000
elig-tick case=parked tick=42 ns=471700
elig-tick case=parked tick=43 ns=449300
elig-tick case=parked tick=44 ns=459500
elig-tick case=parked tick=45 ns=449600
elig-tick case=parked tick=46 ns=456900
elig-tick case=parked tick=47 ns=496200
elig-tick case=parked tick=48 ns=960500
elig-tick case=parked tick=49 ns=509100
elig-tick case=parked tick=50 ns=418000
elig-tick case=parked tick=51 ns=482500
elig-tick case=parked tick=52 ns=445300
elig-tick case=parked tick=53 ns=437800
elig-tick case=parked tick=54 ns=448200
elig-tick case=parked tick=55 ns=432400
elig-tick case=parked tick=56 ns=725300
elig-tick case=parked tick=57 ns=557400
elig-tick case=parked tick=58 ns=506500
elig-tick case=parked tick=59 ns=464400
elig-tick case=parked tick=60 ns=458600
elig-tick case=parked tick=61 ns=455600
elig-tick case=parked tick=62 ns=468700
elig-tick case=parked tick=63 ns=440600
elig-tick case=parked tick=64 ns=485800
elig-tick case=parked tick=65 ns=611500
elig-tick case=parked tick=66 ns=470000
elig-tick case=parked tick=67 ns=534500
elig-tick case=parked tick=68 ns=469900
elig-tick case=parked tick=69 ns=527000
elig-tick case=parked tick=70 ns=511400
elig-tick case=parked tick=71 ns=522500
elig-tick case=parked tick=72 ns=468100
elig-tick case=parked tick=73 ns=461700
elig-tick case=parked tick=74 ns=502300
elig-tick case=parked tick=75 ns=595000
elig-tick case=parked tick=76 ns=570300
elig-tick case=parked tick=77 ns=600100
elig-tick case=parked tick=78 ns=596200
elig-tick case=parked tick=79 ns=536500
elig-tick case=parked tick=80 ns=524600
elig-tick case=parked tick=81 ns=636500
elig-tick case=parked tick=82 ns=416100
elig-tick case=parked tick=83 ns=478500
elig-tick case=parked tick=84 ns=455800
elig-tick case=parked tick=85 ns=537100
elig-tick case=parked tick=86 ns=450000
elig-tick case=parked tick=87 ns=493100
elig-tick case=parked tick=88 ns=498500
elig-tick case=parked tick=89 ns=540000
elig-tick case=parked tick=90 ns=471400
elig-tick case=parked tick=91 ns=471400
elig-tick case=parked tick=92 ns=542000
elig-tick case=parked tick=93 ns=444800
elig-tick case=parked tick=94 ns=457200
elig-tick case=parked tick=95 ns=449400
elig-tick case=parked tick=96 ns=550900
elig-tick case=parked tick=97 ns=518400
elig-tick case=parked tick=98 ns=572800
elig-tick case=parked tick=99 ns=597600
elig-tick case=parked tick=100 ns=495000
elig-tick case=parked tick=101 ns=611800
elig-tick case=parked tick=102 ns=593200
elig-tick case=parked tick=103 ns=498300
elig-tick case=parked tick=104 ns=619800
elig-tick case=parked tick=105 ns=732700
elig-tick case=parked tick=106 ns=568300
elig-tick case=parked tick=107 ns=461200
elig-tick case=parked tick=108 ns=628500
elig-tick case=parked tick=109 ns=468000
elig-tick case=parked tick=110 ns=459100
elig-tick case=parked tick=111 ns=460700
elig-tick case=parked tick=112 ns=467800
elig-tick case=parked tick=113 ns=520100
elig-tick case=parked tick=114 ns=482900
elig-tick case=parked tick=115 ns=538000
elig-tick case=parked tick=116 ns=521600
elig-tick case=parked tick=117 ns=505700
elig-tick case=parked tick=118 ns=612400
elig-tick case=parked tick=119 ns=512700
elig-tick case=parked tick=120 ns=565800
elig-tick case=parked tick=121 ns=528200
elig-tick case=parked tick=122 ns=585600
elig-tick case=parked tick=123 ns=555100
elig-tick case=parked tick=124 ns=481200
elig-tick case=parked tick=125 ns=517700
elig-tick case=parked tick=126 ns=637000
elig-tick case=parked tick=127 ns=737400
ok

test result: ok. 1 passed; 0 failed; 0 ignored; 0 measured; 1 filtered out; finished in 0.10s

