
running 1 test
test eligibility_commit_wall ... 
elig-end case=parked window=0 windows=1 ticks=128 input=Sha256Digest(49f3ed00f20f2a716555fe923aeb6f4201702ebebbdc9f550e73765c498d46a4) digest=ac461faf72ddf871931e3f5cdde16f2128f082a1a56610b691fc23dddbfdfb91
elig-tick case=parked tick=0 ns=406100
elig-tick case=parked tick=1 ns=497100
elig-tick case=parked tick=2 ns=391700
elig-tick case=parked tick=3 ns=290900
elig-tick case=parked tick=4 ns=304400
elig-tick case=parked tick=5 ns=290900
elig-tick case=parked tick=6 ns=298600
elig-tick case=parked tick=7 ns=288200
elig-tick case=parked tick=8 ns=319500
elig-tick case=parked tick=9 ns=277000
elig-tick case=parked tick=10 ns=308800
elig-tick case=parked tick=11 ns=315900
elig-tick case=parked tick=12 ns=294200
elig-tick case=parked tick=13 ns=329000
elig-tick case=parked tick=14 ns=274600
elig-tick case=parked tick=15 ns=323600
elig-tick case=parked tick=16 ns=281300
elig-tick case=parked tick=17 ns=283500
elig-tick case=parked tick=18 ns=273900
elig-tick case=parked tick=19 ns=283500
elig-tick case=parked tick=20 ns=273300
elig-tick case=parked tick=21 ns=274100
elig-tick case=parked tick=22 ns=278900
elig-tick case=parked tick=23 ns=451700
elig-tick case=parked tick=24 ns=282100
elig-tick case=parked tick=25 ns=275500
elig-tick case=parked tick=26 ns=277400
elig-tick case=parked tick=27 ns=276300
elig-tick case=parked tick=28 ns=278100
elig-tick case=parked tick=29 ns=277100
elig-tick case=parked tick=30 ns=279400
elig-tick case=parked tick=31 ns=351600
elig-tick case=parked tick=32 ns=275300
elig-tick case=parked tick=33 ns=281800
elig-tick case=parked tick=34 ns=274900
elig-tick case=parked tick=35 ns=277000
elig-tick case=parked tick=36 ns=293500
elig-tick case=parked tick=37 ns=285100
elig-tick case=parked tick=38 ns=282800
elig-tick case=parked tick=39 ns=289100
elig-tick case=parked tick=40 ns=296400
elig-tick case=parked tick=41 ns=291000
elig-tick case=parked tick=42 ns=303700
elig-tick case=parked tick=43 ns=304000
elig-tick case=parked tick=44 ns=300900
elig-tick case=parked tick=45 ns=302300
elig-tick case=parked tick=46 ns=319300
elig-tick case=parked tick=47 ns=302900
elig-tick case=parked tick=48 ns=303900
elig-tick case=parked tick=49 ns=302000
elig-tick case=parked tick=50 ns=296000
elig-tick case=parked tick=51 ns=304500
elig-tick case=parked tick=52 ns=306000
elig-tick case=parked tick=53 ns=301900
elig-tick case=parked tick=54 ns=308500
elig-tick case=parked tick=55 ns=298900
elig-tick case=parked tick=56 ns=311400
elig-tick case=parked tick=57 ns=308800
elig-tick case=parked tick=58 ns=297300
elig-tick case=parked tick=59 ns=310600
elig-tick case=parked tick=60 ns=300000
elig-tick case=parked tick=61 ns=305800
elig-tick case=parked tick=62 ns=298900
elig-tick case=parked tick=63 ns=294600
elig-tick case=parked tick=64 ns=300700
elig-tick case=parked tick=65 ns=314300
elig-tick case=parked tick=66 ns=295400
elig-tick case=parked tick=67 ns=306100
elig-tick case=parked tick=68 ns=310100
elig-tick case=parked tick=69 ns=297800
elig-tick case=parked tick=70 ns=301300
elig-tick case=parked tick=71 ns=321300
elig-tick case=parked tick=72 ns=302800
elig-tick case=parked tick=73 ns=305500
elig-tick case=parked tick=74 ns=299200
elig-tick case=parked tick=75 ns=320800
elig-tick case=parked tick=76 ns=302900
elig-tick case=parked tick=77 ns=305400
elig-tick case=parked tick=78 ns=298600
elig-tick case=parked tick=79 ns=322000
elig-tick case=parked tick=80 ns=300100
elig-tick case=parked tick=81 ns=393100
elig-tick case=parked tick=82 ns=306500
elig-tick case=parked tick=83 ns=300600
elig-tick case=parked tick=84 ns=302100
elig-tick case=parked tick=85 ns=298900
elig-tick case=parked tick=86 ns=304800
elig-tick case=parked tick=87 ns=306200
elig-tick case=parked tick=88 ns=313500
elig-tick case=parked tick=89 ns=309000
elig-tick case=parked tick=90 ns=303800
elig-tick case=parked tick=91 ns=302400
elig-tick case=parked tick=92 ns=309000
elig-tick case=parked tick=93 ns=313900
elig-tick case=parked tick=94 ns=314800
elig-tick case=parked tick=95 ns=300900
elig-tick case=parked tick=96 ns=310900
elig-tick case=parked tick=97 ns=349200
elig-tick case=parked tick=98 ns=372300
elig-tick case=parked tick=99 ns=320600
elig-tick case=parked tick=100 ns=311200
elig-tick case=parked tick=101 ns=302700
elig-tick case=parked tick=102 ns=333000
elig-tick case=parked tick=103 ns=307100
elig-tick case=parked tick=104 ns=340600
elig-tick case=parked tick=105 ns=309100
elig-tick case=parked tick=106 ns=314600
elig-tick case=parked tick=107 ns=313200
elig-tick case=parked tick=108 ns=302200
elig-tick case=parked tick=109 ns=306700
elig-tick case=parked tick=110 ns=313600
elig-tick case=parked tick=111 ns=317700
elig-tick case=parked tick=112 ns=306700
elig-tick case=parked tick=113 ns=313300
elig-tick case=parked tick=114 ns=360600
elig-tick case=parked tick=115 ns=313400
elig-tick case=parked tick=116 ns=311600
elig-tick case=parked tick=117 ns=365100
elig-tick case=parked tick=118 ns=311800
elig-tick case=parked tick=119 ns=345900
elig-tick case=parked tick=120 ns=311300
elig-tick case=parked tick=121 ns=311000
elig-tick case=parked tick=122 ns=306100
elig-tick case=parked tick=123 ns=367400
elig-tick case=parked tick=124 ns=311400
elig-tick case=parked tick=125 ns=301500
elig-tick case=parked tick=126 ns=348700
elig-tick case=parked tick=127 ns=310300
ok

test result: ok. 1 passed; 0 failed; 0 ignored; 0 measured; 1 filtered out; finished in 0.08s

