
running 1 test
test eligibility_commit_wall ... 
elig-end case=parked window=0 windows=1 ticks=128 input=Sha256Digest(49f3ed00f20f2a716555fe923aeb6f4201702ebebbdc9f550e73765c498d46a4) digest=ac461faf72ddf871931e3f5cdde16f2128f082a1a56610b691fc23dddbfdfb91
elig-tick case=parked tick=0 ns=274600
elig-tick case=parked tick=1 ns=279200
elig-tick case=parked tick=2 ns=281700
elig-tick case=parked tick=3 ns=279400
elig-tick case=parked tick=4 ns=280200
elig-tick case=parked tick=5 ns=277100
elig-tick case=parked tick=6 ns=283000
elig-tick case=parked tick=7 ns=283400
elig-tick case=parked tick=8 ns=285500
elig-tick case=parked tick=9 ns=283300
elig-tick case=parked tick=10 ns=283200
elig-tick case=parked tick=11 ns=283000
elig-tick case=parked tick=12 ns=283200
elig-tick case=parked tick=13 ns=283700
elig-tick case=parked tick=14 ns=286400
elig-tick case=parked tick=15 ns=282000
elig-tick case=parked tick=16 ns=282500
elig-tick case=parked tick=17 ns=282500
elig-tick case=parked tick=18 ns=290900
elig-tick case=parked tick=19 ns=375800
elig-tick case=parked tick=20 ns=284200
elig-tick case=parked tick=21 ns=281300
elig-tick case=parked tick=22 ns=282600
elig-tick case=parked tick=23 ns=283200
elig-tick case=parked tick=24 ns=283700
elig-tick case=parked tick=25 ns=277700
elig-tick case=parked tick=26 ns=287300
elig-tick case=parked tick=27 ns=284500
elig-tick case=parked tick=28 ns=284400
elig-tick case=parked tick=29 ns=282400
elig-tick case=parked tick=30 ns=282300
elig-tick case=parked tick=31 ns=282000
elig-tick case=parked tick=32 ns=285700
elig-tick case=parked tick=33 ns=283100
elig-tick case=parked tick=34 ns=282900
elig-tick case=parked tick=35 ns=282600
elig-tick case=parked tick=36 ns=283300
elig-tick case=parked tick=37 ns=283300
elig-tick case=parked tick=38 ns=280800
elig-tick case=parked tick=39 ns=282900
elig-tick case=parked tick=40 ns=284800
elig-tick case=parked tick=41 ns=284500
elig-tick case=parked tick=42 ns=285200
elig-tick case=parked tick=43 ns=284900
elig-tick case=parked tick=44 ns=284100
elig-tick case=parked tick=45 ns=287300
elig-tick case=parked tick=46 ns=283000
elig-tick case=parked tick=47 ns=284700
elig-tick case=parked tick=48 ns=284000
elig-tick case=parked tick=49 ns=284600
elig-tick case=parked tick=50 ns=285300
elig-tick case=parked tick=51 ns=290200
elig-tick case=parked tick=52 ns=290800
elig-tick case=parked tick=53 ns=285500
elig-tick case=parked tick=54 ns=285200
elig-tick case=parked tick=55 ns=285300
elig-tick case=parked tick=56 ns=285200
elig-tick case=parked tick=57 ns=287600
elig-tick case=parked tick=58 ns=284600
elig-tick case=parked tick=59 ns=283800
elig-tick case=parked tick=60 ns=285300
elig-tick case=parked tick=61 ns=286500
elig-tick case=parked tick=62 ns=286200
elig-tick case=parked tick=63 ns=288200
elig-tick case=parked tick=64 ns=280400
elig-tick case=parked tick=65 ns=286500
elig-tick case=parked tick=66 ns=286000
elig-tick case=parked tick=67 ns=298400
elig-tick case=parked tick=68 ns=282400
elig-tick case=parked tick=69 ns=288500
elig-tick case=parked tick=70 ns=286300
elig-tick case=parked tick=71 ns=317500
elig-tick case=parked tick=72 ns=365000
elig-tick case=parked tick=73 ns=281900
elig-tick case=parked tick=74 ns=280500
elig-tick case=parked tick=75 ns=286600
elig-tick case=parked tick=76 ns=280500
elig-tick case=parked tick=77 ns=280600
elig-tick case=parked tick=78 ns=279400
elig-tick case=parked tick=79 ns=279600
elig-tick case=parked tick=80 ns=279100
elig-tick case=parked tick=81 ns=281700
elig-tick case=parked tick=82 ns=278000
elig-tick case=parked tick=83 ns=278700
elig-tick case=parked tick=84 ns=277900
elig-tick case=parked tick=85 ns=279700
elig-tick case=parked tick=86 ns=280000
elig-tick case=parked tick=87 ns=282800
elig-tick case=parked tick=88 ns=279800
elig-tick case=parked tick=89 ns=279600
elig-tick case=parked tick=90 ns=280000
elig-tick case=parked tick=91 ns=280400
elig-tick case=parked tick=92 ns=280000
elig-tick case=parked tick=93 ns=283600
elig-tick case=parked tick=94 ns=280900
elig-tick case=parked tick=95 ns=280700
elig-tick case=parked tick=96 ns=279700
elig-tick case=parked tick=97 ns=279900
elig-tick case=parked tick=98 ns=280000
elig-tick case=parked tick=99 ns=282300
elig-tick case=parked tick=100 ns=278200
elig-tick case=parked tick=101 ns=277700
elig-tick case=parked tick=102 ns=278200
elig-tick case=parked tick=103 ns=279000
elig-tick case=parked tick=104 ns=279700
elig-tick case=parked tick=105 ns=286300
elig-tick case=parked tick=106 ns=282700
elig-tick case=parked tick=107 ns=282400
elig-tick case=parked tick=108 ns=283200
elig-tick case=parked tick=109 ns=280700
elig-tick case=parked tick=110 ns=280300
elig-tick case=parked tick=111 ns=281000
elig-tick case=parked tick=112 ns=281000
elig-tick case=parked tick=113 ns=279300
elig-tick case=parked tick=114 ns=278600
elig-tick case=parked tick=115 ns=278900
elig-tick case=parked tick=116 ns=277900
elig-tick case=parked tick=117 ns=279100
elig-tick case=parked tick=118 ns=282800
elig-tick case=parked tick=119 ns=279500
elig-tick case=parked tick=120 ns=280200
elig-tick case=parked tick=121 ns=280700
elig-tick case=parked tick=122 ns=279700
elig-tick case=parked tick=123 ns=280400
elig-tick case=parked tick=124 ns=282300
elig-tick case=parked tick=125 ns=420100
elig-tick case=parked tick=126 ns=333900
elig-tick case=parked tick=127 ns=285600
ok

test result: ok. 1 passed; 0 failed; 0 ignored; 0 measured; 1 filtered out; finished in 0.07s

