
running 1 test
test eligibility_commit_wall ... 
elig-end case=capacity window=0 windows=1 ticks=128 input=Sha256Digest(49f3ed00f20f2a716555fe923aeb6f4201702ebebbdc9f550e73765c498d46a4) digest=48287b34c7ea2a970283c1bca078325acb5f50a41c85dc7f20f5402704d95874
elig-tick case=capacity tick=0 ns=303100
elig-tick case=capacity tick=1 ns=267800
elig-tick case=capacity tick=2 ns=275300
elig-tick case=capacity tick=3 ns=334400
elig-tick case=capacity tick=4 ns=281500
elig-tick case=capacity tick=5 ns=327500
elig-tick case=capacity tick=6 ns=284400
elig-tick case=capacity tick=7 ns=276500
elig-tick case=capacity tick=8 ns=279900
elig-tick case=capacity tick=9 ns=276400
elig-tick case=capacity tick=10 ns=274800
elig-tick case=capacity tick=11 ns=276600
elig-tick case=capacity tick=12 ns=276700
elig-tick case=capacity tick=13 ns=277600
elig-tick case=capacity tick=14 ns=278700
elig-tick case=capacity tick=15 ns=277900
elig-tick case=capacity tick=16 ns=280200
elig-tick case=capacity tick=17 ns=322900
elig-tick case=capacity tick=18 ns=359700
elig-tick case=capacity tick=19 ns=281000
elig-tick case=capacity tick=20 ns=282900
elig-tick case=capacity tick=21 ns=353500
elig-tick case=capacity tick=22 ns=279300
elig-tick case=capacity tick=23 ns=279000
elig-tick case=capacity tick=24 ns=278400
elig-tick case=capacity tick=25 ns=282700
elig-tick case=capacity tick=26 ns=302700
elig-tick case=capacity tick=27 ns=284200
elig-tick case=capacity tick=28 ns=280000
elig-tick case=capacity tick=29 ns=323200
elig-tick case=capacity tick=30 ns=296500
elig-tick case=capacity tick=31 ns=330400
elig-tick case=capacity tick=32 ns=280900
elig-tick case=capacity tick=33 ns=278900
elig-tick case=capacity tick=34 ns=278900
elig-tick case=capacity tick=35 ns=281300
elig-tick case=capacity tick=36 ns=280600
elig-tick case=capacity tick=37 ns=280500
elig-tick case=capacity tick=38 ns=283300
elig-tick case=capacity tick=39 ns=440700
elig-tick case=capacity tick=40 ns=324500
elig-tick case=capacity tick=41 ns=280800
elig-tick case=capacity tick=42 ns=278100
elig-tick case=capacity tick=43 ns=279100
elig-tick case=capacity tick=44 ns=290900
elig-tick case=capacity tick=45 ns=286100
elig-tick case=capacity tick=46 ns=278100
elig-tick case=capacity tick=47 ns=277600
elig-tick case=capacity tick=48 ns=278900
elig-tick case=capacity tick=49 ns=279300
elig-tick case=capacity tick=50 ns=278200
elig-tick case=capacity tick=51 ns=287700
elig-tick case=capacity tick=52 ns=276600
elig-tick case=capacity tick=53 ns=281400
elig-tick case=capacity tick=54 ns=292600
elig-tick case=capacity tick=55 ns=285200
elig-tick case=capacity tick=56 ns=286300
elig-tick case=capacity tick=57 ns=290500
elig-tick case=capacity tick=58 ns=286700
elig-tick case=capacity tick=59 ns=297800
elig-tick case=capacity tick=60 ns=284400
elig-tick case=capacity tick=61 ns=289800
elig-tick case=capacity tick=62 ns=290200
elig-tick case=capacity tick=63 ns=290900
elig-tick case=capacity tick=64 ns=287800
elig-tick case=capacity tick=65 ns=287800
elig-tick case=capacity tick=66 ns=295200
elig-tick case=capacity tick=67 ns=294700
elig-tick case=capacity tick=68 ns=295800
elig-tick case=capacity tick=69 ns=306800
elig-tick case=capacity tick=70 ns=302800
elig-tick case=capacity tick=71 ns=294700
elig-tick case=capacity tick=72 ns=295200
elig-tick case=capacity tick=73 ns=291100
elig-tick case=capacity tick=74 ns=289600
elig-tick case=capacity tick=75 ns=310900
elig-tick case=capacity tick=76 ns=294600
elig-tick case=capacity tick=77 ns=294300
elig-tick case=capacity tick=78 ns=300600
elig-tick case=capacity tick=79 ns=290400
elig-tick case=capacity tick=80 ns=301800
elig-tick case=capacity tick=81 ns=297800
elig-tick case=capacity tick=82 ns=294400
elig-tick case=capacity tick=83 ns=297100
elig-tick case=capacity tick=84 ns=291900
elig-tick case=capacity tick=85 ns=294900
elig-tick case=capacity tick=86 ns=290800
elig-tick case=capacity tick=87 ns=293200
elig-tick case=capacity tick=88 ns=295300
elig-tick case=capacity tick=89 ns=290200
elig-tick case=capacity tick=90 ns=294400
elig-tick case=capacity tick=91 ns=295300
elig-tick case=capacity tick=92 ns=448700
elig-tick case=capacity tick=93 ns=293400
elig-tick case=capacity tick=94 ns=290100
elig-tick case=capacity tick=95 ns=294500
elig-tick case=capacity tick=96 ns=294600
elig-tick case=capacity tick=97 ns=293000
elig-tick case=capacity tick=98 ns=298100
elig-tick case=capacity tick=99 ns=289800
elig-tick case=capacity tick=100 ns=294800
elig-tick case=capacity tick=101 ns=294000
elig-tick case=capacity tick=102 ns=293900
elig-tick case=capacity tick=103 ns=294700
elig-tick case=capacity tick=104 ns=298900
elig-tick case=capacity tick=105 ns=295000
elig-tick case=capacity tick=106 ns=292100
elig-tick case=capacity tick=107 ns=293800
elig-tick case=capacity tick=108 ns=296900
elig-tick case=capacity tick=109 ns=295800
elig-tick case=capacity tick=110 ns=300200
elig-tick case=capacity tick=111 ns=296800
elig-tick case=capacity tick=112 ns=296500
elig-tick case=capacity tick=113 ns=292300
elig-tick case=capacity tick=114 ns=296300
elig-tick case=capacity tick=115 ns=296000
elig-tick case=capacity tick=116 ns=297700
elig-tick case=capacity tick=117 ns=295300
elig-tick case=capacity tick=118 ns=296100
elig-tick case=capacity tick=119 ns=296000
elig-tick case=capacity tick=120 ns=296900
elig-tick case=capacity tick=121 ns=300400
elig-tick case=capacity tick=122 ns=293000
elig-tick case=capacity tick=123 ns=297300
elig-tick case=capacity tick=124 ns=297000
elig-tick case=capacity tick=125 ns=293600
elig-tick case=capacity tick=126 ns=297600
elig-tick case=capacity tick=127 ns=296400
ok

test result: ok. 1 passed; 0 failed; 0 ignored; 0 measured; 1 filtered out; finished in 0.07s

