
running 1 test
test eligibility_commit_wall ... 
elig-end case=parked window=0 windows=1 ticks=128 input=Sha256Digest(49f3ed00f20f2a716555fe923aeb6f4201702ebebbdc9f550e73765c498d46a4) digest=ac461faf72ddf871931e3f5cdde16f2128f082a1a56610b691fc23dddbfdfb91
elig-tick case=parked tick=0 ns=342700
elig-tick case=parked tick=1 ns=315000
elig-tick case=parked tick=2 ns=351300
elig-tick case=parked tick=3 ns=294700
elig-tick case=parked tick=4 ns=281000
elig-tick case=parked tick=5 ns=282700
elig-tick case=parked tick=6 ns=267300
elig-tick case=parked tick=7 ns=270100
elig-tick case=parked tick=8 ns=264200
elig-tick case=parked tick=9 ns=269900
elig-tick case=parked tick=10 ns=262300
elig-tick case=parked tick=11 ns=265500
elig-tick case=parked tick=12 ns=344400
elig-tick case=parked tick=13 ns=270700
elig-tick case=parked tick=14 ns=283000
elig-tick case=parked tick=15 ns=286900
elig-tick case=parked tick=16 ns=338900
elig-tick case=parked tick=17 ns=272600
elig-tick case=parked tick=18 ns=311800
elig-tick case=parked tick=19 ns=287000
elig-tick case=parked tick=20 ns=282300
elig-tick case=parked tick=21 ns=290300
elig-tick case=parked tick=22 ns=280900
elig-tick case=parked tick=23 ns=288000
elig-tick case=parked tick=24 ns=274900
elig-tick case=parked tick=25 ns=277600
elig-tick case=parked tick=26 ns=280700
elig-tick case=parked tick=27 ns=339100
elig-tick case=parked tick=28 ns=340300
elig-tick case=parked tick=29 ns=299600
elig-tick case=parked tick=30 ns=293900
elig-tick case=parked tick=31 ns=293000
elig-tick case=parked tick=32 ns=299500
elig-tick case=parked tick=33 ns=291200
elig-tick case=parked tick=34 ns=342300
elig-tick case=parked tick=35 ns=343300
elig-tick case=parked tick=36 ns=305600
elig-tick case=parked tick=37 ns=287600
elig-tick case=parked tick=38 ns=282600
elig-tick case=parked tick=39 ns=309800
elig-tick case=parked tick=40 ns=290800
elig-tick case=parked tick=41 ns=290200
elig-tick case=parked tick=42 ns=292500
elig-tick case=parked tick=43 ns=356600
elig-tick case=parked tick=44 ns=345800
elig-tick case=parked tick=45 ns=292800
elig-tick case=parked tick=46 ns=290500
elig-tick case=parked tick=47 ns=284900
elig-tick case=parked tick=48 ns=289200
elig-tick case=parked tick=49 ns=283900
elig-tick case=parked tick=50 ns=343800
elig-tick case=parked tick=51 ns=340800
elig-tick case=parked tick=52 ns=348900
elig-tick case=parked tick=53 ns=293300
elig-tick case=parked tick=54 ns=299300
elig-tick case=parked tick=55 ns=296900
elig-tick case=parked tick=56 ns=345500
elig-tick case=parked tick=57 ns=286600
elig-tick case=parked tick=58 ns=284500
elig-tick case=parked tick=59 ns=346200
elig-tick case=parked tick=60 ns=284700
elig-tick case=parked tick=61 ns=285000
elig-tick case=parked tick=62 ns=302800
elig-tick case=parked tick=63 ns=295300
elig-tick case=parked tick=64 ns=285300
elig-tick case=parked tick=65 ns=287000
elig-tick case=parked tick=66 ns=293300
elig-tick case=parked tick=67 ns=287700
elig-tick case=parked tick=68 ns=292600
elig-tick case=parked tick=69 ns=290700
elig-tick case=parked tick=70 ns=285800
elig-tick case=parked tick=71 ns=288000
elig-tick case=parked tick=72 ns=285500
elig-tick case=parked tick=73 ns=286000
elig-tick case=parked tick=74 ns=285000
elig-tick case=parked tick=75 ns=286500
elig-tick case=parked tick=76 ns=339200
elig-tick case=parked tick=77 ns=291400
elig-tick case=parked tick=78 ns=351500
elig-tick case=parked tick=79 ns=351200
elig-tick case=parked tick=80 ns=288600
elig-tick case=parked tick=81 ns=288400
elig-tick case=parked tick=82 ns=296600
elig-tick case=parked tick=83 ns=290900
elig-tick case=parked tick=84 ns=305900
elig-tick case=parked tick=85 ns=296300
elig-tick case=parked tick=86 ns=301800
elig-tick case=parked tick=87 ns=302100
elig-tick case=parked tick=88 ns=357100
elig-tick case=parked tick=89 ns=288500
elig-tick case=parked tick=90 ns=352600
elig-tick case=parked tick=91 ns=352200
elig-tick case=parked tick=92 ns=347500
elig-tick case=parked tick=93 ns=306600
elig-tick case=parked tick=94 ns=403400
elig-tick case=parked tick=95 ns=308900
elig-tick case=parked tick=96 ns=347800
elig-tick case=parked tick=97 ns=312100
elig-tick case=parked tick=98 ns=285600
elig-tick case=parked tick=99 ns=288500
elig-tick case=parked tick=100 ns=285100
elig-tick case=parked tick=101 ns=298600
elig-tick case=parked tick=102 ns=283600
elig-tick case=parked tick=103 ns=287900
elig-tick case=parked tick=104 ns=284900
elig-tick case=parked tick=105 ns=288900
elig-tick case=parked tick=106 ns=290500
elig-tick case=parked tick=107 ns=286400
elig-tick case=parked tick=108 ns=294600
elig-tick case=parked tick=109 ns=303400
elig-tick case=parked tick=110 ns=287500
elig-tick case=parked tick=111 ns=292700
elig-tick case=parked tick=112 ns=353500
elig-tick case=parked tick=113 ns=353900
elig-tick case=parked tick=114 ns=309500
elig-tick case=parked tick=115 ns=357700
elig-tick case=parked tick=116 ns=298300
elig-tick case=parked tick=117 ns=287500
elig-tick case=parked tick=118 ns=291600
elig-tick case=parked tick=119 ns=286500
elig-tick case=parked tick=120 ns=300700
elig-tick case=parked tick=121 ns=286100
elig-tick case=parked tick=122 ns=305300
elig-tick case=parked tick=123 ns=297600
elig-tick case=parked tick=124 ns=300100
elig-tick case=parked tick=125 ns=350100
elig-tick case=parked tick=126 ns=288000
elig-tick case=parked tick=127 ns=287200
ok

test result: ok. 1 passed; 0 failed; 0 ignored; 0 measured; 1 filtered out; finished in 0.07s

