
running 1 test
test kernel::eligibility_commit_research::eligibility_commit_diagnostic ... 
elig-end case=conflict-large window=0 windows=8 ticks=16 input=Sha256Digest(be0d39f44feb802fdb9697c7b5ad7522d367ab086803c8320cc5199f496991b9) digest=dde51337d7f39d46b6fa941b5069f76320d552b3fdcdc2aab71ef6524110cee4
elig-memory case=conflict-large window=0 world=111606604 shared=7803 binding=28 committed=32402910 derived=6001612 workspace=73202054 admin=0
elig-end case=conflict-large window=1 windows=8 ticks=16 input=Sha256Digest(be0d39f44feb802fdb9697c7b5ad7522d367ab086803c8320cc5199f496991b9) digest=dde51337d7f39d46b6fa941b5069f76320d552b3fdcdc2aab71ef6524110cee4
elig-memory case=conflict-large window=1 world=111606604 shared=7803 binding=28 committed=32402910 derived=6001612 workspace=73202054 admin=0
elig-end case=conflict-large window=2 windows=8 ticks=16 input=Sha256Digest(be0d39f44feb802fdb9697c7b5ad7522d367ab086803c8320cc5199f496991b9) digest=dde51337d7f39d46b6fa941b5069f76320d552b3fdcdc2aab71ef6524110cee4
elig-memory case=conflict-large window=2 world=111606604 shared=7803 binding=28 committed=32402910 derived=6001612 workspace=73202054 admin=0
elig-end case=conflict-large window=3 windows=8 ticks=16 input=Sha256Digest(be0d39f44feb802fdb9697c7b5ad7522d367ab086803c8320cc5199f496991b9) digest=dde51337d7f39d46b6fa941b5069f76320d552b3fdcdc2aab71ef6524110cee4
elig-memory case=conflict-large window=3 world=111606604 shared=7803 binding=28 committed=32402910 derived=6001612 workspace=73202054 admin=0
elig-end case=conflict-large window=4 windows=8 ticks=16 input=Sha256Digest(be0d39f44feb802fdb9697c7b5ad7522d367ab086803c8320cc5199f496991b9) digest=dde51337d7f39d46b6fa941b5069f76320d552b3fdcdc2aab71ef6524110cee4
elig-memory case=conflict-large window=4 world=111606604 shared=7803 binding=28 committed=32402910 derived=6001612 workspace=73202054 admin=0
elig-end case=conflict-large window=5 windows=8 ticks=16 input=Sha256Digest(be0d39f44feb802fdb9697c7b5ad7522d367ab086803c8320cc5199f496991b9) digest=dde51337d7f39d46b6fa941b5069f76320d552b3fdcdc2aab71ef6524110cee4
elig-memory case=conflict-large window=5 world=111606604 shared=7803 binding=28 committed=32402910 derived=6001612 workspace=73202054 admin=0
elig-end case=conflict-large window=6 windows=8 ticks=16 input=Sha256Digest(be0d39f44feb802fdb9697c7b5ad7522d367ab086803c8320cc5199f496991b9) digest=dde51337d7f39d46b6fa941b5069f76320d552b3fdcdc2aab71ef6524110cee4
elig-memory case=conflict-large window=6 world=111606604 shared=7803 binding=28 committed=32402910 derived=6001612 workspace=73202054 admin=0
elig-end case=conflict-large window=7 windows=8 ticks=16 input=Sha256Digest(be0d39f44feb802fdb9697c7b5ad7522d367ab086803c8320cc5199f496991b9) digest=dde51337d7f39d46b6fa941b5069f76320d552b3fdcdc2aab71ef6524110cee4
elig-memory case=conflict-large window=7 world=111606604 shared=7803 binding=28 committed=32402910 derived=6001612 workspace=73202054 admin=0
elig-detail case=conflict-large stage=clear_motion ns=2025100 items=12800000 calls=128
elig-detail case=conflict-large stage=clear_eligibility ns=11730000 items=12800000 calls=128
elig-detail case=conflict-large stage=copy ns=23390000 items=12800000 calls=128
elig-detail case=conflict-large stage=scan ns=48200 items=12800000 calls=128
elig-detail case=conflict-large stage=eligibility_commit ns=23461200 items=12800000 calls=128
elig-phase case=conflict-large stage=whole_step ns=53463400
elig-phase case=conflict-large stage=preflight ns=12657200
elig-phase case=conflict-large stage=occupancy ns=84400
elig-phase case=conflict-large stage=waiting_prepare ns=1053900
elig-phase case=conflict-large stage=conflict_prepare ns=14047100
elig-phase case=conflict-large stage=motion_loop ns=141600
elig-phase case=conflict-large stage=waiting_finalize ns=1006100
elig-phase case=conflict-large stage=signals ns=664700
elig-phase case=conflict-large stage=conflict_finalize ns=56000
elig-phase case=conflict-large stage=waiting_outputs ns=60900
elig-phase case=conflict-large stage=commit ns=23530500
elig-work case=conflict-large allocations=0 reallocations=0 bytes=0 min_eligible=1 max_eligible=1
elig-table case=conflict-large pattern=empty slots=100000 calls=128 commit_ns=46333200 copy_ns=20515700 scan_ns=25799700 copy_items=12800000 scan_items=12800000 allocations=0 reallocations=0
elig-table case=conflict-large pattern=first slots=100000 calls=128 commit_ns=18749700 copy_ns=18683200 scan_ns=53900 copy_items=12800000 scan_items=12800000 allocations=0 reallocations=0
elig-table case=conflict-large pattern=last slots=100000 calls=128 commit_ns=41545700 copy_ns=18964600 scan_ns=22566700 copy_items=12800000 scan_items=12800000 allocations=0 reallocations=0
elig-table case=conflict-large pattern=dense slots=100000 calls=128 commit_ns=42587400 copy_ns=42518500 scan_ns=55200 copy_items=12800000 scan_items=12800000 allocations=0 reallocations=0
ok

test result: ok. 1 passed; 0 failed; 0 ignored; 0 measured; 536 filtered out; finished in 0.32s

