
running 1 test
test eligibility_commit_wall ... 
elig-end case=compact window=0 windows=1 ticks=128 input=Sha256Digest(49f3ed00f20f2a716555fe923aeb6f4201702ebebbdc9f550e73765c498d46a4) digest=22e36f386f535893101f373a7eeb4c0ee9019078cc853350e59ca8fbe3e2dfd1
elig-tick case=compact tick=0 ns=260800
elig-tick case=compact tick=1 ns=262100
elig-tick case=compact tick=2 ns=260400
elig-tick case=compact tick=3 ns=262800
elig-tick case=compact tick=4 ns=165800
elig-tick case=compact tick=5 ns=164600
elig-tick case=compact tick=6 ns=169600
elig-tick case=compact tick=7 ns=189200
elig-tick case=compact tick=8 ns=219400
elig-tick case=compact tick=9 ns=164000
elig-tick case=compact tick=10 ns=163600
elig-tick case=compact tick=11 ns=164600
elig-tick case=compact tick=12 ns=176000
elig-tick case=compact tick=13 ns=164700
elig-tick case=compact tick=14 ns=170400
elig-tick case=compact tick=15 ns=164200
elig-tick case=compact tick=16 ns=170100
elig-tick case=compact tick=17 ns=170700
elig-tick case=compact tick=18 ns=163700
elig-tick case=compact tick=19 ns=189900
elig-tick case=compact tick=20 ns=170100
elig-tick case=compact tick=21 ns=164300
elig-tick case=compact tick=22 ns=163900
elig-tick case=compact tick=23 ns=167000
elig-tick case=compact tick=24 ns=170600
elig-tick case=compact tick=25 ns=164100
elig-tick case=compact tick=26 ns=170500
elig-tick case=compact tick=27 ns=164000
elig-tick case=compact tick=28 ns=170800
elig-tick case=compact tick=29 ns=170100
elig-tick case=compact tick=30 ns=170300
elig-tick case=compact tick=31 ns=171000
elig-tick case=compact tick=32 ns=223900
elig-tick case=compact tick=33 ns=193900
elig-tick case=compact tick=34 ns=200900
elig-tick case=compact tick=35 ns=167400
elig-tick case=compact tick=36 ns=169700
elig-tick case=compact tick=37 ns=169500
elig-tick case=compact tick=38 ns=173700
elig-tick case=compact tick=39 ns=201600
elig-tick case=compact tick=40 ns=164200
elig-tick case=compact tick=41 ns=163500
elig-tick case=compact tick=42 ns=172300
elig-tick case=compact tick=43 ns=163800
elig-tick case=compact tick=44 ns=163900
elig-tick case=compact tick=45 ns=163800
elig-tick case=compact tick=46 ns=163200
elig-tick case=compact tick=47 ns=169300
elig-tick case=compact tick=48 ns=168900
elig-tick case=compact tick=49 ns=168700
elig-tick case=compact tick=50 ns=163200
elig-tick case=compact tick=51 ns=162800
elig-tick case=compact tick=52 ns=169900
elig-tick case=compact tick=53 ns=166800
elig-tick case=compact tick=54 ns=164000
elig-tick case=compact tick=55 ns=164200
elig-tick case=compact tick=56 ns=231800
elig-tick case=compact tick=57 ns=206500
elig-tick case=compact tick=58 ns=164200
elig-tick case=compact tick=59 ns=169900
elig-tick case=compact tick=60 ns=169800
elig-tick case=compact tick=61 ns=163900
elig-tick case=compact tick=62 ns=175800
elig-tick case=compact tick=63 ns=169100
elig-tick case=compact tick=64 ns=171200
elig-tick case=compact tick=65 ns=165400
elig-tick case=compact tick=66 ns=165600
elig-tick case=compact tick=67 ns=171200
elig-tick case=compact tick=68 ns=165500
elig-tick case=compact tick=69 ns=171600
elig-tick case=compact tick=70 ns=241400
elig-tick case=compact tick=71 ns=184500
elig-tick case=compact tick=72 ns=167400
elig-tick case=compact tick=73 ns=165100
elig-tick case=compact tick=74 ns=165400
elig-tick case=compact tick=75 ns=201900
elig-tick case=compact tick=76 ns=223900
elig-tick case=compact tick=77 ns=191800
elig-tick case=compact tick=78 ns=166200
elig-tick case=compact tick=79 ns=222800
elig-tick case=compact tick=80 ns=186100
elig-tick case=compact tick=81 ns=323200
elig-tick case=compact tick=82 ns=245200
elig-tick case=compact tick=83 ns=173000
elig-tick case=compact tick=84 ns=168200
elig-tick case=compact tick=85 ns=167600
elig-tick case=compact tick=86 ns=167600
elig-tick case=compact tick=87 ns=167800
elig-tick case=compact tick=88 ns=173300
elig-tick case=compact tick=89 ns=167500
elig-tick case=compact tick=90 ns=173500
elig-tick case=compact tick=91 ns=167600
elig-tick case=compact tick=92 ns=172900
elig-tick case=compact tick=93 ns=167500
elig-tick case=compact tick=94 ns=166900
elig-tick case=compact tick=95 ns=167100
elig-tick case=compact tick=96 ns=172800
elig-tick case=compact tick=97 ns=166600
elig-tick case=compact tick=98 ns=166500
elig-tick case=compact tick=99 ns=167000
elig-tick case=compact tick=100 ns=172600
elig-tick case=compact tick=101 ns=459600
elig-tick case=compact tick=102 ns=327700
elig-tick case=compact tick=103 ns=168100
elig-tick case=compact tick=104 ns=168000
elig-tick case=compact tick=105 ns=172800
elig-tick case=compact tick=106 ns=172100
elig-tick case=compact tick=107 ns=172600
elig-tick case=compact tick=108 ns=174700
elig-tick case=compact tick=109 ns=172600
elig-tick case=compact tick=110 ns=172500
elig-tick case=compact tick=111 ns=171900
elig-tick case=compact tick=112 ns=170700
elig-tick case=compact tick=113 ns=181400
elig-tick case=compact tick=114 ns=165000
elig-tick case=compact tick=115 ns=170900
elig-tick case=compact tick=116 ns=164800
elig-tick case=compact tick=117 ns=170300
elig-tick case=compact tick=118 ns=174600
elig-tick case=compact tick=119 ns=164200
elig-tick case=compact tick=120 ns=170900
elig-tick case=compact tick=121 ns=170500
elig-tick case=compact tick=122 ns=164500
elig-tick case=compact tick=123 ns=424400
elig-tick case=compact tick=124 ns=165700
elig-tick case=compact tick=125 ns=166100
elig-tick case=compact tick=126 ns=171900
elig-tick case=compact tick=127 ns=168300
ok

test result: ok. 1 passed; 0 failed; 0 ignored; 0 measured; 1 filtered out; finished in 0.04s

