
running 1 test
test eligibility_commit_wall ... 
elig-end case=compact window=0 windows=1 ticks=128 input=Sha256Digest(49f3ed00f20f2a716555fe923aeb6f4201702ebebbdc9f550e73765c498d46a4) digest=22e36f386f535893101f373a7eeb4c0ee9019078cc853350e59ca8fbe3e2dfd1
elig-tick case=compact tick=0 ns=191900
elig-tick case=compact tick=1 ns=197900
elig-tick case=compact tick=2 ns=191600
elig-tick case=compact tick=3 ns=194200
elig-tick case=compact tick=4 ns=197000
elig-tick case=compact tick=5 ns=190800
elig-tick case=compact tick=6 ns=192500
elig-tick case=compact tick=7 ns=200400
elig-tick case=compact tick=8 ns=190900
elig-tick case=compact tick=9 ns=195300
elig-tick case=compact tick=10 ns=210300
elig-tick case=compact tick=11 ns=250400
elig-tick case=compact tick=12 ns=196200
elig-tick case=compact tick=13 ns=190400
elig-tick case=compact tick=14 ns=196800
elig-tick case=compact tick=15 ns=191000
elig-tick case=compact tick=16 ns=195100
elig-tick case=compact tick=17 ns=190100
elig-tick case=compact tick=18 ns=195000
elig-tick case=compact tick=19 ns=203300
elig-tick case=compact tick=20 ns=190600
elig-tick case=compact tick=21 ns=203000
elig-tick case=compact tick=22 ns=196600
elig-tick case=compact tick=23 ns=196100
elig-tick case=compact tick=24 ns=242700
elig-tick case=compact tick=25 ns=204000
elig-tick case=compact tick=26 ns=188800
elig-tick case=compact tick=27 ns=183800
elig-tick case=compact tick=28 ns=183800
elig-tick case=compact tick=29 ns=188700
elig-tick case=compact tick=30 ns=180600
elig-tick case=compact tick=31 ns=199900
elig-tick case=compact tick=32 ns=424700
elig-tick case=compact tick=33 ns=238500
elig-tick case=compact tick=34 ns=182500
elig-tick case=compact tick=35 ns=181200
elig-tick case=compact tick=36 ns=181700
elig-tick case=compact tick=37 ns=181300
elig-tick case=compact tick=38 ns=180700
elig-tick case=compact tick=39 ns=182100
elig-tick case=compact tick=40 ns=244800
elig-tick case=compact tick=41 ns=181200
elig-tick case=compact tick=42 ns=182000
elig-tick case=compact tick=43 ns=180900
elig-tick case=compact tick=44 ns=178900
elig-tick case=compact tick=45 ns=179200
elig-tick case=compact tick=46 ns=179700
elig-tick case=compact tick=47 ns=179500
elig-tick case=compact tick=48 ns=178700
elig-tick case=compact tick=49 ns=181400
elig-tick case=compact tick=50 ns=175600
elig-tick case=compact tick=51 ns=176200
elig-tick case=compact tick=52 ns=176300
elig-tick case=compact tick=53 ns=176200
elig-tick case=compact tick=54 ns=176900
elig-tick case=compact tick=55 ns=177200
elig-tick case=compact tick=56 ns=177100
elig-tick case=compact tick=57 ns=176200
elig-tick case=compact tick=58 ns=176700
elig-tick case=compact tick=59 ns=180200
elig-tick case=compact tick=60 ns=177000
elig-tick case=compact tick=61 ns=177200
elig-tick case=compact tick=62 ns=176900
elig-tick case=compact tick=63 ns=177000
elig-tick case=compact tick=64 ns=176800
elig-tick case=compact tick=65 ns=177400
elig-tick case=compact tick=66 ns=178100
elig-tick case=compact tick=67 ns=177300
elig-tick case=compact tick=68 ns=177300
elig-tick case=compact tick=69 ns=181000
elig-tick case=compact tick=70 ns=177300
elig-tick case=compact tick=71 ns=178200
elig-tick case=compact tick=72 ns=177700
elig-tick case=compact tick=73 ns=177900
elig-tick case=compact tick=74 ns=177900
elig-tick case=compact tick=75 ns=177900
elig-tick case=compact tick=76 ns=178500
elig-tick case=compact tick=77 ns=180800
elig-tick case=compact tick=78 ns=289600
elig-tick case=compact tick=79 ns=516300
elig-tick case=compact tick=80 ns=231400
elig-tick case=compact tick=81 ns=236100
elig-tick case=compact tick=82 ns=205800
elig-tick case=compact tick=83 ns=185800
elig-tick case=compact tick=84 ns=183500
elig-tick case=compact tick=85 ns=191500
elig-tick case=compact tick=86 ns=186100
elig-tick case=compact tick=87 ns=185700
elig-tick case=compact tick=88 ns=190600
elig-tick case=compact tick=89 ns=185800
elig-tick case=compact tick=90 ns=191400
elig-tick case=compact tick=91 ns=186400
elig-tick case=compact tick=92 ns=190700
elig-tick case=compact tick=93 ns=192700
elig-tick case=compact tick=94 ns=186400
elig-tick case=compact tick=95 ns=220900
elig-tick case=compact tick=96 ns=228100
elig-tick case=compact tick=97 ns=188700
elig-tick case=compact tick=98 ns=196200
elig-tick case=compact tick=99 ns=188900
elig-tick case=compact tick=100 ns=194500
elig-tick case=compact tick=101 ns=230300
elig-tick case=compact tick=102 ns=252600
elig-tick case=compact tick=103 ns=197100
elig-tick case=compact tick=104 ns=189500
elig-tick case=compact tick=105 ns=197000
elig-tick case=compact tick=106 ns=190400
elig-tick case=compact tick=107 ns=189900
elig-tick case=compact tick=108 ns=197100
elig-tick case=compact tick=109 ns=193900
elig-tick case=compact tick=110 ns=198700
elig-tick case=compact tick=111 ns=321900
elig-tick case=compact tick=112 ns=214100
elig-tick case=compact tick=113 ns=188100
elig-tick case=compact tick=114 ns=193900
elig-tick case=compact tick=115 ns=238400
elig-tick case=compact tick=116 ns=230200
elig-tick case=compact tick=117 ns=200700
elig-tick case=compact tick=118 ns=202400
elig-tick case=compact tick=119 ns=222600
elig-tick case=compact tick=120 ns=245400
elig-tick case=compact tick=121 ns=217000
elig-tick case=compact tick=122 ns=192400
elig-tick case=compact tick=123 ns=200000
elig-tick case=compact tick=124 ns=214400
elig-tick case=compact tick=125 ns=193400
elig-tick case=compact tick=126 ns=192800
elig-tick case=compact tick=127 ns=191000
ok

test result: ok. 1 passed; 0 failed; 0 ignored; 0 measured; 1 filtered out; finished in 0.05s

