
running 1 test
test eligibility_commit_wall ... 
elig-end case=capacity window=0 windows=1 ticks=128 input=Sha256Digest(49f3ed00f20f2a716555fe923aeb6f4201702ebebbdc9f550e73765c498d46a4) digest=48287b34c7ea2a970283c1bca078325acb5f50a41c85dc7f20f5402704d95874
elig-tick case=capacity tick=0 ns=669100
elig-tick case=capacity tick=1 ns=538700
elig-tick case=capacity tick=2 ns=598100
elig-tick case=capacity tick=3 ns=709300
elig-tick case=capacity tick=4 ns=587800
elig-tick case=capacity tick=5 ns=512900
elig-tick case=capacity tick=6 ns=553100
elig-tick case=capacity tick=7 ns=824900
elig-tick case=capacity tick=8 ns=521800
elig-tick case=capacity tick=9 ns=662700
elig-tick case=capacity tick=10 ns=581700
elig-tick case=capacity tick=11 ns=606900
elig-tick case=capacity tick=12 ns=494300
elig-tick case=capacity tick=13 ns=524300
elig-tick case=capacity tick=14 ns=669500
elig-tick case=capacity tick=15 ns=523000
elig-tick case=capacity tick=16 ns=570000
elig-tick case=capacity tick=17 ns=580700
elig-tick case=capacity tick=18 ns=508100
elig-tick case=capacity tick=19 ns=499900
elig-tick case=capacity tick=20 ns=943200
elig-tick case=capacity tick=21 ns=634400
elig-tick case=capacity tick=22 ns=513800
elig-tick case=capacity tick=23 ns=744000
elig-tick case=capacity tick=24 ns=526100
elig-tick case=capacity tick=25 ns=507300
elig-tick case=capacity tick=26 ns=527800
elig-tick case=capacity tick=27 ns=520300
elig-tick case=capacity tick=28 ns=688200
elig-tick case=capacity tick=29 ns=548700
elig-tick case=capacity tick=30 ns=720800
elig-tick case=capacity tick=31 ns=497900
elig-tick case=capacity tick=32 ns=499700
elig-tick case=capacity tick=33 ns=511900
elig-tick case=capacity tick=34 ns=536500
elig-tick case=capacity tick=35 ns=638200
elig-tick case=capacity tick=36 ns=522500
elig-tick case=capacity tick=37 ns=760700
elig-tick case=capacity tick=38 ns=517800
elig-tick case=capacity tick=39 ns=501700
elig-tick case=capacity tick=40 ns=533900
elig-tick case=capacity tick=41 ns=594000
elig-tick case=capacity tick=42 ns=565700
elig-tick case=capacity tick=43 ns=603500
elig-tick case=capacity tick=44 ns=703700
elig-tick case=capacity tick=45 ns=575800
elig-tick case=capacity tick=46 ns=635700
elig-tick case=capacity tick=47 ns=569300
elig-tick case=capacity tick=48 ns=508800
elig-tick case=capacity tick=49 ns=499200
elig-tick case=capacity tick=50 ns=677100
elig-tick case=capacity tick=51 ns=514800
elig-tick case=capacity tick=52 ns=780900
elig-tick case=capacity tick=53 ns=521400
elig-tick case=capacity tick=54 ns=602300
elig-tick case=capacity tick=55 ns=508100
elig-tick case=capacity tick=56 ns=521200
elig-tick case=capacity tick=57 ns=656300
elig-tick case=capacity tick=58 ns=517500
elig-tick case=capacity tick=59 ns=782200
elig-tick case=capacity tick=60 ns=551900
elig-tick case=capacity tick=61 ns=503900
elig-tick case=capacity tick=62 ns=542900
elig-tick case=capacity tick=63 ns=648100
elig-tick case=capacity tick=64 ns=684400
elig-tick case=capacity tick=65 ns=538200
elig-tick case=capacity tick=66 ns=803400
elig-tick case=capacity tick=67 ns=540100
elig-tick case=capacity tick=68 ns=518900
elig-tick case=capacity tick=69 ns=535800
elig-tick case=capacity tick=70 ns=525700
elig-tick case=capacity tick=71 ns=704000
elig-tick case=capacity tick=72 ns=883800
elig-tick case=capacity tick=73 ns=534500
elig-tick case=capacity tick=74 ns=580600
elig-tick case=capacity tick=75 ns=530200
elig-tick case=capacity tick=76 ns=730800
elig-tick case=capacity tick=77 ns=655100
elig-tick case=capacity tick=78 ns=542800
elig-tick case=capacity tick=79 ns=721200
elig-tick case=capacity tick=80 ns=584400
elig-tick case=capacity tick=81 ns=532100
elig-tick case=capacity tick=82 ns=529000
elig-tick case=capacity tick=83 ns=557000
elig-tick case=capacity tick=84 ns=718600
elig-tick case=capacity tick=85 ns=784000
elig-tick case=capacity tick=86 ns=624900
elig-tick case=capacity tick=87 ns=529500
elig-tick case=capacity tick=88 ns=548400
elig-tick case=capacity tick=89 ns=537100
elig-tick case=capacity tick=90 ns=540600
elig-tick case=capacity tick=91 ns=701600
elig-tick case=capacity tick=92 ns=643200
elig-tick case=capacity tick=93 ns=700000
elig-tick case=capacity tick=94 ns=501300
elig-tick case=capacity tick=95 ns=538300
elig-tick case=capacity tick=96 ns=518300
elig-tick case=capacity tick=97 ns=498300
elig-tick case=capacity tick=98 ns=866100
elig-tick case=capacity tick=99 ns=535100
elig-tick case=capacity tick=100 ns=570100
elig-tick case=capacity tick=101 ns=645900
elig-tick case=capacity tick=102 ns=513300
elig-tick case=capacity tick=103 ns=514000
elig-tick case=capacity tick=104 ns=537200
elig-tick case=capacity tick=105 ns=674700
elig-tick case=capacity tick=106 ns=802100
elig-tick case=capacity tick=107 ns=707200
elig-tick case=capacity tick=108 ns=873700
elig-tick case=capacity tick=109 ns=1092700
elig-tick case=capacity tick=110 ns=960100
elig-tick case=capacity tick=111 ns=777300
elig-tick case=capacity tick=112 ns=584700
elig-tick case=capacity tick=113 ns=674200
elig-tick case=capacity tick=114 ns=603500
elig-tick case=capacity tick=115 ns=677900
elig-tick case=capacity tick=116 ns=710200
elig-tick case=capacity tick=117 ns=538700
elig-tick case=capacity tick=118 ns=668300
elig-tick case=capacity tick=119 ns=607300
elig-tick case=capacity tick=120 ns=615600
elig-tick case=capacity tick=121 ns=612300
elig-tick case=capacity tick=122 ns=916600
elig-tick case=capacity tick=123 ns=523400
elig-tick case=capacity tick=124 ns=780400
elig-tick case=capacity tick=125 ns=492800
elig-tick case=capacity tick=126 ns=490700
elig-tick case=capacity tick=127 ns=515000
ok

test result: ok. 1 passed; 0 failed; 0 ignored; 0 measured; 1 filtered out; finished in 0.12s

