
running 1 test
test eligibility_commit_wall ... 
elig-end case=compact window=0 windows=1 ticks=128 input=Sha256Digest(49f3ed00f20f2a716555fe923aeb6f4201702ebebbdc9f550e73765c498d46a4) digest=22e36f386f535893101f373a7eeb4c0ee9019078cc853350e59ca8fbe3e2dfd1
elig-tick case=compact tick=0 ns=172200
elig-tick case=compact tick=1 ns=177800
elig-tick case=compact tick=2 ns=174700
elig-tick case=compact tick=3 ns=170800
elig-tick case=compact tick=4 ns=170600
elig-tick case=compact tick=5 ns=196400
elig-tick case=compact tick=6 ns=172300
elig-tick case=compact tick=7 ns=179500
elig-tick case=compact tick=8 ns=182300
elig-tick case=compact tick=9 ns=179000
elig-tick case=compact tick=10 ns=301100
elig-tick case=compact tick=11 ns=364200
elig-tick case=compact tick=12 ns=258900
elig-tick case=compact tick=13 ns=261800
elig-tick case=compact tick=14 ns=264500
elig-tick case=compact tick=15 ns=274500
elig-tick case=compact tick=16 ns=330700
elig-tick case=compact tick=17 ns=198700
elig-tick case=compact tick=18 ns=183700
elig-tick case=compact tick=19 ns=181900
elig-tick case=compact tick=20 ns=180800
elig-tick case=compact tick=21 ns=187500
elig-tick case=compact tick=22 ns=186900
elig-tick case=compact tick=23 ns=187000
elig-tick case=compact tick=24 ns=185300
elig-tick case=compact tick=25 ns=182100
elig-tick case=compact tick=26 ns=187700
elig-tick case=compact tick=27 ns=182900
elig-tick case=compact tick=28 ns=176900
elig-tick case=compact tick=29 ns=184900
elig-tick case=compact tick=30 ns=187500
elig-tick case=compact tick=31 ns=180000
elig-tick case=compact tick=32 ns=187500
elig-tick case=compact tick=33 ns=180100
elig-tick case=compact tick=34 ns=186800
elig-tick case=compact tick=35 ns=191000
elig-tick case=compact tick=36 ns=195000
elig-tick case=compact tick=37 ns=183800
elig-tick case=compact tick=38 ns=190600
elig-tick case=compact tick=39 ns=183800
elig-tick case=compact tick=40 ns=192800
elig-tick case=compact tick=41 ns=193300
elig-tick case=compact tick=42 ns=186600
elig-tick case=compact tick=43 ns=186400
elig-tick case=compact tick=44 ns=186400
elig-tick case=compact tick=45 ns=191100
elig-tick case=compact tick=46 ns=196300
elig-tick case=compact tick=47 ns=189400
elig-tick case=compact tick=48 ns=189700
elig-tick case=compact tick=49 ns=196500
elig-tick case=compact tick=50 ns=189700
elig-tick case=compact tick=51 ns=197600
elig-tick case=compact tick=52 ns=197900
elig-tick case=compact tick=53 ns=196800
elig-tick case=compact tick=54 ns=269100
elig-tick case=compact tick=55 ns=198000
elig-tick case=compact tick=56 ns=195700
elig-tick case=compact tick=57 ns=197100
elig-tick case=compact tick=58 ns=196600
elig-tick case=compact tick=59 ns=285300
elig-tick case=compact tick=60 ns=196100
elig-tick case=compact tick=61 ns=199800
elig-tick case=compact tick=62 ns=197400
elig-tick case=compact tick=63 ns=196300
elig-tick case=compact tick=64 ns=265100
elig-tick case=compact tick=65 ns=387000
elig-tick case=compact tick=66 ns=187300
elig-tick case=compact tick=67 ns=193900
elig-tick case=compact tick=68 ns=193200
elig-tick case=compact tick=69 ns=198900
elig-tick case=compact tick=70 ns=187100
elig-tick case=compact tick=71 ns=193700
elig-tick case=compact tick=72 ns=197300
elig-tick case=compact tick=73 ns=187400
elig-tick case=compact tick=74 ns=195600
elig-tick case=compact tick=75 ns=196200
elig-tick case=compact tick=76 ns=189600
elig-tick case=compact tick=77 ns=196800
elig-tick case=compact tick=78 ns=366900
elig-tick case=compact tick=79 ns=217200
elig-tick case=compact tick=80 ns=194700
elig-tick case=compact tick=81 ns=189800
elig-tick case=compact tick=82 ns=198200
elig-tick case=compact tick=83 ns=192600
elig-tick case=compact tick=84 ns=195100
elig-tick case=compact tick=85 ns=565800
elig-tick case=compact tick=86 ns=448900
elig-tick case=compact tick=87 ns=199800
elig-tick case=compact tick=88 ns=202700
elig-tick case=compact tick=89 ns=199100
elig-tick case=compact tick=90 ns=190800
elig-tick case=compact tick=91 ns=362100
elig-tick case=compact tick=92 ns=190600
elig-tick case=compact tick=93 ns=185500
elig-tick case=compact tick=94 ns=184000
elig-tick case=compact tick=95 ns=181000
elig-tick case=compact tick=96 ns=178000
elig-tick case=compact tick=97 ns=184300
elig-tick case=compact tick=98 ns=178200
elig-tick case=compact tick=99 ns=241600
elig-tick case=compact tick=100 ns=187000
elig-tick case=compact tick=101 ns=188100
elig-tick case=compact tick=102 ns=187900
elig-tick case=compact tick=103 ns=187900
elig-tick case=compact tick=104 ns=188600
elig-tick case=compact tick=105 ns=188600
elig-tick case=compact tick=106 ns=181000
elig-tick case=compact tick=107 ns=186400
elig-tick case=compact tick=108 ns=241000
elig-tick case=compact tick=109 ns=183600
elig-tick case=compact tick=110 ns=196900
elig-tick case=compact tick=111 ns=182500
elig-tick case=compact tick=112 ns=188500
elig-tick case=compact tick=113 ns=188500
elig-tick case=compact tick=114 ns=188300
elig-tick case=compact tick=115 ns=189100
elig-tick case=compact tick=116 ns=187000
elig-tick case=compact tick=117 ns=186600
elig-tick case=compact tick=118 ns=186700
elig-tick case=compact tick=119 ns=233800
elig-tick case=compact tick=120 ns=188400
elig-tick case=compact tick=121 ns=185100
elig-tick case=compact tick=122 ns=184400
elig-tick case=compact tick=123 ns=177900
elig-tick case=compact tick=124 ns=183700
elig-tick case=compact tick=125 ns=184200
elig-tick case=compact tick=126 ns=176900
elig-tick case=compact tick=127 ns=183700
ok

test result: ok. 1 passed; 0 failed; 0 ignored; 0 measured; 1 filtered out; finished in 0.05s

