
running 1 test
test eligibility_commit_wall ... 
elig-end case=compact window=0 windows=1 ticks=128 input=Sha256Digest(49f3ed00f20f2a716555fe923aeb6f4201702ebebbdc9f550e73765c498d46a4) digest=22e36f386f535893101f373a7eeb4c0ee9019078cc853350e59ca8fbe3e2dfd1
elig-tick case=compact tick=0 ns=182100
elig-tick case=compact tick=1 ns=186900
elig-tick case=compact tick=2 ns=179600
elig-tick case=compact tick=3 ns=181700
elig-tick case=compact tick=4 ns=185500
elig-tick case=compact tick=5 ns=182400
elig-tick case=compact tick=6 ns=179400
elig-tick case=compact tick=7 ns=184900
elig-tick case=compact tick=8 ns=183600
elig-tick case=compact tick=9 ns=192100
elig-tick case=compact tick=10 ns=180800
elig-tick case=compact tick=11 ns=187000
elig-tick case=compact tick=12 ns=221000
elig-tick case=compact tick=13 ns=184000
elig-tick case=compact tick=14 ns=195500
elig-tick case=compact tick=15 ns=184300
elig-tick case=compact tick=16 ns=188900
elig-tick case=compact tick=17 ns=190200
elig-tick case=compact tick=18 ns=184100
elig-tick case=compact tick=19 ns=188500
elig-tick case=compact tick=20 ns=224300
elig-tick case=compact tick=21 ns=231400
elig-tick case=compact tick=22 ns=246600
elig-tick case=compact tick=23 ns=249700
elig-tick case=compact tick=24 ns=207900
elig-tick case=compact tick=25 ns=185000
elig-tick case=compact tick=26 ns=184900
elig-tick case=compact tick=27 ns=197600
elig-tick case=compact tick=28 ns=191100
elig-tick case=compact tick=29 ns=196000
elig-tick case=compact tick=30 ns=192800
elig-tick case=compact tick=31 ns=206800
elig-tick case=compact tick=32 ns=190100
elig-tick case=compact tick=33 ns=190400
elig-tick case=compact tick=34 ns=412500
elig-tick case=compact tick=35 ns=271000
elig-tick case=compact tick=36 ns=205600
elig-tick case=compact tick=37 ns=198900
elig-tick case=compact tick=38 ns=205000
elig-tick case=compact tick=39 ns=205400
elig-tick case=compact tick=40 ns=198900
elig-tick case=compact tick=41 ns=187400
elig-tick case=compact tick=42 ns=187500
elig-tick case=compact tick=43 ns=188600
elig-tick case=compact tick=44 ns=191100
elig-tick case=compact tick=45 ns=188400
elig-tick case=compact tick=46 ns=190400
elig-tick case=compact tick=47 ns=189100
elig-tick case=compact tick=48 ns=189900
elig-tick case=compact tick=49 ns=189700
elig-tick case=compact tick=50 ns=204000
elig-tick case=compact tick=51 ns=187100
elig-tick case=compact tick=52 ns=189500
elig-tick case=compact tick=53 ns=185000
elig-tick case=compact tick=54 ns=192000
elig-tick case=compact tick=55 ns=192000
elig-tick case=compact tick=56 ns=192100
elig-tick case=compact tick=57 ns=191800
elig-tick case=compact tick=58 ns=187300
elig-tick case=compact tick=59 ns=194400
elig-tick case=compact tick=60 ns=197800
elig-tick case=compact tick=61 ns=194800
elig-tick case=compact tick=62 ns=194200
elig-tick case=compact tick=63 ns=194200
elig-tick case=compact tick=64 ns=194700
elig-tick case=compact tick=65 ns=194000
elig-tick case=compact tick=66 ns=194500
elig-tick case=compact tick=67 ns=193900
elig-tick case=compact tick=68 ns=194700
elig-tick case=compact tick=69 ns=198700
elig-tick case=compact tick=70 ns=195500
elig-tick case=compact tick=71 ns=194900
elig-tick case=compact tick=72 ns=193500
elig-tick case=compact tick=73 ns=194800
elig-tick case=compact tick=74 ns=196200
elig-tick case=compact tick=75 ns=189500
elig-tick case=compact tick=76 ns=195700
elig-tick case=compact tick=77 ns=196000
elig-tick case=compact tick=78 ns=199800
elig-tick case=compact tick=79 ns=195600
elig-tick case=compact tick=80 ns=195200
elig-tick case=compact tick=81 ns=196000
elig-tick case=compact tick=82 ns=195600
elig-tick case=compact tick=83 ns=195800
elig-tick case=compact tick=84 ns=196100
elig-tick case=compact tick=85 ns=204100
elig-tick case=compact tick=86 ns=190300
elig-tick case=compact tick=87 ns=199300
elig-tick case=compact tick=88 ns=197300
elig-tick case=compact tick=89 ns=197300
elig-tick case=compact tick=90 ns=197500
elig-tick case=compact tick=91 ns=197300
elig-tick case=compact tick=92 ns=197000
elig-tick case=compact tick=93 ns=200900
elig-tick case=compact tick=94 ns=197000
elig-tick case=compact tick=95 ns=197400
elig-tick case=compact tick=96 ns=202200
elig-tick case=compact tick=97 ns=197400
elig-tick case=compact tick=98 ns=278400
elig-tick case=compact tick=99 ns=192900
elig-tick case=compact tick=100 ns=197600
elig-tick case=compact tick=101 ns=198200
elig-tick case=compact tick=102 ns=190700
elig-tick case=compact tick=103 ns=197300
elig-tick case=compact tick=104 ns=201800
elig-tick case=compact tick=105 ns=198200
elig-tick case=compact tick=106 ns=198200
elig-tick case=compact tick=107 ns=195600
elig-tick case=compact tick=108 ns=191300
elig-tick case=compact tick=109 ns=190500
elig-tick case=compact tick=110 ns=207400
elig-tick case=compact tick=111 ns=278300
elig-tick case=compact tick=112 ns=199400
elig-tick case=compact tick=113 ns=190900
elig-tick case=compact tick=114 ns=190900
elig-tick case=compact tick=115 ns=191700
elig-tick case=compact tick=116 ns=197100
elig-tick case=compact tick=117 ns=197400
elig-tick case=compact tick=118 ns=197900
elig-tick case=compact tick=119 ns=197400
elig-tick case=compact tick=120 ns=197500
elig-tick case=compact tick=121 ns=200400
elig-tick case=compact tick=122 ns=190600
elig-tick case=compact tick=123 ns=190500
elig-tick case=compact tick=124 ns=196900
elig-tick case=compact tick=125 ns=195900
elig-tick case=compact tick=126 ns=196200
elig-tick case=compact tick=127 ns=196600
ok

test result: ok. 1 passed; 0 failed; 0 ignored; 0 measured; 1 filtered out; finished in 0.04s

