
running 1 test
test eligibility_commit_wall ... 
elig-end case=conflict-large window=0 windows=8 ticks=16 input=Sha256Digest(be0d39f44feb802fdb9697c7b5ad7522d367ab086803c8320cc5199f496991b9) digest=dde51337d7f39d46b6fa941b5069f76320d552b3fdcdc2aab71ef6524110cee4
elig-end case=conflict-large window=1 windows=8 ticks=16 input=Sha256Digest(be0d39f44feb802fdb9697c7b5ad7522d367ab086803c8320cc5199f496991b9) digest=dde51337d7f39d46b6fa941b5069f76320d552b3fdcdc2aab71ef6524110cee4
elig-end case=conflict-large window=2 windows=8 ticks=16 input=Sha256Digest(be0d39f44feb802fdb9697c7b5ad7522d367ab086803c8320cc5199f496991b9) digest=dde51337d7f39d46b6fa941b5069f76320d552b3fdcdc2aab71ef6524110cee4
elig-end case=conflict-large window=3 windows=8 ticks=16 input=Sha256Digest(be0d39f44feb802fdb9697c7b5ad7522d367ab086803c8320cc5199f496991b9) digest=dde51337d7f39d46b6fa941b5069f76320d552b3fdcdc2aab71ef6524110cee4
elig-end case=conflict-large window=4 windows=8 ticks=16 input=Sha256Digest(be0d39f44feb802fdb9697c7b5ad7522d367ab086803c8320cc5199f496991b9) digest=dde51337d7f39d46b6fa941b5069f76320d552b3fdcdc2aab71ef6524110cee4
elig-end case=conflict-large window=5 windows=8 ticks=16 input=Sha256Digest(be0d39f44feb802fdb9697c7b5ad7522d367ab086803c8320cc5199f496991b9) digest=dde51337d7f39d46b6fa941b5069f76320d552b3fdcdc2aab71ef6524110cee4
elig-end case=conflict-large window=6 windows=8 ticks=16 input=Sha256Digest(be0d39f44feb802fdb9697c7b5ad7522d367ab086803c8320cc5199f496991b9) digest=dde51337d7f39d46b6fa941b5069f76320d552b3fdcdc2aab71ef6524110cee4
elig-end case=conflict-large window=7 windows=8 ticks=16 input=Sha256Digest(be0d39f44feb802fdb9697c7b5ad7522d367ab086803c8320cc5199f496991b9) digest=dde51337d7f39d46b6fa941b5069f76320d552b3fdcdc2aab71ef6524110cee4
elig-tick case=conflict-large tick=0 ns=498800
elig-tick case=conflict-large tick=1 ns=459900
elig-tick case=conflict-large tick=2 ns=470200
elig-tick case=conflict-large tick=3 ns=459900
elig-tick case=conflict-large tick=4 ns=1065100
elig-tick case=conflict-large tick=5 ns=666100
elig-tick case=conflict-large tick=6 ns=629200
elig-tick case=conflict-large tick=7 ns=725200
elig-tick case=conflict-large tick=8 ns=414500
elig-tick case=conflict-large tick=9 ns=409600
elig-tick case=conflict-large tick=10 ns=472300
elig-tick case=conflict-large tick=11 ns=369600
elig-tick case=conflict-large tick=12 ns=343500
elig-tick case=conflict-large tick=13 ns=392400
elig-tick case=conflict-large tick=14 ns=344600
elig-tick case=conflict-large tick=15 ns=353500
elig-tick case=conflict-large tick=16 ns=630800
elig-tick case=conflict-large tick=17 ns=341100
elig-tick case=conflict-large tick=18 ns=353900
elig-tick case=conflict-large tick=19 ns=338000
elig-tick case=conflict-large tick=20 ns=354500
elig-tick case=conflict-large tick=21 ns=362700
elig-tick case=conflict-large tick=22 ns=351800
elig-tick case=conflict-large tick=23 ns=394800
elig-tick case=conflict-large tick=24 ns=409500
elig-tick case=conflict-large tick=25 ns=341200
elig-tick case=conflict-large tick=26 ns=343800
elig-tick case=conflict-large tick=27 ns=637400
elig-tick case=conflict-large tick=28 ns=353400
elig-tick case=conflict-large tick=29 ns=349400
elig-tick case=conflict-large tick=30 ns=344600
elig-tick case=conflict-large tick=31 ns=334500
elig-tick case=conflict-large tick=32 ns=341700
elig-tick case=conflict-large tick=33 ns=338200
elig-tick case=conflict-large tick=34 ns=340000
elig-tick case=conflict-large tick=35 ns=358900
elig-tick case=conflict-large tick=36 ns=343100
elig-tick case=conflict-large tick=37 ns=350300
elig-tick case=conflict-large tick=38 ns=620400
elig-tick case=conflict-large tick=39 ns=348300
elig-tick case=conflict-large tick=40 ns=429000
elig-tick case=conflict-large tick=41 ns=520200
elig-tick case=conflict-large tick=42 ns=400500
elig-tick case=conflict-large tick=43 ns=357900
elig-tick case=conflict-large tick=44 ns=355200
elig-tick case=conflict-large tick=45 ns=345400
elig-tick case=conflict-large tick=46 ns=681100
elig-tick case=conflict-large tick=47 ns=574100
elig-tick case=conflict-large tick=48 ns=349500
elig-tick case=conflict-large tick=49 ns=349100
elig-tick case=conflict-large tick=50 ns=362500
elig-tick case=conflict-large tick=51 ns=355600
elig-tick case=conflict-large tick=52 ns=355900
elig-tick case=conflict-large tick=53 ns=356500
elig-tick case=conflict-large tick=54 ns=355600
elig-tick case=conflict-large tick=55 ns=356700
elig-tick case=conflict-large tick=56 ns=355700
elig-tick case=conflict-large tick=57 ns=607300
elig-tick case=conflict-large tick=58 ns=833500
elig-tick case=conflict-large tick=59 ns=667300
elig-tick case=conflict-large tick=60 ns=381200
elig-tick case=conflict-large tick=61 ns=1028500
elig-tick case=conflict-large tick=62 ns=395300
elig-tick case=conflict-large tick=63 ns=340100
elig-tick case=conflict-large tick=64 ns=355400
elig-tick case=conflict-large tick=65 ns=364700
elig-tick case=conflict-large tick=66 ns=375400
elig-tick case=conflict-large tick=67 ns=379000
elig-tick case=conflict-large tick=68 ns=361800
elig-tick case=conflict-large tick=69 ns=362200
elig-tick case=conflict-large tick=70 ns=352900
elig-tick case=conflict-large tick=71 ns=371800
elig-tick case=conflict-large tick=72 ns=361400
elig-tick case=conflict-large tick=73 ns=361300
elig-tick case=conflict-large tick=74 ns=356900
elig-tick case=conflict-large tick=75 ns=335300
elig-tick case=conflict-large tick=76 ns=337400
elig-tick case=conflict-large tick=77 ns=399800
elig-tick case=conflict-large tick=78 ns=354200
elig-tick case=conflict-large tick=79 ns=408200
elig-tick case=conflict-large tick=80 ns=370200
elig-tick case=conflict-large tick=81 ns=417800
elig-tick case=conflict-large tick=82 ns=351200
elig-tick case=conflict-large tick=83 ns=345700
elig-tick case=conflict-large tick=84 ns=339700
elig-tick case=conflict-large tick=85 ns=342300
elig-tick case=conflict-large tick=86 ns=368300
elig-tick case=conflict-large tick=87 ns=388400
elig-tick case=conflict-large tick=88 ns=352900
elig-tick case=conflict-large tick=89 ns=350600
elig-tick case=conflict-large tick=90 ns=385700
elig-tick case=conflict-large tick=91 ns=545000
elig-tick case=conflict-large tick=92 ns=453100
elig-tick case=conflict-large tick=93 ns=462000
elig-tick case=conflict-large tick=94 ns=453200
elig-tick case=conflict-large tick=95 ns=444800
elig-tick case=conflict-large tick=96 ns=337900
elig-tick case=conflict-large tick=97 ns=330700
elig-tick case=conflict-large tick=98 ns=330300
elig-tick case=conflict-large tick=99 ns=328600
elig-tick case=conflict-large tick=100 ns=337300
elig-tick case=conflict-large tick=101 ns=356800
elig-tick case=conflict-large tick=102 ns=341300
elig-tick case=conflict-large tick=103 ns=350900
elig-tick case=conflict-large tick=104 ns=341700
elig-tick case=conflict-large tick=105 ns=355200
elig-tick case=conflict-large tick=106 ns=355700
elig-tick case=conflict-large tick=107 ns=356800
elig-tick case=conflict-large tick=108 ns=350200
elig-tick case=conflict-large tick=109 ns=357100
elig-tick case=conflict-large tick=110 ns=365100
elig-tick case=conflict-large tick=111 ns=363600
elig-tick case=conflict-large tick=112 ns=398500
elig-tick case=conflict-large tick=113 ns=346900
elig-tick case=conflict-large tick=114 ns=452000
elig-tick case=conflict-large tick=115 ns=381700
elig-tick case=conflict-large tick=116 ns=380100
elig-tick case=conflict-large tick=117 ns=355800
elig-tick case=conflict-large tick=118 ns=341100
elig-tick case=conflict-large tick=119 ns=339400
elig-tick case=conflict-large tick=120 ns=360500
elig-tick case=conflict-large tick=121 ns=354400
elig-tick case=conflict-large tick=122 ns=367400
elig-tick case=conflict-large tick=123 ns=359100
elig-tick case=conflict-large tick=124 ns=356500
elig-tick case=conflict-large tick=125 ns=370900
elig-tick case=conflict-large tick=126 ns=585600
elig-tick case=conflict-large tick=127 ns=1196100
ok

test result: ok. 1 passed; 0 failed; 0 ignored; 0 measured; 1 filtered out; finished in 0.12s

