
running 1 test
test eligibility_commit_wall ... 
elig-end case=conflict-large window=0 windows=8 ticks=16 input=Sha256Digest(be0d39f44feb802fdb9697c7b5ad7522d367ab086803c8320cc5199f496991b9) digest=dde51337d7f39d46b6fa941b5069f76320d552b3fdcdc2aab71ef6524110cee4
elig-end case=conflict-large window=1 windows=8 ticks=16 input=Sha256Digest(be0d39f44feb802fdb9697c7b5ad7522d367ab086803c8320cc5199f496991b9) digest=dde51337d7f39d46b6fa941b5069f76320d552b3fdcdc2aab71ef6524110cee4
elig-end case=conflict-large window=2 windows=8 ticks=16 input=Sha256Digest(be0d39f44feb802fdb9697c7b5ad7522d367ab086803c8320cc5199f496991b9) digest=dde51337d7f39d46b6fa941b5069f76320d552b3fdcdc2aab71ef6524110cee4
elig-end case=conflict-large window=3 windows=8 ticks=16 input=Sha256Digest(be0d39f44feb802fdb9697c7b5ad7522d367ab086803c8320cc5199f496991b9) digest=dde51337d7f39d46b6fa941b5069f76320d552b3fdcdc2aab71ef6524110cee4
elig-end case=conflict-large window=4 windows=8 ticks=16 input=Sha256Digest(be0d39f44feb802fdb9697c7b5ad7522d367ab086803c8320cc5199f496991b9) digest=dde51337d7f39d46b6fa941b5069f76320d552b3fdcdc2aab71ef6524110cee4
elig-end case=conflict-large window=5 windows=8 ticks=16 input=Sha256Digest(be0d39f44feb802fdb9697c7b5ad7522d367ab086803c8320cc5199f496991b9) digest=dde51337d7f39d46b6fa941b5069f76320d552b3fdcdc2aab71ef6524110cee4
elig-end case=conflict-large window=6 windows=8 ticks=16 input=Sha256Digest(be0d39f44feb802fdb9697c7b5ad7522d367ab086803c8320cc5199f496991b9) digest=dde51337d7f39d46b6fa941b5069f76320d552b3fdcdc2aab71ef6524110cee4
elig-end case=conflict-large window=7 windows=8 ticks=16 input=Sha256Digest(be0d39f44feb802fdb9697c7b5ad7522d367ab086803c8320cc5199f496991b9) digest=dde51337d7f39d46b6fa941b5069f76320d552b3fdcdc2aab71ef6524110cee4
elig-tick case=conflict-large tick=0 ns=661300
elig-tick case=conflict-large tick=1 ns=523300
elig-tick case=conflict-large tick=2 ns=346200
elig-tick case=conflict-large tick=3 ns=375700
elig-tick case=conflict-large tick=4 ns=435000
elig-tick case=conflict-large tick=5 ns=348800
elig-tick case=conflict-large tick=6 ns=344600
elig-tick case=conflict-large tick=7 ns=333300
elig-tick case=conflict-large tick=8 ns=336600
elig-tick case=conflict-large tick=9 ns=407900
elig-tick case=conflict-large tick=10 ns=414200
elig-tick case=conflict-large tick=11 ns=359900
elig-tick case=conflict-large tick=12 ns=375700
elig-tick case=conflict-large tick=13 ns=346500
elig-tick case=conflict-large tick=14 ns=332800
elig-tick case=conflict-large tick=15 ns=329900
elig-tick case=conflict-large tick=16 ns=343000
elig-tick case=conflict-large tick=17 ns=350100
elig-tick case=conflict-large tick=18 ns=344900
elig-tick case=conflict-large tick=19 ns=330900
elig-tick case=conflict-large tick=20 ns=323700
elig-tick case=conflict-large tick=21 ns=319300
elig-tick case=conflict-large tick=22 ns=325700
elig-tick case=conflict-large tick=23 ns=325100
elig-tick case=conflict-large tick=24 ns=323200
elig-tick case=conflict-large tick=25 ns=322900
elig-tick case=conflict-large tick=26 ns=328000
elig-tick case=conflict-large tick=27 ns=331100
elig-tick case=conflict-large tick=28 ns=326800
elig-tick case=conflict-large tick=29 ns=327900
elig-tick case=conflict-large tick=30 ns=319700
elig-tick case=conflict-large tick=31 ns=319600
elig-tick case=conflict-large tick=32 ns=337600
elig-tick case=conflict-large tick=33 ns=334000
elig-tick case=conflict-large tick=34 ns=406800
elig-tick case=conflict-large tick=35 ns=341900
elig-tick case=conflict-large tick=36 ns=330500
elig-tick case=conflict-large tick=37 ns=325100
elig-tick case=conflict-large tick=38 ns=336200
elig-tick case=conflict-large tick=39 ns=327300
elig-tick case=conflict-large tick=40 ns=325200
elig-tick case=conflict-large tick=41 ns=332500
elig-tick case=conflict-large tick=42 ns=341600
elig-tick case=conflict-large tick=43 ns=342300
elig-tick case=conflict-large tick=44 ns=338400
elig-tick case=conflict-large tick=45 ns=323600
elig-tick case=conflict-large tick=46 ns=324500
elig-tick case=conflict-large tick=47 ns=317100
elig-tick case=conflict-large tick=48 ns=338500
elig-tick case=conflict-large tick=49 ns=347500
elig-tick case=conflict-large tick=50 ns=344200
elig-tick case=conflict-large tick=51 ns=334900
elig-tick case=conflict-large tick=52 ns=338000
elig-tick case=conflict-large tick=53 ns=331300
elig-tick case=conflict-large tick=54 ns=317800
elig-tick case=conflict-large tick=55 ns=330800
elig-tick case=conflict-large tick=56 ns=342800
elig-tick case=conflict-large tick=57 ns=347800
elig-tick case=conflict-large tick=58 ns=434100
elig-tick case=conflict-large tick=59 ns=341400
elig-tick case=conflict-large tick=60 ns=326600
elig-tick case=conflict-large tick=61 ns=325600
elig-tick case=conflict-large tick=62 ns=337700
elig-tick case=conflict-large tick=63 ns=331300
elig-tick case=conflict-large tick=64 ns=324800
elig-tick case=conflict-large tick=65 ns=326100
elig-tick case=conflict-large tick=66 ns=321300
elig-tick case=conflict-large tick=67 ns=356300
elig-tick case=conflict-large tick=68 ns=338000
elig-tick case=conflict-large tick=69 ns=340200
elig-tick case=conflict-large tick=70 ns=338300
elig-tick case=conflict-large tick=71 ns=342000
elig-tick case=conflict-large tick=72 ns=342300
elig-tick case=conflict-large tick=73 ns=340500
elig-tick case=conflict-large tick=74 ns=342000
elig-tick case=conflict-large tick=75 ns=342700
elig-tick case=conflict-large tick=76 ns=322300
elig-tick case=conflict-large tick=77 ns=322100
elig-tick case=conflict-large tick=78 ns=318700
elig-tick case=conflict-large tick=79 ns=317100
elig-tick case=conflict-large tick=80 ns=339300
elig-tick case=conflict-large tick=81 ns=332800
elig-tick case=conflict-large tick=82 ns=332200
elig-tick case=conflict-large tick=83 ns=336700
elig-tick case=conflict-large tick=84 ns=328300
elig-tick case=conflict-large tick=85 ns=327600
elig-tick case=conflict-large tick=86 ns=327300
elig-tick case=conflict-large tick=87 ns=366800
elig-tick case=conflict-large tick=88 ns=353500
elig-tick case=conflict-large tick=89 ns=364700
elig-tick case=conflict-large tick=90 ns=434800
elig-tick case=conflict-large tick=91 ns=344600
elig-tick case=conflict-large tick=92 ns=372400
elig-tick case=conflict-large tick=93 ns=341400
elig-tick case=conflict-large tick=94 ns=336500
elig-tick case=conflict-large tick=95 ns=456300
elig-tick case=conflict-large tick=96 ns=333000
elig-tick case=conflict-large tick=97 ns=366700
elig-tick case=conflict-large tick=98 ns=349400
elig-tick case=conflict-large tick=99 ns=345800
elig-tick case=conflict-large tick=100 ns=352400
elig-tick case=conflict-large tick=101 ns=352900
elig-tick case=conflict-large tick=102 ns=358000
elig-tick case=conflict-large tick=103 ns=351400
elig-tick case=conflict-large tick=104 ns=347600
elig-tick case=conflict-large tick=105 ns=359600
elig-tick case=conflict-large tick=106 ns=323300
elig-tick case=conflict-large tick=107 ns=321800
elig-tick case=conflict-large tick=108 ns=343300
elig-tick case=conflict-large tick=109 ns=337600
elig-tick case=conflict-large tick=110 ns=340200
elig-tick case=conflict-large tick=111 ns=357900
elig-tick case=conflict-large tick=112 ns=319500
elig-tick case=conflict-large tick=113 ns=321000
elig-tick case=conflict-large tick=114 ns=326800
elig-tick case=conflict-large tick=115 ns=379800
elig-tick case=conflict-large tick=116 ns=342500
elig-tick case=conflict-large tick=117 ns=417700
elig-tick case=conflict-large tick=118 ns=1135500
elig-tick case=conflict-large tick=119 ns=411800
elig-tick case=conflict-large tick=120 ns=327100
elig-tick case=conflict-large tick=121 ns=320500
elig-tick case=conflict-large tick=122 ns=318400
elig-tick case=conflict-large tick=123 ns=322100
elig-tick case=conflict-large tick=124 ns=316300
elig-tick case=conflict-large tick=125 ns=323200
elig-tick case=conflict-large tick=126 ns=327000
elig-tick case=conflict-large tick=127 ns=333100
ok

test result: ok. 1 passed; 0 failed; 0 ignored; 0 measured; 1 filtered out; finished in 0.11s

