
running 1 test
test eligibility_commit_wall ... 
elig-end case=compact window=0 windows=1 ticks=128 input=Sha256Digest(49f3ed00f20f2a716555fe923aeb6f4201702ebebbdc9f550e73765c498d46a4) digest=22e36f386f535893101f373a7eeb4c0ee9019078cc853350e59ca8fbe3e2dfd1
elig-tick case=compact tick=0 ns=188700
elig-tick case=compact tick=1 ns=191100
elig-tick case=compact tick=2 ns=209600
elig-tick case=compact tick=3 ns=216300
elig-tick case=compact tick=4 ns=180900
elig-tick case=compact tick=5 ns=246200
elig-tick case=compact tick=6 ns=316900
elig-tick case=compact tick=7 ns=225000
elig-tick case=compact tick=8 ns=182400
elig-tick case=compact tick=9 ns=189400
elig-tick case=compact tick=10 ns=181000
elig-tick case=compact tick=11 ns=180500
elig-tick case=compact tick=12 ns=186300
elig-tick case=compact tick=13 ns=186700
elig-tick case=compact tick=14 ns=179500
elig-tick case=compact tick=15 ns=186100
elig-tick case=compact tick=16 ns=186500
elig-tick case=compact tick=17 ns=188600
elig-tick case=compact tick=18 ns=186100
elig-tick case=compact tick=19 ns=189500
elig-tick case=compact tick=20 ns=210900
elig-tick case=compact tick=21 ns=314300
elig-tick case=compact tick=22 ns=261000
elig-tick case=compact tick=23 ns=235200
elig-tick case=compact tick=24 ns=278800
elig-tick case=compact tick=25 ns=309400
elig-tick case=compact tick=26 ns=252300
elig-tick case=compact tick=27 ns=304200
elig-tick case=compact tick=28 ns=280800
elig-tick case=compact tick=29 ns=267800
elig-tick case=compact tick=30 ns=276400
elig-tick case=compact tick=31 ns=207800
elig-tick case=compact tick=32 ns=189100
elig-tick case=compact tick=33 ns=215100
elig-tick case=compact tick=34 ns=268900
elig-tick case=compact tick=35 ns=181800
elig-tick case=compact tick=36 ns=188200
elig-tick case=compact tick=37 ns=286800
elig-tick case=compact tick=38 ns=241500
elig-tick case=compact tick=39 ns=192500
elig-tick case=compact tick=40 ns=406200
elig-tick case=compact tick=41 ns=336400
elig-tick case=compact tick=42 ns=293500
elig-tick case=compact tick=43 ns=226100
elig-tick case=compact tick=44 ns=204100
elig-tick case=compact tick=45 ns=272300
elig-tick case=compact tick=46 ns=264600
elig-tick case=compact tick=47 ns=258300
elig-tick case=compact tick=48 ns=257700
elig-tick case=compact tick=49 ns=246300
elig-tick case=compact tick=50 ns=322000
elig-tick case=compact tick=51 ns=216700
elig-tick case=compact tick=52 ns=242100
elig-tick case=compact tick=53 ns=268600
elig-tick case=compact tick=54 ns=267500
elig-tick case=compact tick=55 ns=268700
elig-tick case=compact tick=56 ns=281700
elig-tick case=compact tick=57 ns=266500
elig-tick case=compact tick=58 ns=282400
elig-tick case=compact tick=59 ns=341500
elig-tick case=compact tick=60 ns=277300
elig-tick case=compact tick=61 ns=275200
elig-tick case=compact tick=62 ns=275100
elig-tick case=compact tick=63 ns=262900
elig-tick case=compact tick=64 ns=308400
elig-tick case=compact tick=65 ns=291600
elig-tick case=compact tick=66 ns=231700
elig-tick case=compact tick=67 ns=193500
elig-tick case=compact tick=68 ns=185900
elig-tick case=compact tick=69 ns=191800
elig-tick case=compact tick=70 ns=192000
elig-tick case=compact tick=71 ns=203400
elig-tick case=compact tick=72 ns=191900
elig-tick case=compact tick=73 ns=310200
elig-tick case=compact tick=74 ns=255800
elig-tick case=compact tick=75 ns=282300
elig-tick case=compact tick=76 ns=281100
elig-tick case=compact tick=77 ns=186500
elig-tick case=compact tick=78 ns=192000
elig-tick case=compact tick=79 ns=184400
elig-tick case=compact tick=80 ns=199800
elig-tick case=compact tick=81 ns=523600
elig-tick case=compact tick=82 ns=314000
elig-tick case=compact tick=83 ns=310700
elig-tick case=compact tick=84 ns=291900
elig-tick case=compact tick=85 ns=299800
elig-tick case=compact tick=86 ns=292700
elig-tick case=compact tick=87 ns=281500
elig-tick case=compact tick=88 ns=282100
elig-tick case=compact tick=89 ns=331800
elig-tick case=compact tick=90 ns=340300
elig-tick case=compact tick=91 ns=325200
elig-tick case=compact tick=92 ns=261700
elig-tick case=compact tick=93 ns=249200
elig-tick case=compact tick=94 ns=266600
elig-tick case=compact tick=95 ns=281100
elig-tick case=compact tick=96 ns=261300
elig-tick case=compact tick=97 ns=258300
elig-tick case=compact tick=98 ns=259000
elig-tick case=compact tick=99 ns=257300
elig-tick case=compact tick=100 ns=258600
elig-tick case=compact tick=101 ns=281300
elig-tick case=compact tick=102 ns=338600
elig-tick case=compact tick=103 ns=257600
elig-tick case=compact tick=104 ns=259300
elig-tick case=compact tick=105 ns=264300
elig-tick case=compact tick=106 ns=255000
elig-tick case=compact tick=107 ns=262800
elig-tick case=compact tick=108 ns=256500
elig-tick case=compact tick=109 ns=267600
elig-tick case=compact tick=110 ns=254700
elig-tick case=compact tick=111 ns=262600
elig-tick case=compact tick=112 ns=259700
elig-tick case=compact tick=113 ns=259800
elig-tick case=compact tick=114 ns=256600
elig-tick case=compact tick=115 ns=261800
elig-tick case=compact tick=116 ns=257200
elig-tick case=compact tick=117 ns=259100
elig-tick case=compact tick=118 ns=256400
elig-tick case=compact tick=119 ns=247200
elig-tick case=compact tick=120 ns=300000
elig-tick case=compact tick=121 ns=343400
elig-tick case=compact tick=122 ns=258400
elig-tick case=compact tick=123 ns=254500
elig-tick case=compact tick=124 ns=264300
elig-tick case=compact tick=125 ns=265100
elig-tick case=compact tick=126 ns=254500
elig-tick case=compact tick=127 ns=267600
ok

test result: ok. 1 passed; 0 failed; 0 ignored; 0 measured; 1 filtered out; finished in 0.06s

