
running 1 test
test eligibility_commit_wall ... 
elig-end case=compact window=0 windows=1 ticks=128 input=Sha256Digest(49f3ed00f20f2a716555fe923aeb6f4201702ebebbdc9f550e73765c498d46a4) digest=22e36f386f535893101f373a7eeb4c0ee9019078cc853350e59ca8fbe3e2dfd1
elig-tick case=compact tick=0 ns=174900
elig-tick case=compact tick=1 ns=168000
elig-tick case=compact tick=2 ns=173900
elig-tick case=compact tick=3 ns=174900
elig-tick case=compact tick=4 ns=174600
elig-tick case=compact tick=5 ns=168500
elig-tick case=compact tick=6 ns=174400
elig-tick case=compact tick=7 ns=169100
elig-tick case=compact tick=8 ns=176000
elig-tick case=compact tick=9 ns=169700
elig-tick case=compact tick=10 ns=172300
elig-tick case=compact tick=11 ns=169800
elig-tick case=compact tick=12 ns=169600
elig-tick case=compact tick=13 ns=169800
elig-tick case=compact tick=14 ns=170200
elig-tick case=compact tick=15 ns=169200
elig-tick case=compact tick=16 ns=168800
elig-tick case=compact tick=17 ns=168900
elig-tick case=compact tick=18 ns=168900
elig-tick case=compact tick=19 ns=186100
elig-tick case=compact tick=20 ns=172400
elig-tick case=compact tick=21 ns=176400
elig-tick case=compact tick=22 ns=170500
elig-tick case=compact tick=23 ns=176400
elig-tick case=compact tick=24 ns=177000
elig-tick case=compact tick=25 ns=170500
elig-tick case=compact tick=26 ns=178500
elig-tick case=compact tick=27 ns=178200
elig-tick case=compact tick=28 ns=174900
elig-tick case=compact tick=29 ns=171600
elig-tick case=compact tick=30 ns=174700
elig-tick case=compact tick=31 ns=177700
elig-tick case=compact tick=32 ns=177100
elig-tick case=compact tick=33 ns=176100
elig-tick case=compact tick=34 ns=176000
elig-tick case=compact tick=35 ns=177900
elig-tick case=compact tick=36 ns=169800
elig-tick case=compact tick=37 ns=170100
elig-tick case=compact tick=38 ns=170500
elig-tick case=compact tick=39 ns=171000
elig-tick case=compact tick=40 ns=173100
elig-tick case=compact tick=41 ns=170600
elig-tick case=compact tick=42 ns=170500
elig-tick case=compact tick=43 ns=171400
elig-tick case=compact tick=44 ns=171400
elig-tick case=compact tick=45 ns=178100
elig-tick case=compact tick=46 ns=178400
elig-tick case=compact tick=47 ns=178700
elig-tick case=compact tick=48 ns=171200
elig-tick case=compact tick=49 ns=172500
elig-tick case=compact tick=50 ns=278100
elig-tick case=compact tick=51 ns=176100
elig-tick case=compact tick=52 ns=173800
elig-tick case=compact tick=53 ns=173400
elig-tick case=compact tick=54 ns=175200
elig-tick case=compact tick=55 ns=171700
elig-tick case=compact tick=56 ns=171900
elig-tick case=compact tick=57 ns=171700
elig-tick case=compact tick=58 ns=178900
elig-tick case=compact tick=59 ns=177700
elig-tick case=compact tick=60 ns=174900
elig-tick case=compact tick=61 ns=172300
elig-tick case=compact tick=62 ns=171900
elig-tick case=compact tick=63 ns=171900
elig-tick case=compact tick=64 ns=174600
elig-tick case=compact tick=65 ns=186800
elig-tick case=compact tick=66 ns=173700
elig-tick case=compact tick=67 ns=180300
elig-tick case=compact tick=68 ns=180100
elig-tick case=compact tick=69 ns=183200
elig-tick case=compact tick=70 ns=174500
elig-tick case=compact tick=71 ns=174000
elig-tick case=compact tick=72 ns=174200
elig-tick case=compact tick=73 ns=180300
elig-tick case=compact tick=74 ns=180100
elig-tick case=compact tick=75 ns=173800
elig-tick case=compact tick=76 ns=173400
elig-tick case=compact tick=77 ns=175800
elig-tick case=compact tick=78 ns=179900
elig-tick case=compact tick=79 ns=176700
elig-tick case=compact tick=80 ns=173900
elig-tick case=compact tick=81 ns=179800
elig-tick case=compact tick=82 ns=180700
elig-tick case=compact tick=83 ns=173700
elig-tick case=compact tick=84 ns=173700
elig-tick case=compact tick=85 ns=180100
elig-tick case=compact tick=86 ns=173800
elig-tick case=compact tick=87 ns=174100
elig-tick case=compact tick=88 ns=173800
elig-tick case=compact tick=89 ns=176900
elig-tick case=compact tick=90 ns=174600
elig-tick case=compact tick=91 ns=174500
elig-tick case=compact tick=92 ns=180400
elig-tick case=compact tick=93 ns=188800
elig-tick case=compact tick=94 ns=178900
elig-tick case=compact tick=95 ns=174300
elig-tick case=compact tick=96 ns=174100
elig-tick case=compact tick=97 ns=173600
elig-tick case=compact tick=98 ns=177500
elig-tick case=compact tick=99 ns=173900
elig-tick case=compact tick=100 ns=174300
elig-tick case=compact tick=101 ns=174500
elig-tick case=compact tick=102 ns=174400
elig-tick case=compact tick=103 ns=174600
elig-tick case=compact tick=104 ns=174500
elig-tick case=compact tick=105 ns=180500
elig-tick case=compact tick=106 ns=180000
elig-tick case=compact tick=107 ns=173700
elig-tick case=compact tick=108 ns=178800
elig-tick case=compact tick=109 ns=174000
elig-tick case=compact tick=110 ns=174400
elig-tick case=compact tick=111 ns=173700
elig-tick case=compact tick=112 ns=174100
elig-tick case=compact tick=113 ns=174400
elig-tick case=compact tick=114 ns=179500
elig-tick case=compact tick=115 ns=174300
elig-tick case=compact tick=116 ns=173200
elig-tick case=compact tick=117 ns=174100
elig-tick case=compact tick=118 ns=176800
elig-tick case=compact tick=119 ns=174300
elig-tick case=compact tick=120 ns=180300
elig-tick case=compact tick=121 ns=180000
elig-tick case=compact tick=122 ns=174200
elig-tick case=compact tick=123 ns=176200
elig-tick case=compact tick=124 ns=182100
elig-tick case=compact tick=125 ns=181900
elig-tick case=compact tick=126 ns=174900
elig-tick case=compact tick=127 ns=175600
ok

test result: ok. 1 passed; 0 failed; 0 ignored; 0 measured; 1 filtered out; finished in 0.05s

