
running 1 test
test eligibility_commit_wall ... 
elig-end case=active window=0 windows=1 ticks=128 input=Sha256Digest(49f3ed00f20f2a716555fe923aeb6f4201702ebebbdc9f550e73765c498d46a4) digest=9ed50a587d552a6a4fdf78daf7a0cd288cfde7d07ae6795fa636a1d15dde00a0
elig-tick case=active tick=0 ns=1887600
elig-tick case=active tick=1 ns=1791700
elig-tick case=active tick=2 ns=1794000
elig-tick case=active tick=3 ns=1800100
elig-tick case=active tick=4 ns=1797900
elig-tick case=active tick=5 ns=1820100
elig-tick case=active tick=6 ns=2093700
elig-tick case=active tick=7 ns=1816100
elig-tick case=active tick=8 ns=1870000
elig-tick case=active tick=9 ns=1799800
elig-tick case=active tick=10 ns=1928100
elig-tick case=active tick=11 ns=2494000
elig-tick case=active tick=12 ns=1995800
elig-tick case=active tick=13 ns=1927600
elig-tick case=active tick=14 ns=1672000
elig-tick case=active tick=15 ns=1664500
elig-tick case=active tick=16 ns=1826300
elig-tick case=active tick=17 ns=1689200
elig-tick case=active tick=18 ns=1775400
elig-tick case=active tick=19 ns=1717500
elig-tick case=active tick=20 ns=1749800
elig-tick case=active tick=21 ns=1798900
elig-tick case=active tick=22 ns=1725600
elig-tick case=active tick=23 ns=1914500
elig-tick case=active tick=24 ns=1681700
elig-tick case=active tick=25 ns=1703000
elig-tick case=active tick=26 ns=1733100
elig-tick case=active tick=27 ns=1798800
elig-tick case=active tick=28 ns=1849300
elig-tick case=active tick=29 ns=1780300
elig-tick case=active tick=30 ns=1785500
elig-tick case=active tick=31 ns=1935500
elig-tick case=active tick=32 ns=1810900
elig-tick case=active tick=33 ns=1799000
elig-tick case=active tick=34 ns=1806600
elig-tick case=active tick=35 ns=1800700
elig-tick case=active tick=36 ns=1862500
elig-tick case=active tick=37 ns=1822900
elig-tick case=active tick=38 ns=1933700
elig-tick case=active tick=39 ns=1868700
elig-tick case=active tick=40 ns=1914000
elig-tick case=active tick=41 ns=2110000
elig-tick case=active tick=42 ns=1807300
elig-tick case=active tick=43 ns=1808300
elig-tick case=active tick=44 ns=1811000
elig-tick case=active tick=45 ns=1822900
elig-tick case=active tick=46 ns=1877500
elig-tick case=active tick=47 ns=1805600
elig-tick case=active tick=48 ns=2002400
elig-tick case=active tick=49 ns=1806200
elig-tick case=active tick=50 ns=1800000
elig-tick case=active tick=51 ns=1808300
elig-tick case=active tick=52 ns=1809300
elig-tick case=active tick=53 ns=1867000
elig-tick case=active tick=54 ns=1883200
elig-tick case=active tick=55 ns=1862000
elig-tick case=active tick=56 ns=1971600
elig-tick case=active tick=57 ns=1804400
elig-tick case=active tick=58 ns=1814200
elig-tick case=active tick=59 ns=1814900
elig-tick case=active tick=60 ns=1871000
elig-tick case=active tick=61 ns=1806900
elig-tick case=active tick=62 ns=1815600
elig-tick case=active tick=63 ns=1865400
elig-tick case=active tick=64 ns=1866100
elig-tick case=active tick=65 ns=1966500
elig-tick case=active tick=66 ns=1810600
elig-tick case=active tick=67 ns=1876700
elig-tick case=active tick=68 ns=1847600
elig-tick case=active tick=69 ns=1853500
elig-tick case=active tick=70 ns=1816200
elig-tick case=active tick=71 ns=1871300
elig-tick case=active tick=72 ns=1854500
elig-tick case=active tick=73 ns=1961700
elig-tick case=active tick=74 ns=1809200
elig-tick case=active tick=75 ns=1798300
elig-tick case=active tick=76 ns=1807000
elig-tick case=active tick=77 ns=1804500
elig-tick case=active tick=78 ns=1793900
elig-tick case=active tick=79 ns=1859300
elig-tick case=active tick=80 ns=1860000
elig-tick case=active tick=81 ns=1843700
elig-tick case=active tick=82 ns=1937400
elig-tick case=active tick=83 ns=1793200
elig-tick case=active tick=84 ns=1783900
elig-tick case=active tick=85 ns=1798200
elig-tick case=active tick=86 ns=1812000
elig-tick case=active tick=87 ns=1809200
elig-tick case=active tick=88 ns=1785700
elig-tick case=active tick=89 ns=1836800
elig-tick case=active tick=90 ns=2104900
elig-tick case=active tick=91 ns=1799400
elig-tick case=active tick=92 ns=1788600
elig-tick case=active tick=93 ns=1825400
elig-tick case=active tick=94 ns=1842900
elig-tick case=active tick=95 ns=1789000
elig-tick case=active tick=96 ns=1827900
elig-tick case=active tick=97 ns=1857600
elig-tick case=active tick=98 ns=1853900
elig-tick case=active tick=99 ns=1971100
elig-tick case=active tick=100 ns=1850600
elig-tick case=active tick=101 ns=1777400
elig-tick case=active tick=102 ns=1788100
elig-tick case=active tick=103 ns=1870400
elig-tick case=active tick=104 ns=1846700
elig-tick case=active tick=105 ns=2058800
elig-tick case=active tick=106 ns=1865800
elig-tick case=active tick=107 ns=2083500
elig-tick case=active tick=108 ns=1844100
elig-tick case=active tick=109 ns=1691200
elig-tick case=active tick=110 ns=1702900
elig-tick case=active tick=111 ns=1659900
elig-tick case=active tick=112 ns=1782300
elig-tick case=active tick=113 ns=1759800
elig-tick case=active tick=114 ns=1785500
elig-tick case=active tick=115 ns=1807300
elig-tick case=active tick=116 ns=2073800
elig-tick case=active tick=117 ns=1745100
elig-tick case=active tick=118 ns=1768400
elig-tick case=active tick=119 ns=1796700
elig-tick case=active tick=120 ns=1775400
elig-tick case=active tick=121 ns=1762800
elig-tick case=active tick=122 ns=1734100
elig-tick case=active tick=123 ns=1786400
elig-tick case=active tick=124 ns=2015400
elig-tick case=active tick=125 ns=1754400
elig-tick case=active tick=126 ns=1693800
elig-tick case=active tick=127 ns=1858500
ok

test result: ok. 1 passed; 0 failed; 0 ignored; 0 measured; 1 filtered out; finished in 0.37s

