
running 1 test
test eligibility_commit_wall ... 
elig-end case=compact window=0 windows=1 ticks=128 input=Sha256Digest(49f3ed00f20f2a716555fe923aeb6f4201702ebebbdc9f550e73765c498d46a4) digest=22e36f386f535893101f373a7eeb4c0ee9019078cc853350e59ca8fbe3e2dfd1
elig-tick case=compact tick=0 ns=202400
elig-tick case=compact tick=1 ns=202100
elig-tick case=compact tick=2 ns=202000
elig-tick case=compact tick=3 ns=202500
elig-tick case=compact tick=4 ns=202200
elig-tick case=compact tick=5 ns=201900
elig-tick case=compact tick=6 ns=201400
elig-tick case=compact tick=7 ns=204200
elig-tick case=compact tick=8 ns=201000
elig-tick case=compact tick=9 ns=199900
elig-tick case=compact tick=10 ns=201800
elig-tick case=compact tick=11 ns=212900
elig-tick case=compact tick=12 ns=202600
elig-tick case=compact tick=13 ns=196600
elig-tick case=compact tick=14 ns=202000
elig-tick case=compact tick=15 ns=204700
elig-tick case=compact tick=16 ns=202200
elig-tick case=compact tick=17 ns=202200
elig-tick case=compact tick=18 ns=198100
elig-tick case=compact tick=19 ns=202200
elig-tick case=compact tick=20 ns=202900
elig-tick case=compact tick=21 ns=196700
elig-tick case=compact tick=22 ns=203200
elig-tick case=compact tick=23 ns=203200
elig-tick case=compact tick=24 ns=207300
elig-tick case=compact tick=25 ns=199300
elig-tick case=compact tick=26 ns=205300
elig-tick case=compact tick=27 ns=204200
elig-tick case=compact tick=28 ns=205300
elig-tick case=compact tick=29 ns=205100
elig-tick case=compact tick=30 ns=274900
elig-tick case=compact tick=31 ns=202000
elig-tick case=compact tick=32 ns=210800
elig-tick case=compact tick=33 ns=198000
elig-tick case=compact tick=34 ns=196800
elig-tick case=compact tick=35 ns=200000
elig-tick case=compact tick=36 ns=204400
elig-tick case=compact tick=37 ns=204100
elig-tick case=compact tick=38 ns=204000
elig-tick case=compact tick=39 ns=204100
elig-tick case=compact tick=40 ns=204900
elig-tick case=compact tick=41 ns=204400
elig-tick case=compact tick=42 ns=205100
elig-tick case=compact tick=43 ns=205600
elig-tick case=compact tick=44 ns=205500
elig-tick case=compact tick=45 ns=206200
elig-tick case=compact tick=46 ns=199400
elig-tick case=compact tick=47 ns=200200
elig-tick case=compact tick=48 ns=205500
elig-tick case=compact tick=49 ns=207300
elig-tick case=compact tick=50 ns=204800
elig-tick case=compact tick=51 ns=204800
elig-tick case=compact tick=52 ns=205200
elig-tick case=compact tick=53 ns=204800
elig-tick case=compact tick=54 ns=207900
elig-tick case=compact tick=55 ns=207300
elig-tick case=compact tick=56 ns=206900
elig-tick case=compact tick=57 ns=207100
elig-tick case=compact tick=58 ns=209500
elig-tick case=compact tick=59 ns=206200
elig-tick case=compact tick=60 ns=206000
elig-tick case=compact tick=61 ns=206000
elig-tick case=compact tick=62 ns=206200
elig-tick case=compact tick=63 ns=206000
elig-tick case=compact tick=64 ns=206800
elig-tick case=compact tick=65 ns=207400
elig-tick case=compact tick=66 ns=215100
elig-tick case=compact tick=67 ns=200800
elig-tick case=compact tick=68 ns=205700
elig-tick case=compact tick=69 ns=205900
elig-tick case=compact tick=70 ns=204500
elig-tick case=compact tick=71 ns=205200
elig-tick case=compact tick=72 ns=205800
elig-tick case=compact tick=73 ns=206500
elig-tick case=compact tick=74 ns=209300
elig-tick case=compact tick=75 ns=200100
elig-tick case=compact tick=76 ns=203700
elig-tick case=compact tick=77 ns=206700
elig-tick case=compact tick=78 ns=205800
elig-tick case=compact tick=79 ns=204600
elig-tick case=compact tick=80 ns=205400
elig-tick case=compact tick=81 ns=205200
elig-tick case=compact tick=82 ns=205600
elig-tick case=compact tick=83 ns=209100
elig-tick case=compact tick=84 ns=207300
elig-tick case=compact tick=85 ns=207600
elig-tick case=compact tick=86 ns=207600
elig-tick case=compact tick=87 ns=207200
elig-tick case=compact tick=88 ns=207500
elig-tick case=compact tick=89 ns=201400
elig-tick case=compact tick=90 ns=207600
elig-tick case=compact tick=91 ns=213000
elig-tick case=compact tick=92 ns=206800
elig-tick case=compact tick=93 ns=208200
elig-tick case=compact tick=94 ns=207700
elig-tick case=compact tick=95 ns=207900
elig-tick case=compact tick=96 ns=201500
elig-tick case=compact tick=97 ns=208100
elig-tick case=compact tick=98 ns=208200
elig-tick case=compact tick=99 ns=207200
elig-tick case=compact tick=100 ns=211300
elig-tick case=compact tick=101 ns=208400
elig-tick case=compact tick=102 ns=208800
elig-tick case=compact tick=103 ns=209000
elig-tick case=compact tick=104 ns=209800
elig-tick case=compact tick=105 ns=208900
elig-tick case=compact tick=106 ns=209200
elig-tick case=compact tick=107 ns=209400
elig-tick case=compact tick=108 ns=432500
elig-tick case=compact tick=109 ns=308800
elig-tick case=compact tick=110 ns=206000
elig-tick case=compact tick=111 ns=212900
elig-tick case=compact tick=112 ns=210100
elig-tick case=compact tick=113 ns=210200
elig-tick case=compact tick=114 ns=214600
elig-tick case=compact tick=115 ns=212700
elig-tick case=compact tick=116 ns=208800
elig-tick case=compact tick=117 ns=202500
elig-tick case=compact tick=118 ns=209500
elig-tick case=compact tick=119 ns=209100
elig-tick case=compact tick=120 ns=209500
elig-tick case=compact tick=121 ns=209100
elig-tick case=compact tick=122 ns=209500
elig-tick case=compact tick=123 ns=213800
elig-tick case=compact tick=124 ns=204700
elig-tick case=compact tick=125 ns=244200
elig-tick case=compact tick=126 ns=207400
elig-tick case=compact tick=127 ns=208500
ok

test result: ok. 1 passed; 0 failed; 0 ignored; 0 measured; 1 filtered out; finished in 0.06s

