
running 1 test
test eligibility_commit_wall ... 
elig-end case=conflict-large window=0 windows=8 ticks=16 input=Sha256Digest(be0d39f44feb802fdb9697c7b5ad7522d367ab086803c8320cc5199f496991b9) digest=dde51337d7f39d46b6fa941b5069f76320d552b3fdcdc2aab71ef6524110cee4
elig-end case=conflict-large window=1 windows=8 ticks=16 input=Sha256Digest(be0d39f44feb802fdb9697c7b5ad7522d367ab086803c8320cc5199f496991b9) digest=dde51337d7f39d46b6fa941b5069f76320d552b3fdcdc2aab71ef6524110cee4
elig-end case=conflict-large window=2 windows=8 ticks=16 input=Sha256Digest(be0d39f44feb802fdb9697c7b5ad7522d367ab086803c8320cc5199f496991b9) digest=dde51337d7f39d46b6fa941b5069f76320d552b3fdcdc2aab71ef6524110cee4
elig-end case=conflict-large window=3 windows=8 ticks=16 input=Sha256Digest(be0d39f44feb802fdb9697c7b5ad7522d367ab086803c8320cc5199f496991b9) digest=dde51337d7f39d46b6fa941b5069f76320d552b3fdcdc2aab71ef6524110cee4
elig-end case=conflict-large window=4 windows=8 ticks=16 input=Sha256Digest(be0d39f44feb802fdb9697c7b5ad7522d367ab086803c8320cc5199f496991b9) digest=dde51337d7f39d46b6fa941b5069f76320d552b3fdcdc2aab71ef6524110cee4
elig-end case=conflict-large window=5 windows=8 ticks=16 input=Sha256Digest(be0d39f44feb802fdb9697c7b5ad7522d367ab086803c8320cc5199f496991b9) digest=dde51337d7f39d46b6fa941b5069f76320d552b3fdcdc2aab71ef6524110cee4
elig-end case=conflict-large window=6 windows=8 ticks=16 input=Sha256Digest(be0d39f44feb802fdb9697c7b5ad7522d367ab086803c8320cc5199f496991b9) digest=dde51337d7f39d46b6fa941b5069f76320d552b3fdcdc2aab71ef6524110cee4
elig-end case=conflict-large window=7 windows=8 ticks=16 input=Sha256Digest(be0d39f44feb802fdb9697c7b5ad7522d367ab086803c8320cc5199f496991b9) digest=dde51337d7f39d46b6fa941b5069f76320d552b3fdcdc2aab71ef6524110cee4
elig-tick case=conflict-large tick=0 ns=334100
elig-tick case=conflict-large tick=1 ns=334300
elig-tick case=conflict-large tick=2 ns=341800
elig-tick case=conflict-large tick=3 ns=334300
elig-tick case=conflict-large tick=4 ns=329400
elig-tick case=conflict-large tick=5 ns=359100
elig-tick case=conflict-large tick=6 ns=364700
elig-tick case=conflict-large tick=7 ns=418900
elig-tick case=conflict-large tick=8 ns=367400
elig-tick case=conflict-large tick=9 ns=353400
elig-tick case=conflict-large tick=10 ns=351300
elig-tick case=conflict-large tick=11 ns=342000
elig-tick case=conflict-large tick=12 ns=345700
elig-tick case=conflict-large tick=13 ns=343900
elig-tick case=conflict-large tick=14 ns=328700
elig-tick case=conflict-large tick=15 ns=327200
elig-tick case=conflict-large tick=16 ns=320600
elig-tick case=conflict-large tick=17 ns=323900
elig-tick case=conflict-large tick=18 ns=321100
elig-tick case=conflict-large tick=19 ns=349700
elig-tick case=conflict-large tick=20 ns=338300
elig-tick case=conflict-large tick=21 ns=350900
elig-tick case=conflict-large tick=22 ns=343200
elig-tick case=conflict-large tick=23 ns=331800
elig-tick case=conflict-large tick=24 ns=327600
elig-tick case=conflict-large tick=25 ns=326600
elig-tick case=conflict-large tick=26 ns=321300
elig-tick case=conflict-large tick=27 ns=320000
elig-tick case=conflict-large tick=28 ns=324100
elig-tick case=conflict-large tick=29 ns=319900
elig-tick case=conflict-large tick=30 ns=322600
elig-tick case=conflict-large tick=31 ns=320900
elig-tick case=conflict-large tick=32 ns=336800
elig-tick case=conflict-large tick=33 ns=348700
elig-tick case=conflict-large tick=34 ns=439400
elig-tick case=conflict-large tick=35 ns=337000
elig-tick case=conflict-large tick=36 ns=340100
elig-tick case=conflict-large tick=37 ns=338900
elig-tick case=conflict-large tick=38 ns=346800
elig-tick case=conflict-large tick=39 ns=347600
elig-tick case=conflict-large tick=40 ns=325600
elig-tick case=conflict-large tick=41 ns=331100
elig-tick case=conflict-large tick=42 ns=348900
elig-tick case=conflict-large tick=43 ns=485000
elig-tick case=conflict-large tick=44 ns=342900
elig-tick case=conflict-large tick=45 ns=379100
elig-tick case=conflict-large tick=46 ns=333800
elig-tick case=conflict-large tick=47 ns=331900
elig-tick case=conflict-large tick=48 ns=325600
elig-tick case=conflict-large tick=49 ns=357900
elig-tick case=conflict-large tick=50 ns=347300
elig-tick case=conflict-large tick=51 ns=352400
elig-tick case=conflict-large tick=52 ns=339700
elig-tick case=conflict-large tick=53 ns=339000
elig-tick case=conflict-large tick=54 ns=339900
elig-tick case=conflict-large tick=55 ns=362300
elig-tick case=conflict-large tick=56 ns=350100
elig-tick case=conflict-large tick=57 ns=338300
elig-tick case=conflict-large tick=58 ns=333600
elig-tick case=conflict-large tick=59 ns=324200
elig-tick case=conflict-large tick=60 ns=359300
elig-tick case=conflict-large tick=61 ns=353600
elig-tick case=conflict-large tick=62 ns=342300
elig-tick case=conflict-large tick=63 ns=348700
elig-tick case=conflict-large tick=64 ns=328400
elig-tick case=conflict-large tick=65 ns=330800
elig-tick case=conflict-large tick=66 ns=343900
elig-tick case=conflict-large tick=67 ns=337600
elig-tick case=conflict-large tick=68 ns=349700
elig-tick case=conflict-large tick=69 ns=383200
elig-tick case=conflict-large tick=70 ns=337000
elig-tick case=conflict-large tick=71 ns=343800
elig-tick case=conflict-large tick=72 ns=322700
elig-tick case=conflict-large tick=73 ns=327400
elig-tick case=conflict-large tick=74 ns=336400
elig-tick case=conflict-large tick=75 ns=327400
elig-tick case=conflict-large tick=76 ns=322900
elig-tick case=conflict-large tick=77 ns=336000
elig-tick case=conflict-large tick=78 ns=349900
elig-tick case=conflict-large tick=79 ns=339800
elig-tick case=conflict-large tick=80 ns=348100
elig-tick case=conflict-large tick=81 ns=350700
elig-tick case=conflict-large tick=82 ns=355400
elig-tick case=conflict-large tick=83 ns=372500
elig-tick case=conflict-large tick=84 ns=406100
elig-tick case=conflict-large tick=85 ns=378700
elig-tick case=conflict-large tick=86 ns=366800
elig-tick case=conflict-large tick=87 ns=348000
elig-tick case=conflict-large tick=88 ns=375000
elig-tick case=conflict-large tick=89 ns=364100
elig-tick case=conflict-large tick=90 ns=361400
elig-tick case=conflict-large tick=91 ns=357300
elig-tick case=conflict-large tick=92 ns=362900
elig-tick case=conflict-large tick=93 ns=375300
elig-tick case=conflict-large tick=94 ns=335000
elig-tick case=conflict-large tick=95 ns=367800
elig-tick case=conflict-large tick=96 ns=320400
elig-tick case=conflict-large tick=97 ns=328700
elig-tick case=conflict-large tick=98 ns=329500
elig-tick case=conflict-large tick=99 ns=364200
elig-tick case=conflict-large tick=100 ns=527800
elig-tick case=conflict-large tick=101 ns=362900
elig-tick case=conflict-large tick=102 ns=354200
elig-tick case=conflict-large tick=103 ns=364100
elig-tick case=conflict-large tick=104 ns=397100
elig-tick case=conflict-large tick=105 ns=346200
elig-tick case=conflict-large tick=106 ns=334900
elig-tick case=conflict-large tick=107 ns=320300
elig-tick case=conflict-large tick=108 ns=318700
elig-tick case=conflict-large tick=109 ns=320100
elig-tick case=conflict-large tick=110 ns=328500
elig-tick case=conflict-large tick=111 ns=368000
elig-tick case=conflict-large tick=112 ns=333000
elig-tick case=conflict-large tick=113 ns=331300
elig-tick case=conflict-large tick=114 ns=426800
elig-tick case=conflict-large tick=115 ns=345500
elig-tick case=conflict-large tick=116 ns=343900
elig-tick case=conflict-large tick=117 ns=335500
elig-tick case=conflict-large tick=118 ns=335600
elig-tick case=conflict-large tick=119 ns=336000
elig-tick case=conflict-large tick=120 ns=327300
elig-tick case=conflict-large tick=121 ns=330100
elig-tick case=conflict-large tick=122 ns=564900
elig-tick case=conflict-large tick=123 ns=514000
elig-tick case=conflict-large tick=124 ns=414900
elig-tick case=conflict-large tick=125 ns=370500
elig-tick case=conflict-large tick=126 ns=336600
elig-tick case=conflict-large tick=127 ns=343300
ok

test result: ok. 1 passed; 0 failed; 0 ignored; 0 measured; 1 filtered out; finished in 0.11s

