
running 1 test
test eligibility_commit_wall ... 
elig-end case=active window=0 windows=1 ticks=128 input=Sha256Digest(49f3ed00f20f2a716555fe923aeb6f4201702ebebbdc9f550e73765c498d46a4) digest=9ed50a587d552a6a4fdf78daf7a0cd288cfde7d07ae6795fa636a1d15dde00a0
elig-tick case=active tick=0 ns=3392100
elig-tick case=active tick=1 ns=3270600
elig-tick case=active tick=2 ns=3341800
elig-tick case=active tick=3 ns=3243000
elig-tick case=active tick=4 ns=3349300
elig-tick case=active tick=5 ns=3304600
elig-tick case=active tick=6 ns=3317600
elig-tick case=active tick=7 ns=3328000
elig-tick case=active tick=8 ns=3296600
elig-tick case=active tick=9 ns=3337700
elig-tick case=active tick=10 ns=3318800
elig-tick case=active tick=11 ns=3201800
elig-tick case=active tick=12 ns=3341500
elig-tick case=active tick=13 ns=3723100
elig-tick case=active tick=14 ns=4299300
elig-tick case=active tick=15 ns=3511800
elig-tick case=active tick=16 ns=2916400
elig-tick case=active tick=17 ns=1946500
elig-tick case=active tick=18 ns=2487300
elig-tick case=active tick=19 ns=2974100
elig-tick case=active tick=20 ns=2640400
elig-tick case=active tick=21 ns=3020800
elig-tick case=active tick=22 ns=2056200
elig-tick case=active tick=23 ns=3609800
elig-tick case=active tick=24 ns=2823400
elig-tick case=active tick=25 ns=2779000
elig-tick case=active tick=26 ns=3007400
elig-tick case=active tick=27 ns=3278300
elig-tick case=active tick=28 ns=3261700
elig-tick case=active tick=29 ns=3002100
elig-tick case=active tick=30 ns=2902200
elig-tick case=active tick=31 ns=2555500
elig-tick case=active tick=32 ns=2504800
elig-tick case=active tick=33 ns=2803000
elig-tick case=active tick=34 ns=3072600
elig-tick case=active tick=35 ns=3235000
elig-tick case=active tick=36 ns=2638400
elig-tick case=active tick=37 ns=3879100
elig-tick case=active tick=38 ns=3342700
elig-tick case=active tick=39 ns=3556900
elig-tick case=active tick=40 ns=3585500
elig-tick case=active tick=41 ns=3864500
elig-tick case=active tick=42 ns=3622300
elig-tick case=active tick=43 ns=3827400
elig-tick case=active tick=44 ns=3596600
elig-tick case=active tick=45 ns=3380500
elig-tick case=active tick=46 ns=2289500
elig-tick case=active tick=47 ns=4061800
elig-tick case=active tick=48 ns=3918000
elig-tick case=active tick=49 ns=3582300
elig-tick case=active tick=50 ns=2999900
elig-tick case=active tick=51 ns=2604600
elig-tick case=active tick=52 ns=2360600
elig-tick case=active tick=53 ns=2805600
elig-tick case=active tick=54 ns=3159200
elig-tick case=active tick=55 ns=3099800
elig-tick case=active tick=56 ns=3222200
elig-tick case=active tick=57 ns=2666200
elig-tick case=active tick=58 ns=2936000
elig-tick case=active tick=59 ns=3221700
elig-tick case=active tick=60 ns=3074300
elig-tick case=active tick=61 ns=3245800
elig-tick case=active tick=62 ns=2929000
elig-tick case=active tick=63 ns=3306500
elig-tick case=active tick=64 ns=4241300
elig-tick case=active tick=65 ns=4593200
elig-tick case=active tick=66 ns=3354800
elig-tick case=active tick=67 ns=3479800
elig-tick case=active tick=68 ns=3583000
elig-tick case=active tick=69 ns=3321900
elig-tick case=active tick=70 ns=3332100
elig-tick case=active tick=71 ns=3327900
elig-tick case=active tick=72 ns=3532700
elig-tick case=active tick=73 ns=3333500
elig-tick case=active tick=74 ns=3705900
elig-tick case=active tick=75 ns=3232500
elig-tick case=active tick=76 ns=4194700
elig-tick case=active tick=77 ns=4763800
elig-tick case=active tick=78 ns=3211700
elig-tick case=active tick=79 ns=2764700
elig-tick case=active tick=80 ns=2796400
elig-tick case=active tick=81 ns=2740700
elig-tick case=active tick=82 ns=2905500
elig-tick case=active tick=83 ns=3074800
elig-tick case=active tick=84 ns=3017800
elig-tick case=active tick=85 ns=3117300
elig-tick case=active tick=86 ns=3295300
elig-tick case=active tick=87 ns=3540200
elig-tick case=active tick=88 ns=3230900
elig-tick case=active tick=89 ns=3024200
elig-tick case=active tick=90 ns=2951300
elig-tick case=active tick=91 ns=4118400
elig-tick case=active tick=92 ns=2856500
elig-tick case=active tick=93 ns=2661000
elig-tick case=active tick=94 ns=2704100
elig-tick case=active tick=95 ns=2787500
elig-tick case=active tick=96 ns=2747100
elig-tick case=active tick=97 ns=3282000
elig-tick case=active tick=98 ns=2876700
elig-tick case=active tick=99 ns=3283700
elig-tick case=active tick=100 ns=2869200
elig-tick case=active tick=101 ns=3083800
elig-tick case=active tick=102 ns=3045600
elig-tick case=active tick=103 ns=3379300
elig-tick case=active tick=104 ns=3237900
elig-tick case=active tick=105 ns=3730700
elig-tick case=active tick=106 ns=3559200
elig-tick case=active tick=107 ns=3391000
elig-tick case=active tick=108 ns=3799200
elig-tick case=active tick=109 ns=3369100
elig-tick case=active tick=110 ns=3322400
elig-tick case=active tick=111 ns=3324500
elig-tick case=active tick=112 ns=3067900
elig-tick case=active tick=113 ns=3253500
elig-tick case=active tick=114 ns=3463900
elig-tick case=active tick=115 ns=3590800
elig-tick case=active tick=116 ns=3377800
elig-tick case=active tick=117 ns=3623100
elig-tick case=active tick=118 ns=3495800
elig-tick case=active tick=119 ns=3367300
elig-tick case=active tick=120 ns=3382600
elig-tick case=active tick=121 ns=3348900
elig-tick case=active tick=122 ns=3194100
elig-tick case=active tick=123 ns=2530500
elig-tick case=active tick=124 ns=3350000
elig-tick case=active tick=125 ns=3799400
elig-tick case=active tick=126 ns=2780000
elig-tick case=active tick=127 ns=2722000
ok

test result: ok. 1 passed; 0 failed; 0 ignored; 0 measured; 1 filtered out; finished in 0.62s

