
running 1 test
test eligibility_commit_wall ... 
elig-end case=active window=0 windows=1 ticks=128 input=Sha256Digest(49f3ed00f20f2a716555fe923aeb6f4201702ebebbdc9f550e73765c498d46a4) digest=9ed50a587d552a6a4fdf78daf7a0cd288cfde7d07ae6795fa636a1d15dde00a0
elig-tick case=active tick=0 ns=1871300
elig-tick case=active tick=1 ns=2435900
elig-tick case=active tick=2 ns=1733100
elig-tick case=active tick=3 ns=2305000
elig-tick case=active tick=4 ns=2082000
elig-tick case=active tick=5 ns=1758600
elig-tick case=active tick=6 ns=1701100
elig-tick case=active tick=7 ns=1714300
elig-tick case=active tick=8 ns=1750400
elig-tick case=active tick=9 ns=1782300
elig-tick case=active tick=10 ns=1808300
elig-tick case=active tick=11 ns=1851800
elig-tick case=active tick=12 ns=2004500
elig-tick case=active tick=13 ns=1818200
elig-tick case=active tick=14 ns=1890800
elig-tick case=active tick=15 ns=1861900
elig-tick case=active tick=16 ns=1837800
elig-tick case=active tick=17 ns=1845000
elig-tick case=active tick=18 ns=1820700
elig-tick case=active tick=19 ns=1890500
elig-tick case=active tick=20 ns=2166600
elig-tick case=active tick=21 ns=1841300
elig-tick case=active tick=22 ns=1838100
elig-tick case=active tick=23 ns=1956700
elig-tick case=active tick=24 ns=1833000
elig-tick case=active tick=25 ns=1817900
elig-tick case=active tick=26 ns=1871100
elig-tick case=active tick=27 ns=1848100
elig-tick case=active tick=28 ns=2004100
elig-tick case=active tick=29 ns=1832200
elig-tick case=active tick=30 ns=1838600
elig-tick case=active tick=31 ns=1844900
elig-tick case=active tick=32 ns=1831300
elig-tick case=active tick=33 ns=1896100
elig-tick case=active tick=34 ns=1852900
elig-tick case=active tick=35 ns=1850600
elig-tick case=active tick=36 ns=1900600
elig-tick case=active tick=37 ns=1843300
elig-tick case=active tick=38 ns=1838600
elig-tick case=active tick=39 ns=1857100
elig-tick case=active tick=40 ns=1904800
elig-tick case=active tick=41 ns=1880800
elig-tick case=active tick=42 ns=1823300
elig-tick case=active tick=43 ns=1932200
elig-tick case=active tick=44 ns=1919200
elig-tick case=active tick=45 ns=1963800
elig-tick case=active tick=46 ns=1824800
elig-tick case=active tick=47 ns=1832800
elig-tick case=active tick=48 ns=1847300
elig-tick case=active tick=49 ns=1848300
elig-tick case=active tick=50 ns=1844700
elig-tick case=active tick=51 ns=1863100
elig-tick case=active tick=52 ns=1832400
elig-tick case=active tick=53 ns=2083700
elig-tick case=active tick=54 ns=1831800
elig-tick case=active tick=55 ns=1838700
elig-tick case=active tick=56 ns=1824600
elig-tick case=active tick=57 ns=1965100
elig-tick case=active tick=58 ns=1832900
elig-tick case=active tick=59 ns=2230200
elig-tick case=active tick=60 ns=1866500
elig-tick case=active tick=61 ns=2027300
elig-tick case=active tick=62 ns=1846700
elig-tick case=active tick=63 ns=1832500
elig-tick case=active tick=64 ns=1839800
elig-tick case=active tick=65 ns=1832000
elig-tick case=active tick=66 ns=2216700
elig-tick case=active tick=67 ns=1832600
elig-tick case=active tick=68 ns=1836800
elig-tick case=active tick=69 ns=1941100
elig-tick case=active tick=70 ns=1839900
elig-tick case=active tick=71 ns=1890700
elig-tick case=active tick=72 ns=1832500
elig-tick case=active tick=73 ns=1896400
elig-tick case=active tick=74 ns=1814400
elig-tick case=active tick=75 ns=1865200
elig-tick case=active tick=76 ns=1854500
elig-tick case=active tick=77 ns=1955600
elig-tick case=active tick=78 ns=1825500
elig-tick case=active tick=79 ns=1819700
elig-tick case=active tick=80 ns=1832900
elig-tick case=active tick=81 ns=1885100
elig-tick case=active tick=82 ns=1870700
elig-tick case=active tick=83 ns=1816200
elig-tick case=active tick=84 ns=1897500
elig-tick case=active tick=85 ns=1891500
elig-tick case=active tick=86 ns=2041900
elig-tick case=active tick=87 ns=1809800
elig-tick case=active tick=88 ns=1885300
elig-tick case=active tick=89 ns=1878700
elig-tick case=active tick=90 ns=1819300
elig-tick case=active tick=91 ns=1895800
elig-tick case=active tick=92 ns=1817700
elig-tick case=active tick=93 ns=1823300
elig-tick case=active tick=94 ns=1965800
elig-tick case=active tick=95 ns=1826600
elig-tick case=active tick=96 ns=1879600
elig-tick case=active tick=97 ns=1877700
elig-tick case=active tick=98 ns=1861600
elig-tick case=active tick=99 ns=1896800
elig-tick case=active tick=100 ns=1880600
elig-tick case=active tick=101 ns=1830100
elig-tick case=active tick=102 ns=1988400
elig-tick case=active tick=103 ns=1842100
elig-tick case=active tick=104 ns=1848300
elig-tick case=active tick=105 ns=1819000
elig-tick case=active tick=106 ns=1833500
elig-tick case=active tick=107 ns=1838700
elig-tick case=active tick=108 ns=1830800
elig-tick case=active tick=109 ns=1821100
elig-tick case=active tick=110 ns=1877000
elig-tick case=active tick=111 ns=1938800
elig-tick case=active tick=112 ns=1826300
elig-tick case=active tick=113 ns=1830700
elig-tick case=active tick=114 ns=1845300
elig-tick case=active tick=115 ns=1833400
elig-tick case=active tick=116 ns=1820200
elig-tick case=active tick=117 ns=1818400
elig-tick case=active tick=118 ns=1830600
elig-tick case=active tick=119 ns=2031800
elig-tick case=active tick=120 ns=1842500
elig-tick case=active tick=121 ns=1852700
elig-tick case=active tick=122 ns=1832200
elig-tick case=active tick=123 ns=1839300
elig-tick case=active tick=124 ns=1823700
elig-tick case=active tick=125 ns=1848700
elig-tick case=active tick=126 ns=2156500
elig-tick case=active tick=127 ns=2013300
ok

test result: ok. 1 passed; 0 failed; 0 ignored; 0 measured; 1 filtered out; finished in 0.36s

