
running 1 test
test eligibility_commit_wall ... 
elig-end case=parked window=0 windows=1 ticks=128 input=Sha256Digest(49f3ed00f20f2a716555fe923aeb6f4201702ebebbdc9f550e73765c498d46a4) digest=ac461faf72ddf871931e3f5cdde16f2128f082a1a56610b691fc23dddbfdfb91
elig-tick case=parked tick=0 ns=279300
elig-tick case=parked tick=1 ns=273700
elig-tick case=parked tick=2 ns=286800
elig-tick case=parked tick=3 ns=280100
elig-tick case=parked tick=4 ns=300900
elig-tick case=parked tick=5 ns=280200
elig-tick case=parked tick=6 ns=438000
elig-tick case=parked tick=7 ns=286500
elig-tick case=parked tick=8 ns=276200
elig-tick case=parked tick=9 ns=299700
elig-tick case=parked tick=10 ns=285000
elig-tick case=parked tick=11 ns=287100
elig-tick case=parked tick=12 ns=284600
elig-tick case=parked tick=13 ns=289200
elig-tick case=parked tick=14 ns=283600
elig-tick case=parked tick=15 ns=289300
elig-tick case=parked tick=16 ns=282900
elig-tick case=parked tick=17 ns=282900
elig-tick case=parked tick=18 ns=296200
elig-tick case=parked tick=19 ns=284300
elig-tick case=parked tick=20 ns=289200
elig-tick case=parked tick=21 ns=277000
elig-tick case=parked tick=22 ns=287700
elig-tick case=parked tick=23 ns=289800
elig-tick case=parked tick=24 ns=277200
elig-tick case=parked tick=25 ns=288800
elig-tick case=parked tick=26 ns=283400
elig-tick case=parked tick=27 ns=285500
elig-tick case=parked tick=28 ns=283200
elig-tick case=parked tick=29 ns=293200
elig-tick case=parked tick=30 ns=288300
elig-tick case=parked tick=31 ns=283300
elig-tick case=parked tick=32 ns=280100
elig-tick case=parked tick=33 ns=278100
elig-tick case=parked tick=34 ns=287800
elig-tick case=parked tick=35 ns=294900
elig-tick case=parked tick=36 ns=292000
elig-tick case=parked tick=37 ns=319100
elig-tick case=parked tick=38 ns=367100
elig-tick case=parked tick=39 ns=290000
elig-tick case=parked tick=40 ns=279700
elig-tick case=parked tick=41 ns=313700
elig-tick case=parked tick=42 ns=289100
elig-tick case=parked tick=43 ns=285600
elig-tick case=parked tick=44 ns=291100
elig-tick case=parked tick=45 ns=285500
elig-tick case=parked tick=46 ns=285900
elig-tick case=parked tick=47 ns=296500
elig-tick case=parked tick=48 ns=279400
elig-tick case=parked tick=49 ns=291100
elig-tick case=parked tick=50 ns=286400
elig-tick case=parked tick=51 ns=295000
elig-tick case=parked tick=52 ns=286700
elig-tick case=parked tick=53 ns=294800
elig-tick case=parked tick=54 ns=282900
elig-tick case=parked tick=55 ns=289000
elig-tick case=parked tick=56 ns=291100
elig-tick case=parked tick=57 ns=278900
elig-tick case=parked tick=58 ns=483200
elig-tick case=parked tick=59 ns=292100
elig-tick case=parked tick=60 ns=288700
elig-tick case=parked tick=61 ns=299800
elig-tick case=parked tick=62 ns=292800
elig-tick case=parked tick=63 ns=306700
elig-tick case=parked tick=64 ns=292000
elig-tick case=parked tick=65 ns=291300
elig-tick case=parked tick=66 ns=297600
elig-tick case=parked tick=67 ns=289800
elig-tick case=parked tick=68 ns=279900
elig-tick case=parked tick=69 ns=283200
elig-tick case=parked tick=70 ns=287900
elig-tick case=parked tick=71 ns=291300
elig-tick case=parked tick=72 ns=287600
elig-tick case=parked tick=73 ns=300200
elig-tick case=parked tick=74 ns=294700
elig-tick case=parked tick=75 ns=290200
elig-tick case=parked tick=76 ns=296200
elig-tick case=parked tick=77 ns=290800
elig-tick case=parked tick=78 ns=297200
elig-tick case=parked tick=79 ns=296600
elig-tick case=parked tick=80 ns=284800
elig-tick case=parked tick=81 ns=420200
elig-tick case=parked tick=82 ns=352200
elig-tick case=parked tick=83 ns=332200
elig-tick case=parked tick=84 ns=429200
elig-tick case=parked tick=85 ns=337000
elig-tick case=parked tick=86 ns=280800
elig-tick case=parked tick=87 ns=288100
elig-tick case=parked tick=88 ns=305500
elig-tick case=parked tick=89 ns=355200
elig-tick case=parked tick=90 ns=492300
elig-tick case=parked tick=91 ns=455900
elig-tick case=parked tick=92 ns=457400
elig-tick case=parked tick=93 ns=360800
elig-tick case=parked tick=94 ns=287200
elig-tick case=parked tick=95 ns=283600
elig-tick case=parked tick=96 ns=302800
elig-tick case=parked tick=97 ns=288300
elig-tick case=parked tick=98 ns=288800
elig-tick case=parked tick=99 ns=289100
elig-tick case=parked tick=100 ns=306400
elig-tick case=parked tick=101 ns=295400
elig-tick case=parked tick=102 ns=282000
elig-tick case=parked tick=103 ns=294500
elig-tick case=parked tick=104 ns=284900
elig-tick case=parked tick=105 ns=292200
elig-tick case=parked tick=106 ns=287700
elig-tick case=parked tick=107 ns=530000
elig-tick case=parked tick=108 ns=289000
elig-tick case=parked tick=109 ns=285400
elig-tick case=parked tick=110 ns=280400
elig-tick case=parked tick=111 ns=292600
elig-tick case=parked tick=112 ns=278400
elig-tick case=parked tick=113 ns=289800
elig-tick case=parked tick=114 ns=277800
elig-tick case=parked tick=115 ns=463600
elig-tick case=parked tick=116 ns=378900
elig-tick case=parked tick=117 ns=281000
elig-tick case=parked tick=118 ns=285100
elig-tick case=parked tick=119 ns=283700
elig-tick case=parked tick=120 ns=284900
elig-tick case=parked tick=121 ns=293700
elig-tick case=parked tick=122 ns=288600
elig-tick case=parked tick=123 ns=289500
elig-tick case=parked tick=124 ns=283400
elig-tick case=parked tick=125 ns=287300
elig-tick case=parked tick=126 ns=290700
elig-tick case=parked tick=127 ns=285100
ok

test result: ok. 1 passed; 0 failed; 0 ignored; 0 measured; 1 filtered out; finished in 0.07s

