
running 1 test
test eligibility_commit_wall ... 
elig-end case=active window=0 windows=1 ticks=128 input=Sha256Digest(49f3ed00f20f2a716555fe923aeb6f4201702ebebbdc9f550e73765c498d46a4) digest=9ed50a587d552a6a4fdf78daf7a0cd288cfde7d07ae6795fa636a1d15dde00a0
elig-tick case=active tick=0 ns=1666300
elig-tick case=active tick=1 ns=1861700
elig-tick case=active tick=2 ns=2620600
elig-tick case=active tick=3 ns=1761100
elig-tick case=active tick=4 ns=2292000
elig-tick case=active tick=5 ns=1745200
elig-tick case=active tick=6 ns=2032800
elig-tick case=active tick=7 ns=1724300
elig-tick case=active tick=8 ns=2103100
elig-tick case=active tick=9 ns=2220000
elig-tick case=active tick=10 ns=2014400
elig-tick case=active tick=11 ns=1729000
elig-tick case=active tick=12 ns=2000800
elig-tick case=active tick=13 ns=1749400
elig-tick case=active tick=14 ns=2048300
elig-tick case=active tick=15 ns=1730900
elig-tick case=active tick=16 ns=2449100
elig-tick case=active tick=17 ns=1865700
elig-tick case=active tick=18 ns=1954400
elig-tick case=active tick=19 ns=1765700
elig-tick case=active tick=20 ns=1868200
elig-tick case=active tick=21 ns=2102700
elig-tick case=active tick=22 ns=1731000
elig-tick case=active tick=23 ns=2201000
elig-tick case=active tick=24 ns=1994300
elig-tick case=active tick=25 ns=2073300
elig-tick case=active tick=26 ns=1767900
elig-tick case=active tick=27 ns=2008700
elig-tick case=active tick=28 ns=1718600
elig-tick case=active tick=29 ns=2000700
elig-tick case=active tick=30 ns=1729000
elig-tick case=active tick=31 ns=1736100
elig-tick case=active tick=32 ns=2012300
elig-tick case=active tick=33 ns=1916100
elig-tick case=active tick=34 ns=3586200
elig-tick case=active tick=35 ns=2255000
elig-tick case=active tick=36 ns=1948400
elig-tick case=active tick=37 ns=1837200
elig-tick case=active tick=38 ns=1736700
elig-tick case=active tick=39 ns=1766100
elig-tick case=active tick=40 ns=2058300
elig-tick case=active tick=41 ns=1902400
elig-tick case=active tick=42 ns=1749200
elig-tick case=active tick=43 ns=1731400
elig-tick case=active tick=44 ns=1750900
elig-tick case=active tick=45 ns=1776800
elig-tick case=active tick=46 ns=1872000
elig-tick case=active tick=47 ns=1799500
elig-tick case=active tick=48 ns=1794400
elig-tick case=active tick=49 ns=2024200
elig-tick case=active tick=50 ns=1935300
elig-tick case=active tick=51 ns=1828500
elig-tick case=active tick=52 ns=1837000
elig-tick case=active tick=53 ns=1819800
elig-tick case=active tick=54 ns=1822000
elig-tick case=active tick=55 ns=1866100
elig-tick case=active tick=56 ns=1915900
elig-tick case=active tick=57 ns=2042300
elig-tick case=active tick=58 ns=1818000
elig-tick case=active tick=59 ns=1859000
elig-tick case=active tick=60 ns=1809900
elig-tick case=active tick=61 ns=1834500
elig-tick case=active tick=62 ns=1833400
elig-tick case=active tick=63 ns=1826700
elig-tick case=active tick=64 ns=1872100
elig-tick case=active tick=65 ns=2003300
elig-tick case=active tick=66 ns=1821400
elig-tick case=active tick=67 ns=1825200
elig-tick case=active tick=68 ns=1856800
elig-tick case=active tick=69 ns=1822600
elig-tick case=active tick=70 ns=1822700
elig-tick case=active tick=71 ns=1868300
elig-tick case=active tick=72 ns=1919300
elig-tick case=active tick=73 ns=2126100
elig-tick case=active tick=74 ns=2669600
elig-tick case=active tick=75 ns=2353800
elig-tick case=active tick=76 ns=1971000
elig-tick case=active tick=77 ns=1794500
elig-tick case=active tick=78 ns=1796900
elig-tick case=active tick=79 ns=1810700
elig-tick case=active tick=80 ns=1968900
elig-tick case=active tick=81 ns=2227200
elig-tick case=active tick=82 ns=1822100
elig-tick case=active tick=83 ns=1974200
elig-tick case=active tick=84 ns=1929300
elig-tick case=active tick=85 ns=1724000
elig-tick case=active tick=86 ns=1781400
elig-tick case=active tick=87 ns=1805400
elig-tick case=active tick=88 ns=1805600
elig-tick case=active tick=89 ns=1864000
elig-tick case=active tick=90 ns=1842300
elig-tick case=active tick=91 ns=1830800
elig-tick case=active tick=92 ns=1801300
elig-tick case=active tick=93 ns=1822700
elig-tick case=active tick=94 ns=1841300
elig-tick case=active tick=95 ns=1807500
elig-tick case=active tick=96 ns=1823000
elig-tick case=active tick=97 ns=1840500
elig-tick case=active tick=98 ns=2034100
elig-tick case=active tick=99 ns=1825000
elig-tick case=active tick=100 ns=1835300
elig-tick case=active tick=101 ns=1872800
elig-tick case=active tick=102 ns=1811200
elig-tick case=active tick=103 ns=1812200
elig-tick case=active tick=104 ns=1825600
elig-tick case=active tick=105 ns=1821700
elig-tick case=active tick=106 ns=2088800
elig-tick case=active tick=107 ns=1827700
elig-tick case=active tick=108 ns=1828100
elig-tick case=active tick=109 ns=1857500
elig-tick case=active tick=110 ns=1826200
elig-tick case=active tick=111 ns=1840800
elig-tick case=active tick=112 ns=1839700
elig-tick case=active tick=113 ns=1823100
elig-tick case=active tick=114 ns=1993000
elig-tick case=active tick=115 ns=1828900
elig-tick case=active tick=116 ns=1818600
elig-tick case=active tick=117 ns=1826300
elig-tick case=active tick=118 ns=1814500
elig-tick case=active tick=119 ns=1814400
elig-tick case=active tick=120 ns=1820900
elig-tick case=active tick=121 ns=1822200
elig-tick case=active tick=122 ns=1829500
elig-tick case=active tick=123 ns=2095200
elig-tick case=active tick=124 ns=2570200
elig-tick case=active tick=125 ns=1704500
elig-tick case=active tick=126 ns=1976900
elig-tick case=active tick=127 ns=1732300
ok

test result: ok. 1 passed; 0 failed; 0 ignored; 0 measured; 1 filtered out; finished in 0.37s

