
running 1 test
test eligibility_commit_wall ... 
elig-end case=active window=0 windows=1 ticks=128 input=Sha256Digest(49f3ed00f20f2a716555fe923aeb6f4201702ebebbdc9f550e73765c498d46a4) digest=9ed50a587d552a6a4fdf78daf7a0cd288cfde7d07ae6795fa636a1d15dde00a0
elig-tick case=active tick=0 ns=1881300
elig-tick case=active tick=1 ns=1849300
elig-tick case=active tick=2 ns=1868500
elig-tick case=active tick=3 ns=1864800
elig-tick case=active tick=4 ns=1898900
elig-tick case=active tick=5 ns=1840200
elig-tick case=active tick=6 ns=1922400
elig-tick case=active tick=7 ns=1861900
elig-tick case=active tick=8 ns=2089200
elig-tick case=active tick=9 ns=1864400
elig-tick case=active tick=10 ns=1909300
elig-tick case=active tick=11 ns=1882100
elig-tick case=active tick=12 ns=1919900
elig-tick case=active tick=13 ns=1888900
elig-tick case=active tick=14 ns=1849400
elig-tick case=active tick=15 ns=1877700
elig-tick case=active tick=16 ns=1983400
elig-tick case=active tick=17 ns=1858800
elig-tick case=active tick=18 ns=1881700
elig-tick case=active tick=19 ns=1893000
elig-tick case=active tick=20 ns=1890700
elig-tick case=active tick=21 ns=1910800
elig-tick case=active tick=22 ns=1852400
elig-tick case=active tick=23 ns=1847000
elig-tick case=active tick=24 ns=1991000
elig-tick case=active tick=25 ns=1881100
elig-tick case=active tick=26 ns=1922900
elig-tick case=active tick=27 ns=1924600
elig-tick case=active tick=28 ns=1913800
elig-tick case=active tick=29 ns=1888000
elig-tick case=active tick=30 ns=1891800
elig-tick case=active tick=31 ns=1869700
elig-tick case=active tick=32 ns=2009000
elig-tick case=active tick=33 ns=1876200
elig-tick case=active tick=34 ns=1873400
elig-tick case=active tick=35 ns=1837300
elig-tick case=active tick=36 ns=1902700
elig-tick case=active tick=37 ns=1848300
elig-tick case=active tick=38 ns=1908800
elig-tick case=active tick=39 ns=1893000
elig-tick case=active tick=40 ns=2004000
elig-tick case=active tick=41 ns=1919000
elig-tick case=active tick=42 ns=1838200
elig-tick case=active tick=43 ns=1808600
elig-tick case=active tick=44 ns=1791600
elig-tick case=active tick=45 ns=2274600
elig-tick case=active tick=46 ns=1805200
elig-tick case=active tick=47 ns=2007200
elig-tick case=active tick=48 ns=1978800
elig-tick case=active tick=49 ns=2122700
elig-tick case=active tick=50 ns=1739500
elig-tick case=active tick=51 ns=2173200
elig-tick case=active tick=52 ns=2015100
elig-tick case=active tick=53 ns=2017200
elig-tick case=active tick=54 ns=1902400
elig-tick case=active tick=55 ns=2036200
elig-tick case=active tick=56 ns=2155200
elig-tick case=active tick=57 ns=1758900
elig-tick case=active tick=58 ns=1717900
elig-tick case=active tick=59 ns=1751000
elig-tick case=active tick=60 ns=1859400
elig-tick case=active tick=61 ns=1853900
elig-tick case=active tick=62 ns=1753000
elig-tick case=active tick=63 ns=1786200
elig-tick case=active tick=64 ns=1734000
elig-tick case=active tick=65 ns=2028700
elig-tick case=active tick=66 ns=1827200
elig-tick case=active tick=67 ns=1807600
elig-tick case=active tick=68 ns=1830800
elig-tick case=active tick=69 ns=1841900
elig-tick case=active tick=70 ns=2031400
elig-tick case=active tick=71 ns=1857700
elig-tick case=active tick=72 ns=1841500
elig-tick case=active tick=73 ns=1996300
elig-tick case=active tick=74 ns=1852600
elig-tick case=active tick=75 ns=1895700
elig-tick case=active tick=76 ns=3106200
elig-tick case=active tick=77 ns=2183200
elig-tick case=active tick=78 ns=1735000
elig-tick case=active tick=79 ns=1797000
elig-tick case=active tick=80 ns=1732700
elig-tick case=active tick=81 ns=1944000
elig-tick case=active tick=82 ns=1749800
elig-tick case=active tick=83 ns=1789700
elig-tick case=active tick=84 ns=1842900
elig-tick case=active tick=85 ns=1878800
elig-tick case=active tick=86 ns=1891100
elig-tick case=active tick=87 ns=1841300
elig-tick case=active tick=88 ns=1891000
elig-tick case=active tick=89 ns=2084200
elig-tick case=active tick=90 ns=1870800
elig-tick case=active tick=91 ns=1869000
elig-tick case=active tick=92 ns=1839800
elig-tick case=active tick=93 ns=1852200
elig-tick case=active tick=94 ns=1876000
elig-tick case=active tick=95 ns=1891500
elig-tick case=active tick=96 ns=1858500
elig-tick case=active tick=97 ns=2124100
elig-tick case=active tick=98 ns=1854700
elig-tick case=active tick=99 ns=1839700
elig-tick case=active tick=100 ns=1741600
elig-tick case=active tick=101 ns=1805700
elig-tick case=active tick=102 ns=1783300
elig-tick case=active tick=103 ns=1762400
elig-tick case=active tick=104 ns=1944300
elig-tick case=active tick=105 ns=1817800
elig-tick case=active tick=106 ns=1992700
elig-tick case=active tick=107 ns=1822100
elig-tick case=active tick=108 ns=1896100
elig-tick case=active tick=109 ns=1859600
elig-tick case=active tick=110 ns=1771400
elig-tick case=active tick=111 ns=1826200
elig-tick case=active tick=112 ns=1839500
elig-tick case=active tick=113 ns=1839300
elig-tick case=active tick=114 ns=1975100
elig-tick case=active tick=115 ns=1888000
elig-tick case=active tick=116 ns=1718300
elig-tick case=active tick=117 ns=1820700
elig-tick case=active tick=118 ns=1813200
elig-tick case=active tick=119 ns=1781900
elig-tick case=active tick=120 ns=1877800
elig-tick case=active tick=121 ns=1774500
elig-tick case=active tick=122 ns=2103900
elig-tick case=active tick=123 ns=1764700
elig-tick case=active tick=124 ns=1717600
elig-tick case=active tick=125 ns=1745200
elig-tick case=active tick=126 ns=1787600
elig-tick case=active tick=127 ns=2064900
ok

test result: ok. 1 passed; 0 failed; 0 ignored; 0 measured; 1 filtered out; finished in 0.36s

