
running 1 test
test eligibility_commit_wall ... 
elig-end case=parked window=0 windows=1 ticks=128 input=Sha256Digest(49f3ed00f20f2a716555fe923aeb6f4201702ebebbdc9f550e73765c498d46a4) digest=ac461faf72ddf871931e3f5cdde16f2128f082a1a56610b691fc23dddbfdfb91
elig-tick case=parked tick=0 ns=289600
elig-tick case=parked tick=1 ns=284700
elig-tick case=parked tick=2 ns=291800
elig-tick case=parked tick=3 ns=301700
elig-tick case=parked tick=4 ns=362100
elig-tick case=parked tick=5 ns=282700
elig-tick case=parked tick=6 ns=286800
elig-tick case=parked tick=7 ns=308300
elig-tick case=parked tick=8 ns=342300
elig-tick case=parked tick=9 ns=338000
elig-tick case=parked tick=10 ns=269400
elig-tick case=parked tick=11 ns=275700
elig-tick case=parked tick=12 ns=276300
elig-tick case=parked tick=13 ns=276200
elig-tick case=parked tick=14 ns=277400
elig-tick case=parked tick=15 ns=276600
elig-tick case=parked tick=16 ns=282600
elig-tick case=parked tick=17 ns=280300
elig-tick case=parked tick=18 ns=344600
elig-tick case=parked tick=19 ns=269000
elig-tick case=parked tick=20 ns=279900
elig-tick case=parked tick=21 ns=281100
elig-tick case=parked tick=22 ns=283300
elig-tick case=parked tick=23 ns=280300
elig-tick case=parked tick=24 ns=355300
elig-tick case=parked tick=25 ns=280900
elig-tick case=parked tick=26 ns=281700
elig-tick case=parked tick=27 ns=358000
elig-tick case=parked tick=28 ns=283000
elig-tick case=parked tick=29 ns=283800
elig-tick case=parked tick=30 ns=283100
elig-tick case=parked tick=31 ns=283100
elig-tick case=parked tick=32 ns=387800
elig-tick case=parked tick=33 ns=281000
elig-tick case=parked tick=34 ns=321700
elig-tick case=parked tick=35 ns=277600
elig-tick case=parked tick=36 ns=283800
elig-tick case=parked tick=37 ns=282300
elig-tick case=parked tick=38 ns=281400
elig-tick case=parked tick=39 ns=285000
elig-tick case=parked tick=40 ns=281100
elig-tick case=parked tick=41 ns=275000
elig-tick case=parked tick=42 ns=283400
elig-tick case=parked tick=43 ns=280500
elig-tick case=parked tick=44 ns=284400
elig-tick case=parked tick=45 ns=284300
elig-tick case=parked tick=46 ns=332100
elig-tick case=parked tick=47 ns=298200
elig-tick case=parked tick=48 ns=282300
elig-tick case=parked tick=49 ns=282900
elig-tick case=parked tick=50 ns=791000
elig-tick case=parked tick=51 ns=705400
elig-tick case=parked tick=52 ns=288900
elig-tick case=parked tick=53 ns=340100
elig-tick case=parked tick=54 ns=297700
elig-tick case=parked tick=55 ns=293300
elig-tick case=parked tick=56 ns=292100
elig-tick case=parked tick=57 ns=297100
elig-tick case=parked tick=58 ns=290800
elig-tick case=parked tick=59 ns=447100
elig-tick case=parked tick=60 ns=273900
elig-tick case=parked tick=61 ns=291200
elig-tick case=parked tick=62 ns=281000
elig-tick case=parked tick=63 ns=264200
elig-tick case=parked tick=64 ns=256900
elig-tick case=parked tick=65 ns=261000
elig-tick case=parked tick=66 ns=264300
elig-tick case=parked tick=67 ns=260800
elig-tick case=parked tick=68 ns=280400
elig-tick case=parked tick=69 ns=286000
elig-tick case=parked tick=70 ns=281300
elig-tick case=parked tick=71 ns=302600
elig-tick case=parked tick=72 ns=317600
elig-tick case=parked tick=73 ns=295900
elig-tick case=parked tick=74 ns=278300
elig-tick case=parked tick=75 ns=285900
elig-tick case=parked tick=76 ns=278900
elig-tick case=parked tick=77 ns=284800
elig-tick case=parked tick=78 ns=359400
elig-tick case=parked tick=79 ns=287100
elig-tick case=parked tick=80 ns=286600
elig-tick case=parked tick=81 ns=362800
elig-tick case=parked tick=82 ns=297700
elig-tick case=parked tick=83 ns=285400
elig-tick case=parked tick=84 ns=288600
elig-tick case=parked tick=85 ns=336600
elig-tick case=parked tick=86 ns=387800
elig-tick case=parked tick=87 ns=338400
elig-tick case=parked tick=88 ns=281000
elig-tick case=parked tick=89 ns=286400
elig-tick case=parked tick=90 ns=321200
elig-tick case=parked tick=91 ns=336700
elig-tick case=parked tick=92 ns=311400
elig-tick case=parked tick=93 ns=311400
elig-tick case=parked tick=94 ns=280000
elig-tick case=parked tick=95 ns=283500
elig-tick case=parked tick=96 ns=286100
elig-tick case=parked tick=97 ns=279600
elig-tick case=parked tick=98 ns=352800
elig-tick case=parked tick=99 ns=368500
elig-tick case=parked tick=100 ns=288700
elig-tick case=parked tick=101 ns=281200
elig-tick case=parked tick=102 ns=289800
elig-tick case=parked tick=103 ns=315300
elig-tick case=parked tick=104 ns=303900
elig-tick case=parked tick=105 ns=419600
elig-tick case=parked tick=106 ns=281700
elig-tick case=parked tick=107 ns=285800
elig-tick case=parked tick=108 ns=361300
elig-tick case=parked tick=109 ns=286600
elig-tick case=parked tick=110 ns=287500
elig-tick case=parked tick=111 ns=286700
elig-tick case=parked tick=112 ns=371600
elig-tick case=parked tick=113 ns=283400
elig-tick case=parked tick=114 ns=287900
elig-tick case=parked tick=115 ns=288500
elig-tick case=parked tick=116 ns=287400
elig-tick case=parked tick=117 ns=291200
elig-tick case=parked tick=118 ns=288300
elig-tick case=parked tick=119 ns=287800
elig-tick case=parked tick=120 ns=313000
elig-tick case=parked tick=121 ns=306700
elig-tick case=parked tick=122 ns=287600
elig-tick case=parked tick=123 ns=290300
elig-tick case=parked tick=124 ns=286500
elig-tick case=parked tick=125 ns=286600
elig-tick case=parked tick=126 ns=360300
elig-tick case=parked tick=127 ns=288000
ok

test result: ok. 1 passed; 0 failed; 0 ignored; 0 measured; 1 filtered out; finished in 0.07s

