
running 1 test
test kernel::eligibility_commit_research::eligibility_commit_diagnostic ... 
elig-end case=capacity window=0 windows=1 ticks=128 input=Sha256Digest(49f3ed00f20f2a716555fe923aeb6f4201702ebebbdc9f550e73765c498d46a4) digest=48287b34c7ea2a970283c1bca078325acb5f50a41c85dc7f20f5402704d95874
elig-memory case=capacity window=0 world=111067169 shared=29664 binding=21 committed=32424200 derived=5665536 workspace=72977412 admin=0
elig-detail case=capacity stage=clear_motion ns=2279900 items=12800000 calls=128
elig-detail case=capacity stage=clear_eligibility ns=9832800 items=12800000 calls=128
elig-detail case=capacity stage=copy ns=0 items=0 calls=0
elig-detail case=capacity stage=scan ns=10959200 items=12800000 calls=128
elig-detail case=capacity stage=eligibility_commit ns=10981000 items=12800000 calls=128
elig-phase case=capacity stage=whole_step ns=65982600
elig-phase case=capacity stage=preflight ns=1354300
elig-phase case=capacity stage=occupancy ns=2947400
elig-phase case=capacity stage=waiting_prepare ns=3549800
elig-phase case=capacity stage=conflict_prepare ns=13217400
elig-phase case=capacity stage=motion_loop ns=27080400
elig-phase case=capacity stage=waiting_finalize ns=945200
elig-phase case=capacity stage=signals ns=14100
elig-phase case=capacity stage=conflict_finalize ns=2468900
elig-phase case=capacity stage=waiting_outputs ns=1841400
elig-phase case=capacity stage=commit ns=12362700
elig-work case=capacity allocations=0 reallocations=0 bytes=0 min_eligible=0 max_eligible=0
ok

test result: ok. 1 passed; 0 failed; 0 ignored; 0 measured; 536 filtered out; finished in 0.11s

