
running 1 test
test eligibility_commit_wall ... 
elig-end case=conflict-large window=0 windows=8 ticks=16 input=Sha256Digest(be0d39f44feb802fdb9697c7b5ad7522d367ab086803c8320cc5199f496991b9) digest=dde51337d7f39d46b6fa941b5069f76320d552b3fdcdc2aab71ef6524110cee4
elig-end case=conflict-large window=1 windows=8 ticks=16 input=Sha256Digest(be0d39f44feb802fdb9697c7b5ad7522d367ab086803c8320cc5199f496991b9) digest=dde51337d7f39d46b6fa941b5069f76320d552b3fdcdc2aab71ef6524110cee4
elig-end case=conflict-large window=2 windows=8 ticks=16 input=Sha256Digest(be0d39f44feb802fdb9697c7b5ad7522d367ab086803c8320cc5199f496991b9) digest=dde51337d7f39d46b6fa941b5069f76320d552b3fdcdc2aab71ef6524110cee4
elig-end case=conflict-large window=3 windows=8 ticks=16 input=Sha256Digest(be0d39f44feb802fdb9697c7b5ad7522d367ab086803c8320cc5199f496991b9) digest=dde51337d7f39d46b6fa941b5069f76320d552b3fdcdc2aab71ef6524110cee4
elig-end case=conflict-large window=4 windows=8 ticks=16 input=Sha256Digest(be0d39f44feb802fdb9697c7b5ad7522d367ab086803c8320cc5199f496991b9) digest=dde51337d7f39d46b6fa941b5069f76320d552b3fdcdc2aab71ef6524110cee4
elig-end case=conflict-large window=5 windows=8 ticks=16 input=Sha256Digest(be0d39f44feb802fdb9697c7b5ad7522d367ab086803c8320cc5199f496991b9) digest=dde51337d7f39d46b6fa941b5069f76320d552b3fdcdc2aab71ef6524110cee4
elig-end case=conflict-large window=6 windows=8 ticks=16 input=Sha256Digest(be0d39f44feb802fdb9697c7b5ad7522d367ab086803c8320cc5199f496991b9) digest=dde51337d7f39d46b6fa941b5069f76320d552b3fdcdc2aab71ef6524110cee4
elig-end case=conflict-large window=7 windows=8 ticks=16 input=Sha256Digest(be0d39f44feb802fdb9697c7b5ad7522d367ab086803c8320cc5199f496991b9) digest=dde51337d7f39d46b6fa941b5069f76320d552b3fdcdc2aab71ef6524110cee4
elig-tick case=conflict-large tick=0 ns=750000
elig-tick case=conflict-large tick=1 ns=337000
elig-tick case=conflict-large tick=2 ns=329200
elig-tick case=conflict-large tick=3 ns=326000
elig-tick case=conflict-large tick=4 ns=347200
elig-tick case=conflict-large tick=5 ns=455500
elig-tick case=conflict-large tick=6 ns=338100
elig-tick case=conflict-large tick=7 ns=329400
elig-tick case=conflict-large tick=8 ns=328200
elig-tick case=conflict-large tick=9 ns=317800
elig-tick case=conflict-large tick=10 ns=319900
elig-tick case=conflict-large tick=11 ns=603200
elig-tick case=conflict-large tick=12 ns=324500
elig-tick case=conflict-large tick=13 ns=327900
elig-tick case=conflict-large tick=14 ns=320100
elig-tick case=conflict-large tick=15 ns=327100
elig-tick case=conflict-large tick=16 ns=320700
elig-tick case=conflict-large tick=17 ns=317800
elig-tick case=conflict-large tick=18 ns=318200
elig-tick case=conflict-large tick=19 ns=317600
elig-tick case=conflict-large tick=20 ns=336700
elig-tick case=conflict-large tick=21 ns=321100
elig-tick case=conflict-large tick=22 ns=316200
elig-tick case=conflict-large tick=23 ns=317200
elig-tick case=conflict-large tick=24 ns=318000
elig-tick case=conflict-large tick=25 ns=651400
elig-tick case=conflict-large tick=26 ns=352800
elig-tick case=conflict-large tick=27 ns=337800
elig-tick case=conflict-large tick=28 ns=342100
elig-tick case=conflict-large tick=29 ns=329200
elig-tick case=conflict-large tick=30 ns=339900
elig-tick case=conflict-large tick=31 ns=348800
elig-tick case=conflict-large tick=32 ns=321000
elig-tick case=conflict-large tick=33 ns=319800
elig-tick case=conflict-large tick=34 ns=596900
elig-tick case=conflict-large tick=35 ns=343100
elig-tick case=conflict-large tick=36 ns=350700
elig-tick case=conflict-large tick=37 ns=604800
elig-tick case=conflict-large tick=38 ns=322400
elig-tick case=conflict-large tick=39 ns=321500
elig-tick case=conflict-large tick=40 ns=314200
elig-tick case=conflict-large tick=41 ns=316000
elig-tick case=conflict-large tick=42 ns=517300
elig-tick case=conflict-large tick=43 ns=351000
elig-tick case=conflict-large tick=44 ns=339600
elig-tick case=conflict-large tick=45 ns=329000
elig-tick case=conflict-large tick=46 ns=332200
elig-tick case=conflict-large tick=47 ns=330700
elig-tick case=conflict-large tick=48 ns=343800
elig-tick case=conflict-large tick=49 ns=345200
elig-tick case=conflict-large tick=50 ns=348400
elig-tick case=conflict-large tick=51 ns=344900
elig-tick case=conflict-large tick=52 ns=322700
elig-tick case=conflict-large tick=53 ns=326600
elig-tick case=conflict-large tick=54 ns=320300
elig-tick case=conflict-large tick=55 ns=316200
elig-tick case=conflict-large tick=56 ns=315400
elig-tick case=conflict-large tick=57 ns=316200
elig-tick case=conflict-large tick=58 ns=318800
elig-tick case=conflict-large tick=59 ns=317300
elig-tick case=conflict-large tick=60 ns=327500
elig-tick case=conflict-large tick=61 ns=341700
elig-tick case=conflict-large tick=62 ns=344400
elig-tick case=conflict-large tick=63 ns=344800
elig-tick case=conflict-large tick=64 ns=381700
elig-tick case=conflict-large tick=65 ns=401800
elig-tick case=conflict-large tick=66 ns=366600
elig-tick case=conflict-large tick=67 ns=362400
elig-tick case=conflict-large tick=68 ns=350400
elig-tick case=conflict-large tick=69 ns=327600
elig-tick case=conflict-large tick=70 ns=332300
elig-tick case=conflict-large tick=71 ns=399400
elig-tick case=conflict-large tick=72 ns=400000
elig-tick case=conflict-large tick=73 ns=356100
elig-tick case=conflict-large tick=74 ns=411000
elig-tick case=conflict-large tick=75 ns=352000
elig-tick case=conflict-large tick=76 ns=356900
elig-tick case=conflict-large tick=77 ns=362100
elig-tick case=conflict-large tick=78 ns=353800
elig-tick case=conflict-large tick=79 ns=344100
elig-tick case=conflict-large tick=80 ns=349600
elig-tick case=conflict-large tick=81 ns=337900
elig-tick case=conflict-large tick=82 ns=336400
elig-tick case=conflict-large tick=83 ns=329300
elig-tick case=conflict-large tick=84 ns=338100
elig-tick case=conflict-large tick=85 ns=326300
elig-tick case=conflict-large tick=86 ns=326800
elig-tick case=conflict-large tick=87 ns=364600
elig-tick case=conflict-large tick=88 ns=343700
elig-tick case=conflict-large tick=89 ns=336600
elig-tick case=conflict-large tick=90 ns=342000
elig-tick case=conflict-large tick=91 ns=344000
elig-tick case=conflict-large tick=92 ns=360600
elig-tick case=conflict-large tick=93 ns=329800
elig-tick case=conflict-large tick=94 ns=327800
elig-tick case=conflict-large tick=95 ns=329700
elig-tick case=conflict-large tick=96 ns=369600
elig-tick case=conflict-large tick=97 ns=350600
elig-tick case=conflict-large tick=98 ns=343800
elig-tick case=conflict-large tick=99 ns=321000
elig-tick case=conflict-large tick=100 ns=320400
elig-tick case=conflict-large tick=101 ns=322400
elig-tick case=conflict-large tick=102 ns=317800
elig-tick case=conflict-large tick=103 ns=318700
elig-tick case=conflict-large tick=104 ns=348400
elig-tick case=conflict-large tick=105 ns=345600
elig-tick case=conflict-large tick=106 ns=339100
elig-tick case=conflict-large tick=107 ns=348500
elig-tick case=conflict-large tick=108 ns=359600
elig-tick case=conflict-large tick=109 ns=377600
elig-tick case=conflict-large tick=110 ns=357600
elig-tick case=conflict-large tick=111 ns=356300
elig-tick case=conflict-large tick=112 ns=343600
elig-tick case=conflict-large tick=113 ns=350600
elig-tick case=conflict-large tick=114 ns=523900
elig-tick case=conflict-large tick=115 ns=440500
elig-tick case=conflict-large tick=116 ns=409000
elig-tick case=conflict-large tick=117 ns=348700
elig-tick case=conflict-large tick=118 ns=341300
elig-tick case=conflict-large tick=119 ns=331400
elig-tick case=conflict-large tick=120 ns=331200
elig-tick case=conflict-large tick=121 ns=323400
elig-tick case=conflict-large tick=122 ns=327100
elig-tick case=conflict-large tick=123 ns=331100
elig-tick case=conflict-large tick=124 ns=328000
elig-tick case=conflict-large tick=125 ns=332500
elig-tick case=conflict-large tick=126 ns=363600
elig-tick case=conflict-large tick=127 ns=343300
ok

test result: ok. 1 passed; 0 failed; 0 ignored; 0 measured; 1 filtered out; finished in 0.11s

