
running 1 test
test eligibility_commit_wall ... 
elig-end case=parked window=0 windows=1 ticks=128 input=Sha256Digest(49f3ed00f20f2a716555fe923aeb6f4201702ebebbdc9f550e73765c498d46a4) digest=ac461faf72ddf871931e3f5cdde16f2128f082a1a56610b691fc23dddbfdfb91
elig-tick case=parked tick=0 ns=294200
elig-tick case=parked tick=1 ns=290500
elig-tick case=parked tick=2 ns=292800
elig-tick case=parked tick=3 ns=299900
elig-tick case=parked tick=4 ns=292700
elig-tick case=parked tick=5 ns=289500
elig-tick case=parked tick=6 ns=293300
elig-tick case=parked tick=7 ns=299000
elig-tick case=parked tick=8 ns=290100
elig-tick case=parked tick=9 ns=292900
elig-tick case=parked tick=10 ns=290100
elig-tick case=parked tick=11 ns=293100
elig-tick case=parked tick=12 ns=293800
elig-tick case=parked tick=13 ns=292100
elig-tick case=parked tick=14 ns=295300
elig-tick case=parked tick=15 ns=292900
elig-tick case=parked tick=16 ns=299300
elig-tick case=parked tick=17 ns=296800
elig-tick case=parked tick=18 ns=293100
elig-tick case=parked tick=19 ns=296200
elig-tick case=parked tick=20 ns=293100
elig-tick case=parked tick=21 ns=296000
elig-tick case=parked tick=22 ns=292500
elig-tick case=parked tick=23 ns=295000
elig-tick case=parked tick=24 ns=295400
elig-tick case=parked tick=25 ns=292100
elig-tick case=parked tick=26 ns=296900
elig-tick case=parked tick=27 ns=293000
elig-tick case=parked tick=28 ns=299000
elig-tick case=parked tick=29 ns=329800
elig-tick case=parked tick=30 ns=291000
elig-tick case=parked tick=31 ns=295600
elig-tick case=parked tick=32 ns=290800
elig-tick case=parked tick=33 ns=295500
elig-tick case=parked tick=34 ns=294700
elig-tick case=parked tick=35 ns=292400
elig-tick case=parked tick=36 ns=428300
elig-tick case=parked tick=37 ns=409500
elig-tick case=parked tick=38 ns=293200
elig-tick case=parked tick=39 ns=295400
elig-tick case=parked tick=40 ns=297300
elig-tick case=parked tick=41 ns=292000
elig-tick case=parked tick=42 ns=295500
elig-tick case=parked tick=43 ns=292900
elig-tick case=parked tick=44 ns=296200
elig-tick case=parked tick=45 ns=295100
elig-tick case=parked tick=46 ns=291300
elig-tick case=parked tick=47 ns=296100
elig-tick case=parked tick=48 ns=291200
elig-tick case=parked tick=49 ns=448200
elig-tick case=parked tick=50 ns=299900
elig-tick case=parked tick=51 ns=329400
elig-tick case=parked tick=52 ns=542400
elig-tick case=parked tick=53 ns=469400
elig-tick case=parked tick=54 ns=337200
elig-tick case=parked tick=55 ns=300300
elig-tick case=parked tick=56 ns=297300
elig-tick case=parked tick=57 ns=297600
elig-tick case=parked tick=58 ns=321000
elig-tick case=parked tick=59 ns=298700
elig-tick case=parked tick=60 ns=312400
elig-tick case=parked tick=61 ns=309200
elig-tick case=parked tick=62 ns=307000
elig-tick case=parked tick=63 ns=311500
elig-tick case=parked tick=64 ns=309200
elig-tick case=parked tick=65 ns=312400
elig-tick case=parked tick=66 ns=313000
elig-tick case=parked tick=67 ns=309600
elig-tick case=parked tick=68 ns=307700
elig-tick case=parked tick=69 ns=298700
elig-tick case=parked tick=70 ns=304600
elig-tick case=parked tick=71 ns=303000
elig-tick case=parked tick=72 ns=298100
elig-tick case=parked tick=73 ns=312700
elig-tick case=parked tick=74 ns=311600
elig-tick case=parked tick=75 ns=305400
elig-tick case=parked tick=76 ns=351500
elig-tick case=parked tick=77 ns=297400
elig-tick case=parked tick=78 ns=294800
elig-tick case=parked tick=79 ns=311400
elig-tick case=parked tick=80 ns=311400
elig-tick case=parked tick=81 ns=314800
elig-tick case=parked tick=82 ns=311200
elig-tick case=parked tick=83 ns=306200
elig-tick case=parked tick=84 ns=314300
elig-tick case=parked tick=85 ns=294500
elig-tick case=parked tick=86 ns=295700
elig-tick case=parked tick=87 ns=308300
elig-tick case=parked tick=88 ns=293400
elig-tick case=parked tick=89 ns=296100
elig-tick case=parked tick=90 ns=307500
elig-tick case=parked tick=91 ns=303600
elig-tick case=parked tick=92 ns=310300
elig-tick case=parked tick=93 ns=292200
elig-tick case=parked tick=94 ns=298800
elig-tick case=parked tick=95 ns=304400
elig-tick case=parked tick=96 ns=311200
elig-tick case=parked tick=97 ns=518100
elig-tick case=parked tick=98 ns=342400
elig-tick case=parked tick=99 ns=294600
elig-tick case=parked tick=100 ns=297300
elig-tick case=parked tick=101 ns=306300
elig-tick case=parked tick=102 ns=302400
elig-tick case=parked tick=103 ns=295400
elig-tick case=parked tick=104 ns=295800
elig-tick case=parked tick=105 ns=321500
elig-tick case=parked tick=106 ns=309900
elig-tick case=parked tick=107 ns=309400
elig-tick case=parked tick=108 ns=296400
elig-tick case=parked tick=109 ns=316000
elig-tick case=parked tick=110 ns=306100
elig-tick case=parked tick=111 ns=314400
elig-tick case=parked tick=112 ns=302500
elig-tick case=parked tick=113 ns=311900
elig-tick case=parked tick=114 ns=307900
elig-tick case=parked tick=115 ns=315200
elig-tick case=parked tick=116 ns=296100
elig-tick case=parked tick=117 ns=309100
elig-tick case=parked tick=118 ns=312600
elig-tick case=parked tick=119 ns=316100
elig-tick case=parked tick=120 ns=292800
elig-tick case=parked tick=121 ns=323500
elig-tick case=parked tick=122 ns=293900
elig-tick case=parked tick=123 ns=313800
elig-tick case=parked tick=124 ns=348300
elig-tick case=parked tick=125 ns=298100
elig-tick case=parked tick=126 ns=294700
elig-tick case=parked tick=127 ns=308200
ok

test result: ok. 1 passed; 0 failed; 0 ignored; 0 measured; 1 filtered out; finished in 0.07s

