
running 1 test
test eligibility_commit_wall ... 
elig-end case=capacity window=0 windows=1 ticks=128 input=Sha256Digest(49f3ed00f20f2a716555fe923aeb6f4201702ebebbdc9f550e73765c498d46a4) digest=48287b34c7ea2a970283c1bca078325acb5f50a41c85dc7f20f5402704d95874
elig-tick case=capacity tick=0 ns=509800
elig-tick case=capacity tick=1 ns=507000
elig-tick case=capacity tick=2 ns=506000
elig-tick case=capacity tick=3 ns=564900
elig-tick case=capacity tick=4 ns=531900
elig-tick case=capacity tick=5 ns=622900
elig-tick case=capacity tick=6 ns=747800
elig-tick case=capacity tick=7 ns=528600
elig-tick case=capacity tick=8 ns=530900
elig-tick case=capacity tick=9 ns=559400
elig-tick case=capacity tick=10 ns=684100
elig-tick case=capacity tick=11 ns=551900
elig-tick case=capacity tick=12 ns=682700
elig-tick case=capacity tick=13 ns=573500
elig-tick case=capacity tick=14 ns=660600
elig-tick case=capacity tick=15 ns=542100
elig-tick case=capacity tick=16 ns=530200
elig-tick case=capacity tick=17 ns=566000
elig-tick case=capacity tick=18 ns=519500
elig-tick case=capacity tick=19 ns=572200
elig-tick case=capacity tick=20 ns=603300
elig-tick case=capacity tick=21 ns=518600
elig-tick case=capacity tick=22 ns=624900
elig-tick case=capacity tick=23 ns=521900
elig-tick case=capacity tick=24 ns=555600
elig-tick case=capacity tick=25 ns=532500
elig-tick case=capacity tick=26 ns=570100
elig-tick case=capacity tick=27 ns=603800
elig-tick case=capacity tick=28 ns=563600
elig-tick case=capacity tick=29 ns=555100
elig-tick case=capacity tick=30 ns=542300
elig-tick case=capacity tick=31 ns=521700
elig-tick case=capacity tick=32 ns=537300
elig-tick case=capacity tick=33 ns=591900
elig-tick case=capacity tick=34 ns=618400
elig-tick case=capacity tick=35 ns=549300
elig-tick case=capacity tick=36 ns=550100
elig-tick case=capacity tick=37 ns=555900
elig-tick case=capacity tick=38 ns=559000
elig-tick case=capacity tick=39 ns=642500
elig-tick case=capacity tick=40 ns=548500
elig-tick case=capacity tick=41 ns=601100
elig-tick case=capacity tick=42 ns=619100
elig-tick case=capacity tick=43 ns=591100
elig-tick case=capacity tick=44 ns=567500
elig-tick case=capacity tick=45 ns=524500
elig-tick case=capacity tick=46 ns=565700
elig-tick case=capacity tick=47 ns=1346000
elig-tick case=capacity tick=48 ns=725400
elig-tick case=capacity tick=49 ns=574500
elig-tick case=capacity tick=50 ns=566000
elig-tick case=capacity tick=51 ns=1033800
elig-tick case=capacity tick=52 ns=715700
elig-tick case=capacity tick=53 ns=590700
elig-tick case=capacity tick=54 ns=574100
elig-tick case=capacity tick=55 ns=597800
elig-tick case=capacity tick=56 ns=619600
elig-tick case=capacity tick=57 ns=581700
elig-tick case=capacity tick=58 ns=644400
elig-tick case=capacity tick=59 ns=644900
elig-tick case=capacity tick=60 ns=635800
elig-tick case=capacity tick=61 ns=682300
elig-tick case=capacity tick=62 ns=680100
elig-tick case=capacity tick=63 ns=556900
elig-tick case=capacity tick=64 ns=528500
elig-tick case=capacity tick=65 ns=552300
elig-tick case=capacity tick=66 ns=569500
elig-tick case=capacity tick=67 ns=849700
elig-tick case=capacity tick=68 ns=638600
elig-tick case=capacity tick=69 ns=566400
elig-tick case=capacity tick=70 ns=717000
elig-tick case=capacity tick=71 ns=597400
elig-tick case=capacity tick=72 ns=525600
elig-tick case=capacity tick=73 ns=560000
elig-tick case=capacity tick=74 ns=513100
elig-tick case=capacity tick=75 ns=518300
elig-tick case=capacity tick=76 ns=536700
elig-tick case=capacity tick=77 ns=500300
elig-tick case=capacity tick=78 ns=508500
elig-tick case=capacity tick=79 ns=551800
elig-tick case=capacity tick=80 ns=518700
elig-tick case=capacity tick=81 ns=530200
elig-tick case=capacity tick=82 ns=502900
elig-tick case=capacity tick=83 ns=496600
elig-tick case=capacity tick=84 ns=546100
elig-tick case=capacity tick=85 ns=508300
elig-tick case=capacity tick=86 ns=494900
elig-tick case=capacity tick=87 ns=543500
elig-tick case=capacity tick=88 ns=492300
elig-tick case=capacity tick=89 ns=489200
elig-tick case=capacity tick=90 ns=484500
elig-tick case=capacity tick=91 ns=484200
elig-tick case=capacity tick=92 ns=480300
elig-tick case=capacity tick=93 ns=495100
elig-tick case=capacity tick=94 ns=487000
elig-tick case=capacity tick=95 ns=504600
elig-tick case=capacity tick=96 ns=496800
elig-tick case=capacity tick=97 ns=495900
elig-tick case=capacity tick=98 ns=492700
elig-tick case=capacity tick=99 ns=502300
elig-tick case=capacity tick=100 ns=643100
elig-tick case=capacity tick=101 ns=558400
elig-tick case=capacity tick=102 ns=589400
elig-tick case=capacity tick=103 ns=530400
elig-tick case=capacity tick=104 ns=568100
elig-tick case=capacity tick=105 ns=520400
elig-tick case=capacity tick=106 ns=501200
elig-tick case=capacity tick=107 ns=505300
elig-tick case=capacity tick=108 ns=586500
elig-tick case=capacity tick=109 ns=560200
elig-tick case=capacity tick=110 ns=488800
elig-tick case=capacity tick=111 ns=491900
elig-tick case=capacity tick=112 ns=491000
elig-tick case=capacity tick=113 ns=489500
elig-tick case=capacity tick=114 ns=494000
elig-tick case=capacity tick=115 ns=503400
elig-tick case=capacity tick=116 ns=508000
elig-tick case=capacity tick=117 ns=495500
elig-tick case=capacity tick=118 ns=505800
elig-tick case=capacity tick=119 ns=512700
elig-tick case=capacity tick=120 ns=506200
elig-tick case=capacity tick=121 ns=566700
elig-tick case=capacity tick=122 ns=587700
elig-tick case=capacity tick=123 ns=520400
elig-tick case=capacity tick=124 ns=503700
elig-tick case=capacity tick=125 ns=525400
elig-tick case=capacity tick=126 ns=527200
elig-tick case=capacity tick=127 ns=533000
ok

test result: ok. 1 passed; 0 failed; 0 ignored; 0 measured; 1 filtered out; finished in 0.11s

