
running 1 test
test eligibility_commit_wall ... 
elig-end case=capacity window=0 windows=1 ticks=128 input=Sha256Digest(49f3ed00f20f2a716555fe923aeb6f4201702ebebbdc9f550e73765c498d46a4) digest=48287b34c7ea2a970283c1bca078325acb5f50a41c85dc7f20f5402704d95874
elig-tick case=capacity tick=0 ns=301200
elig-tick case=capacity tick=1 ns=283300
elig-tick case=capacity tick=2 ns=312200
elig-tick case=capacity tick=3 ns=306000
elig-tick case=capacity tick=4 ns=292500
elig-tick case=capacity tick=5 ns=276200
elig-tick case=capacity tick=6 ns=291500
elig-tick case=capacity tick=7 ns=389100
elig-tick case=capacity tick=8 ns=272200
elig-tick case=capacity tick=9 ns=274300
elig-tick case=capacity tick=10 ns=270100
elig-tick case=capacity tick=11 ns=273900
elig-tick case=capacity tick=12 ns=274700
elig-tick case=capacity tick=13 ns=296400
elig-tick case=capacity tick=14 ns=276700
elig-tick case=capacity tick=15 ns=270000
elig-tick case=capacity tick=16 ns=276100
elig-tick case=capacity tick=17 ns=300900
elig-tick case=capacity tick=18 ns=274000
elig-tick case=capacity tick=19 ns=269700
elig-tick case=capacity tick=20 ns=273800
elig-tick case=capacity tick=21 ns=270600
elig-tick case=capacity tick=22 ns=274300
elig-tick case=capacity tick=23 ns=274200
elig-tick case=capacity tick=24 ns=274100
elig-tick case=capacity tick=25 ns=273200
elig-tick case=capacity tick=26 ns=275900
elig-tick case=capacity tick=27 ns=273100
elig-tick case=capacity tick=28 ns=272800
elig-tick case=capacity tick=29 ns=273500
elig-tick case=capacity tick=30 ns=286800
elig-tick case=capacity tick=31 ns=340600
elig-tick case=capacity tick=32 ns=284500
elig-tick case=capacity tick=33 ns=276800
elig-tick case=capacity tick=34 ns=273900
elig-tick case=capacity tick=35 ns=354500
elig-tick case=capacity tick=36 ns=318500
elig-tick case=capacity tick=37 ns=322800
elig-tick case=capacity tick=38 ns=282200
elig-tick case=capacity tick=39 ns=273900
elig-tick case=capacity tick=40 ns=314100
elig-tick case=capacity tick=41 ns=273800
elig-tick case=capacity tick=42 ns=352300
elig-tick case=capacity tick=43 ns=333500
elig-tick case=capacity tick=44 ns=469900
elig-tick case=capacity tick=45 ns=461900
elig-tick case=capacity tick=46 ns=282000
elig-tick case=capacity tick=47 ns=278300
elig-tick case=capacity tick=48 ns=445700
elig-tick case=capacity tick=49 ns=276700
elig-tick case=capacity tick=50 ns=279400
elig-tick case=capacity tick=51 ns=279400
elig-tick case=capacity tick=52 ns=272800
elig-tick case=capacity tick=53 ns=278700
elig-tick case=capacity tick=54 ns=278300
elig-tick case=capacity tick=55 ns=274500
elig-tick case=capacity tick=56 ns=281700
elig-tick case=capacity tick=57 ns=272700
elig-tick case=capacity tick=58 ns=284100
elig-tick case=capacity tick=59 ns=272900
elig-tick case=capacity tick=60 ns=273300
elig-tick case=capacity tick=61 ns=274500
elig-tick case=capacity tick=62 ns=276700
elig-tick case=capacity tick=63 ns=276500
elig-tick case=capacity tick=64 ns=274700
elig-tick case=capacity tick=65 ns=275000
elig-tick case=capacity tick=66 ns=273900
elig-tick case=capacity tick=67 ns=274200
elig-tick case=capacity tick=68 ns=276900
elig-tick case=capacity tick=69 ns=275700
elig-tick case=capacity tick=70 ns=277800
elig-tick case=capacity tick=71 ns=278200
elig-tick case=capacity tick=72 ns=277000
elig-tick case=capacity tick=73 ns=278300
elig-tick case=capacity tick=74 ns=278900
elig-tick case=capacity tick=75 ns=281100
elig-tick case=capacity tick=76 ns=278100
elig-tick case=capacity tick=77 ns=282200
elig-tick case=capacity tick=78 ns=282700
elig-tick case=capacity tick=79 ns=282900
elig-tick case=capacity tick=80 ns=282200
elig-tick case=capacity tick=81 ns=284300
elig-tick case=capacity tick=82 ns=281500
elig-tick case=capacity tick=83 ns=281300
elig-tick case=capacity tick=84 ns=282000
elig-tick case=capacity tick=85 ns=280700
elig-tick case=capacity tick=86 ns=281000
elig-tick case=capacity tick=87 ns=283900
elig-tick case=capacity tick=88 ns=282000
elig-tick case=capacity tick=89 ns=282500
elig-tick case=capacity tick=90 ns=314500
elig-tick case=capacity tick=91 ns=283800
elig-tick case=capacity tick=92 ns=285700
elig-tick case=capacity tick=93 ns=290000
elig-tick case=capacity tick=94 ns=288600
elig-tick case=capacity tick=95 ns=290600
elig-tick case=capacity tick=96 ns=289800
elig-tick case=capacity tick=97 ns=286800
elig-tick case=capacity tick=98 ns=286500
elig-tick case=capacity tick=99 ns=288600
elig-tick case=capacity tick=100 ns=286300
elig-tick case=capacity tick=101 ns=332800
elig-tick case=capacity tick=102 ns=399900
elig-tick case=capacity tick=103 ns=280800
elig-tick case=capacity tick=104 ns=287700
elig-tick case=capacity tick=105 ns=290100
elig-tick case=capacity tick=106 ns=350900
elig-tick case=capacity tick=107 ns=333600
elig-tick case=capacity tick=108 ns=289000
elig-tick case=capacity tick=109 ns=290000
elig-tick case=capacity tick=110 ns=315200
elig-tick case=capacity tick=111 ns=294400
elig-tick case=capacity tick=112 ns=292400
elig-tick case=capacity tick=113 ns=289500
elig-tick case=capacity tick=114 ns=286700
elig-tick case=capacity tick=115 ns=286300
elig-tick case=capacity tick=116 ns=286900
elig-tick case=capacity tick=117 ns=285200
elig-tick case=capacity tick=118 ns=287900
elig-tick case=capacity tick=119 ns=287900
elig-tick case=capacity tick=120 ns=287700
elig-tick case=capacity tick=121 ns=288900
elig-tick case=capacity tick=122 ns=292000
elig-tick case=capacity tick=123 ns=288400
elig-tick case=capacity tick=124 ns=287500
elig-tick case=capacity tick=125 ns=287700
elig-tick case=capacity tick=126 ns=287700
elig-tick case=capacity tick=127 ns=287400
ok

test result: ok. 1 passed; 0 failed; 0 ignored; 0 measured; 1 filtered out; finished in 0.06s

