
running 1 test
test eligibility_commit_wall ... 
elig-end case=active window=0 windows=1 ticks=128 input=Sha256Digest(49f3ed00f20f2a716555fe923aeb6f4201702ebebbdc9f550e73765c498d46a4) digest=9ed50a587d552a6a4fdf78daf7a0cd288cfde7d07ae6795fa636a1d15dde00a0
elig-tick case=active tick=0 ns=2484400
elig-tick case=active tick=1 ns=1817300
elig-tick case=active tick=2 ns=1958000
elig-tick case=active tick=3 ns=1933000
elig-tick case=active tick=4 ns=1850000
elig-tick case=active tick=5 ns=1834400
elig-tick case=active tick=6 ns=1841000
elig-tick case=active tick=7 ns=1852300
elig-tick case=active tick=8 ns=2240900
elig-tick case=active tick=9 ns=1838700
elig-tick case=active tick=10 ns=1823800
elig-tick case=active tick=11 ns=1826300
elig-tick case=active tick=12 ns=2064100
elig-tick case=active tick=13 ns=1808200
elig-tick case=active tick=14 ns=1870900
elig-tick case=active tick=15 ns=1819000
elig-tick case=active tick=16 ns=1961000
elig-tick case=active tick=17 ns=1818100
elig-tick case=active tick=18 ns=1842600
elig-tick case=active tick=19 ns=1827000
elig-tick case=active tick=20 ns=1834700
elig-tick case=active tick=21 ns=1830000
elig-tick case=active tick=22 ns=1837300
elig-tick case=active tick=23 ns=1851100
elig-tick case=active tick=24 ns=1935200
elig-tick case=active tick=25 ns=1827000
elig-tick case=active tick=26 ns=1821400
elig-tick case=active tick=27 ns=1833200
elig-tick case=active tick=28 ns=1842800
elig-tick case=active tick=29 ns=1827100
elig-tick case=active tick=30 ns=1828800
elig-tick case=active tick=31 ns=1832700
elig-tick case=active tick=32 ns=1881200
elig-tick case=active tick=33 ns=1998500
elig-tick case=active tick=34 ns=1840500
elig-tick case=active tick=35 ns=1868600
elig-tick case=active tick=36 ns=1857500
elig-tick case=active tick=37 ns=1830400
elig-tick case=active tick=38 ns=1820500
elig-tick case=active tick=39 ns=1838400
elig-tick case=active tick=40 ns=1847100
elig-tick case=active tick=41 ns=2070600
elig-tick case=active tick=42 ns=1804400
elig-tick case=active tick=43 ns=1821300
elig-tick case=active tick=44 ns=1832800
elig-tick case=active tick=45 ns=1822400
elig-tick case=active tick=46 ns=1831600
elig-tick case=active tick=47 ns=1822000
elig-tick case=active tick=48 ns=1816500
elig-tick case=active tick=49 ns=1901900
elig-tick case=active tick=50 ns=1826800
elig-tick case=active tick=51 ns=1814900
elig-tick case=active tick=52 ns=1829100
elig-tick case=active tick=53 ns=1873200
elig-tick case=active tick=54 ns=1816200
elig-tick case=active tick=55 ns=1835200
elig-tick case=active tick=56 ns=1828700
elig-tick case=active tick=57 ns=1822400
elig-tick case=active tick=58 ns=1972500
elig-tick case=active tick=59 ns=1810700
elig-tick case=active tick=60 ns=1822300
elig-tick case=active tick=61 ns=1816800
elig-tick case=active tick=62 ns=1832100
elig-tick case=active tick=63 ns=1821500
elig-tick case=active tick=64 ns=1826200
elig-tick case=active tick=65 ns=1833000
elig-tick case=active tick=66 ns=2048000
elig-tick case=active tick=67 ns=1848600
elig-tick case=active tick=68 ns=1852300
elig-tick case=active tick=69 ns=1768300
elig-tick case=active tick=70 ns=1731400
elig-tick case=active tick=71 ns=1783900
elig-tick case=active tick=72 ns=1867600
elig-tick case=active tick=73 ns=1805500
elig-tick case=active tick=74 ns=1805500
elig-tick case=active tick=75 ns=2019100
elig-tick case=active tick=76 ns=1817300
elig-tick case=active tick=77 ns=1819800
elig-tick case=active tick=78 ns=1820400
elig-tick case=active tick=79 ns=1812000
elig-tick case=active tick=80 ns=1845900
elig-tick case=active tick=81 ns=1822700
elig-tick case=active tick=82 ns=1838800
elig-tick case=active tick=83 ns=2025000
elig-tick case=active tick=84 ns=1823700
elig-tick case=active tick=85 ns=1812800
elig-tick case=active tick=86 ns=1817700
elig-tick case=active tick=87 ns=1818000
elig-tick case=active tick=88 ns=1829400
elig-tick case=active tick=89 ns=1817600
elig-tick case=active tick=90 ns=1808800
elig-tick case=active tick=91 ns=2002700
elig-tick case=active tick=92 ns=1846400
elig-tick case=active tick=93 ns=1834500
elig-tick case=active tick=94 ns=1821200
elig-tick case=active tick=95 ns=1825200
elig-tick case=active tick=96 ns=1817500
elig-tick case=active tick=97 ns=1883500
elig-tick case=active tick=98 ns=1831000
elig-tick case=active tick=99 ns=1826000
elig-tick case=active tick=100 ns=1938000
elig-tick case=active tick=101 ns=1827400
elig-tick case=active tick=102 ns=1825400
elig-tick case=active tick=103 ns=1834800
elig-tick case=active tick=104 ns=1836300
elig-tick case=active tick=105 ns=1809700
elig-tick case=active tick=106 ns=1820200
elig-tick case=active tick=107 ns=1822100
elig-tick case=active tick=108 ns=2057000
elig-tick case=active tick=109 ns=1831600
elig-tick case=active tick=110 ns=1820600
elig-tick case=active tick=111 ns=1815800
elig-tick case=active tick=112 ns=1828200
elig-tick case=active tick=113 ns=1827000
elig-tick case=active tick=114 ns=1812400
elig-tick case=active tick=115 ns=1819800
elig-tick case=active tick=116 ns=1817500
elig-tick case=active tick=117 ns=1963300
elig-tick case=active tick=118 ns=1830800
elig-tick case=active tick=119 ns=1820700
elig-tick case=active tick=120 ns=1876900
elig-tick case=active tick=121 ns=1801400
elig-tick case=active tick=122 ns=1805800
elig-tick case=active tick=123 ns=1828800
elig-tick case=active tick=124 ns=1835700
elig-tick case=active tick=125 ns=2038200
elig-tick case=active tick=126 ns=1824000
elig-tick case=active tick=127 ns=1824800
ok

test result: ok. 1 passed; 0 failed; 0 ignored; 0 measured; 1 filtered out; finished in 0.36s

