features legacy_source=true allocation=true edge_count=512 spaces=128
dataset all_active_10000 presentable=10000 live=10000
oracle source all_active_10000 8e965763e6a4bbc1088a94bf6c9cb3cbbdb4955f88355c807362a0fd43de4e3a
oracle adapter all_active_10000 13a06aa319f17e1d8b444ddda6de24381d671b1603f689582f9f4d31d69d4bee
oracle alternate all_active_10000 13a06aa319f17e1d8b444ddda6de24381d671b1603f689582f9f4d31d69d4bee
dataset all_active_100000 presentable=100000 live=100000
oracle source all_active_100000 184c0ede118ec8cd31f699524bae48a81ed01ded5f8d08f2f4ff4286b33b0270
oracle adapter all_active_100000 35ab2b6cae80f1f1b25df8e4515b51fcfe17828648286e0322d3881287a65409
oracle alternate all_active_100000 35ab2b6cae80f1f1b25df8e4515b51fcfe17828648286e0322d3881287a65409
dataset mixed_parking_10000 presentable=5128 live=10000
oracle source mixed_parking_10000 829aa88f7db36b957a35e0859f9c97da77134d6d91534fc1ca9a2eb828f94b78
oracle adapter mixed_parking_10000 2fc637e42a29db800b4a79fc8b4f5251bd61aa598551c348a1dbbd2ea1f6bb6a
dataset mixed_parking_100000 presentable=50128 live=100000
oracle source mixed_parking_100000 4a1b0960727cbc6bd1ca910aecaf0c9e5d5d1ea4908b411c28576c9e5b7ddc60
oracle adapter mixed_parking_100000 f5f634cf75890db96c9c0ac4b46e06861a4f4377ffe9b3dd633807ca6bf1d9e8
dataset high_completed_10000 presentable=9900 live=10000
oracle source high_completed_10000 35f64ba9296fbe2726217aee922c7b71c10df166030e61163e85acb61d665823
oracle adapter high_completed_10000 6dafe6230f281cfc12d62a4c6f39f09d5c63e1c721dfc02178c97d2423cf04a7
dataset sparse_presentable_10000 presentable=100 live=10000
oracle source sparse_presentable_10000 26ab39150b6330152576e4c7fa7e0caa804b5e9db0476a3e48e6b53f1cda8279
oracle adapter sparse_presentable_10000 db34710d84f056a5cc6a472c833e398a72bc23af2204d7362a4735d37ffefbce
oracle cold cold c5e86ce2546e97b5076c5f7310c325dccfbcc0ba9f155acc343d96e6b494a5f9
