features legacy_source=false allocation=true edge_count=512 spaces=128
dataset all_active_10000 presentable=10000 live=10000
oracle source all_active_10000 09379f90965c2468588d0a66822fbc59f7c3594e103f4d242558902e450ca469
oracle adapter all_active_10000 63db574ee38b9c1bbdba7c05dbee35a64d3b3dd83bc7ec45723f0a6e8f13fcfa
oracle alternate all_active_10000 cea95cc101a31bb5b5bbe1a92fa4b29d0a4bfea088cd50a0ba5d1253ad904945
dataset all_active_100000 presentable=100000 live=100000
oracle source all_active_100000 6c60a40c86db00cf14952b5a5d1618f53ef85774e38cf6f5213e1f07a1879479
oracle adapter all_active_100000 c77ea68679a62b0268f3766d219a273c63951c0833015f5e3a56b792702ff7b1
oracle alternate all_active_100000 b5da347489532c169337d02016719745c27f267dba27088faf0858956fe64408
dataset mixed_parking_10000 presentable=5128 live=10000
oracle source mixed_parking_10000 2c45e640621ce53c7958b96a903b5c7a53c5a17b7f073f902621427b41a0285a
oracle adapter mixed_parking_10000 b2994c7515a4a06474c08ba86142b7b0a0ee40d18c55227b70ab781014866070
dataset mixed_parking_100000 presentable=50128 live=100000
oracle source mixed_parking_100000 9e575759f10d82b0eec78fa8125bd217812701eb31764fb3e050755d78c03a94
oracle adapter mixed_parking_100000 d91569ccfb4f5ff8376cf61bf77638b832b620bf143f04f9e13df504467e3326
dataset high_completed_10000 presentable=1000 live=10000
oracle source high_completed_10000 a05e93917e2631fec2bec0c4ccd447e044e617e9850ee97887d154aefe1e219a
oracle adapter high_completed_10000 dab83a48540a17dffdeacd28f14f1fa9521284a7027d83d541f17e1f97f83bd8
dataset sparse_presentable_10000 presentable=100 live=10000
oracle source sparse_presentable_10000 e41d134a3aff93fc369be1025d6b5ef4849b668f089ecfd8c304d36802571404
oracle adapter sparse_presentable_10000 2a0c7bb9b169dedd04310b0b7ae6c0fe8c05c6e7d34442dd117b5ae8326808e6
oracle cold cold d7cd233e5f8093ee857f6e0cf094bf92b5d381fe49e832e73ca3920ea844e09b
