features legacy_source=false allocation=false edge_count=512 spaces=128
dataset all_active_10000 presentable=10000 live=10000
oracle source all_active_10000 09379f90965c2468588d0a66822fbc59f7c3594e103f4d242558902e450ca469
oracle adapter all_active_10000 30f0b2dc6f0622238b7e83c135632f3d5165832f3fee74c46af7177cab68d188
oracle alternate all_active_10000 cea95cc101a31bb5b5bbe1a92fa4b29d0a4bfea088cd50a0ba5d1253ad904945
dataset all_active_100000 presentable=100000 live=100000
oracle source all_active_100000 6c60a40c86db00cf14952b5a5d1618f53ef85774e38cf6f5213e1f07a1879479
oracle adapter all_active_100000 fa2431d28698da54311874279886f12eab9eb549b864d3779c9394245a5b9247
oracle alternate all_active_100000 b5da347489532c169337d02016719745c27f267dba27088faf0858956fe64408
dataset mixed_parking_10000 presentable=5128 live=10000
oracle source mixed_parking_10000 2c45e640621ce53c7958b96a903b5c7a53c5a17b7f073f902621427b41a0285a
oracle adapter mixed_parking_10000 b96d5b3c8ca5c422416451c6df151111599be9ca9fa4d548b0476aa999960acd
dataset mixed_parking_100000 presentable=50128 live=100000
oracle source mixed_parking_100000 9e575759f10d82b0eec78fa8125bd217812701eb31764fb3e050755d78c03a94
oracle adapter mixed_parking_100000 9190729b5567d44a038649c8f59c41db559aeea7cd523999508c8a97975973e5
dataset high_completed_10000 presentable=1000 live=10000
oracle source high_completed_10000 a05e93917e2631fec2bec0c4ccd447e044e617e9850ee97887d154aefe1e219a
oracle adapter high_completed_10000 ac481ec12dde18029ca0f59b998388ea8cedf22bf79440223d047e5a81196666
dataset sparse_presentable_10000 presentable=100 live=10000
oracle source sparse_presentable_10000 e41d134a3aff93fc369be1025d6b5ef4849b668f089ecfd8c304d36802571404
oracle adapter sparse_presentable_10000 35cc37164b5c1733b1959a4d501510b0d2a23243f94fb0d29bb3c61a861f7495
oracle cold cold d7cd233e5f8093ee857f6e0cf094bf92b5d381fe49e832e73ca3920ea844e09b
